

================================================================
== Synthesis Summary Report of 'DMA24bUnit_mm2s'
================================================================
+ General Information: 
    * Date:           Thu Sep  3 13:59:39 2026
    * Version:        2020.2 (Build 3064766 on Wed Nov 18 09:12:47 MST 2020)
    * Project:        DMA24b_mm2s_prj
    * Solution:       solution1 (Vivado IP Flow Target)
    * Product family: zynq
    * Target device:  xc7z020-clg400-1
    

+ Performance & Resource Estimates: 
    
    PS: '+' for module; 'o' for loop; '*' for dataflow
    +--------------------------------------+------+-------+---------+-----------+----------+---------+------+----------+---------+---------+-----------+-----------+-----+
    |                Modules               | Issue|       | Latency |  Latency  | Iteration|         | Trip |          |         |         |           |           |     |
    |                & Loops               | Type | Slack | (cycles)|    (ns)   |  Latency | Interval| Count| Pipelined|  BRAM   |   DSP   |     FF    |    LUT    | URAM|
    +--------------------------------------+------+-------+---------+-----------+----------+---------+------+----------+---------+---------+-----------+-----------+-----+
    |+ DMA24bUnit_mm2s                     |     -|  -0.00|        -|          -|         -|        -|     -|        no|  20 (7%)|  2 (~0%)|  1588 (1%)|  2040 (3%)|    -|
    | + grp_DMA24b_mm2s_fu_78*             |     -|  -0.00|        -|          -|         -|        -|     -|  dataflow|   8 (2%)|  2 (~0%)|  969 (~0%)|  1209 (2%)|    -|
    |  + grp_DMA24b_mm2s_fetch_fu_104      |     -|  -0.00|        -|          -|         -|        -|     -|        no|        -|  1 (~0%)|  340 (~0%)|  451 (~0%)|    -|
    |   o line_loop                        |     -|  -4.86|        -|          -|      1012|        -|     -|        no|        -|        -|          -|          -|    -|
    |    o burst_loop_beat_loop            |     -|  -4.86|     1001|  6.667e+03|         3|        1|  1000|       yes|        -|        -|          -|          -|    -|
    |  + grp_DMA24b_mm2s_streamout_fu_119  |     -|  -0.28|        -|          -|         -|        -|     -|        no|        -|  1 (~0%)|  272 (~0%)|   543 (1%)|    -|
    |   o line_loop_group_loop             |     -|  -4.86|        -|          -|        17|       16|     -|       yes|        -|        -|          -|          -|    -|
    +--------------------------------------+------+-------+---------+-----------+----------+---------+------+----------+---------+---------+-----------+-----------+-----+

