

================================================================
== Vitis HLS Report for 'DMA24bUnit_mm2s'
================================================================
* Date:           Thu Sep  3 13:59:39 2026

* Version:        2020.2 (Build 3064766 on Wed Nov 18 09:12:47 MST 2020)
* Project:        DMA24b_mm2s_prj
* Solution:       solution1 (Vivado IP Flow Target)
* Product family: zynq
* Target device:  xc7z020-clg400-1


================================================================
== Performance Estimates
================================================================
+ Timing: 
    * Summary: 
    +--------+---------+----------+------------+
    |  Clock |  Target | Estimated| Uncertainty|
    +--------+---------+----------+------------+
    |ap_clk  |  6.66 ns|  4.862 ns|     1.80 ns|
    +--------+---------+----------+------------+

+ Latency: 
    * Summary: 
    +---------+---------+----------+----------+-----+-----+---------+
    |  Latency (cycles) |  Latency (absolute) |  Interval | Pipeline|
    |   min   |   max   |    min   |    max   | min | max |   Type  |
    +---------+---------+----------+----------+-----+-----+---------+
    |        ?|        ?|         ?|         ?|    ?|    ?|     none|
    +---------+---------+----------+----------+-----+-----+---------+

    + Detail: 
        * Instance: 
        +-----------------------+-------------+---------+---------+----------+----------+-----+-----+----------+
        |                       |             |  Latency (cycles) |  Latency (absolute) |  Interval | Pipeline |
        |        Instance       |    Module   |   min   |   max   |    min   |    max   | min | max |   Type   |
        +-----------------------+-------------+---------+---------+----------+----------+-----+-----+----------+
        |grp_DMA24b_mm2s_fu_78  |DMA24b_mm2s  |        ?|        ?|         ?|         ?|    ?|    ?|  dataflow|
        +-----------------------+-------------+---------+---------+----------+----------+-----+-----+----------+

        * Loop: 
        N/A



================================================================
== Utilization Estimates
================================================================
* Summary: 
+-----------------+---------+-----+--------+-------+-----+
|       Name      | BRAM_18K| DSP |   FF   |  LUT  | URAM|
+-----------------+---------+-----+--------+-------+-----+
|DSP              |        -|    -|       -|      -|    -|
|Expression       |        -|    -|       0|      6|    -|
|FIFO             |        -|    -|       -|      -|    -|
|Instance         |       20|    2|    1582|   1996|    -|
|Memory           |        -|    -|       -|      -|    -|
|Multiplexer      |        -|    -|       -|     38|    -|
|Register         |        -|    -|       6|      -|    -|
+-----------------+---------+-----+--------+-------+-----+
|Total            |       20|    2|    1588|   2040|    0|
+-----------------+---------+-----+--------+-------+-----+
|Available        |      280|  220|  106400|  53200|    0|
+-----------------+---------+-----+--------+-------+-----+
|Utilization (%)  |        7|   ~0|       1|      3|    0|
+-----------------+---------+-----+--------+-------+-----+

+ Detail: 
    * Instance: 
    +-----------------------+-------------+---------+----+-----+------+-----+
    |        Instance       |    Module   | BRAM_18K| DSP|  FF |  LUT | URAM|
    +-----------------------+-------------+---------+----+-----+------+-----+
    |grp_DMA24b_mm2s_fu_78  |DMA24b_mm2s  |        8|   2|  969|  1209|    0|
    |gmem_m_axi_U           |gmem_m_axi   |       12|   0|  613|   787|    0|
    +-----------------------+-------------+---------+----+-----+------+-----+
    |Total                  |             |       20|   2| 1582|  1996|    0|
    +-----------------------+-------------+---------+----+-----+------+-----+

    * DSP: 
    N/A

    * Memory: 
    N/A

    * FIFO: 
    N/A

    * Expression: 
    +--------------------------------------------+----------+----+---+----+------------+------------+
    |                Variable Name               | Operation| DSP| FF| LUT| Bitwidth P0| Bitwidth P1|
    +--------------------------------------------+----------+----+---+----+------------+------------+
    |grp_DMA24b_mm2s_fu_78_STR_video_out_TREADY  |       and|   0|  0|   2|           1|           1|
    |ap_sync_grp_DMA24b_mm2s_fu_78_ap_done       |        or|   0|  0|   2|           1|           1|
    |ap_sync_grp_DMA24b_mm2s_fu_78_ap_ready      |        or|   0|  0|   2|           1|           1|
    +--------------------------------------------+----------+----+---+----+------------+------------+
    |Total                                       |          |   0|  0|   6|           3|           3|
    +--------------------------------------------+----------+----+---+----+------------+------------+

    * Multiplexer: 
    +--------------+----+-----------+-----+-----------+
    |     Name     | LUT| Input Size| Bits| Total Bits|
    +--------------+----+-----------+-----+-----------+
    |ap_NS_fsm     |  20|          4|    1|          4|
    |gmem_ARVALID  |   9|          2|    1|          2|
    |gmem_RREADY   |   9|          2|    1|          2|
    +--------------+----+-----------+-----+-----------+
    |Total         |  38|          8|    3|          8|
    +--------------+----+-----------+-----+-----------+

    * Register: 
    +--------------------------------------------+---+----+-----+-----------+
    |                    Name                    | FF| LUT| Bits| Const Bits|
    +--------------------------------------------+---+----+-----+-----------+
    |ap_CS_fsm                                   |  3|   0|    3|          0|
    |ap_sync_reg_grp_DMA24b_mm2s_fu_78_ap_done   |  1|   0|    1|          0|
    |ap_sync_reg_grp_DMA24b_mm2s_fu_78_ap_ready  |  1|   0|    1|          0|
    |grp_DMA24b_mm2s_fu_78_ap_start_reg          |  1|   0|    1|          0|
    +--------------------------------------------+---+----+-----+-----------+
    |Total                                       |  6|   0|    6|          0|
    +--------------------------------------------+---+----+-----+-----------+



================================================================
== Interface
================================================================
* Summary: 
+----------------------+-----+-----+------------+------------------------+--------------+
|       RTL Ports      | Dir | Bits|  Protocol  |      Source Object     |    C Type    |
+----------------------+-----+-----+------------+------------------------+--------------+
|ap_clk                |   in|    1|  ap_ctrl_hs|         DMA24bUnit_mm2s|  return value|
|ap_rst_n              |   in|    1|  ap_ctrl_hs|         DMA24bUnit_mm2s|  return value|
|ap_start              |   in|    1|  ap_ctrl_hs|         DMA24bUnit_mm2s|  return value|
|ap_done               |  out|    1|  ap_ctrl_hs|         DMA24bUnit_mm2s|  return value|
|ap_idle               |  out|    1|  ap_ctrl_hs|         DMA24bUnit_mm2s|  return value|
|ap_ready              |  out|    1|  ap_ctrl_hs|         DMA24bUnit_mm2s|  return value|
|m_axi_gmem_AWVALID    |  out|    1|       m_axi|                    gmem|       pointer|
|m_axi_gmem_AWREADY    |   in|    1|       m_axi|                    gmem|       pointer|
|m_axi_gmem_AWADDR     |  out|   64|       m_axi|                    gmem|       pointer|
|m_axi_gmem_AWID       |  out|    1|       m_axi|                    gmem|       pointer|
|m_axi_gmem_AWLEN      |  out|    8|       m_axi|                    gmem|       pointer|
|m_axi_gmem_AWSIZE     |  out|    3|       m_axi|                    gmem|       pointer|
|m_axi_gmem_AWBURST    |  out|    2|       m_axi|                    gmem|       pointer|
|m_axi_gmem_AWLOCK     |  out|    2|       m_axi|                    gmem|       pointer|
|m_axi_gmem_AWCACHE    |  out|    4|       m_axi|                    gmem|       pointer|
|m_axi_gmem_AWPROT     |  out|    3|       m_axi|                    gmem|       pointer|
|m_axi_gmem_AWQOS      |  out|    4|       m_axi|                    gmem|       pointer|
|m_axi_gmem_AWREGION   |  out|    4|       m_axi|                    gmem|       pointer|
|m_axi_gmem_AWUSER     |  out|    1|       m_axi|                    gmem|       pointer|
|m_axi_gmem_WVALID     |  out|    1|       m_axi|                    gmem|       pointer|
|m_axi_gmem_WREADY     |   in|    1|       m_axi|                    gmem|       pointer|
|m_axi_gmem_WDATA      |  out|  128|       m_axi|                    gmem|       pointer|
|m_axi_gmem_WSTRB      |  out|   16|       m_axi|                    gmem|       pointer|
|m_axi_gmem_WLAST      |  out|    1|       m_axi|                    gmem|       pointer|
|m_axi_gmem_WID        |  out|    1|       m_axi|                    gmem|       pointer|
|m_axi_gmem_WUSER      |  out|    1|       m_axi|                    gmem|       pointer|
|m_axi_gmem_ARVALID    |  out|    1|       m_axi|                    gmem|       pointer|
|m_axi_gmem_ARREADY    |   in|    1|       m_axi|                    gmem|       pointer|
|m_axi_gmem_ARADDR     |  out|   64|       m_axi|                    gmem|       pointer|
|m_axi_gmem_ARID       |  out|    1|       m_axi|                    gmem|       pointer|
|m_axi_gmem_ARLEN      |  out|    8|       m_axi|                    gmem|       pointer|
|m_axi_gmem_ARSIZE     |  out|    3|       m_axi|                    gmem|       pointer|
|m_axi_gmem_ARBURST    |  out|    2|       m_axi|                    gmem|       pointer|
|m_axi_gmem_ARLOCK     |  out|    2|       m_axi|                    gmem|       pointer|
|m_axi_gmem_ARCACHE    |  out|    4|       m_axi|                    gmem|       pointer|
|m_axi_gmem_ARPROT     |  out|    3|       m_axi|                    gmem|       pointer|
|m_axi_gmem_ARQOS      |  out|    4|       m_axi|                    gmem|       pointer|
|m_axi_gmem_ARREGION   |  out|    4|       m_axi|                    gmem|       pointer|
|m_axi_gmem_ARUSER     |  out|    1|       m_axi|                    gmem|       pointer|
|m_axi_gmem_RVALID     |   in|    1|       m_axi|                    gmem|       pointer|
|m_axi_gmem_RREADY     |  out|    1|       m_axi|                    gmem|       pointer|
|m_axi_gmem_RDATA      |   in|  128|       m_axi|                    gmem|       pointer|
|m_axi_gmem_RLAST      |   in|    1|       m_axi|                    gmem|       pointer|
|m_axi_gmem_RID        |   in|    1|       m_axi|                    gmem|       pointer|
|m_axi_gmem_RUSER      |   in|    1|       m_axi|                    gmem|       pointer|
|m_axi_gmem_RRESP      |   in|    2|       m_axi|                    gmem|       pointer|
|m_axi_gmem_BVALID     |   in|    1|       m_axi|                    gmem|       pointer|
|m_axi_gmem_BREADY     |  out|    1|       m_axi|                    gmem|       pointer|
|m_axi_gmem_BRESP      |   in|    2|       m_axi|                    gmem|       pointer|
|m_axi_gmem_BID        |   in|    1|       m_axi|                    gmem|       pointer|
|m_axi_gmem_BUSER      |   in|    1|       m_axi|                    gmem|       pointer|
|STR_video_out_TDATA   |  out|   24|        axis|  STR_video_out_V_data_V|       pointer|
|STR_video_out_TVALID  |  out|    1|        axis|  STR_video_out_V_last_V|       pointer|
|STR_video_out_TREADY  |   in|    1|        axis|  STR_video_out_V_last_V|       pointer|
|STR_video_out_TLAST   |  out|    1|        axis|  STR_video_out_V_last_V|       pointer|
|STR_video_out_TKEEP   |  out|    3|        axis|  STR_video_out_V_keep_V|       pointer|
|STR_video_out_TSTRB   |  out|    3|        axis|  STR_video_out_V_strb_V|       pointer|
|STR_video_out_TUSER   |  out|    1|        axis|  STR_video_out_V_user_V|       pointer|
|image_w               |   in|   12|     ap_none|                 image_w|        scalar|
|image_h               |   in|   12|     ap_none|                 image_h|        scalar|
|image_in              |   in|   64|     ap_none|                image_in|        scalar|
+----------------------+-----+-----+------------+------------------------+--------------+

