==============================================================
Vitis HLS - High-Level Synthesis from C, C++ and OpenCL v2020.2 (64-bit)
Copyright 1986-2020 Xilinx, Inc. All Rights Reserved.
==============================================================
INFO: [HLS 200-1505] Using default flow_target 'vivado'
INFO: [HLS 200-1510] Running: set_part xc7z020clg400-1 
INFO: [HLS 200-10] Setting target device to 'xc7z020-clg400-1'
INFO: [HLS 200-1510] Running: create_clock -period 6.66 -name default 
INFO: [SYN 201-201] Setting up clock 'default' with a period of 6.66ns.
INFO: [HLS 200-1510] Running: csim_design 
INFO: [SIM 211-2] *************** CSIM start ***************
INFO: [SIM 211-4] CSIM will launch GCC as the compiler.
INFO: [SIM 211-1] CSim done with 0 errors.
INFO: [SIM 211-3] *************** CSIM finish ***************
INFO: [HLS 200-111] Finished Command csim_design CPU user time: 2.29 seconds. CPU system time: 0.21 seconds. Elapsed time: 2.02 seconds; current allocated memory: 190.168 MB.
INFO: [HLS 200-1510] Running: csynth_design 
INFO: [HLS 200-111] Finished File checks and directory preparation: CPU user time: 0 seconds. CPU system time: 0 seconds. Elapsed time: 0 seconds; current allocated memory: 190.367 MB.
INFO: [HLS 200-10] Analyzing design file '../src/DMA24b_mm2s.cpp' ... 
WARNING: [HLS 214-113] Either use an argument of the function or declare the variable inside the dataflow loop body: ../src/DMA24b_mm2s.cpp:75:39
WARNING: [HLS 214-113] Either use an argument of the function or declare the variable inside the dataflow loop body: ../src/DMA24b_mm2s.cpp:75:48
WARNING: [HLS 214-113] Either use an argument of the function or declare the variable inside the dataflow loop body: ../src/DMA24b_mm2s.cpp:77:48
WARNING: [HLS 214-113] Either use an argument of the function or declare the variable inside the dataflow loop body: ../src/DMA24b_mm2s.cpp:77:57
WARNING: [HLS 200-471] Dataflow form checks found 4 issue(s) in file ../src/DMA24b_mm2s.cpp
INFO: [HLS 200-111] Finished Source Code Analysis and Preprocessing: CPU user time: 1.15 seconds. CPU system time: 0.11 seconds. Elapsed time: 1.26 seconds; current allocated memory: 192.096 MB.
INFO: [HLS 200-777] Using interface defaults for 'Vivado' flow target.
INFO: [HLS 214-131] Inlining function 'hls::stream<ap_uint<128>, 0>::stream()' into 'hls::stream<ap_uint<128>, 256>::stream(char const*)' (/tools/xilinx/Vitis_HLS/2020.2/common/technology/autopilot/hls_stream_39.h:199:43)
INFO: [HLS 214-131] Inlining function 'hls::stream<ap_uint<128>, 0>::write(ap_uint<128> const&)' into 'hls::stream<ap_uint<128>, 0>::operator<<(ap_uint<128> const&)' (/tools/xilinx/Vitis_HLS/2020.2/common/technology/autopilot/hls_stream_39.h:129:9)
INFO: [HLS 214-131] Inlining function 'hls::stream<ap_uint<128>, 0>::operator<<(ap_uint<128> const&)' into 'DMA24b_mm2s_fetch(ap_uint<128> volatile*, hls::stream<ap_uint<128>, 256>&, int, int)' (../src/DMA24b_mm2s.cpp:19:10)
INFO: [HLS 214-131] Inlining function 'hls::stream<ap_uint<128>, 0>::read(ap_uint<128>&)' into 'hls::stream<ap_uint<128>, 0>::read()' (/tools/xilinx/Vitis_HLS/2020.2/common/technology/autopilot/hls_stream_39.h:156:9)
INFO: [HLS 214-131] Inlining function 'hls::axis<ap_uint<24>, 1ul, 0ul, 0ul>::get_user_ptr()' into 'hls::stream<hls::axis<ap_uint<24>, 1ul, 0ul, 0ul>, 0>::write(hls::axis<ap_uint<24>, 1ul, 0ul, 0ul> const&)' (/tools/xilinx/Vitis_HLS/2020.2/common/technology/autopilot/ap_axi_sdata.h:304:51)
INFO: [HLS 214-131] Inlining function 'hls::axis<ap_uint<24>, 1ul, 0ul, 0ul>::get_dest_ptr()' into 'hls::stream<hls::axis<ap_uint<24>, 1ul, 0ul, 0ul>, 0>::write(hls::axis<ap_uint<24>, 1ul, 0ul, 0ul> const&)' (/tools/xilinx/Vitis_HLS/2020.2/common/technology/autopilot/ap_axi_sdata.h:307:26)
INFO: [HLS 214-131] Inlining function 'hls::axis<ap_uint<24>, 1ul, 0ul, 0ul>::get_id_ptr()' into 'hls::stream<hls::axis<ap_uint<24>, 1ul, 0ul, 0ul>, 0>::write(hls::axis<ap_uint<24>, 1ul, 0ul, 0ul> const&)' (/tools/xilinx/Vitis_HLS/2020.2/common/technology/autopilot/ap_axi_sdata.h:306:68)
INFO: [HLS 214-131] Inlining function 'hls::axis<ap_uint<24>, 1ul, 0ul, 0ul>::get_user_ptr()' into 'hls::stream<hls::axis<ap_uint<24>, 1ul, 0ul, 0ul>, 0>::write(hls::axis<ap_uint<24>, 1ul, 0ul, 0ul> const&)' (/tools/xilinx/Vitis_HLS/2020.2/common/technology/autopilot/ap_axi_sdata.h:306:37)
INFO: [HLS 214-131] Inlining function 'hls::axis<ap_uint<24>, 1ul, 0ul, 0ul>::get_dest_ptr()' into 'hls::stream<hls::axis<ap_uint<24>, 1ul, 0ul, 0ul>, 0>::write(hls::axis<ap_uint<24>, 1ul, 0ul, 0ul> const&)' (/tools/xilinx/Vitis_HLS/2020.2/common/technology/autopilot/ap_axi_sdata.h:305:40)
INFO: [HLS 214-131] Inlining function 'hls::axis<ap_uint<24>, 1ul, 0ul, 0ul>::get_id_ptr()' into 'hls::stream<hls::axis<ap_uint<24>, 1ul, 0ul, 0ul>, 0>::write(hls::axis<ap_uint<24>, 1ul, 0ul, 0ul> const&)' (/tools/xilinx/Vitis_HLS/2020.2/common/technology/autopilot/ap_axi_sdata.h:305:24)
INFO: [HLS 214-131] Inlining function 'hls::stream<hls::axis<ap_uint<24>, 1ul, 0ul, 0ul>, 0>::write(hls::axis<ap_uint<24>, 1ul, 0ul, 0ul> const&)' into 'hls::stream<hls::axis<ap_uint<24>, 1ul, 0ul, 0ul>, 0>::operator<<(hls::axis<ap_uint<24>, 1ul, 0ul, 0ul> const&)' (/tools/xilinx/Vitis_HLS/2020.2/common/technology/autopilot/ap_axi_sdata.h:262:86)
INFO: [HLS 214-131] Inlining function 'hls::stream<ap_uint<128>, 0>::read()' into 'DMA24b_mm2s_streamout(hls::stream<hls::axis<ap_uint<24>, 1ul, 0ul, 0ul>, 0>&, hls::stream<ap_uint<128>, 256>&, int, int)' (../src/DMA24b_mm2s.cpp:43:39)
INFO: [HLS 214-131] Inlining function 'hls::stream<hls::axis<ap_uint<24>, 1ul, 0ul, 0ul>, 0>::operator<<(hls::axis<ap_uint<24>, 1ul, 0ul, 0ul> const&)' into 'DMA24b_mm2s_streamout(hls::stream<hls::axis<ap_uint<24>, 1ul, 0ul, 0ul>, 0>&, hls::stream<ap_uint<128>, 256>&, int, int)' (../src/DMA24b_mm2s.cpp:52:19)
INFO: [HLS 214-131] Inlining function 'DMA24b_mm2s_get_pixel(ap_uint<384> const&, int)' into 'DMA24b_mm2s_streamout(hls::stream<hls::axis<ap_uint<24>, 1ul, 0ul, 0ul>, 0>&, hls::stream<ap_uint<128>, 256>&, int, int)' (../src/DMA24b_mm2s.cpp:47:23)
INFO: [HLS 214-131] Inlining function 'hls::stream<ap_uint<128>, 256>::stream(char const*)' into 'DMA24b_mm2s(hls::stream<hls::axis<ap_uint<24>, 1ul, 0ul, 0ul>, 0>&, ap_uint<12>, ap_uint<12>, ap_uint<128> volatile*)' (../src/DMA24b_mm2s.cpp:73:12)
INFO: [HLS 214-186] Unrolling loop 'read_loop' (../src/DMA24b_mm2s.cpp:41:13) in function 'DMA24b_mm2s_streamout' completely with a factor of 3 (../src/DMA24b_mm2s.cpp:41:13)
INFO: [HLS 214-186] Unrolling loop 'px_loop' (../src/DMA24b_mm2s.cpp:45:13) in function 'DMA24b_mm2s_streamout' completely with a factor of 16 (../src/DMA24b_mm2s.cpp:45:13)
WARNING: [HLS 214-205] The INTERFACE pragma must have a max_widen_bitwidth setting that is both a power of 2 and in the range [0, 1024]. The current value of '0' will be ignored, in 'DMA24bUnit_mm2s(hls::stream<hls::axis<ap_uint<24>, 1ul, 0ul, 0ul>, 0>&, ap_uint<12>, ap_uint<12>, ap_uint<128> volatile*)' (../src/DMA24b_mm2s.cpp:58:0)
INFO: [HLS 214-115] Multiple burst reads of variable length and bit width 128 in loop 'beat_loop'(../src/DMA24b_mm2s.cpp:16:15) has been inferred on port 'gmem' (../src/DMA24b_mm2s.cpp:15:15)
INFO: [HLS 214-131] Inlining function '_llvm.fpga.pack.none.i128.s_struct.ap_uints' into 'DMA24b_mm2s_fetch(ap_uint<128> volatile*, hls::stream<ap_uint<128>, 256>&, int, int) (.1)' (/tools/xilinx/Vitis_HLS/2020.2/common/technology/autopilot/hls_stream_39.h:174:9)
INFO: [HLS 200-111] Finished Compiling Optimization and Transform: CPU user time: 1.72 seconds. CPU system time: 0.12 seconds. Elapsed time: 1.86 seconds; current allocated memory: 194.639 MB.
INFO: [HLS 200-111] Finished Checking Pragmas: CPU user time: 0 seconds. CPU system time: 0 seconds. Elapsed time: 0 seconds; current allocated memory: 194.640 MB.
INFO: [HLS 200-10] Starting code transformations ...
INFO: [HLS 200-111] Finished Standard Transforms: CPU user time: 0.07 seconds. CPU system time: 0.01 seconds. Elapsed time: 0.08 seconds; current allocated memory: 208.058 MB.
INFO: [HLS 200-10] Checking synthesizability ...
INFO: [HLS 200-111] Finished Checking Synthesizability: CPU user time: 0.15 seconds. CPU system time: 0 seconds. Elapsed time: 0.14 seconds; current allocated memory: 227.302 MB.
INFO: [XFORM 203-712] Applying dataflow to function 'DMA24b_mm2s' (../src/DMA24b_mm2s.cpp:68:1), detected/extracted 2 process function(s): 
	 'DMA24b_mm2s_fetch'
	 'DMA24b_mm2s_streamout'.
INFO: [HLS 200-111] Finished Loop, function and other optimizations: CPU user time: 0.5 seconds. CPU system time: 0.01 seconds. Elapsed time: 0.52 seconds; current allocated memory: 269.680 MB.
INFO: [XFORM 203-541] Flattening a loop nest 'line_loop' (../src/DMA24b_mm2s.cpp:36:13) in function 'DMA24b_mm2s_streamout'.
INFO: [XFORM 203-541] Flattening a loop nest 'burst_loop' (../src/DMA24b_mm2s.cpp:15:24) in function 'DMA24b_mm2s_fetch'.
WARNING: [HLS 200-960] Cannot flatten loop 'line_loop' (../src/DMA24b_mm2s.cpp:14:22) in function 'DMA24b_mm2s_fetch' the outer loop is not a perfect loop because there is nontrivial logic before entering the inner loop.
INFO: [HLS 200-111] Finished Architecture Synthesis: CPU user time: 0.3 seconds. CPU system time: 0 seconds. Elapsed time: 0.3 seconds; current allocated memory: 301.546 MB.
INFO: [HLS 200-10] Starting hardware synthesis ...
INFO: [HLS 200-10] Synthesizing 'DMA24bUnit_mm2s' ...
INFO: [HLS 200-10] ----------------------------------------------------------------
INFO: [HLS 200-42] -- Implementing module 'DMA24b_mm2s_fetch' 
INFO: [HLS 200-10] ----------------------------------------------------------------
INFO: [SCHED 204-11] Starting scheduling ...
INFO: [HLS 200-486] Changing DSP48 latency (root=mul_ln13) to 3 in order to utilize available DSP registers.
INFO: [SCHED 204-61] Pipelining loop 'burst_loop_beat_loop'.
INFO: [HLS 200-1470] Pipelining result : Target II = 1, Final II = 1, Depth = 3, loop 'burst_loop_beat_loop'
INFO: [SCHED 204-11] Finished scheduling.
INFO: [HLS 200-111] Finished Scheduling: CPU user time: 0.02 seconds. CPU system time: 0 seconds. Elapsed time: 0.03 seconds; current allocated memory: 301.925 MB.
INFO: [BIND 205-100] Starting micro-architecture generation ...
INFO: [BIND 205-101] Performing variable lifetime analysis.
INFO: [BIND 205-101] Exploring resource sharing.
INFO: [BIND 205-101] Binding ...
INFO: [BIND 205-100] Finished micro-architecture generation.
INFO: [HLS 200-111] Finished Binding: CPU user time: 0.04 seconds. CPU system time: 0 seconds. Elapsed time: 0.04 seconds; current allocated memory: 302.288 MB.
INFO: [HLS 200-10] ----------------------------------------------------------------
INFO: [HLS 200-42] -- Implementing module 'DMA24b_mm2s_streamout' 
INFO: [HLS 200-10] ----------------------------------------------------------------
INFO: [SCHED 204-11] Starting scheduling ...
INFO: [HLS 200-486] Changing DSP48 latency (root=bound) to 3 in order to utilize available DSP registers.
INFO: [SCHED 204-61] Pipelining loop 'line_loop_group_loop'.
INFO: [HLS 200-1470] Pipelining result : Target II = 16, Final II = 16, Depth = 17, loop 'line_loop_group_loop'
INFO: [SCHED 204-11] Finished scheduling.
INFO: [HLS 200-111] Finished Scheduling: CPU user time: 0.05 seconds. CPU system time: 0 seconds. Elapsed time: 0.05 seconds; current allocated memory: 302.706 MB.
INFO: [BIND 205-100] Starting micro-architecture generation ...
INFO: [BIND 205-101] Performing variable lifetime analysis.
INFO: [BIND 205-101] Exploring resource sharing.
INFO: [BIND 205-101] Binding ...
INFO: [BIND 205-100] Finished micro-architecture generation.
INFO: [HLS 200-111] Finished Binding: CPU user time: 0.04 seconds. CPU system time: 0.01 seconds. Elapsed time: 0.04 seconds; current allocated memory: 303.363 MB.
INFO: [HLS 200-10] ----------------------------------------------------------------
INFO: [HLS 200-42] -- Implementing module 'DMA24b_mm2s' 
INFO: [HLS 200-10] ----------------------------------------------------------------
INFO: [SCHED 204-11] Starting scheduling ...
INFO: [SCHED 204-11] Finished scheduling.
INFO: [HLS 200-111] Finished Scheduling: CPU user time: 0.02 seconds. CPU system time: 0 seconds. Elapsed time: 0.03 seconds; current allocated memory: 303.444 MB.
INFO: [BIND 205-100] Starting micro-architecture generation ...
INFO: [BIND 205-101] Performing variable lifetime analysis.
INFO: [BIND 205-101] Exploring resource sharing.
INFO: [BIND 205-101] Binding ...
INFO: [BIND 205-100] Finished micro-architecture generation.
INFO: [HLS 200-111] Finished Binding: CPU user time: 0.03 seconds. CPU system time: 0 seconds. Elapsed time: 0.02 seconds; current allocated memory: 303.598 MB.
INFO: [HLS 200-10] ----------------------------------------------------------------
INFO: [HLS 200-42] -- Implementing module 'DMA24bUnit_mm2s' 
INFO: [HLS 200-10] ----------------------------------------------------------------
INFO: [SCHED 204-11] Starting scheduling ...
INFO: [SCHED 204-11] Finished scheduling.
INFO: [HLS 200-111] Finished Scheduling: CPU user time: 0.03 seconds. CPU system time: 0 seconds. Elapsed time: 0.03 seconds; current allocated memory: 303.663 MB.
INFO: [BIND 205-100] Starting micro-architecture generation ...
INFO: [BIND 205-101] Performing variable lifetime analysis.
INFO: [BIND 205-101] Exploring resource sharing.
INFO: [BIND 205-101] Binding ...
INFO: [BIND 205-100] Finished micro-architecture generation.
INFO: [HLS 200-111] Finished Binding: CPU user time: 0.01 seconds. CPU system time: 0 seconds. Elapsed time: 0.01 seconds; current allocated memory: 303.783 MB.
INFO: [HLS 200-10] ----------------------------------------------------------------
INFO: [HLS 200-10] -- Generating RTL for module 'DMA24b_mm2s_fetch' 
INFO: [HLS 200-10] ----------------------------------------------------------------
INFO: [RTGEN 206-100] Generating core module 'mul_mul_11s_13ns_24_4_1': 1 instance(s).
INFO: [RTGEN 206-100] Finished creating RTL model for 'DMA24b_mm2s_fetch'.
INFO: [HLS 200-111] Finished Creating RTL model: CPU user time: 0.03 seconds. CPU system time: 0 seconds. Elapsed time: 0.03 seconds; current allocated memory: 304.496 MB.
INFO: [HLS 200-10] ----------------------------------------------------------------
INFO: [HLS 200-10] -- Generating RTL for module 'DMA24b_mm2s_streamout' 
INFO: [HLS 200-10] ----------------------------------------------------------------
INFO: [RTGEN 206-100] Generating core module 'mul_mul_12ns_8ns_20_4_1': 1 instance(s).
INFO: [RTGEN 206-100] Finished creating RTL model for 'DMA24b_mm2s_streamout'.
INFO: [HLS 200-111] Finished Creating RTL model: CPU user time: 0.08 seconds. CPU system time: 0 seconds. Elapsed time: 0.08 seconds; current allocated memory: 306.986 MB.
INFO: [HLS 200-10] ----------------------------------------------------------------
INFO: [HLS 200-10] -- Generating RTL for module 'DMA24b_mm2s' 
INFO: [HLS 200-10] ----------------------------------------------------------------
WARNING: [RTGEN 206-101] Setting dangling out port 'DMA24b_mm2s/m_axi_gmem_AWVALID' to 0.
WARNING: [RTGEN 206-101] Setting dangling out port 'DMA24b_mm2s/m_axi_gmem_AWADDR' to 0.
WARNING: [RTGEN 206-101] Setting dangling out port 'DMA24b_mm2s/m_axi_gmem_AWID' to 0.
WARNING: [RTGEN 206-101] Setting dangling out port 'DMA24b_mm2s/m_axi_gmem_AWLEN' to 0.
WARNING: [RTGEN 206-101] Setting dangling out port 'DMA24b_mm2s/m_axi_gmem_AWSIZE' to 0.
WARNING: [RTGEN 206-101] Setting dangling out port 'DMA24b_mm2s/m_axi_gmem_AWBURST' to 0.
WARNING: [RTGEN 206-101] Setting dangling out port 'DMA24b_mm2s/m_axi_gmem_AWLOCK' to 0.
WARNING: [RTGEN 206-101] Setting dangling out port 'DMA24b_mm2s/m_axi_gmem_AWCACHE' to 0.
WARNING: [RTGEN 206-101] Setting dangling out port 'DMA24b_mm2s/m_axi_gmem_AWPROT' to 0.
WARNING: [RTGEN 206-101] Setting dangling out port 'DMA24b_mm2s/m_axi_gmem_AWQOS' to 0.
WARNING: [RTGEN 206-101] Setting dangling out port 'DMA24b_mm2s/m_axi_gmem_AWREGION' to 0.
WARNING: [RTGEN 206-101] Setting dangling out port 'DMA24b_mm2s/m_axi_gmem_AWUSER' to 0.
WARNING: [RTGEN 206-101] Setting dangling out port 'DMA24b_mm2s/m_axi_gmem_WVALID' to 0.
WARNING: [RTGEN 206-101] Setting dangling out port 'DMA24b_mm2s/m_axi_gmem_WDATA' to 0.
WARNING: [RTGEN 206-101] Setting dangling out port 'DMA24b_mm2s/m_axi_gmem_WSTRB' to 0.
WARNING: [RTGEN 206-101] Setting dangling out port 'DMA24b_mm2s/m_axi_gmem_WLAST' to 0.
WARNING: [RTGEN 206-101] Setting dangling out port 'DMA24b_mm2s/m_axi_gmem_WID' to 0.
WARNING: [RTGEN 206-101] Setting dangling out port 'DMA24b_mm2s/m_axi_gmem_WUSER' to 0.
WARNING: [RTGEN 206-101] Setting dangling out port 'DMA24b_mm2s/m_axi_gmem_BREADY' to 0.
==============================================================
Vitis HLS - High-Level Synthesis from C, C++ and OpenCL v2020.2 (64-bit)
Copyright 1986-2020 Xilinx, Inc. All Rights Reserved.
==============================================================
==============================================================
Vitis HLS - High-Level Synthesis from C, C++ and OpenCL v2020.2 (64-bit)
Copyright 1986-2020 Xilinx, Inc. All Rights Reserved.
==============================================================
==============================================================
Vitis HLS - High-Level Synthesis from C, C++ and OpenCL v2020.2 (64-bit)
Copyright 1986-2020 Xilinx, Inc. All Rights Reserved.
==============================================================
INFO: [SYN 201-201] Setting up clock 'default' with a period of 6.66ns.
INFO: [HLS 200-10] Setting target device to 'xc7z020-clg400-1'
INFO: [HLS 200-1505] Using flow_target 'vivado'
INFO: [HLS 200-1464] Running solution command: config_export -format=ip_catalog
INFO: [HLS 200-1464] Running solution command: config_export -rtl=vhdl
INFO: [HLS 200-1510] Running: set_part xc7z020-clg400-1 
INFO: [HLS 200-1510] Running: create_clock -period 6.66 -name default 
INFO: [HLS 200-1510] Running: config_export -format ip_catalog -rtl vhdl 
INFO: [HLS 200-1510] Running: set_directive_top -name DMA24bUnit_mm2s DMA24bUnit_mm2s 
INFO: [HLS 200-1510] Running: csynth_design 
INFO: [HLS 200-111] Finished File checks and directory preparation: CPU user time: 0.01 seconds. CPU system time: 0 seconds. Elapsed time: 0 seconds; current allocated memory: 191.551 MB.
INFO: [HLS 200-10] Analyzing design file '../src/DMA24b_mm2s.cpp' ... 
WARNING: [HLS 214-113] Either use an argument of the function or declare the variable inside the dataflow loop body: ../src/DMA24b_mm2s.cpp:75:43
WARNING: [HLS 214-113] Either use an argument of the function or declare the variable inside the dataflow loop body: ../src/DMA24b_mm2s.cpp:75:52
WARNING: [HLS 214-113] Either use an argument of the function or declare the variable inside the dataflow loop body: ../src/DMA24b_mm2s.cpp:77:48
WARNING: [HLS 214-113] Either use an argument of the function or declare the variable inside the dataflow loop body: ../src/DMA24b_mm2s.cpp:77:57
WARNING: [HLS 200-471] Dataflow form checks found 4 issue(s) in file ../src/DMA24b_mm2s.cpp
INFO: [HLS 200-111] Finished Source Code Analysis and Preprocessing: CPU user time: 1.53 seconds. CPU system time: 0.17 seconds. Elapsed time: 1.28 seconds; current allocated memory: 192.783 MB.
INFO: [HLS 200-777] Using interface defaults for 'Vivado' flow target.
INFO: [HLS 214-131] Inlining function 'hls::stream<ap_uint<128>, 0>::stream()' into 'hls::stream<ap_uint<128>, 256>::stream(char const*)' (/tools/xilinx/Vitis_HLS/2020.2/common/technology/autopilot/hls_stream_39.h:199:43)
INFO: [HLS 214-131] Inlining function 'hls::stream<ap_uint<128>, 0>::write(ap_uint<128> const&)' into 'hls::stream<ap_uint<128>, 0>::operator<<(ap_uint<128> const&)' (/tools/xilinx/Vitis_HLS/2020.2/common/technology/autopilot/hls_stream_39.h:129:9)
INFO: [HLS 214-131] Inlining function 'hls::stream<ap_uint<128>, 0>::operator<<(ap_uint<128> const&)' into 'DMA24b_mm2s_fetch(ap_uint<128> volatile*, hls::stream<ap_uint<128>, 256>&, int, int)' (../src/DMA24b_mm2s.cpp:19:10)
INFO: [HLS 214-131] Inlining function 'hls::stream<ap_uint<128>, 0>::read(ap_uint<128>&)' into 'hls::stream<ap_uint<128>, 0>::read()' (/tools/xilinx/Vitis_HLS/2020.2/common/technology/autopilot/hls_stream_39.h:156:9)
INFO: [HLS 214-131] Inlining function 'hls::axis<ap_uint<24>, 1ul, 0ul, 0ul>::get_user_ptr()' into 'hls::stream<hls::axis<ap_uint<24>, 1ul, 0ul, 0ul>, 0>::write(hls::axis<ap_uint<24>, 1ul, 0ul, 0ul> const&)' (/tools/xilinx/Vitis_HLS/2020.2/common/technology/autopilot/ap_axi_sdata.h:304:51)
INFO: [HLS 214-131] Inlining function 'hls::axis<ap_uint<24>, 1ul, 0ul, 0ul>::get_dest_ptr()' into 'hls::stream<hls::axis<ap_uint<24>, 1ul, 0ul, 0ul>, 0>::write(hls::axis<ap_uint<24>, 1ul, 0ul, 0ul> const&)' (/tools/xilinx/Vitis_HLS/2020.2/common/technology/autopilot/ap_axi_sdata.h:307:26)
INFO: [HLS 214-131] Inlining function 'hls::axis<ap_uint<24>, 1ul, 0ul, 0ul>::get_id_ptr()' into 'hls::stream<hls::axis<ap_uint<24>, 1ul, 0ul, 0ul>, 0>::write(hls::axis<ap_uint<24>, 1ul, 0ul, 0ul> const&)' (/tools/xilinx/Vitis_HLS/2020.2/common/technology/autopilot/ap_axi_sdata.h:306:68)
INFO: [HLS 214-131] Inlining function 'hls::axis<ap_uint<24>, 1ul, 0ul, 0ul>::get_user_ptr()' into 'hls::stream<hls::axis<ap_uint<24>, 1ul, 0ul, 0ul>, 0>::write(hls::axis<ap_uint<24>, 1ul, 0ul, 0ul> const&)' (/tools/xilinx/Vitis_HLS/2020.2/common/technology/autopilot/ap_axi_sdata.h:306:37)
INFO: [HLS 214-131] Inlining function 'hls::axis<ap_uint<24>, 1ul, 0ul, 0ul>::get_dest_ptr()' into 'hls::stream<hls::axis<ap_uint<24>, 1ul, 0ul, 0ul>, 0>::write(hls::axis<ap_uint<24>, 1ul, 0ul, 0ul> const&)' (/tools/xilinx/Vitis_HLS/2020.2/common/technology/autopilot/ap_axi_sdata.h:305:40)
INFO: [HLS 214-131] Inlining function 'hls::axis<ap_uint<24>, 1ul, 0ul, 0ul>::get_id_ptr()' into 'hls::stream<hls::axis<ap_uint<24>, 1ul, 0ul, 0ul>, 0>::write(hls::axis<ap_uint<24>, 1ul, 0ul, 0ul> const&)' (/tools/xilinx/Vitis_HLS/2020.2/common/technology/autopilot/ap_axi_sdata.h:305:24)
INFO: [HLS 214-131] Inlining function 'hls::stream<hls::axis<ap_uint<24>, 1ul, 0ul, 0ul>, 0>::write(hls::axis<ap_uint<24>, 1ul, 0ul, 0ul> const&)' into 'hls::stream<hls::axis<ap_uint<24>, 1ul, 0ul, 0ul>, 0>::operator<<(hls::axis<ap_uint<24>, 1ul, 0ul, 0ul> const&)' (/tools/xilinx/Vitis_HLS/2020.2/common/technology/autopilot/ap_axi_sdata.h:262:86)
INFO: [HLS 214-131] Inlining function 'hls::stream<ap_uint<128>, 0>::read()' into 'DMA24b_mm2s_streamout(hls::stream<hls::axis<ap_uint<24>, 1ul, 0ul, 0ul>, 0>&, hls::stream<ap_uint<128>, 256>&, int, int)' (../src/DMA24b_mm2s.cpp:43:39)
INFO: [HLS 214-131] Inlining function 'hls::stream<hls::axis<ap_uint<24>, 1ul, 0ul, 0ul>, 0>::operator<<(hls::axis<ap_uint<24>, 1ul, 0ul, 0ul> const&)' into 'DMA24b_mm2s_streamout(hls::stream<hls::axis<ap_uint<24>, 1ul, 0ul, 0ul>, 0>&, hls::stream<ap_uint<128>, 256>&, int, int)' (../src/DMA24b_mm2s.cpp:52:19)
INFO: [HLS 214-131] Inlining function 'DMA24b_mm2s_get_pixel(ap_uint<384> const&, int)' into 'DMA24b_mm2s_streamout(hls::stream<hls::axis<ap_uint<24>, 1ul, 0ul, 0ul>, 0>&, hls::stream<ap_uint<128>, 256>&, int, int)' (../src/DMA24b_mm2s.cpp:47:23)
INFO: [HLS 214-131] Inlining function 'hls::stream<ap_uint<128>, 256>::stream(char const*)' into 'DMA24b_mm2s(hls::stream<hls::axis<ap_uint<24>, 1ul, 0ul, 0ul>, 0>&, ap_uint<12>, ap_uint<12>, ap_uint<128> volatile*)' (../src/DMA24b_mm2s.cpp:73:12)
INFO: [HLS 214-186] Unrolling loop 'read_loop' (../src/DMA24b_mm2s.cpp:41:13) in function 'DMA24b_mm2s_streamout' completely with a factor of 3 (../src/DMA24b_mm2s.cpp:41:13)
INFO: [HLS 214-186] Unrolling loop 'px_loop' (../src/DMA24b_mm2s.cpp:45:13) in function 'DMA24b_mm2s_streamout' completely with a factor of 16 (../src/DMA24b_mm2s.cpp:45:13)
WARNING: [HLS 214-205] The INTERFACE pragma must have a max_widen_bitwidth setting that is both a power of 2 and in the range [0, 1024]. The current value of '0' will be ignored, in 'DMA24bUnit_mm2s(hls::stream<hls::axis<ap_uint<24>, 1ul, 0ul, 0ul>, 0>&, ap_uint<12>, ap_uint<12>, ap_uint<128> volatile*)' (../src/DMA24b_mm2s.cpp:58:0)
INFO: [HLS 214-115] Multiple burst reads of variable length and bit width 128 in loop 'beat_loop'(../src/DMA24b_mm2s.cpp:16:15) has been inferred on port 'gmem' (../src/DMA24b_mm2s.cpp:15:15)
INFO: [HLS 214-131] Inlining function '_llvm.fpga.pack.none.i128.s_struct.ap_uints' into 'DMA24b_mm2s_fetch(ap_uint<128> volatile*, hls::stream<ap_uint<128>, 256>&, int, int) (.1)' (/tools/xilinx/Vitis_HLS/2020.2/common/technology/autopilot/hls_stream_39.h:174:9)
INFO: [HLS 200-111] Finished Compiling Optimization and Transform: CPU user time: 1.82 seconds. CPU system time: 0.15 seconds. Elapsed time: 1.99 seconds; current allocated memory: 195.980 MB.
INFO: [HLS 200-111] Finished Checking Pragmas: CPU user time: 0 seconds. CPU system time: 0 seconds. Elapsed time: 0 seconds; current allocated memory: 195.981 MB.
INFO: [HLS 200-10] Starting code transformations ...
INFO: [HLS 200-111] Finished Standard Transforms: CPU user time: 0.07 seconds. CPU system time: 0 seconds. Elapsed time: 0.07 seconds; current allocated memory: 209.412 MB.
INFO: [HLS 200-10] Checking synthesizability ...
INFO: [HLS 200-111] Finished Checking Synthesizability: CPU user time: 0.15 seconds. CPU system time: 0.01 seconds. Elapsed time: 0.17 seconds; current allocated memory: 228.654 MB.
INFO: [XFORM 203-712] Applying dataflow to function 'DMA24b_mm2s' (../src/DMA24b_mm2s.cpp:68:1), detected/extracted 2 process function(s): 
	 'DMA24b_mm2s_fetch'
	 'DMA24b_mm2s_streamout'.
INFO: [HLS 200-111] Finished Loop, function and other optimizations: CPU user time: 0.54 seconds. CPU system time: 0 seconds. Elapsed time: 0.55 seconds; current allocated memory: 271.013 MB.
INFO: [XFORM 203-541] Flattening a loop nest 'line_loop' (../src/DMA24b_mm2s.cpp:36:13) in function 'DMA24b_mm2s_streamout'.
INFO: [XFORM 203-541] Flattening a loop nest 'burst_loop' (../src/DMA24b_mm2s.cpp:15:24) in function 'DMA24b_mm2s_fetch'.
WARNING: [HLS 200-960] Cannot flatten loop 'line_loop' (../src/DMA24b_mm2s.cpp:14:22) in function 'DMA24b_mm2s_fetch' the outer loop is not a perfect loop because there is nontrivial logic before entering the inner loop.
INFO: [HLS 200-111] Finished Architecture Synthesis: CPU user time: 0.31 seconds. CPU system time: 0.01 seconds. Elapsed time: 0.31 seconds; current allocated memory: 302.914 MB.
INFO: [HLS 200-10] Starting hardware synthesis ...
INFO: [HLS 200-10] Synthesizing 'DMA24bUnit_mm2s' ...
INFO: [HLS 200-10] ----------------------------------------------------------------
INFO: [HLS 200-42] -- Implementing module 'DMA24b_mm2s_fetch' 
INFO: [HLS 200-10] ----------------------------------------------------------------
INFO: [SCHED 204-11] Starting scheduling ...
INFO: [HLS 200-486] Changing DSP48 latency (root=mul_ln13) to 3 in order to utilize available DSP registers.
INFO: [SCHED 204-61] Pipelining loop 'burst_loop_beat_loop'.
INFO: [HLS 200-1470] Pipelining result : Target II = 1, Final II = 1, Depth = 3, loop 'burst_loop_beat_loop'
INFO: [SCHED 204-11] Finished scheduling.
INFO: [HLS 200-111] Finished Scheduling: CPU user time: 0.02 seconds. CPU system time: 0 seconds. Elapsed time: 0.03 seconds; current allocated memory: 303.296 MB.
INFO: [BIND 205-100] Starting micro-architecture generation ...
INFO: [BIND 205-101] Performing variable lifetime analysis.
INFO: [BIND 205-101] Exploring resource sharing.
INFO: [BIND 205-101] Binding ...
INFO: [BIND 205-100] Finished micro-architecture generation.
INFO: [HLS 200-111] Finished Binding: CPU user time: 0.04 seconds. CPU system time: 0 seconds. Elapsed time: 0.04 seconds; current allocated memory: 303.720 MB.
INFO: [HLS 200-10] ----------------------------------------------------------------
INFO: [HLS 200-42] -- Implementing module 'DMA24b_mm2s_streamout' 
INFO: [HLS 200-10] ----------------------------------------------------------------
INFO: [SCHED 204-11] Starting scheduling ...
INFO: [HLS 200-486] Changing DSP48 latency (root=bound) to 3 in order to utilize available DSP registers.
INFO: [SCHED 204-61] Pipelining loop 'line_loop_group_loop'.
INFO: [HLS 200-1470] Pipelining result : Target II = 16, Final II = 16, Depth = 17, loop 'line_loop_group_loop'
INFO: [SCHED 204-11] Finished scheduling.
INFO: [HLS 200-111] Finished Scheduling: CPU user time: 0.06 seconds. CPU system time: 0.01 seconds. Elapsed time: 0.06 seconds; current allocated memory: 304.148 MB.
INFO: [BIND 205-100] Starting micro-architecture generation ...
INFO: [BIND 205-101] Performing variable lifetime analysis.
INFO: [BIND 205-101] Exploring resource sharing.
INFO: [BIND 205-101] Binding ...
INFO: [BIND 205-100] Finished micro-architecture generation.
INFO: [HLS 200-111] Finished Binding: CPU user time: 0.03 seconds. CPU system time: 0 seconds. Elapsed time: 0.04 seconds; current allocated memory: 304.836 MB.
INFO: [HLS 200-10] ----------------------------------------------------------------
INFO: [HLS 200-42] -- Implementing module 'DMA24b_mm2s' 
INFO: [HLS 200-10] ----------------------------------------------------------------
INFO: [SCHED 204-11] Starting scheduling ...
INFO: [SCHED 204-11] Finished scheduling.
INFO: [HLS 200-111] Finished Scheduling: CPU user time: 0.02 seconds. CPU system time: 0 seconds. Elapsed time: 0.02 seconds; current allocated memory: 304.920 MB.
INFO: [BIND 205-100] Starting micro-architecture generation ...
INFO: [BIND 205-101] Performing variable lifetime analysis.
INFO: [BIND 205-101] Exploring resource sharing.
INFO: [BIND 205-101] Binding ...
INFO: [BIND 205-100] Finished micro-architecture generation.
INFO: [HLS 200-111] Finished Binding: CPU user time: 0.02 seconds. CPU system time: 0 seconds. Elapsed time: 0.03 seconds; current allocated memory: 305.076 MB.
INFO: [HLS 200-10] ----------------------------------------------------------------
INFO: [HLS 200-42] -- Implementing module 'DMA24bUnit_mm2s' 
INFO: [HLS 200-10] ----------------------------------------------------------------
INFO: [SCHED 204-11] Starting scheduling ...
INFO: [SCHED 204-11] Finished scheduling.
INFO: [HLS 200-111] Finished Scheduling: CPU user time: 0.02 seconds. CPU system time: 0.01 seconds. Elapsed time: 0.03 seconds; current allocated memory: 305.144 MB.
INFO: [BIND 205-100] Starting micro-architecture generation ...
INFO: [BIND 205-101] Performing variable lifetime analysis.
INFO: [BIND 205-101] Exploring resource sharing.
INFO: [BIND 205-101] Binding ...
INFO: [BIND 205-100] Finished micro-architecture generation.
INFO: [HLS 200-111] Finished Binding: CPU user time: 0.02 seconds. CPU system time: 0 seconds. Elapsed time: 0.02 seconds; current allocated memory: 305.298 MB.
INFO: [HLS 200-10] ----------------------------------------------------------------
INFO: [HLS 200-10] -- Generating RTL for module 'DMA24b_mm2s_fetch' 
INFO: [HLS 200-10] ----------------------------------------------------------------
INFO: [RTGEN 206-100] Generating core module 'mul_mul_11s_13ns_24_4_1': 1 instance(s).
INFO: [RTGEN 206-100] Finished creating RTL model for 'DMA24b_mm2s_fetch'.
INFO: [HLS 200-111] Finished Creating RTL model: CPU user time: 0.03 seconds. CPU system time: 0 seconds. Elapsed time: 0.03 seconds; current allocated memory: 306.114 MB.
INFO: [HLS 200-10] ----------------------------------------------------------------
INFO: [HLS 200-10] -- Generating RTL for module 'DMA24b_mm2s_streamout' 
INFO: [HLS 200-10] ----------------------------------------------------------------
INFO: [RTGEN 206-100] Generating core module 'mul_mul_12ns_8ns_20_4_1': 1 instance(s).
INFO: [RTGEN 206-100] Finished creating RTL model for 'DMA24b_mm2s_streamout'.
INFO: [HLS 200-111] Finished Creating RTL model: CPU user time: 0.08 seconds. CPU system time: 0.01 seconds. Elapsed time: 0.09 seconds; current allocated memory: 308.707 MB.
INFO: [HLS 200-10] ----------------------------------------------------------------
INFO: [HLS 200-10] -- Generating RTL for module 'DMA24b_mm2s' 
INFO: [HLS 200-10] ----------------------------------------------------------------
WARNING: [RTGEN 206-101] Setting dangling out port 'DMA24b_mm2s/m_axi_gmem_AWVALID' to 0.
WARNING: [RTGEN 206-101] Setting dangling out port 'DMA24b_mm2s/m_axi_gmem_AWADDR' to 0.
WARNING: [RTGEN 206-101] Setting dangling out port 'DMA24b_mm2s/m_axi_gmem_AWID' to 0.
WARNING: [RTGEN 206-101] Setting dangling out port 'DMA24b_mm2s/m_axi_gmem_AWLEN' to 0.
WARNING: [RTGEN 206-101] Setting dangling out port 'DMA24b_mm2s/m_axi_gmem_AWSIZE' to 0.
WARNING: [RTGEN 206-101] Setting dangling out port 'DMA24b_mm2s/m_axi_gmem_AWBURST' to 0.
WARNING: [RTGEN 206-101] Setting dangling out port 'DMA24b_mm2s/m_axi_gmem_AWLOCK' to 0.
WARNING: [RTGEN 206-101] Setting dangling out port 'DMA24b_mm2s/m_axi_gmem_AWCACHE' to 0.
WARNING: [RTGEN 206-101] Setting dangling out port 'DMA24b_mm2s/m_axi_gmem_AWPROT' to 0.
WARNING: [RTGEN 206-101] Setting dangling out port 'DMA24b_mm2s/m_axi_gmem_AWQOS' to 0.
WARNING: [RTGEN 206-101] Setting dangling out port 'DMA24b_mm2s/m_axi_gmem_AWREGION' to 0.
WARNING: [RTGEN 206-101] Setting dangling out port 'DMA24b_mm2s/m_axi_gmem_AWUSER' to 0.
WARNING: [RTGEN 206-101] Setting dangling out port 'DMA24b_mm2s/m_axi_gmem_WVALID' to 0.
WARNING: [RTGEN 206-101] Setting dangling out port 'DMA24b_mm2s/m_axi_gmem_WDATA' to 0.
WARNING: [RTGEN 206-101] Setting dangling out port 'DMA24b_mm2s/m_axi_gmem_WSTRB' to 0.
WARNING: [RTGEN 206-101] Setting dangling out port 'DMA24b_mm2s/m_axi_gmem_WLAST' to 0.
WARNING: [RTGEN 206-101] Setting dangling out port 'DMA24b_mm2s/m_axi_gmem_WID' to 0.
WARNING: [RTGEN 206-101] Setting dangling out port 'DMA24b_mm2s/m_axi_gmem_WUSER' to 0.
WARNING: [RTGEN 206-101] Setting dangling out port 'DMA24b_mm2s/m_axi_gmem_BREADY' to 0.
INFO: [RTGEN 206-100] Finished creating RTL model for 'DMA24b_mm2s'.
INFO: [HLS 200-111] Finished Creating RTL model: CPU user time: 0.13 seconds. CPU system time: 0 seconds. Elapsed time: 0.13 seconds; current allocated memory: 311.445 MB.
==============================================================
Vitis HLS - High-Level Synthesis from C, C++ and OpenCL v2020.2 (64-bit)
Copyright 1986-2020 Xilinx, Inc. All Rights Reserved.
==============================================================
