

================================================================
== Vitis HLS Report for 'DMA24b_mm2s_fetch'
================================================================
* Date:           Thu Sep  3 13:59:38 2026

* Version:        2020.2 (Build 3064766 on Wed Nov 18 09:12:47 MST 2020)
* Project:        DMA24b_mm2s_prj
* Solution:       solution1 (Vivado IP Flow Target)
* Product family: zynq
* Target device:  xc7z020-clg400-1


================================================================
== Performance Estimates
================================================================
+ Timing: 
    * Summary: 
    +--------+---------+----------+------------+
    |  Clock |  Target | Estimated| Uncertainty|
    +--------+---------+----------+------------+
    |ap_clk  |  6.66 ns|  4.862 ns|     1.80 ns|
    +--------+---------+----------+------------+

+ Latency: 
    * Summary: 
    +---------+---------+----------+----------+-----+-----+---------+
    |  Latency (cycles) |  Latency (absolute) |  Interval | Pipeline|
    |   min   |   max   |    min   |    max   | min | max |   Type  |
    +---------+---------+----------+----------+-----+-----+---------+
    |        ?|        ?|         ?|         ?|    ?|    ?|     none|
    +---------+---------+----------+----------+-----+-----+---------+

    + Detail: 
        * Instance: 
        N/A

        * Loop: 
        +-------------------------+---------+---------+----------+-----------+-----------+-----------+----------+
        |                         |  Latency (cycles) | Iteration|  Initiation Interval  |    Trip   |          |
        |        Loop Name        |   min   |   max   |  Latency |  achieved |   target  |   Count   | Pipelined|
        +-------------------------+---------+---------+----------+-----------+-----------+-----------+----------+
        |- line_loop              |        ?|        ?|  3 ~ 1012|          -|          -|          ?|        no|
        | + burst_loop_beat_loop  |       41|     1001|         3|          1|          1|  40 ~ 1000|       yes|
        +-------------------------+---------+---------+----------+-----------+-----------+-----------+----------+

============================================================
+ Verbose Summary: Synthesis Manager
============================================================
InlineROM: 1
ExposeGlobal: 0
============================================================
+ Verbose Summary: CDFG Model
============================================================
IsTopModel: 0
ResetActiveHigh: 1
IsCombinational: 2
IsDatapathOnly: 0
HasWiredReturn: 1
HasMFsm: 0
HasVarLatency: 1
IsPipeline: 0
IsRtlPipelined: 0
IsInstanceOverlapped: 0
IsDontTouch: 0
HasImplIP: 0
IsGatedGlobalClock: 0

+ Individual pipeline summary: 
  * Pipeline-0: initiation interval (II) = 1, depth = 3


============================================================
+ Verbose Summary: Schedule
============================================================
* Number of FSM states : 19
* Pipeline : 1
  Pipeline-0 : II = 1, D = 3, States = { 16 17 18 }
* Dataflow Pipeline: 0

* FSM state transitions: 
1 --> 2 
2 --> 3 
3 --> 4 
4 --> 5 
5 --> 6 
6 --> 7 
7 --> 8 
8 --> 9 19 
9 --> 10 
10 --> 11 
11 --> 12 
12 --> 13 
13 --> 14 
14 --> 15 
15 --> 16 
16 --> 19 17 
17 --> 18 
18 --> 16 
19 --> 7 

* FSM state operations: 

State 1 <SV = 0> <Delay = 3.88>
ST_1 : Operation 20 [1/1] (0.00ns)   --->   "%img_h_read = read i12 @_ssdm_op_Read.ap_auto.i12, i12 %img_h"   --->   Operation 20 'read' 'img_h_read' <Predicate = true> <Delay = 0.00>
ST_1 : Operation 21 [1/1] (0.00ns)   --->   "%img_w_read = read i12 @_ssdm_op_Read.ap_auto.i12, i12 %img_w"   --->   Operation 21 'read' 'img_w_read' <Predicate = true> <Delay = 0.00>
ST_1 : Operation 22 [1/1] (2.43ns)   --->   "%write_ln0 = write void @_ssdm_op_Write.ap_fifo.i12P0A, i12 %img_w_out, i12 %img_w_read"   --->   Operation 22 'write' 'write_ln0' <Predicate = true> <Delay = 2.43> <CoreInst = "FIFO_SRL">   --->   Core 81 'FIFO_SRL' <Latency = 0> <II = 1> <Delay = 3.63> <Storage> <Opcode : 'read' 'write' 'nbread' 'nbwrite'> <Ports = 0> <Width = 12> <Depth = 2> <FIFO>
ST_1 : Operation 23 [1/1] (2.43ns)   --->   "%write_ln0 = write void @_ssdm_op_Write.ap_fifo.i12P0A, i12 %img_h_out, i12 %img_h_read"   --->   Operation 23 'write' 'write_ln0' <Predicate = true> <Delay = 2.43> <CoreInst = "FIFO_SRL">   --->   Core 81 'FIFO_SRL' <Latency = 0> <II = 1> <Delay = 3.63> <Storage> <Opcode : 'read' 'write' 'nbread' 'nbwrite'> <Ports = 0> <Width = 12> <Depth = 2> <FIFO>
ST_1 : Operation 24 [1/1] (0.00ns)   --->   "%trunc_ln = partselect i8 @_ssdm_op_PartSelect.i8.i12.i32.i32, i12 %img_w_read, i32 4, i32 11" [../src/DMA24b_mm2s.cpp:12]   --->   Operation 24 'partselect' 'trunc_ln' <Predicate = true> <Delay = 0.00>
ST_1 : Operation 25 [1/1] (0.00ns)   --->   "%zext_ln12 = zext i8 %trunc_ln" [../src/DMA24b_mm2s.cpp:12]   --->   Operation 25 'zext' 'zext_ln12' <Predicate = true> <Delay = 0.00>
ST_1 : Operation 26 [1/1] (0.00ns)   --->   "%shl_ln = bitconcatenate i10 @_ssdm_op_BitConcatenate.i10.i8.i2, i8 %trunc_ln, i2 0" [../src/DMA24b_mm2s.cpp:12]   --->   Operation 26 'bitconcatenate' 'shl_ln' <Predicate = true> <Delay = 0.00>
ST_1 : Operation 27 [1/1] (0.00ns)   --->   "%zext_ln12_1 = zext i10 %shl_ln" [../src/DMA24b_mm2s.cpp:12]   --->   Operation 27 'zext' 'zext_ln12_1' <Predicate = true> <Delay = 0.00>
ST_1 : Operation 28 [1/1] (1.73ns)   --->   "%beats_per_line = sub i11 %zext_ln12_1, i11 %zext_ln12" [../src/DMA24b_mm2s.cpp:13]   --->   Operation 28 'sub' 'beats_per_line' <Predicate = true> <Delay = 1.73> <CoreInst = "Adder">   --->   Core 1 'Adder' <Latency = 0> <II = 1> <Delay = 3.52> <FuncUnit> <Opcode : 'add' 'sub'> <InPorts = 2> <OutPorts = 1>
ST_1 : Operation 29 [1/1] (0.00ns)   --->   "%sext_ln13 = sext i11 %beats_per_line" [../src/DMA24b_mm2s.cpp:13]   --->   Operation 29 'sext' 'sext_ln13' <Predicate = true> <Delay = 0.00>
ST_1 : Operation 30 [4/4] (2.15ns) (root node of the DSP)   --->   "%mul_ln13 = mul i24 %sext_ln13, i24 3277" [../src/DMA24b_mm2s.cpp:13]   --->   Operation 30 'mul' 'mul_ln13' <Predicate = true> <Delay = 2.15> <CoreInst = "DSP48">   --->   Core 119 'DSP48' <Latency = 3> <II = 1> <Delay = 2.15> <IPBlock> <Opcode : 'mul' 'add' 'sub' 'select'> <InPorts = 0> <OutPorts = 1> <Sync> <CReg>
ST_1 : Operation 31 [1/1] (0.00ns)   --->   "%tmp = bitselect i1 @_ssdm_op_BitSelect.i1.i11.i32, i11 %beats_per_line, i32 10" [../src/DMA24b_mm2s.cpp:13]   --->   Operation 31 'bitselect' 'tmp' <Predicate = true> <Delay = 0.00>
ST_1 : Operation 32 [1/1] (1.88ns)   --->   "%cmp22_i = icmp_sgt  i11 %beats_per_line, i11 39" [../src/DMA24b_mm2s.cpp:13]   --->   Operation 32 'icmp' 'cmp22_i' <Predicate = true> <Delay = 1.88> <CoreInst = "Cmp">   --->   Core 9 'Cmp' <Latency = 0> <II = 1> <Delay = 1.99> <FuncUnit> <Opcode : 'icmp'> <InPorts = 2> <OutPorts = 1>

State 2 <SV = 1> <Delay = 2.15>
ST_2 : Operation 33 [3/4] (2.15ns) (root node of the DSP)   --->   "%mul_ln13 = mul i24 %sext_ln13, i24 3277" [../src/DMA24b_mm2s.cpp:13]   --->   Operation 33 'mul' 'mul_ln13' <Predicate = true> <Delay = 2.15> <CoreInst = "DSP48">   --->   Core 119 'DSP48' <Latency = 3> <II = 1> <Delay = 2.15> <IPBlock> <Opcode : 'mul' 'add' 'sub' 'select'> <InPorts = 0> <OutPorts = 1> <Sync> <CReg>

State 3 <SV = 2> <Delay = 2.15>
ST_3 : Operation 34 [2/4] (2.15ns) (root node of the DSP)   --->   "%mul_ln13 = mul i24 %sext_ln13, i24 3277" [../src/DMA24b_mm2s.cpp:13]   --->   Operation 34 'mul' 'mul_ln13' <Predicate = true> <Delay = 2.15> <CoreInst = "DSP48">   --->   Core 119 'DSP48' <Latency = 3> <II = 1> <Delay = 2.15> <IPBlock> <Opcode : 'mul' 'add' 'sub' 'select'> <InPorts = 0> <OutPorts = 1> <Sync> <CReg>

State 4 <SV = 3> <Delay = 0.00>
ST_4 : Operation 35 [1/4] (0.00ns) (root node of the DSP)   --->   "%mul_ln13 = mul i24 %sext_ln13, i24 3277" [../src/DMA24b_mm2s.cpp:13]   --->   Operation 35 'mul' 'mul_ln13' <Predicate = true> <Delay = 0.00> <CoreInst = "DSP48">   --->   Core 119 'DSP48' <Latency = 3> <II = 1> <Delay = 2.15> <IPBlock> <Opcode : 'mul' 'add' 'sub' 'select'> <InPorts = 0> <OutPorts = 1> <Sync> <CReg>
ST_4 : Operation 36 [1/1] (0.00ns)   --->   "%trunc_ln13 = trunc i24 %mul_ln13" [../src/DMA24b_mm2s.cpp:13]   --->   Operation 36 'trunc' 'trunc_ln13' <Predicate = (tmp)> <Delay = 0.00>
ST_4 : Operation 37 [1/1] (0.00ns)   --->   "%tmp_2_cast = partselect i6 @_ssdm_op_PartSelect.i6.i24.i32.i32, i24 %mul_ln13, i32 17, i32 22" [../src/DMA24b_mm2s.cpp:13]   --->   Operation 37 'partselect' 'tmp_2_cast' <Predicate = true> <Delay = 0.00>

State 5 <SV = 4> <Delay = 4.10>
ST_5 : Operation 38 [1/1] (2.28ns)   --->   "%sub_ln13 = sub i23 0, i23 %trunc_ln13" [../src/DMA24b_mm2s.cpp:13]   --->   Operation 38 'sub' 'sub_ln13' <Predicate = (tmp)> <Delay = 2.28> <CoreInst = "Adder">   --->   Core 1 'Adder' <Latency = 0> <II = 1> <Delay = 3.52> <FuncUnit> <Opcode : 'add' 'sub'> <InPorts = 2> <OutPorts = 1>
ST_5 : Operation 39 [1/1] (0.00ns) (grouped into LUT with out node sub_ln13_1)   --->   "%tmp_1_cast = partselect i6 @_ssdm_op_PartSelect.i6.i23.i32.i32, i23 %sub_ln13, i32 17, i32 22" [../src/DMA24b_mm2s.cpp:13]   --->   Operation 39 'partselect' 'tmp_1_cast' <Predicate = (tmp)> <Delay = 0.00>
ST_5 : Operation 40 [1/1] (0.00ns) (grouped into LUT with out node sub_ln13_1)   --->   "%select_ln13 = select i1 %tmp, i6 %tmp_1_cast, i6 %tmp_2_cast" [../src/DMA24b_mm2s.cpp:13]   --->   Operation 40 'select' 'select_ln13' <Predicate = (tmp)> <Delay = 0.00> <CoreInst = "Sel">   --->   Core 73 'Sel' <Latency = 0> <II = 1> <Delay = 1.18> <FuncUnit> <Opcode : 'select'> <InPorts = 3> <OutPorts = 1>
ST_5 : Operation 41 [1/1] (1.82ns) (out node of the LUT)   --->   "%sub_ln13_1 = sub i6 0, i6 %select_ln13" [../src/DMA24b_mm2s.cpp:13]   --->   Operation 41 'sub' 'sub_ln13_1' <Predicate = (tmp)> <Delay = 1.82> <CoreInst = "Adder">   --->   Core 1 'Adder' <Latency = 0> <II = 1> <Delay = 3.52> <FuncUnit> <Opcode : 'add' 'sub'> <InPorts = 2> <OutPorts = 1>

State 6 <SV = 5> <Delay = 2.82>
ST_6 : Operation 42 [1/1] (0.00ns)   --->   "%specinterface_ln0 = specinterface void @_ssdm_op_SpecInterface, i128 %gmem, void @empty, i32 0, i32 0, void @empty_3, i32 0, i32 57600, void @empty_5, void @empty_10, void @empty_3, i32 16, i32 16, i32 64, i32 16, void @empty_3, void @empty_3"   --->   Operation 42 'specinterface' 'specinterface_ln0' <Predicate = true> <Delay = 0.00>
ST_6 : Operation 43 [1/1] (0.00ns)   --->   "%specinterface_ln0 = specinterface void @_ssdm_op_SpecInterface, i128 %mm_fifo1, void @empty_8, i32 0, i32 0, void @empty_3, i32 0, i32 0, void @empty_3, void @empty_3, void @empty_3, i32 0, i32 0, i32 0, i32 0, void @empty_3, void @empty_3"   --->   Operation 43 'specinterface' 'specinterface_ln0' <Predicate = true> <Delay = 0.00>
ST_6 : Operation 44 [1/1] (0.00ns)   --->   "%specinterface_ln0 = specinterface void @_ssdm_op_SpecInterface, i12 %img_w_out, void @ap_fifo_str, i32 0, i32 0, void @p_str, i32 0, i32 0, void @p_str, void @p_str, void @p_str, i32 2, i32 2, i32 16, i32 16, void @p_str, void @ScalarProp_str"   --->   Operation 44 'specinterface' 'specinterface_ln0' <Predicate = true> <Delay = 0.00>
ST_6 : Operation 45 [1/1] (0.00ns)   --->   "%mm_buffer_read = read i64 @_ssdm_op_Read.ap_auto.i64, i64 %mm_buffer"   --->   Operation 45 'read' 'mm_buffer_read' <Predicate = true> <Delay = 0.00>
ST_6 : Operation 46 [1/1] (0.00ns)   --->   "%specinterface_ln0 = specinterface void @_ssdm_op_SpecInterface, i12 %img_h_out, void @ap_fifo_str, i32 0, i32 0, void @p_str, i32 0, i32 0, void @p_str, void @p_str, void @p_str, i32 2, i32 2, i32 16, i32 16, void @p_str, void @ScalarProp_str"   --->   Operation 46 'specinterface' 'specinterface_ln0' <Predicate = true> <Delay = 0.00>
ST_6 : Operation 47 [1/1] (0.00ns)   --->   "%specinterface_ln0 = specinterface void @_ssdm_op_SpecInterface, i128 %mm_fifo1, void @empty_8, i32 0, i32 0, void @empty_3, i32 0, i32 0, void @empty_3, void @empty_3, void @empty_3, i32 0, i32 0, i32 0, i32 0, void @empty_3, void @empty_3"   --->   Operation 47 'specinterface' 'specinterface_ln0' <Predicate = true> <Delay = 0.00>
ST_6 : Operation 48 [1/1] (0.00ns)   --->   "%specinterface_ln0 = specinterface void @_ssdm_op_SpecInterface, i128 %gmem, void @empty, i32 0, i32 0, void @empty_3, i32 0, i32 57600, void @empty_5, void @empty_10, void @empty_3, i32 16, i32 16, i32 64, i32 16, void @empty_3, void @empty_3"   --->   Operation 48 'specinterface' 'specinterface_ln0' <Predicate = true> <Delay = 0.00>
ST_6 : Operation 49 [1/1] (1.18ns)   --->   "%select_ln13_1 = select i1 %tmp, i6 %sub_ln13_1, i6 %tmp_2_cast" [../src/DMA24b_mm2s.cpp:13]   --->   Operation 49 'select' 'select_ln13_1' <Predicate = true> <Delay = 1.18> <CoreInst = "Sel">   --->   Core 73 'Sel' <Latency = 0> <II = 1> <Delay = 1.18> <FuncUnit> <Opcode : 'select'> <InPorts = 3> <OutPorts = 1>
ST_6 : Operation 50 [1/1] (0.00ns)   --->   "%shl_ln1 = bitconcatenate i11 @_ssdm_op_BitConcatenate.i11.i6.i5, i6 %select_ln13_1, i5 0" [../src/DMA24b_mm2s.cpp:15]   --->   Operation 50 'bitconcatenate' 'shl_ln1' <Predicate = true> <Delay = 0.00>
ST_6 : Operation 51 [1/1] (0.00ns)   --->   "%shl_ln15_1 = bitconcatenate i9 @_ssdm_op_BitConcatenate.i9.i6.i3, i6 %select_ln13_1, i3 0" [../src/DMA24b_mm2s.cpp:15]   --->   Operation 51 'bitconcatenate' 'shl_ln15_1' <Predicate = true> <Delay = 0.00>
ST_6 : Operation 52 [1/1] (0.00ns)   --->   "%sext_ln15 = sext i9 %shl_ln15_1" [../src/DMA24b_mm2s.cpp:15]   --->   Operation 52 'sext' 'sext_ln15' <Predicate = true> <Delay = 0.00>
ST_6 : Operation 53 [1/1] (1.63ns)   --->   "%add_ln15 = add i11 %shl_ln1, i11 %sext_ln15" [../src/DMA24b_mm2s.cpp:15]   --->   Operation 53 'add' 'add_ln15' <Predicate = true> <Delay = 1.63> <CoreInst = "Adder">   --->   Core 1 'Adder' <Latency = 0> <II = 1> <Delay = 3.52> <FuncUnit> <Opcode : 'add' 'sub'> <InPorts = 2> <OutPorts = 1>
ST_6 : Operation 54 [1/1] (0.00ns)   --->   "%sext_ln14 = sext i11 %add_ln15" [../src/DMA24b_mm2s.cpp:14]   --->   Operation 54 'sext' 'sext_ln14' <Predicate = true> <Delay = 0.00>
ST_6 : Operation 55 [1/1] (0.00ns)   --->   "%zext_ln10 = zext i11 %shl_ln1" [../src/DMA24b_mm2s.cpp:10]   --->   Operation 55 'zext' 'zext_ln10' <Predicate = true> <Delay = 0.00>
ST_6 : Operation 56 [1/1] (0.00ns)   --->   "%zext_ln10_1 = zext i9 %shl_ln15_1" [../src/DMA24b_mm2s.cpp:10]   --->   Operation 56 'zext' 'zext_ln10_1' <Predicate = true> <Delay = 0.00>
ST_6 : Operation 57 [1/1] (1.63ns)   --->   "%add_ln10 = add i12 %zext_ln10, i12 %zext_ln10_1" [../src/DMA24b_mm2s.cpp:10]   --->   Operation 57 'add' 'add_ln10' <Predicate = true> <Delay = 1.63> <CoreInst = "Adder">   --->   Core 1 'Adder' <Latency = 0> <II = 1> <Delay = 3.52> <FuncUnit> <Opcode : 'add' 'sub'> <InPorts = 2> <OutPorts = 1>
ST_6 : Operation 58 [1/1] (1.58ns)   --->   "%br_ln14 = br void" [../src/DMA24b_mm2s.cpp:14]   --->   Operation 58 'br' 'br_ln14' <Predicate = true> <Delay = 1.58>

State 7 <SV = 6> <Delay = 2.28>
ST_7 : Operation 59 [1/1] (0.00ns)   --->   "%j = phi i12 %add_ln14, void %._crit_edge.i, i12 0, void %entry" [../src/DMA24b_mm2s.cpp:14]   --->   Operation 59 'phi' 'j' <Predicate = true> <Delay = 0.00>
ST_7 : Operation 60 [1/1] (1.54ns)   --->   "%add_ln14 = add i12 %j, i12 1" [../src/DMA24b_mm2s.cpp:14]   --->   Operation 60 'add' 'add_ln14' <Predicate = true> <Delay = 1.54> <CoreInst = "Adder">   --->   Core 1 'Adder' <Latency = 0> <II = 1> <Delay = 3.52> <FuncUnit> <Opcode : 'add' 'sub'> <InPorts = 2> <OutPorts = 1>
ST_7 : Operation 61 [1/1] (1.99ns)   --->   "%icmp_ln14 = icmp_eq  i12 %j, i12 %img_h_read" [../src/DMA24b_mm2s.cpp:14]   --->   Operation 61 'icmp' 'icmp_ln14' <Predicate = true> <Delay = 1.99> <CoreInst = "Cmp">   --->   Core 9 'Cmp' <Latency = 0> <II = 1> <Delay = 1.99> <FuncUnit> <Opcode : 'icmp'> <InPorts = 2> <OutPorts = 1>
ST_7 : Operation 62 [1/1] (0.00ns)   --->   "%br_ln14 = br i1 %icmp_ln14, void %.split4.i, void %.exit" [../src/DMA24b_mm2s.cpp:14]   --->   Operation 62 'br' 'br_ln14' <Predicate = true> <Delay = 0.00>
ST_7 : Operation 63 [1/1] (0.00ns)   --->   "%p_shl3_i = bitconcatenate i23 @_ssdm_op_BitConcatenate.i23.i12.i11, i12 %j, i11 0" [../src/DMA24b_mm2s.cpp:14]   --->   Operation 63 'bitconcatenate' 'p_shl3_i' <Predicate = (!icmp_ln14)> <Delay = 0.00>
ST_7 : Operation 64 [1/1] (0.00ns)   --->   "%p_shl3_cast11_i = zext i23 %p_shl3_i" [../src/DMA24b_mm2s.cpp:14]   --->   Operation 64 'zext' 'p_shl3_cast11_i' <Predicate = (!icmp_ln14)> <Delay = 0.00>
ST_7 : Operation 65 [1/1] (0.00ns)   --->   "%p_shl4_i = bitconcatenate i19 @_ssdm_op_BitConcatenate.i19.i12.i7, i12 %j, i7 0" [../src/DMA24b_mm2s.cpp:14]   --->   Operation 65 'bitconcatenate' 'p_shl4_i' <Predicate = (!icmp_ln14)> <Delay = 0.00>
ST_7 : Operation 66 [1/1] (0.00ns)   --->   "%p_shl4_cast12_i = zext i19 %p_shl4_i" [../src/DMA24b_mm2s.cpp:14]   --->   Operation 66 'zext' 'p_shl4_cast12_i' <Predicate = (!icmp_ln14)> <Delay = 0.00>
ST_7 : Operation 67 [1/1] (2.28ns)   --->   "%empty = sub i24 %p_shl3_cast11_i, i24 %p_shl4_cast12_i" [../src/DMA24b_mm2s.cpp:14]   --->   Operation 67 'sub' 'empty' <Predicate = (!icmp_ln14)> <Delay = 2.28> <CoreInst = "Adder">   --->   Core 1 'Adder' <Latency = 0> <II = 1> <Delay = 3.52> <FuncUnit> <Opcode : 'add' 'sub'> <InPorts = 2> <OutPorts = 1>
ST_7 : Operation 68 [1/1] (0.00ns)   --->   "%ret_ln0 = ret"   --->   Operation 68 'ret' 'ret_ln0' <Predicate = (icmp_ln14)> <Delay = 0.00>

State 8 <SV = 7> <Delay = 3.52>
ST_8 : Operation 69 [1/1] (0.00ns)   --->   "%specloopname_ln14 = specloopname void @_ssdm_op_SpecLoopName, void @empty_12" [../src/DMA24b_mm2s.cpp:14]   --->   Operation 69 'specloopname' 'specloopname_ln14' <Predicate = true> <Delay = 0.00>
ST_8 : Operation 70 [1/1] (0.00ns)   --->   "%p_cast_i = sext i24 %empty" [../src/DMA24b_mm2s.cpp:14]   --->   Operation 70 'sext' 'p_cast_i' <Predicate = true> <Delay = 0.00>
ST_8 : Operation 71 [1/1] (3.52ns)   --->   "%empty_62 = add i64 %p_cast_i, i64 %mm_buffer_read" [../src/DMA24b_mm2s.cpp:14]   --->   Operation 71 'add' 'empty_62' <Predicate = true> <Delay = 3.52> <CoreInst = "Adder">   --->   Core 1 'Adder' <Latency = 0> <II = 1> <Delay = 3.52> <FuncUnit> <Opcode : 'add' 'sub'> <InPorts = 2> <OutPorts = 1>
ST_8 : Operation 72 [1/1] (0.00ns)   --->   "%br_ln15 = br i1 %cmp22_i, void %._crit_edge.i, void %.lr.ph.i" [../src/DMA24b_mm2s.cpp:15]   --->   Operation 72 'br' 'br_ln15' <Predicate = true> <Delay = 0.00>
ST_8 : Operation 73 [1/1] (0.00ns)   --->   "%trunc_ln1 = partselect i60 @_ssdm_op_PartSelect.i60.i64.i32.i32, i64 %empty_62, i32 4, i32 63" [../src/DMA24b_mm2s.cpp:15]   --->   Operation 73 'partselect' 'trunc_ln1' <Predicate = (cmp22_i)> <Delay = 0.00>

State 9 <SV = 8> <Delay = 4.86>
ST_9 : Operation 74 [1/1] (0.00ns)   --->   "%sext_ln15_1 = sext i60 %trunc_ln1" [../src/DMA24b_mm2s.cpp:15]   --->   Operation 74 'sext' 'sext_ln15_1' <Predicate = true> <Delay = 0.00>
ST_9 : Operation 75 [1/1] (0.00ns)   --->   "%gmem_addr = getelementptr i128 %gmem, i64 %sext_ln15_1" [../src/DMA24b_mm2s.cpp:15]   --->   Operation 75 'getelementptr' 'gmem_addr' <Predicate = true> <Delay = 0.00>
ST_9 : Operation 76 [7/7] (4.86ns)   --->   "%empty_63 = readreq i1 @_ssdm_op_ReadReq.m_axi.p1i128, i128 %gmem_addr, i32 %sext_ln14" [../src/DMA24b_mm2s.cpp:15]   --->   Operation 76 'readreq' 'empty_63' <Predicate = true> <Delay = 4.86> <CoreInst = "m_axi">   --->   Core 113 'm_axi' <Latency = 6> <II = 1> <Delay = 1.00> <Adapter> <Opcode : 'read' 'write' 'readreq' 'writereq' 'writeresp'>

State 10 <SV = 9> <Delay = 4.86>
ST_10 : Operation 77 [6/7] (4.86ns)   --->   "%empty_63 = readreq i1 @_ssdm_op_ReadReq.m_axi.p1i128, i128 %gmem_addr, i32 %sext_ln14" [../src/DMA24b_mm2s.cpp:15]   --->   Operation 77 'readreq' 'empty_63' <Predicate = true> <Delay = 4.86> <CoreInst = "m_axi">   --->   Core 113 'm_axi' <Latency = 6> <II = 1> <Delay = 1.00> <Adapter> <Opcode : 'read' 'write' 'readreq' 'writereq' 'writeresp'>

State 11 <SV = 10> <Delay = 4.86>
ST_11 : Operation 78 [5/7] (4.86ns)   --->   "%empty_63 = readreq i1 @_ssdm_op_ReadReq.m_axi.p1i128, i128 %gmem_addr, i32 %sext_ln14" [../src/DMA24b_mm2s.cpp:15]   --->   Operation 78 'readreq' 'empty_63' <Predicate = true> <Delay = 4.86> <CoreInst = "m_axi">   --->   Core 113 'm_axi' <Latency = 6> <II = 1> <Delay = 1.00> <Adapter> <Opcode : 'read' 'write' 'readreq' 'writereq' 'writeresp'>

State 12 <SV = 11> <Delay = 4.86>
ST_12 : Operation 79 [4/7] (4.86ns)   --->   "%empty_63 = readreq i1 @_ssdm_op_ReadReq.m_axi.p1i128, i128 %gmem_addr, i32 %sext_ln14" [../src/DMA24b_mm2s.cpp:15]   --->   Operation 79 'readreq' 'empty_63' <Predicate = true> <Delay = 4.86> <CoreInst = "m_axi">   --->   Core 113 'm_axi' <Latency = 6> <II = 1> <Delay = 1.00> <Adapter> <Opcode : 'read' 'write' 'readreq' 'writereq' 'writeresp'>

State 13 <SV = 12> <Delay = 4.86>
ST_13 : Operation 80 [3/7] (4.86ns)   --->   "%empty_63 = readreq i1 @_ssdm_op_ReadReq.m_axi.p1i128, i128 %gmem_addr, i32 %sext_ln14" [../src/DMA24b_mm2s.cpp:15]   --->   Operation 80 'readreq' 'empty_63' <Predicate = true> <Delay = 4.86> <CoreInst = "m_axi">   --->   Core 113 'm_axi' <Latency = 6> <II = 1> <Delay = 1.00> <Adapter> <Opcode : 'read' 'write' 'readreq' 'writereq' 'writeresp'>

State 14 <SV = 13> <Delay = 4.86>
ST_14 : Operation 81 [2/7] (4.86ns)   --->   "%empty_63 = readreq i1 @_ssdm_op_ReadReq.m_axi.p1i128, i128 %gmem_addr, i32 %sext_ln14" [../src/DMA24b_mm2s.cpp:15]   --->   Operation 81 'readreq' 'empty_63' <Predicate = true> <Delay = 4.86> <CoreInst = "m_axi">   --->   Core 113 'm_axi' <Latency = 6> <II = 1> <Delay = 1.00> <Adapter> <Opcode : 'read' 'write' 'readreq' 'writereq' 'writeresp'>

State 15 <SV = 14> <Delay = 4.86>
ST_15 : Operation 82 [1/7] (4.86ns)   --->   "%empty_63 = readreq i1 @_ssdm_op_ReadReq.m_axi.p1i128, i128 %gmem_addr, i32 %sext_ln14" [../src/DMA24b_mm2s.cpp:15]   --->   Operation 82 'readreq' 'empty_63' <Predicate = true> <Delay = 4.86> <CoreInst = "m_axi">   --->   Core 113 'm_axi' <Latency = 6> <II = 1> <Delay = 1.00> <Adapter> <Opcode : 'read' 'write' 'readreq' 'writereq' 'writeresp'>
ST_15 : Operation 83 [1/1] (1.58ns)   --->   "%br_ln15 = br void" [../src/DMA24b_mm2s.cpp:15]   --->   Operation 83 'br' 'br_ln15' <Predicate = true> <Delay = 1.58>

State 16 <SV = 15> <Delay = 1.99>
ST_16 : Operation 84 [1/1] (0.00ns)   --->   "%indvar_flatten = phi i12 0, void %.lr.ph.i, i12 %add_ln15_1, void %.split2.i" [../src/DMA24b_mm2s.cpp:15]   --->   Operation 84 'phi' 'indvar_flatten' <Predicate = true> <Delay = 0.00>
ST_16 : Operation 85 [1/1] (1.54ns)   --->   "%add_ln15_1 = add i12 %indvar_flatten, i12 1" [../src/DMA24b_mm2s.cpp:15]   --->   Operation 85 'add' 'add_ln15_1' <Predicate = true> <Delay = 1.54> <CoreInst = "Adder">   --->   Core 1 'Adder' <Latency = 0> <II = 1> <Delay = 3.52> <FuncUnit> <Opcode : 'add' 'sub'> <InPorts = 2> <OutPorts = 1>
ST_16 : Operation 86 [1/1] (1.99ns)   --->   "%icmp_ln15 = icmp_eq  i12 %indvar_flatten, i12 %add_ln10" [../src/DMA24b_mm2s.cpp:15]   --->   Operation 86 'icmp' 'icmp_ln15' <Predicate = true> <Delay = 1.99> <CoreInst = "Cmp">   --->   Core 9 'Cmp' <Latency = 0> <II = 1> <Delay = 1.99> <FuncUnit> <Opcode : 'icmp'> <InPorts = 2> <OutPorts = 1>
ST_16 : Operation 87 [1/1] (0.00ns)   --->   "%br_ln15 = br i1 %icmp_ln15, void %.split2.i, void %._crit_edge.i.loopexit" [../src/DMA24b_mm2s.cpp:15]   --->   Operation 87 'br' 'br_ln15' <Predicate = true> <Delay = 0.00>

State 17 <SV = 16> <Delay = 4.86>
ST_17 : Operation 88 [1/1] (4.86ns)   --->   "%data_mm_buffer_V = read i128 @_ssdm_op_Read.m_axi.p1i128, i128 %gmem_addr"   --->   Operation 88 'read' 'data_mm_buffer_V' <Predicate = (!icmp_ln15)> <Delay = 4.86> <CoreInst = "m_axi">   --->   Core 113 'm_axi' <Latency = 6> <II = 1> <Delay = 1.00> <Adapter> <Opcode : 'read' 'write' 'readreq' 'writereq' 'writeresp'>

State 18 <SV = 17> <Delay = 2.43>
ST_18 : Operation 89 [1/1] (0.00ns)   --->   "%specloopname_ln0 = specloopname void @_ssdm_op_SpecLoopName, void @burst_loop_beat_loop_str"   --->   Operation 89 'specloopname' 'specloopname_ln0' <Predicate = (!icmp_ln15)> <Delay = 0.00>
ST_18 : Operation 90 [1/1] (0.00ns)   --->   "%empty_64 = speclooptripcount i32 @_ssdm_op_SpecLoopTripCount, i64 40, i64 1000, i64 0"   --->   Operation 90 'speclooptripcount' 'empty_64' <Predicate = (!icmp_ln15)> <Delay = 0.00>
ST_18 : Operation 91 [1/1] (0.00ns)   --->   "%specpipeline_ln16 = specpipeline void @_ssdm_op_SpecPipeline, i32 1, i32 0, i32 0, i32 0, void @empty_3" [../src/DMA24b_mm2s.cpp:16]   --->   Operation 91 'specpipeline' 'specpipeline_ln16' <Predicate = (!icmp_ln15)> <Delay = 0.00>
ST_18 : Operation 92 [1/1] (0.00ns)   --->   "%specloopname_ln16 = specloopname void @_ssdm_op_SpecLoopName, void @empty_11" [../src/DMA24b_mm2s.cpp:16]   --->   Operation 92 'specloopname' 'specloopname_ln16' <Predicate = (!icmp_ln15)> <Delay = 0.00>
ST_18 : Operation 93 [1/1] (2.43ns)   --->   "%write_ln174 = write void @_ssdm_op_Write.ap_fifo.volatile.i128P0A, i128 %mm_fifo1, i128 %data_mm_buffer_V" [/tools/xilinx/Vitis_HLS/2020.2/common/technology/autopilot/hls_stream_39.h:174]   --->   Operation 93 'write' 'write_ln174' <Predicate = (!icmp_ln15)> <Delay = 2.43> <CoreInst = "FIFO">   --->   Core 78 'FIFO' <Latency = 0> <II = 1> <Delay = 3.53> <Storage> <Opcode : 'read' 'write' 'nbread' 'nbwrite'> <Ports = 0> <Width = 128> <Depth = 256> <FIFO>
ST_18 : Operation 94 [1/1] (0.00ns)   --->   "%br_ln0 = br void"   --->   Operation 94 'br' 'br_ln0' <Predicate = (!icmp_ln15)> <Delay = 0.00>

State 19 <SV = 16> <Delay = 0.00>
ST_19 : Operation 95 [1/1] (0.00ns)   --->   "%br_ln0 = br void %._crit_edge.i"   --->   Operation 95 'br' 'br_ln0' <Predicate = (cmp22_i)> <Delay = 0.00>
ST_19 : Operation 96 [1/1] (0.00ns)   --->   "%br_ln0 = br void"   --->   Operation 96 'br' 'br_ln0' <Predicate = true> <Delay = 0.00>


============================================================
+ Verbose Summary: Timing violations
============================================================
Target clock period: 6.66ns, clock uncertainty: 1.8ns.

 <State 1>: 3.88ns
The critical path consists of the following:
	wire read on port 'img_w' [12]  (0 ns)
	'sub' operation ('beats_per_line', ../src/DMA24b_mm2s.cpp:13) [23]  (1.73 ns)
	'mul' operation of DSP[25] ('mul_ln13', ../src/DMA24b_mm2s.cpp:13) [25]  (2.15 ns)

 <State 2>: 2.15ns
The critical path consists of the following:
	'mul' operation of DSP[25] ('mul_ln13', ../src/DMA24b_mm2s.cpp:13) [25]  (2.15 ns)

 <State 3>: 2.15ns
The critical path consists of the following:
	'mul' operation of DSP[25] ('mul_ln13', ../src/DMA24b_mm2s.cpp:13) [25]  (2.15 ns)

 <State 4>: 0ns
The critical path consists of the following:

 <State 5>: 4.11ns
The critical path consists of the following:
	'sub' operation ('sub_ln13', ../src/DMA24b_mm2s.cpp:13) [27]  (2.28 ns)
	'select' operation ('select_ln13', ../src/DMA24b_mm2s.cpp:13) [31]  (0 ns)
	'sub' operation ('sub_ln13_1', ../src/DMA24b_mm2s.cpp:13) [32]  (1.83 ns)

 <State 6>: 2.83ns
The critical path consists of the following:
	'select' operation ('select_ln13_1', ../src/DMA24b_mm2s.cpp:13) [34]  (1.19 ns)
	'add' operation ('add_ln15', ../src/DMA24b_mm2s.cpp:15) [38]  (1.64 ns)

 <State 7>: 2.28ns
The critical path consists of the following:
	'phi' operation ('j', ../src/DMA24b_mm2s.cpp:14) with incoming values : ('add_ln14', ../src/DMA24b_mm2s.cpp:14) [45]  (0 ns)
	'sub' operation ('empty', ../src/DMA24b_mm2s.cpp:14) [55]  (2.28 ns)

 <State 8>: 3.52ns
The critical path consists of the following:
	'add' operation ('empty_62', ../src/DMA24b_mm2s.cpp:14) [57]  (3.52 ns)

 <State 9>: 4.86ns
The critical path consists of the following:
	'getelementptr' operation ('gmem_addr', ../src/DMA24b_mm2s.cpp:15) [62]  (0 ns)
	bus request on port 'gmem' (../src/DMA24b_mm2s.cpp:15) [63]  (4.86 ns)

 <State 10>: 4.86ns
The critical path consists of the following:
	bus request on port 'gmem' (../src/DMA24b_mm2s.cpp:15) [63]  (4.86 ns)

 <State 11>: 4.86ns
The critical path consists of the following:
	bus request on port 'gmem' (../src/DMA24b_mm2s.cpp:15) [63]  (4.86 ns)

 <State 12>: 4.86ns
The critical path consists of the following:
	bus request on port 'gmem' (../src/DMA24b_mm2s.cpp:15) [63]  (4.86 ns)

 <State 13>: 4.86ns
The critical path consists of the following:
	bus request on port 'gmem' (../src/DMA24b_mm2s.cpp:15) [63]  (4.86 ns)

 <State 14>: 4.86ns
The critical path consists of the following:
	bus request on port 'gmem' (../src/DMA24b_mm2s.cpp:15) [63]  (4.86 ns)

 <State 15>: 4.86ns
The critical path consists of the following:
	bus request on port 'gmem' (../src/DMA24b_mm2s.cpp:15) [63]  (4.86 ns)

 <State 16>: 1.99ns
The critical path consists of the following:
	'phi' operation ('indvar_flatten', ../src/DMA24b_mm2s.cpp:15) with incoming values : ('add_ln15_1', ../src/DMA24b_mm2s.cpp:15) [66]  (0 ns)
	'icmp' operation ('icmp_ln15', ../src/DMA24b_mm2s.cpp:15) [68]  (1.99 ns)

 <State 17>: 4.86ns
The critical path consists of the following:
	bus read on port 'gmem' [75]  (4.86 ns)

 <State 18>: 2.43ns
The critical path consists of the following:
	fifo write on port 'mm_fifo1' (/tools/xilinx/Vitis_HLS/2020.2/common/technology/autopilot/hls_stream_39.h:174) [76]  (2.43 ns)

 <State 19>: 0ns
The critical path consists of the following:


============================================================
+ Verbose Summary: Binding
============================================================
N/A
* FSMD analyzer results:
  - Output states:
 - Input state : 
  - Chain level:
	State 1
	State 2
	State 3
	State 4
	State 5
	State 6
	State 7
	State 8
	State 9
	State 10
	State 11
	State 12
	State 13
	State 14
	State 15
	State 16
	State 17
	State 18
	State 19


============================================================
+ Verbose Summary: Datapath Resource usage 
============================================================
N/A
