

================================================================
== Vitis HLS Report for 'DMA24b_mm2s_streamout'
================================================================
* Date:           Thu Sep  3 13:59:38 2026

* Version:        2020.2 (Build 3064766 on Wed Nov 18 09:12:47 MST 2020)
* Project:        DMA24b_mm2s_prj
* Solution:       solution1 (Vivado IP Flow Target)
* Product family: zynq
* Target device:  xc7z020-clg400-1


================================================================
== Performance Estimates
================================================================
+ Timing: 
    * Summary: 
    +--------+---------+----------+------------+
    |  Clock |  Target | Estimated| Uncertainty|
    +--------+---------+----------+------------+
    |ap_clk  |  6.66 ns|  4.581 ns|     1.80 ns|
    +--------+---------+----------+------------+

+ Latency: 
    * Summary: 
    +---------+---------+----------+----------+-----+-----+---------+
    |  Latency (cycles) |  Latency (absolute) |  Interval | Pipeline|
    |   min   |   max   |    min   |    max   | min | max |   Type  |
    +---------+---------+----------+----------+-----+-----+---------+
    |        ?|        ?|         ?|         ?|    ?|    ?|     none|
    +---------+---------+----------+----------+-----+-----+---------+

    + Detail: 
        * Instance: 
        N/A

        * Loop: 
        +------------------------+---------+---------+----------+-----------+-----------+------+----------+
        |                        |  Latency (cycles) | Iteration|  Initiation Interval  | Trip |          |
        |        Loop Name       |   min   |   max   |  Latency |  achieved |   target  | Count| Pipelined|
        +------------------------+---------+---------+----------+-----------+-----------+------+----------+
        |- line_loop_group_loop  |        ?|        ?|        17|         16|         16|     ?|       yes|
        +------------------------+---------+---------+----------+-----------+-----------+------+----------+

============================================================
+ Verbose Summary: Synthesis Manager
============================================================
InlineROM: 1
ExposeGlobal: 0
============================================================
+ Verbose Summary: CDFG Model
============================================================
IsTopModel: 0
ResetActiveHigh: 1
IsCombinational: 2
IsDatapathOnly: 0
HasWiredReturn: 1
HasMFsm: 0
HasVarLatency: 1
IsPipeline: 0
IsRtlPipelined: 0
IsInstanceOverlapped: 0
IsDontTouch: 0
HasImplIP: 0
IsGatedGlobalClock: 0

+ Individual pipeline summary: 
  * Pipeline-0: initiation interval (II) = 16, depth = 17


============================================================
+ Verbose Summary: Schedule
============================================================
* Number of FSM states : 22
* Pipeline : 1
  Pipeline-0 : II = 16, D = 17, States = { 5 6 7 8 9 10 11 12 13 14 15 16 17 18 19 20 21 }
* Dataflow Pipeline: 0

* FSM state transitions: 
1 --> 2 
2 --> 3 
3 --> 4 
4 --> 5 
5 --> 6 
6 --> 22 7 
7 --> 8 
8 --> 9 
9 --> 10 
10 --> 11 
11 --> 12 
12 --> 13 
13 --> 14 
14 --> 15 
15 --> 16 
16 --> 17 
17 --> 18 
18 --> 19 
19 --> 20 
20 --> 21 
21 --> 5 
22 --> 

* FSM state operations: 

State 1 <SV = 0> <Delay = 4.58>
ST_1 : Operation 23 [1/1] (2.43ns)   --->   "%img_w_1 = read i12 @_ssdm_op_Read.ap_fifo.i12P0A, i12 %img_w" [../src/DMA24b_mm2s.cpp:34]   --->   Operation 23 'read' 'img_w_1' <Predicate = true> <Delay = 2.43> <CoreInst = "FIFO_SRL">   --->   Core 81 'FIFO_SRL' <Latency = 0> <II = 1> <Delay = 3.63> <Storage> <Opcode : 'read' 'write' 'nbread' 'nbwrite'> <Ports = 0> <Width = 12> <Depth = 2> <FIFO>
ST_1 : Operation 24 [1/1] (2.43ns)   --->   "%img_h_1 = read i12 @_ssdm_op_Read.ap_fifo.i12P0A, i12 %img_h" [../src/DMA24b_mm2s.cpp:34]   --->   Operation 24 'read' 'img_h_1' <Predicate = true> <Delay = 2.43> <CoreInst = "FIFO_SRL">   --->   Core 81 'FIFO_SRL' <Latency = 0> <II = 1> <Delay = 3.63> <Storage> <Opcode : 'read' 'write' 'nbread' 'nbwrite'> <Ports = 0> <Width = 12> <Depth = 2> <FIFO>
ST_1 : Operation 25 [1/1] (0.00ns)   --->   "%trunc_ln = partselect i8 @_ssdm_op_PartSelect.i8.i12.i32.i32, i12 %img_w_1, i32 4, i32 11" [../src/DMA24b_mm2s.cpp:37->../src/DMA24b_mm2s.cpp:77]   --->   Operation 25 'partselect' 'trunc_ln' <Predicate = true> <Delay = 0.00>
ST_1 : Operation 26 [1/1] (0.00ns)   --->   "%cast = zext i12 %img_h_1" [../src/DMA24b_mm2s.cpp:34]   --->   Operation 26 'zext' 'cast' <Predicate = true> <Delay = 0.00>
ST_1 : Operation 27 [1/1] (0.00ns)   --->   "%cast1 = zext i8 %trunc_ln" [../src/DMA24b_mm2s.cpp:37->../src/DMA24b_mm2s.cpp:77]   --->   Operation 27 'zext' 'cast1' <Predicate = true> <Delay = 0.00>
ST_1 : Operation 28 [4/4] (2.15ns) (root node of the DSP)   --->   "%bound = mul i20 %cast, i20 %cast1" [../src/DMA24b_mm2s.cpp:34]   --->   Operation 28 'mul' 'bound' <Predicate = true> <Delay = 2.15> <CoreInst = "DSP48">   --->   Core 119 'DSP48' <Latency = 3> <II = 1> <Delay = 2.15> <IPBlock> <Opcode : 'mul' 'add' 'sub' 'select'> <InPorts = 0> <OutPorts = 1> <Sync> <CReg>

State 2 <SV = 1> <Delay = 2.15>
ST_2 : Operation 29 [3/4] (2.15ns) (root node of the DSP)   --->   "%bound = mul i20 %cast, i20 %cast1" [../src/DMA24b_mm2s.cpp:34]   --->   Operation 29 'mul' 'bound' <Predicate = true> <Delay = 2.15> <CoreInst = "DSP48">   --->   Core 119 'DSP48' <Latency = 3> <II = 1> <Delay = 2.15> <IPBlock> <Opcode : 'mul' 'add' 'sub' 'select'> <InPorts = 0> <OutPorts = 1> <Sync> <CReg>

State 3 <SV = 2> <Delay = 2.15>
ST_3 : Operation 30 [2/4] (2.15ns) (root node of the DSP)   --->   "%bound = mul i20 %cast, i20 %cast1" [../src/DMA24b_mm2s.cpp:34]   --->   Operation 30 'mul' 'bound' <Predicate = true> <Delay = 2.15> <CoreInst = "DSP48">   --->   Core 119 'DSP48' <Latency = 3> <II = 1> <Delay = 2.15> <IPBlock> <Opcode : 'mul' 'add' 'sub' 'select'> <InPorts = 0> <OutPorts = 1> <Sync> <CReg>

State 4 <SV = 3> <Delay = 1.91>
ST_4 : Operation 31 [1/1] (0.00ns)   --->   "%specinterface_ln0 = specinterface void @_ssdm_op_SpecInterface, i128 %mm_fifo1, void @empty_8, i32 0, i32 0, void @empty_3, i32 0, i32 0, void @empty_3, void @empty_3, void @empty_3, i32 0, i32 0, i32 0, i32 0, void @empty_3, void @empty_3"   --->   Operation 31 'specinterface' 'specinterface_ln0' <Predicate = true> <Delay = 0.00>
ST_4 : Operation 32 [1/1] (0.00ns)   --->   "%specinterface_ln0 = specinterface void @_ssdm_op_SpecInterface, i24 %STR_video_out_V_data_V, i3 %STR_video_out_V_keep_V, i3 %STR_video_out_V_strb_V, i1 %STR_video_out_V_user_V, i1 %STR_video_out_V_last_V, void @empty_0, i32 0, i32 0, void @empty_6, i32 0, i32 0, void @empty_3, void @empty_3, void @empty_3, i32 0, i32 0, i32 0, i32 0, void @empty_3, void @empty_3"   --->   Operation 32 'specinterface' 'specinterface_ln0' <Predicate = true> <Delay = 0.00>
ST_4 : Operation 33 [1/1] (0.00ns)   --->   "%specinterface_ln0 = specinterface void @_ssdm_op_SpecInterface, i24 %STR_video_out_V_data_V, i3 %STR_video_out_V_keep_V, i3 %STR_video_out_V_strb_V, i1 %STR_video_out_V_user_V, i1 %STR_video_out_V_last_V, void @empty_0, i32 0, i32 0, void @empty_6, i32 0, i32 0, void @empty_3, void @empty_3, void @empty_3, i32 0, i32 0, i32 0, i32 0, void @empty_3, void @empty_3"   --->   Operation 33 'specinterface' 'specinterface_ln0' <Predicate = true> <Delay = 0.00>
ST_4 : Operation 34 [1/1] (0.00ns)   --->   "%specinterface_ln0 = specinterface void @_ssdm_op_SpecInterface, i24 %STR_video_out_V_data_V, i3 %STR_video_out_V_keep_V, i3 %STR_video_out_V_strb_V, i1 %STR_video_out_V_user_V, i1 %STR_video_out_V_last_V, void @empty_0, i32 0, i32 0, void @empty_6, i32 0, i32 0, void @empty_3, void @empty_3, void @empty_3, i32 0, i32 0, i32 0, i32 0, void @empty_3, void @empty_3"   --->   Operation 34 'specinterface' 'specinterface_ln0' <Predicate = true> <Delay = 0.00>
ST_4 : Operation 35 [1/1] (0.00ns)   --->   "%specinterface_ln0 = specinterface void @_ssdm_op_SpecInterface, i24 %STR_video_out_V_data_V, i3 %STR_video_out_V_keep_V, i3 %STR_video_out_V_strb_V, i1 %STR_video_out_V_user_V, i1 %STR_video_out_V_last_V, void @empty_0, i32 0, i32 0, void @empty_6, i32 0, i32 0, void @empty_3, void @empty_3, void @empty_3, i32 0, i32 0, i32 0, i32 0, void @empty_3, void @empty_3"   --->   Operation 35 'specinterface' 'specinterface_ln0' <Predicate = true> <Delay = 0.00>
ST_4 : Operation 36 [1/1] (0.00ns)   --->   "%specinterface_ln0 = specinterface void @_ssdm_op_SpecInterface, i24 %STR_video_out_V_data_V, i3 %STR_video_out_V_keep_V, i3 %STR_video_out_V_strb_V, i1 %STR_video_out_V_user_V, i1 %STR_video_out_V_last_V, void @empty_0, i32 0, i32 0, void @empty_6, i32 0, i32 0, void @empty_3, void @empty_3, void @empty_3, i32 0, i32 0, i32 0, i32 0, void @empty_3, void @empty_3"   --->   Operation 36 'specinterface' 'specinterface_ln0' <Predicate = true> <Delay = 0.00>
ST_4 : Operation 37 [1/1] (0.00ns)   --->   "%specinterface_ln0 = specinterface void @_ssdm_op_SpecInterface, i12 %img_h, void @ap_fifo_str, i32 0, i32 0, void @p_str, i32 0, i32 0, void @p_str, void @p_str, void @p_str, i32 2, i32 2, i32 16, i32 16, void @p_str, void @ScalarProp_str"   --->   Operation 37 'specinterface' 'specinterface_ln0' <Predicate = true> <Delay = 0.00>
ST_4 : Operation 38 [1/1] (0.00ns)   --->   "%specinterface_ln0 = specinterface void @_ssdm_op_SpecInterface, i12 %img_w, void @ap_fifo_str, i32 0, i32 0, void @p_str, i32 0, i32 0, void @p_str, void @p_str, void @p_str, i32 2, i32 2, i32 16, i32 16, void @p_str, void @ScalarProp_str"   --->   Operation 38 'specinterface' 'specinterface_ln0' <Predicate = true> <Delay = 0.00>
ST_4 : Operation 39 [1/1] (0.00ns)   --->   "%specinterface_ln0 = specinterface void @_ssdm_op_SpecInterface, i128 %mm_fifo1, void @empty_8, i32 0, i32 0, void @empty_3, i32 0, i32 0, void @empty_3, void @empty_3, void @empty_3, i32 0, i32 0, i32 0, i32 0, void @empty_3, void @empty_3"   --->   Operation 39 'specinterface' 'specinterface_ln0' <Predicate = true> <Delay = 0.00>
ST_4 : Operation 40 [1/1] (0.00ns)   --->   "%specinterface_ln0 = specinterface void @_ssdm_op_SpecInterface, i24 %STR_video_out_V_data_V, i3 %STR_video_out_V_keep_V, i3 %STR_video_out_V_strb_V, i1 %STR_video_out_V_user_V, i1 %STR_video_out_V_last_V, void @empty_0, i32 0, i32 0, void @empty_6, i32 0, i32 0, void @empty_3, void @empty_3, void @empty_3, i32 0, i32 0, i32 0, i32 0, void @empty_3, void @empty_3"   --->   Operation 40 'specinterface' 'specinterface_ln0' <Predicate = true> <Delay = 0.00>
ST_4 : Operation 41 [1/1] (0.00ns)   --->   "%zext_ln37 = zext i8 %trunc_ln" [../src/DMA24b_mm2s.cpp:37->../src/DMA24b_mm2s.cpp:77]   --->   Operation 41 'zext' 'zext_ln37' <Predicate = true> <Delay = 0.00>
ST_4 : Operation 42 [1/1] (1.91ns)   --->   "%last_i = add i9 %zext_ln37, i9 511" [../src/DMA24b_mm2s.cpp:37->../src/DMA24b_mm2s.cpp:77]   --->   Operation 42 'add' 'last_i' <Predicate = true> <Delay = 1.91> <CoreInst = "Adder">   --->   Core 1 'Adder' <Latency = 0> <II = 1> <Delay = 1.91> <FuncUnit> <Opcode : 'add' 'sub'> <InPorts = 2> <OutPorts = 1>
ST_4 : Operation 43 [1/4] (0.00ns) (root node of the DSP)   --->   "%bound = mul i20 %cast, i20 %cast1" [../src/DMA24b_mm2s.cpp:34]   --->   Operation 43 'mul' 'bound' <Predicate = true> <Delay = 0.00> <CoreInst = "DSP48">   --->   Core 119 'DSP48' <Latency = 3> <II = 1> <Delay = 2.15> <IPBlock> <Opcode : 'mul' 'add' 'sub' 'select'> <InPorts = 0> <OutPorts = 1> <Sync> <CReg>
ST_4 : Operation 44 [1/1] (1.58ns)   --->   "%br_ln38 = br void" [../src/DMA24b_mm2s.cpp:38->../src/DMA24b_mm2s.cpp:77]   --->   Operation 44 'br' 'br_ln38' <Predicate = true> <Delay = 1.58>

State 5 <SV = 4> <Delay = 4.56>
ST_5 : Operation 45 [1/1] (0.00ns)   --->   "%indvar_flatten = phi i20 0, void %entry, i20 %add_ln38, void %._crit_edge.loopexit.i" [../src/DMA24b_mm2s.cpp:38->../src/DMA24b_mm2s.cpp:77]   --->   Operation 45 'phi' 'indvar_flatten' <Predicate = true> <Delay = 0.00>
ST_5 : Operation 46 [1/1] (0.00ns)   --->   "%i = phi i8 0, void %entry, i8 %i_1, void %._crit_edge.loopexit.i"   --->   Operation 46 'phi' 'i' <Predicate = true> <Delay = 0.00>
ST_5 : Operation 47 [1/1] (2.19ns)   --->   "%add_ln38 = add i20 %indvar_flatten, i20 1" [../src/DMA24b_mm2s.cpp:38->../src/DMA24b_mm2s.cpp:77]   --->   Operation 47 'add' 'add_ln38' <Predicate = true> <Delay = 2.19> <CoreInst = "Adder">   --->   Core 1 'Adder' <Latency = 0> <II = 1> <Delay = 1.91> <FuncUnit> <Opcode : 'add' 'sub'> <InPorts = 2> <OutPorts = 1>
ST_5 : Operation 48 [1/1] (0.00ns)   --->   "%zext_ln39 = zext i8 %i" [../src/DMA24b_mm2s.cpp:39->../src/DMA24b_mm2s.cpp:77]   --->   Operation 48 'zext' 'zext_ln39' <Predicate = true> <Delay = 0.00>
ST_5 : Operation 49 [1/1] (1.66ns)   --->   "%icmp_ln39 = icmp_sgt  i9 %zext_ln39, i9 %last_i" [../src/DMA24b_mm2s.cpp:39->../src/DMA24b_mm2s.cpp:77]   --->   Operation 49 'icmp' 'icmp_ln39' <Predicate = true> <Delay = 1.66> <CoreInst = "Cmp">   --->   Core 9 'Cmp' <Latency = 0> <II = 1> <Delay = 1.99> <FuncUnit> <Opcode : 'icmp'> <InPorts = 2> <OutPorts = 1>
ST_5 : Operation 50 [1/1] (2.44ns)   --->   "%icmp_ln38 = icmp_eq  i20 %indvar_flatten, i20 %bound" [../src/DMA24b_mm2s.cpp:38->../src/DMA24b_mm2s.cpp:77]   --->   Operation 50 'icmp' 'icmp_ln38' <Predicate = true> <Delay = 2.44> <CoreInst = "Cmp">   --->   Core 9 'Cmp' <Latency = 0> <II = 1> <Delay = 1.99> <FuncUnit> <Opcode : 'icmp'> <InPorts = 2> <OutPorts = 1>
ST_5 : Operation 51 [1/1] (0.00ns)   --->   "%br_ln38 = br i1 %icmp_ln38, void %._crit_edge.loopexit.i, void %.exit" [../src/DMA24b_mm2s.cpp:38->../src/DMA24b_mm2s.cpp:77]   --->   Operation 51 'br' 'br_ln38' <Predicate = true> <Delay = 0.00>
ST_5 : Operation 52 [1/1] (1.24ns)   --->   "%select_ln38 = select i1 %icmp_ln39, i8 0, i8 %i" [../src/DMA24b_mm2s.cpp:38->../src/DMA24b_mm2s.cpp:77]   --->   Operation 52 'select' 'select_ln38' <Predicate = (!icmp_ln38)> <Delay = 1.24> <CoreInst = "Sel">   --->   Core 73 'Sel' <Latency = 0> <II = 1> <Delay = 0.69> <FuncUnit> <Opcode : 'select'> <InPorts = 3> <OutPorts = 1>
ST_5 : Operation 53 [1/1] (0.00ns)   --->   "%zext_ln36 = zext i8 %select_ln38" [../src/DMA24b_mm2s.cpp:36->../src/DMA24b_mm2s.cpp:77]   --->   Operation 53 'zext' 'zext_ln36' <Predicate = (!icmp_ln38)> <Delay = 0.00>
ST_5 : Operation 54 [1/1] (1.66ns)   --->   "%video_elt_out_last_V = icmp_eq  i9 %zext_ln36, i9 %last_i" [../src/DMA24b_mm2s.cpp:36->../src/DMA24b_mm2s.cpp:77]   --->   Operation 54 'icmp' 'video_elt_out_last_V' <Predicate = (!icmp_ln38)> <Delay = 1.66> <CoreInst = "Cmp">   --->   Core 9 'Cmp' <Latency = 0> <II = 1> <Delay = 1.99> <FuncUnit> <Opcode : 'icmp'> <InPorts = 2> <OutPorts = 1>

State 6 <SV = 5> <Delay = 4.23>
ST_6 : Operation 55 [1/1] (0.00ns)   --->   "%j = phi i12 0, void %entry, i12 %select_ln38_1, void %._crit_edge.loopexit.i" [../src/DMA24b_mm2s.cpp:38->../src/DMA24b_mm2s.cpp:77]   --->   Operation 55 'phi' 'j' <Predicate = true> <Delay = 0.00>
ST_6 : Operation 56 [1/1] (1.54ns)   --->   "%add_ln38_1 = add i12 %j, i12 1" [../src/DMA24b_mm2s.cpp:38->../src/DMA24b_mm2s.cpp:77]   --->   Operation 56 'add' 'add_ln38_1' <Predicate = (!icmp_ln38 & icmp_ln39)> <Delay = 1.54> <CoreInst = "Adder">   --->   Core 1 'Adder' <Latency = 0> <II = 1> <Delay = 1.91> <FuncUnit> <Opcode : 'add' 'sub'> <InPorts = 2> <OutPorts = 1>
ST_6 : Operation 57 [1/1] (0.69ns)   --->   "%select_ln38_1 = select i1 %icmp_ln39, i12 %add_ln38_1, i12 %j" [../src/DMA24b_mm2s.cpp:38->../src/DMA24b_mm2s.cpp:77]   --->   Operation 57 'select' 'select_ln38_1' <Predicate = (!icmp_ln38)> <Delay = 0.69> <CoreInst = "Sel">   --->   Core 73 'Sel' <Latency = 0> <II = 1> <Delay = 0.69> <FuncUnit> <Opcode : 'select'> <InPorts = 3> <OutPorts = 1>
ST_6 : Operation 58 [1/1] (0.00ns) (grouped into LUT with out node video_elt_out_user_V)   --->   "%trunc_ln38 = trunc i12 %select_ln38_1" [../src/DMA24b_mm2s.cpp:38->../src/DMA24b_mm2s.cpp:77]   --->   Operation 58 'trunc' 'trunc_ln38' <Predicate = (!icmp_ln38)> <Delay = 0.00>
ST_6 : Operation 59 [1/1] (2.43ns)   --->   "%tmp_V = read i128 @_ssdm_op_Read.ap_fifo.volatile.i128P0A, i128 %mm_fifo1" [/tools/xilinx/Vitis_HLS/2020.2/common/technology/autopilot/hls_stream_39.h:145]   --->   Operation 59 'read' 'tmp_V' <Predicate = (!icmp_ln38)> <Delay = 2.43> <CoreInst = "FIFO">   --->   Core 78 'FIFO' <Latency = 0> <II = 1> <Delay = 3.53> <Storage> <Opcode : 'read' 'write' 'nbread' 'nbwrite'> <Ports = 0> <Width = 128> <Depth = 256> <FIFO>
ST_6 : Operation 60 [1/1] (0.00ns)   --->   "%trunc_ln674 = trunc i128 %tmp_V"   --->   Operation 60 'trunc' 'trunc_ln674' <Predicate = (!icmp_ln38)> <Delay = 0.00>
ST_6 : Operation 61 [1/1] (0.00ns)   --->   "%p_Result_6_i = partselect i8 @_ssdm_op_PartSelect.i8.i128.i32.i32, i128 %tmp_V, i32 8, i32 15"   --->   Operation 61 'partselect' 'p_Result_6_i' <Predicate = (!icmp_ln38)> <Delay = 0.00>
ST_6 : Operation 62 [1/1] (0.00ns)   --->   "%p_Result_8_i = partselect i8 @_ssdm_op_PartSelect.i8.i128.i32.i32, i128 %tmp_V, i32 16, i32 23"   --->   Operation 62 'partselect' 'p_Result_8_i' <Predicate = (!icmp_ln38)> <Delay = 0.00>
ST_6 : Operation 63 [1/1] (0.00ns)   --->   "%p_Result_s = bitconcatenate i24 @_ssdm_op_BitConcatenate.i24.i8.i8.i8, i8 %trunc_ln674, i8 %p_Result_6_i, i8 %p_Result_8_i"   --->   Operation 63 'bitconcatenate' 'p_Result_s' <Predicate = (!icmp_ln38)> <Delay = 0.00>
ST_6 : Operation 64 [1/1] (0.00ns) (grouped into LUT with out node video_elt_out_user_V)   --->   "%or_ln51 = or i8 %trunc_ln38, i8 %select_ln38" [../src/DMA24b_mm2s.cpp:51->../src/DMA24b_mm2s.cpp:77]   --->   Operation 64 'or' 'or_ln51' <Predicate = (!icmp_ln38)> <Delay = 0.00> <CoreInst = "LogicGate">   --->   Core 74 'LogicGate' <Latency = 0> <II = 1> <Delay = 0.99> <FuncUnit> <Opcode : 'and' 'or' 'xor'> <InPorts = 2> <OutPorts = 1>
ST_6 : Operation 65 [1/1] (0.00ns) (grouped into LUT with out node video_elt_out_user_V)   --->   "%tmp = partselect i4 @_ssdm_op_PartSelect.i4.i12.i32.i32, i12 %select_ln38_1, i32 8, i32 11" [../src/DMA24b_mm2s.cpp:51->../src/DMA24b_mm2s.cpp:77]   --->   Operation 65 'partselect' 'tmp' <Predicate = (!icmp_ln38)> <Delay = 0.00>
ST_6 : Operation 66 [1/1] (0.00ns) (grouped into LUT with out node video_elt_out_user_V)   --->   "%or_ln = bitconcatenate i12 @_ssdm_op_BitConcatenate.i12.i4.i8, i4 %tmp, i8 %or_ln51" [../src/DMA24b_mm2s.cpp:51->../src/DMA24b_mm2s.cpp:77]   --->   Operation 66 'bitconcatenate' 'or_ln' <Predicate = (!icmp_ln38)> <Delay = 0.00>
ST_6 : Operation 67 [1/1] (1.99ns) (out node of the LUT)   --->   "%video_elt_out_user_V = icmp_eq  i12 %or_ln, i12 0" [../src/DMA24b_mm2s.cpp:51->../src/DMA24b_mm2s.cpp:77]   --->   Operation 67 'icmp' 'video_elt_out_user_V' <Predicate = (!icmp_ln38)> <Delay = 1.99> <CoreInst = "Cmp">   --->   Core 9 'Cmp' <Latency = 0> <II = 1> <Delay = 1.99> <FuncUnit> <Opcode : 'icmp'> <InPorts = 2> <OutPorts = 1>
ST_6 : Operation 68 [1/1] (0.00ns)   --->   "%write_ln304 = write void @_ssdm_op_Write.axis.volatile.i24P0A.i3P0A.i3P0A.i1P0A.i1P0A, i24 %STR_video_out_V_data_V, i3 %STR_video_out_V_keep_V, i3 %STR_video_out_V_strb_V, i1 %STR_video_out_V_user_V, i1 %STR_video_out_V_last_V, i24 %p_Result_s, i3 7, i3 7, i1 %video_elt_out_user_V, i1 0"   --->   Operation 68 'write' 'write_ln304' <Predicate = (!icmp_ln38)> <Delay = 0.00> <CoreInst = "axis">   --->   Core 115 'axis' <Latency = 0> <II = 1> <Delay = 1.00> <Adapter> <Opcode : >
ST_6 : Operation 69 [1/1] (0.00ns)   --->   "%p_Result_i = partselect i8 @_ssdm_op_PartSelect.i8.i128.i32.i32, i128 %tmp_V, i32 24, i32 31"   --->   Operation 69 'partselect' 'p_Result_i' <Predicate = (!icmp_ln38)> <Delay = 0.00>
ST_6 : Operation 70 [1/1] (0.00ns)   --->   "%p_Result_1_i = partselect i8 @_ssdm_op_PartSelect.i8.i128.i32.i32, i128 %tmp_V, i32 32, i32 39"   --->   Operation 70 'partselect' 'p_Result_1_i' <Predicate = (!icmp_ln38)> <Delay = 0.00>
ST_6 : Operation 71 [1/1] (0.00ns)   --->   "%p_Result_2_i = partselect i8 @_ssdm_op_PartSelect.i8.i128.i32.i32, i128 %tmp_V, i32 40, i32 47"   --->   Operation 71 'partselect' 'p_Result_2_i' <Predicate = (!icmp_ln38)> <Delay = 0.00>
ST_6 : Operation 72 [1/1] (0.00ns)   --->   "%p_Result_5_i = partselect i8 @_ssdm_op_PartSelect.i8.i128.i32.i32, i128 %tmp_V, i32 48, i32 55"   --->   Operation 72 'partselect' 'p_Result_5_i' <Predicate = (!icmp_ln38)> <Delay = 0.00>
ST_6 : Operation 73 [1/1] (0.00ns)   --->   "%p_Result_7_i = partselect i8 @_ssdm_op_PartSelect.i8.i128.i32.i32, i128 %tmp_V, i32 56, i32 63"   --->   Operation 73 'partselect' 'p_Result_7_i' <Predicate = (!icmp_ln38)> <Delay = 0.00>
ST_6 : Operation 74 [1/1] (0.00ns)   --->   "%p_Result_9_i = partselect i8 @_ssdm_op_PartSelect.i8.i128.i32.i32, i128 %tmp_V, i32 64, i32 71"   --->   Operation 74 'partselect' 'p_Result_9_i' <Predicate = (!icmp_ln38)> <Delay = 0.00>
ST_6 : Operation 75 [1/1] (0.00ns)   --->   "%p_Result_10_i = partselect i8 @_ssdm_op_PartSelect.i8.i128.i32.i32, i128 %tmp_V, i32 72, i32 79"   --->   Operation 75 'partselect' 'p_Result_10_i' <Predicate = (!icmp_ln38)> <Delay = 0.00>
ST_6 : Operation 76 [1/1] (0.00ns)   --->   "%p_Result_11_i = partselect i8 @_ssdm_op_PartSelect.i8.i128.i32.i32, i128 %tmp_V, i32 80, i32 87"   --->   Operation 76 'partselect' 'p_Result_11_i' <Predicate = (!icmp_ln38)> <Delay = 0.00>
ST_6 : Operation 77 [1/1] (0.00ns)   --->   "%p_Result_12_i = partselect i8 @_ssdm_op_PartSelect.i8.i128.i32.i32, i128 %tmp_V, i32 88, i32 95"   --->   Operation 77 'partselect' 'p_Result_12_i' <Predicate = (!icmp_ln38)> <Delay = 0.00>
ST_6 : Operation 78 [1/1] (0.00ns)   --->   "%p_Result_13_i = partselect i8 @_ssdm_op_PartSelect.i8.i128.i32.i32, i128 %tmp_V, i32 96, i32 103"   --->   Operation 78 'partselect' 'p_Result_13_i' <Predicate = (!icmp_ln38)> <Delay = 0.00>
ST_6 : Operation 79 [1/1] (0.00ns)   --->   "%p_Result_14_i = partselect i8 @_ssdm_op_PartSelect.i8.i128.i32.i32, i128 %tmp_V, i32 104, i32 111"   --->   Operation 79 'partselect' 'p_Result_14_i' <Predicate = (!icmp_ln38)> <Delay = 0.00>
ST_6 : Operation 80 [1/1] (0.00ns)   --->   "%p_Result_15_i = partselect i8 @_ssdm_op_PartSelect.i8.i128.i32.i32, i128 %tmp_V, i32 112, i32 119"   --->   Operation 80 'partselect' 'p_Result_15_i' <Predicate = (!icmp_ln38)> <Delay = 0.00>
ST_6 : Operation 81 [1/1] (0.00ns)   --->   "%p_Result_16_i = partselect i8 @_ssdm_op_PartSelect.i8.i128.i32.i32, i128 %tmp_V, i32 120, i32 127"   --->   Operation 81 'partselect' 'p_Result_16_i' <Predicate = (!icmp_ln38)> <Delay = 0.00>

State 7 <SV = 6> <Delay = 0.00>
ST_7 : Operation 82 [1/1] (0.00ns)   --->   "%p_Result_1 = bitconcatenate i24 @_ssdm_op_BitConcatenate.i24.i8.i8.i8, i8 %p_Result_i, i8 %p_Result_1_i, i8 %p_Result_2_i"   --->   Operation 82 'bitconcatenate' 'p_Result_1' <Predicate = (!icmp_ln38)> <Delay = 0.00>
ST_7 : Operation 83 [1/1] (0.00ns)   --->   "%write_ln304 = write void @_ssdm_op_Write.axis.volatile.i24P0A.i3P0A.i3P0A.i1P0A.i1P0A, i24 %STR_video_out_V_data_V, i3 %STR_video_out_V_keep_V, i3 %STR_video_out_V_strb_V, i1 %STR_video_out_V_user_V, i1 %STR_video_out_V_last_V, i24 %p_Result_1, i3 7, i3 7, i1 0, i1 0"   --->   Operation 83 'write' 'write_ln304' <Predicate = (!icmp_ln38)> <Delay = 0.00> <CoreInst = "axis">   --->   Core 115 'axis' <Latency = 0> <II = 1> <Delay = 1.00> <Adapter> <Opcode : >

State 8 <SV = 7> <Delay = 0.00>
ST_8 : Operation 84 [1/1] (0.00ns)   --->   "%p_Result_2 = bitconcatenate i24 @_ssdm_op_BitConcatenate.i24.i8.i8.i8, i8 %p_Result_5_i, i8 %p_Result_7_i, i8 %p_Result_9_i"   --->   Operation 84 'bitconcatenate' 'p_Result_2' <Predicate = (!icmp_ln38)> <Delay = 0.00>
ST_8 : Operation 85 [1/1] (0.00ns)   --->   "%write_ln304 = write void @_ssdm_op_Write.axis.volatile.i24P0A.i3P0A.i3P0A.i1P0A.i1P0A, i24 %STR_video_out_V_data_V, i3 %STR_video_out_V_keep_V, i3 %STR_video_out_V_strb_V, i1 %STR_video_out_V_user_V, i1 %STR_video_out_V_last_V, i24 %p_Result_2, i3 7, i3 7, i1 0, i1 0"   --->   Operation 85 'write' 'write_ln304' <Predicate = (!icmp_ln38)> <Delay = 0.00> <CoreInst = "axis">   --->   Core 115 'axis' <Latency = 0> <II = 1> <Delay = 1.00> <Adapter> <Opcode : >

State 9 <SV = 8> <Delay = 0.00>
ST_9 : Operation 86 [1/1] (0.00ns)   --->   "%p_Result_3 = bitconcatenate i24 @_ssdm_op_BitConcatenate.i24.i8.i8.i8, i8 %p_Result_10_i, i8 %p_Result_11_i, i8 %p_Result_12_i"   --->   Operation 86 'bitconcatenate' 'p_Result_3' <Predicate = (!icmp_ln38)> <Delay = 0.00>
ST_9 : Operation 87 [1/1] (0.00ns)   --->   "%write_ln304 = write void @_ssdm_op_Write.axis.volatile.i24P0A.i3P0A.i3P0A.i1P0A.i1P0A, i24 %STR_video_out_V_data_V, i3 %STR_video_out_V_keep_V, i3 %STR_video_out_V_strb_V, i1 %STR_video_out_V_user_V, i1 %STR_video_out_V_last_V, i24 %p_Result_3, i3 7, i3 7, i1 0, i1 0"   --->   Operation 87 'write' 'write_ln304' <Predicate = (!icmp_ln38)> <Delay = 0.00> <CoreInst = "axis">   --->   Core 115 'axis' <Latency = 0> <II = 1> <Delay = 1.00> <Adapter> <Opcode : >

State 10 <SV = 9> <Delay = 0.00>
ST_10 : Operation 88 [1/1] (0.00ns)   --->   "%p_Result_4 = bitconcatenate i24 @_ssdm_op_BitConcatenate.i24.i8.i8.i8, i8 %p_Result_13_i, i8 %p_Result_14_i, i8 %p_Result_15_i"   --->   Operation 88 'bitconcatenate' 'p_Result_4' <Predicate = (!icmp_ln38)> <Delay = 0.00>
ST_10 : Operation 89 [1/1] (0.00ns)   --->   "%write_ln304 = write void @_ssdm_op_Write.axis.volatile.i24P0A.i3P0A.i3P0A.i1P0A.i1P0A, i24 %STR_video_out_V_data_V, i3 %STR_video_out_V_keep_V, i3 %STR_video_out_V_strb_V, i1 %STR_video_out_V_user_V, i1 %STR_video_out_V_last_V, i24 %p_Result_4, i3 7, i3 7, i1 0, i1 0"   --->   Operation 89 'write' 'write_ln304' <Predicate = (!icmp_ln38)> <Delay = 0.00> <CoreInst = "axis">   --->   Core 115 'axis' <Latency = 0> <II = 1> <Delay = 1.00> <Adapter> <Opcode : >

State 11 <SV = 10> <Delay = 2.43>
ST_11 : Operation 90 [1/1] (2.43ns)   --->   "%tmp_V_1 = read i128 @_ssdm_op_Read.ap_fifo.volatile.i128P0A, i128 %mm_fifo1" [/tools/xilinx/Vitis_HLS/2020.2/common/technology/autopilot/hls_stream_39.h:145]   --->   Operation 90 'read' 'tmp_V_1' <Predicate = (!icmp_ln38)> <Delay = 2.43> <CoreInst = "FIFO">   --->   Core 78 'FIFO' <Latency = 0> <II = 1> <Delay = 3.53> <Storage> <Opcode : 'read' 'write' 'nbread' 'nbwrite'> <Ports = 0> <Width = 128> <Depth = 256> <FIFO>
ST_11 : Operation 91 [1/1] (0.00ns)   --->   "%trunc_ln674_1 = trunc i128 %tmp_V_1"   --->   Operation 91 'trunc' 'trunc_ln674_1' <Predicate = (!icmp_ln38)> <Delay = 0.00>
ST_11 : Operation 92 [1/1] (0.00ns)   --->   "%p_Result_18_i = partselect i8 @_ssdm_op_PartSelect.i8.i128.i32.i32, i128 %tmp_V_1, i32 8, i32 15"   --->   Operation 92 'partselect' 'p_Result_18_i' <Predicate = (!icmp_ln38)> <Delay = 0.00>
ST_11 : Operation 93 [1/1] (0.00ns)   --->   "%p_Result_5 = bitconcatenate i24 @_ssdm_op_BitConcatenate.i24.i8.i8.i8, i8 %p_Result_16_i, i8 %trunc_ln674_1, i8 %p_Result_18_i"   --->   Operation 93 'bitconcatenate' 'p_Result_5' <Predicate = (!icmp_ln38)> <Delay = 0.00>
ST_11 : Operation 94 [1/1] (0.00ns)   --->   "%write_ln304 = write void @_ssdm_op_Write.axis.volatile.i24P0A.i3P0A.i3P0A.i1P0A.i1P0A, i24 %STR_video_out_V_data_V, i3 %STR_video_out_V_keep_V, i3 %STR_video_out_V_strb_V, i1 %STR_video_out_V_user_V, i1 %STR_video_out_V_last_V, i24 %p_Result_5, i3 7, i3 7, i1 0, i1 0"   --->   Operation 94 'write' 'write_ln304' <Predicate = (!icmp_ln38)> <Delay = 0.00> <CoreInst = "axis">   --->   Core 115 'axis' <Latency = 0> <II = 1> <Delay = 1.00> <Adapter> <Opcode : >
ST_11 : Operation 95 [1/1] (0.00ns)   --->   "%p_Result_19_i = partselect i8 @_ssdm_op_PartSelect.i8.i128.i32.i32, i128 %tmp_V_1, i32 16, i32 23"   --->   Operation 95 'partselect' 'p_Result_19_i' <Predicate = (!icmp_ln38)> <Delay = 0.00>
ST_11 : Operation 96 [1/1] (0.00ns)   --->   "%p_Result_20_i = partselect i8 @_ssdm_op_PartSelect.i8.i128.i32.i32, i128 %tmp_V_1, i32 24, i32 31"   --->   Operation 96 'partselect' 'p_Result_20_i' <Predicate = (!icmp_ln38)> <Delay = 0.00>
ST_11 : Operation 97 [1/1] (0.00ns)   --->   "%p_Result_21_i = partselect i8 @_ssdm_op_PartSelect.i8.i128.i32.i32, i128 %tmp_V_1, i32 32, i32 39"   --->   Operation 97 'partselect' 'p_Result_21_i' <Predicate = (!icmp_ln38)> <Delay = 0.00>
ST_11 : Operation 98 [1/1] (0.00ns)   --->   "%p_Result_22_i = partselect i8 @_ssdm_op_PartSelect.i8.i128.i32.i32, i128 %tmp_V_1, i32 40, i32 47"   --->   Operation 98 'partselect' 'p_Result_22_i' <Predicate = (!icmp_ln38)> <Delay = 0.00>
ST_11 : Operation 99 [1/1] (0.00ns)   --->   "%p_Result_23_i = partselect i8 @_ssdm_op_PartSelect.i8.i128.i32.i32, i128 %tmp_V_1, i32 48, i32 55"   --->   Operation 99 'partselect' 'p_Result_23_i' <Predicate = (!icmp_ln38)> <Delay = 0.00>
ST_11 : Operation 100 [1/1] (0.00ns)   --->   "%p_Result_24_i = partselect i8 @_ssdm_op_PartSelect.i8.i128.i32.i32, i128 %tmp_V_1, i32 56, i32 63"   --->   Operation 100 'partselect' 'p_Result_24_i' <Predicate = (!icmp_ln38)> <Delay = 0.00>
ST_11 : Operation 101 [1/1] (0.00ns)   --->   "%p_Result_25_i = partselect i8 @_ssdm_op_PartSelect.i8.i128.i32.i32, i128 %tmp_V_1, i32 64, i32 71"   --->   Operation 101 'partselect' 'p_Result_25_i' <Predicate = (!icmp_ln38)> <Delay = 0.00>
ST_11 : Operation 102 [1/1] (0.00ns)   --->   "%p_Result_26_i = partselect i8 @_ssdm_op_PartSelect.i8.i128.i32.i32, i128 %tmp_V_1, i32 72, i32 79"   --->   Operation 102 'partselect' 'p_Result_26_i' <Predicate = (!icmp_ln38)> <Delay = 0.00>
ST_11 : Operation 103 [1/1] (0.00ns)   --->   "%p_Result_27_i = partselect i8 @_ssdm_op_PartSelect.i8.i128.i32.i32, i128 %tmp_V_1, i32 80, i32 87"   --->   Operation 103 'partselect' 'p_Result_27_i' <Predicate = (!icmp_ln38)> <Delay = 0.00>
ST_11 : Operation 104 [1/1] (0.00ns)   --->   "%p_Result_28_i = partselect i8 @_ssdm_op_PartSelect.i8.i128.i32.i32, i128 %tmp_V_1, i32 88, i32 95"   --->   Operation 104 'partselect' 'p_Result_28_i' <Predicate = (!icmp_ln38)> <Delay = 0.00>
ST_11 : Operation 105 [1/1] (0.00ns)   --->   "%p_Result_29_i = partselect i8 @_ssdm_op_PartSelect.i8.i128.i32.i32, i128 %tmp_V_1, i32 96, i32 103"   --->   Operation 105 'partselect' 'p_Result_29_i' <Predicate = (!icmp_ln38)> <Delay = 0.00>
ST_11 : Operation 106 [1/1] (0.00ns)   --->   "%p_Result_30_i = partselect i8 @_ssdm_op_PartSelect.i8.i128.i32.i32, i128 %tmp_V_1, i32 104, i32 111"   --->   Operation 106 'partselect' 'p_Result_30_i' <Predicate = (!icmp_ln38)> <Delay = 0.00>
ST_11 : Operation 107 [1/1] (0.00ns)   --->   "%p_Result_31_i = partselect i8 @_ssdm_op_PartSelect.i8.i128.i32.i32, i128 %tmp_V_1, i32 112, i32 119"   --->   Operation 107 'partselect' 'p_Result_31_i' <Predicate = (!icmp_ln38)> <Delay = 0.00>
ST_11 : Operation 108 [1/1] (0.00ns)   --->   "%p_Result_32_i = partselect i8 @_ssdm_op_PartSelect.i8.i128.i32.i32, i128 %tmp_V_1, i32 120, i32 127"   --->   Operation 108 'partselect' 'p_Result_32_i' <Predicate = (!icmp_ln38)> <Delay = 0.00>

State 12 <SV = 11> <Delay = 0.00>
ST_12 : Operation 109 [1/1] (0.00ns)   --->   "%p_Result_6 = bitconcatenate i24 @_ssdm_op_BitConcatenate.i24.i8.i8.i8, i8 %p_Result_19_i, i8 %p_Result_20_i, i8 %p_Result_21_i"   --->   Operation 109 'bitconcatenate' 'p_Result_6' <Predicate = (!icmp_ln38)> <Delay = 0.00>
ST_12 : Operation 110 [1/1] (0.00ns)   --->   "%write_ln304 = write void @_ssdm_op_Write.axis.volatile.i24P0A.i3P0A.i3P0A.i1P0A.i1P0A, i24 %STR_video_out_V_data_V, i3 %STR_video_out_V_keep_V, i3 %STR_video_out_V_strb_V, i1 %STR_video_out_V_user_V, i1 %STR_video_out_V_last_V, i24 %p_Result_6, i3 7, i3 7, i1 0, i1 0"   --->   Operation 110 'write' 'write_ln304' <Predicate = (!icmp_ln38)> <Delay = 0.00> <CoreInst = "axis">   --->   Core 115 'axis' <Latency = 0> <II = 1> <Delay = 1.00> <Adapter> <Opcode : >

State 13 <SV = 12> <Delay = 0.00>
ST_13 : Operation 111 [1/1] (0.00ns)   --->   "%p_Result_7 = bitconcatenate i24 @_ssdm_op_BitConcatenate.i24.i8.i8.i8, i8 %p_Result_22_i, i8 %p_Result_23_i, i8 %p_Result_24_i"   --->   Operation 111 'bitconcatenate' 'p_Result_7' <Predicate = (!icmp_ln38)> <Delay = 0.00>
ST_13 : Operation 112 [1/1] (0.00ns)   --->   "%write_ln304 = write void @_ssdm_op_Write.axis.volatile.i24P0A.i3P0A.i3P0A.i1P0A.i1P0A, i24 %STR_video_out_V_data_V, i3 %STR_video_out_V_keep_V, i3 %STR_video_out_V_strb_V, i1 %STR_video_out_V_user_V, i1 %STR_video_out_V_last_V, i24 %p_Result_7, i3 7, i3 7, i1 0, i1 0"   --->   Operation 112 'write' 'write_ln304' <Predicate = (!icmp_ln38)> <Delay = 0.00> <CoreInst = "axis">   --->   Core 115 'axis' <Latency = 0> <II = 1> <Delay = 1.00> <Adapter> <Opcode : >

State 14 <SV = 13> <Delay = 0.00>
ST_14 : Operation 113 [1/1] (0.00ns)   --->   "%p_Result_8 = bitconcatenate i24 @_ssdm_op_BitConcatenate.i24.i8.i8.i8, i8 %p_Result_25_i, i8 %p_Result_26_i, i8 %p_Result_27_i"   --->   Operation 113 'bitconcatenate' 'p_Result_8' <Predicate = (!icmp_ln38)> <Delay = 0.00>
ST_14 : Operation 114 [1/1] (0.00ns)   --->   "%write_ln304 = write void @_ssdm_op_Write.axis.volatile.i24P0A.i3P0A.i3P0A.i1P0A.i1P0A, i24 %STR_video_out_V_data_V, i3 %STR_video_out_V_keep_V, i3 %STR_video_out_V_strb_V, i1 %STR_video_out_V_user_V, i1 %STR_video_out_V_last_V, i24 %p_Result_8, i3 7, i3 7, i1 0, i1 0"   --->   Operation 114 'write' 'write_ln304' <Predicate = (!icmp_ln38)> <Delay = 0.00> <CoreInst = "axis">   --->   Core 115 'axis' <Latency = 0> <II = 1> <Delay = 1.00> <Adapter> <Opcode : >

State 15 <SV = 14> <Delay = 0.00>
ST_15 : Operation 115 [1/1] (0.00ns)   --->   "%p_Result_9 = bitconcatenate i24 @_ssdm_op_BitConcatenate.i24.i8.i8.i8, i8 %p_Result_28_i, i8 %p_Result_29_i, i8 %p_Result_30_i"   --->   Operation 115 'bitconcatenate' 'p_Result_9' <Predicate = (!icmp_ln38)> <Delay = 0.00>
ST_15 : Operation 116 [1/1] (0.00ns)   --->   "%write_ln304 = write void @_ssdm_op_Write.axis.volatile.i24P0A.i3P0A.i3P0A.i1P0A.i1P0A, i24 %STR_video_out_V_data_V, i3 %STR_video_out_V_keep_V, i3 %STR_video_out_V_strb_V, i1 %STR_video_out_V_user_V, i1 %STR_video_out_V_last_V, i24 %p_Result_9, i3 7, i3 7, i1 0, i1 0"   --->   Operation 116 'write' 'write_ln304' <Predicate = (!icmp_ln38)> <Delay = 0.00> <CoreInst = "axis">   --->   Core 115 'axis' <Latency = 0> <II = 1> <Delay = 1.00> <Adapter> <Opcode : >

State 16 <SV = 15> <Delay = 2.43>
ST_16 : Operation 117 [1/1] (2.43ns)   --->   "%tmp_V_2 = read i128 @_ssdm_op_Read.ap_fifo.volatile.i128P0A, i128 %mm_fifo1" [/tools/xilinx/Vitis_HLS/2020.2/common/technology/autopilot/hls_stream_39.h:145]   --->   Operation 117 'read' 'tmp_V_2' <Predicate = (!icmp_ln38)> <Delay = 2.43> <CoreInst = "FIFO">   --->   Core 78 'FIFO' <Latency = 0> <II = 1> <Delay = 3.53> <Storage> <Opcode : 'read' 'write' 'nbread' 'nbwrite'> <Ports = 0> <Width = 128> <Depth = 256> <FIFO>
ST_16 : Operation 118 [1/1] (0.00ns)   --->   "%trunc_ln674_2 = trunc i128 %tmp_V_2"   --->   Operation 118 'trunc' 'trunc_ln674_2' <Predicate = (!icmp_ln38)> <Delay = 0.00>
ST_16 : Operation 119 [1/1] (0.00ns)   --->   "%p_Result_10 = bitconcatenate i24 @_ssdm_op_BitConcatenate.i24.i8.i8.i8, i8 %p_Result_31_i, i8 %p_Result_32_i, i8 %trunc_ln674_2"   --->   Operation 119 'bitconcatenate' 'p_Result_10' <Predicate = (!icmp_ln38)> <Delay = 0.00>
ST_16 : Operation 120 [1/1] (0.00ns)   --->   "%write_ln304 = write void @_ssdm_op_Write.axis.volatile.i24P0A.i3P0A.i3P0A.i1P0A.i1P0A, i24 %STR_video_out_V_data_V, i3 %STR_video_out_V_keep_V, i3 %STR_video_out_V_strb_V, i1 %STR_video_out_V_user_V, i1 %STR_video_out_V_last_V, i24 %p_Result_10, i3 7, i3 7, i1 0, i1 0"   --->   Operation 120 'write' 'write_ln304' <Predicate = (!icmp_ln38)> <Delay = 0.00> <CoreInst = "axis">   --->   Core 115 'axis' <Latency = 0> <II = 1> <Delay = 1.00> <Adapter> <Opcode : >
ST_16 : Operation 121 [1/1] (0.00ns)   --->   "%p_Result_34_i = partselect i8 @_ssdm_op_PartSelect.i8.i128.i32.i32, i128 %tmp_V_2, i32 8, i32 15"   --->   Operation 121 'partselect' 'p_Result_34_i' <Predicate = (!icmp_ln38)> <Delay = 0.00>
ST_16 : Operation 122 [1/1] (0.00ns)   --->   "%p_Result_35_i = partselect i8 @_ssdm_op_PartSelect.i8.i128.i32.i32, i128 %tmp_V_2, i32 16, i32 23"   --->   Operation 122 'partselect' 'p_Result_35_i' <Predicate = (!icmp_ln38)> <Delay = 0.00>
ST_16 : Operation 123 [1/1] (0.00ns)   --->   "%p_Result_36_i = partselect i8 @_ssdm_op_PartSelect.i8.i128.i32.i32, i128 %tmp_V_2, i32 24, i32 31"   --->   Operation 123 'partselect' 'p_Result_36_i' <Predicate = (!icmp_ln38)> <Delay = 0.00>
ST_16 : Operation 124 [1/1] (0.00ns)   --->   "%p_Result_37_i = partselect i8 @_ssdm_op_PartSelect.i8.i128.i32.i32, i128 %tmp_V_2, i32 32, i32 39"   --->   Operation 124 'partselect' 'p_Result_37_i' <Predicate = (!icmp_ln38)> <Delay = 0.00>
ST_16 : Operation 125 [1/1] (0.00ns)   --->   "%p_Result_38_i = partselect i8 @_ssdm_op_PartSelect.i8.i128.i32.i32, i128 %tmp_V_2, i32 40, i32 47"   --->   Operation 125 'partselect' 'p_Result_38_i' <Predicate = (!icmp_ln38)> <Delay = 0.00>
ST_16 : Operation 126 [1/1] (0.00ns)   --->   "%p_Result_39_i = partselect i8 @_ssdm_op_PartSelect.i8.i128.i32.i32, i128 %tmp_V_2, i32 48, i32 55"   --->   Operation 126 'partselect' 'p_Result_39_i' <Predicate = (!icmp_ln38)> <Delay = 0.00>
ST_16 : Operation 127 [1/1] (0.00ns)   --->   "%p_Result_40_i = partselect i8 @_ssdm_op_PartSelect.i8.i128.i32.i32, i128 %tmp_V_2, i32 56, i32 63"   --->   Operation 127 'partselect' 'p_Result_40_i' <Predicate = (!icmp_ln38)> <Delay = 0.00>
ST_16 : Operation 128 [1/1] (0.00ns)   --->   "%p_Result_41_i = partselect i8 @_ssdm_op_PartSelect.i8.i128.i32.i32, i128 %tmp_V_2, i32 64, i32 71"   --->   Operation 128 'partselect' 'p_Result_41_i' <Predicate = (!icmp_ln38)> <Delay = 0.00>
ST_16 : Operation 129 [1/1] (0.00ns)   --->   "%p_Result_42_i = partselect i8 @_ssdm_op_PartSelect.i8.i128.i32.i32, i128 %tmp_V_2, i32 72, i32 79"   --->   Operation 129 'partselect' 'p_Result_42_i' <Predicate = (!icmp_ln38)> <Delay = 0.00>
ST_16 : Operation 130 [1/1] (0.00ns)   --->   "%p_Result_43_i = partselect i8 @_ssdm_op_PartSelect.i8.i128.i32.i32, i128 %tmp_V_2, i32 80, i32 87"   --->   Operation 130 'partselect' 'p_Result_43_i' <Predicate = (!icmp_ln38)> <Delay = 0.00>
ST_16 : Operation 131 [1/1] (0.00ns)   --->   "%p_Result_44_i = partselect i8 @_ssdm_op_PartSelect.i8.i128.i32.i32, i128 %tmp_V_2, i32 88, i32 95"   --->   Operation 131 'partselect' 'p_Result_44_i' <Predicate = (!icmp_ln38)> <Delay = 0.00>
ST_16 : Operation 132 [1/1] (0.00ns)   --->   "%p_Result_45_i = partselect i8 @_ssdm_op_PartSelect.i8.i128.i32.i32, i128 %tmp_V_2, i32 96, i32 103"   --->   Operation 132 'partselect' 'p_Result_45_i' <Predicate = (!icmp_ln38)> <Delay = 0.00>
ST_16 : Operation 133 [1/1] (0.00ns)   --->   "%p_Result_46_i = partselect i8 @_ssdm_op_PartSelect.i8.i128.i32.i32, i128 %tmp_V_2, i32 104, i32 111"   --->   Operation 133 'partselect' 'p_Result_46_i' <Predicate = (!icmp_ln38)> <Delay = 0.00>
ST_16 : Operation 134 [1/1] (0.00ns)   --->   "%p_Result_47_i = partselect i8 @_ssdm_op_PartSelect.i8.i128.i32.i32, i128 %tmp_V_2, i32 112, i32 119"   --->   Operation 134 'partselect' 'p_Result_47_i' <Predicate = (!icmp_ln38)> <Delay = 0.00>
ST_16 : Operation 135 [1/1] (0.00ns)   --->   "%p_Result_48_i = partselect i8 @_ssdm_op_PartSelect.i8.i128.i32.i32, i128 %tmp_V_2, i32 120, i32 127"   --->   Operation 135 'partselect' 'p_Result_48_i' <Predicate = (!icmp_ln38)> <Delay = 0.00>

State 17 <SV = 16> <Delay = 0.00>
ST_17 : Operation 136 [1/1] (0.00ns)   --->   "%p_Result_11 = bitconcatenate i24 @_ssdm_op_BitConcatenate.i24.i8.i8.i8, i8 %p_Result_34_i, i8 %p_Result_35_i, i8 %p_Result_36_i"   --->   Operation 136 'bitconcatenate' 'p_Result_11' <Predicate = (!icmp_ln38)> <Delay = 0.00>
ST_17 : Operation 137 [1/1] (0.00ns)   --->   "%write_ln304 = write void @_ssdm_op_Write.axis.volatile.i24P0A.i3P0A.i3P0A.i1P0A.i1P0A, i24 %STR_video_out_V_data_V, i3 %STR_video_out_V_keep_V, i3 %STR_video_out_V_strb_V, i1 %STR_video_out_V_user_V, i1 %STR_video_out_V_last_V, i24 %p_Result_11, i3 7, i3 7, i1 0, i1 0"   --->   Operation 137 'write' 'write_ln304' <Predicate = (!icmp_ln38)> <Delay = 0.00> <CoreInst = "axis">   --->   Core 115 'axis' <Latency = 0> <II = 1> <Delay = 1.00> <Adapter> <Opcode : >

State 18 <SV = 17> <Delay = 0.00>
ST_18 : Operation 138 [1/1] (0.00ns)   --->   "%p_Result_12 = bitconcatenate i24 @_ssdm_op_BitConcatenate.i24.i8.i8.i8, i8 %p_Result_37_i, i8 %p_Result_38_i, i8 %p_Result_39_i"   --->   Operation 138 'bitconcatenate' 'p_Result_12' <Predicate = (!icmp_ln38)> <Delay = 0.00>
ST_18 : Operation 139 [1/1] (0.00ns)   --->   "%write_ln304 = write void @_ssdm_op_Write.axis.volatile.i24P0A.i3P0A.i3P0A.i1P0A.i1P0A, i24 %STR_video_out_V_data_V, i3 %STR_video_out_V_keep_V, i3 %STR_video_out_V_strb_V, i1 %STR_video_out_V_user_V, i1 %STR_video_out_V_last_V, i24 %p_Result_12, i3 7, i3 7, i1 0, i1 0"   --->   Operation 139 'write' 'write_ln304' <Predicate = (!icmp_ln38)> <Delay = 0.00> <CoreInst = "axis">   --->   Core 115 'axis' <Latency = 0> <II = 1> <Delay = 1.00> <Adapter> <Opcode : >

State 19 <SV = 18> <Delay = 0.00>
ST_19 : Operation 140 [1/1] (0.00ns)   --->   "%p_Result_13 = bitconcatenate i24 @_ssdm_op_BitConcatenate.i24.i8.i8.i8, i8 %p_Result_40_i, i8 %p_Result_41_i, i8 %p_Result_42_i"   --->   Operation 140 'bitconcatenate' 'p_Result_13' <Predicate = (!icmp_ln38)> <Delay = 0.00>
ST_19 : Operation 141 [1/1] (0.00ns)   --->   "%write_ln304 = write void @_ssdm_op_Write.axis.volatile.i24P0A.i3P0A.i3P0A.i1P0A.i1P0A, i24 %STR_video_out_V_data_V, i3 %STR_video_out_V_keep_V, i3 %STR_video_out_V_strb_V, i1 %STR_video_out_V_user_V, i1 %STR_video_out_V_last_V, i24 %p_Result_13, i3 7, i3 7, i1 0, i1 0"   --->   Operation 141 'write' 'write_ln304' <Predicate = (!icmp_ln38)> <Delay = 0.00> <CoreInst = "axis">   --->   Core 115 'axis' <Latency = 0> <II = 1> <Delay = 1.00> <Adapter> <Opcode : >

State 20 <SV = 19> <Delay = 1.91>
ST_20 : Operation 142 [1/1] (0.00ns)   --->   "%p_Result_14 = bitconcatenate i24 @_ssdm_op_BitConcatenate.i24.i8.i8.i8, i8 %p_Result_43_i, i8 %p_Result_44_i, i8 %p_Result_45_i"   --->   Operation 142 'bitconcatenate' 'p_Result_14' <Predicate = (!icmp_ln38)> <Delay = 0.00>
ST_20 : Operation 143 [1/1] (0.00ns)   --->   "%write_ln304 = write void @_ssdm_op_Write.axis.volatile.i24P0A.i3P0A.i3P0A.i1P0A.i1P0A, i24 %STR_video_out_V_data_V, i3 %STR_video_out_V_keep_V, i3 %STR_video_out_V_strb_V, i1 %STR_video_out_V_user_V, i1 %STR_video_out_V_last_V, i24 %p_Result_14, i3 7, i3 7, i1 0, i1 0"   --->   Operation 143 'write' 'write_ln304' <Predicate = (!icmp_ln38)> <Delay = 0.00> <CoreInst = "axis">   --->   Core 115 'axis' <Latency = 0> <II = 1> <Delay = 1.00> <Adapter> <Opcode : >
ST_20 : Operation 144 [1/1] (1.91ns)   --->   "%i_1 = add i8 %select_ln38, i8 1" [../src/DMA24b_mm2s.cpp:39->../src/DMA24b_mm2s.cpp:77]   --->   Operation 144 'add' 'i_1' <Predicate = (!icmp_ln38)> <Delay = 1.91> <CoreInst = "Adder">   --->   Core 1 'Adder' <Latency = 0> <II = 1> <Delay = 1.91> <FuncUnit> <Opcode : 'add' 'sub'> <InPorts = 2> <OutPorts = 1>

State 21 <SV = 20> <Delay = 0.00>
ST_21 : Operation 145 [1/1] (0.00ns)   --->   "%specloopname_ln0 = specloopname void @_ssdm_op_SpecLoopName, void @line_loop_group_loop_str"   --->   Operation 145 'specloopname' 'specloopname_ln0' <Predicate = (!icmp_ln38)> <Delay = 0.00>
ST_21 : Operation 146 [1/1] (0.00ns)   --->   "%specpipeline_ln36 = specpipeline void @_ssdm_op_SpecPipeline, i32 16, i32 0, i32 0, i32 0, void @empty_3" [../src/DMA24b_mm2s.cpp:36->../src/DMA24b_mm2s.cpp:77]   --->   Operation 146 'specpipeline' 'specpipeline_ln36' <Predicate = (!icmp_ln38)> <Delay = 0.00>
ST_21 : Operation 147 [1/1] (0.00ns)   --->   "%specloopname_ln36 = specloopname void @_ssdm_op_SpecLoopName, void @empty_2" [../src/DMA24b_mm2s.cpp:36->../src/DMA24b_mm2s.cpp:77]   --->   Operation 147 'specloopname' 'specloopname_ln36' <Predicate = (!icmp_ln38)> <Delay = 0.00>
ST_21 : Operation 148 [1/1] (0.00ns)   --->   "%p_Result_15 = bitconcatenate i24 @_ssdm_op_BitConcatenate.i24.i8.i8.i8, i8 %p_Result_46_i, i8 %p_Result_47_i, i8 %p_Result_48_i"   --->   Operation 148 'bitconcatenate' 'p_Result_15' <Predicate = (!icmp_ln38)> <Delay = 0.00>
ST_21 : Operation 149 [1/1] (0.00ns)   --->   "%write_ln304 = write void @_ssdm_op_Write.axis.volatile.i24P0A.i3P0A.i3P0A.i1P0A.i1P0A, i24 %STR_video_out_V_data_V, i3 %STR_video_out_V_keep_V, i3 %STR_video_out_V_strb_V, i1 %STR_video_out_V_user_V, i1 %STR_video_out_V_last_V, i24 %p_Result_15, i3 7, i3 7, i1 0, i1 %video_elt_out_last_V"   --->   Operation 149 'write' 'write_ln304' <Predicate = (!icmp_ln38)> <Delay = 0.00> <CoreInst = "axis">   --->   Core 115 'axis' <Latency = 0> <II = 1> <Delay = 1.00> <Adapter> <Opcode : >
ST_21 : Operation 150 [1/1] (0.00ns)   --->   "%br_ln0 = br void"   --->   Operation 150 'br' 'br_ln0' <Predicate = (!icmp_ln38)> <Delay = 0.00>

State 22 <SV = 21> <Delay = 0.00>
ST_22 : Operation 151 [1/1] (0.00ns)   --->   "%ret_ln77 = ret" [../src/DMA24b_mm2s.cpp:77]   --->   Operation 151 'ret' 'ret_ln77' <Predicate = true> <Delay = 0.00>


============================================================
+ Verbose Summary: Timing violations
============================================================
Target clock period: 6.66ns, clock uncertainty: 1.8ns.

 <State 1>: 4.58ns
The critical path consists of the following:
	fifo read on port 'img_w' (../src/DMA24b_mm2s.cpp:34) [17]  (2.43 ns)
	'mul' operation of DSP[26] ('bound', ../src/DMA24b_mm2s.cpp:34) [26]  (2.15 ns)

 <State 2>: 2.15ns
The critical path consists of the following:
	'mul' operation of DSP[26] ('bound', ../src/DMA24b_mm2s.cpp:34) [26]  (2.15 ns)

 <State 3>: 2.15ns
The critical path consists of the following:
	'mul' operation of DSP[26] ('bound', ../src/DMA24b_mm2s.cpp:34) [26]  (2.15 ns)

 <State 4>: 1.92ns
The critical path consists of the following:
	'add' operation ('last_i', ../src/DMA24b_mm2s.cpp:37->../src/DMA24b_mm2s.cpp:77) [23]  (1.92 ns)

 <State 5>: 4.57ns
The critical path consists of the following:
	'phi' operation ('i') with incoming values : ('i', ../src/DMA24b_mm2s.cpp:39->../src/DMA24b_mm2s.cpp:77) [31]  (0 ns)
	'icmp' operation ('icmp_ln39', ../src/DMA24b_mm2s.cpp:39->../src/DMA24b_mm2s.cpp:77) [34]  (1.66 ns)
	'select' operation ('select_ln38', ../src/DMA24b_mm2s.cpp:38->../src/DMA24b_mm2s.cpp:77) [39]  (1.25 ns)
	'icmp' operation ('video_elt_out.last.V', ../src/DMA24b_mm2s.cpp:36->../src/DMA24b_mm2s.cpp:77) [49]  (1.66 ns)

 <State 6>: 4.23ns
The critical path consists of the following:
	'phi' operation ('j', ../src/DMA24b_mm2s.cpp:38->../src/DMA24b_mm2s.cpp:77) with incoming values : ('select_ln38_1', ../src/DMA24b_mm2s.cpp:38->../src/DMA24b_mm2s.cpp:77) [30]  (0 ns)
	'add' operation ('add_ln38_1', ../src/DMA24b_mm2s.cpp:38->../src/DMA24b_mm2s.cpp:77) [40]  (1.55 ns)
	'select' operation ('select_ln38_1', ../src/DMA24b_mm2s.cpp:38->../src/DMA24b_mm2s.cpp:77) [41]  (0.697 ns)
	'icmp' operation ('video_elt_out.user.V', ../src/DMA24b_mm2s.cpp:51->../src/DMA24b_mm2s.cpp:77) [57]  (1.99 ns)

 <State 7>: 0ns
The critical path consists of the following:

 <State 8>: 0ns
The critical path consists of the following:

 <State 9>: 0ns
The critical path consists of the following:

 <State 10>: 0ns
The critical path consists of the following:

 <State 11>: 2.43ns
The critical path consists of the following:
	fifo read on port 'mm_fifo1' (/tools/xilinx/Vitis_HLS/2020.2/common/technology/autopilot/hls_stream_39.h:145) [47]  (2.43 ns)

 <State 12>: 0ns
The critical path consists of the following:

 <State 13>: 0ns
The critical path consists of the following:

 <State 14>: 0ns
The critical path consists of the following:

 <State 15>: 0ns
The critical path consists of the following:

 <State 16>: 2.43ns
The critical path consists of the following:
	fifo read on port 'mm_fifo1' (/tools/xilinx/Vitis_HLS/2020.2/common/technology/autopilot/hls_stream_39.h:145) [48]  (2.43 ns)

 <State 17>: 0ns
The critical path consists of the following:

 <State 18>: 0ns
The critical path consists of the following:

 <State 19>: 0ns
The critical path consists of the following:

 <State 20>: 1.92ns
The critical path consists of the following:
	'add' operation ('i', ../src/DMA24b_mm2s.cpp:39->../src/DMA24b_mm2s.cpp:77) [134]  (1.92 ns)

 <State 21>: 0ns
The critical path consists of the following:

 <State 22>: 0ns
The critical path consists of the following:


============================================================
+ Verbose Summary: Binding
============================================================
N/A
* FSMD analyzer results:
  - Output states:
 - Input state : 
  - Chain level:
	State 1
	State 2
	State 3
	State 4
	State 5
	State 6
	State 7
	State 8
	State 9
	State 10
	State 11
	State 12
	State 13
	State 14
	State 15
	State 16
	State 17
	State 18
	State 19
	State 20
	State 21
	State 22


============================================================
+ Verbose Summary: Datapath Resource usage 
============================================================
N/A
