

================================================================
== Vitis HLS Report for 'DMA24b_mm2s'
================================================================
* Date:           Thu Sep  3 13:59:39 2026

* Version:        2020.2 (Build 3064766 on Wed Nov 18 09:12:47 MST 2020)
* Project:        DMA24b_mm2s_prj
* Solution:       solution1 (Vivado IP Flow Target)
* Product family: zynq
* Target device:  xc7z020-clg400-1


================================================================
== Performance Estimates
================================================================
+ Timing: 
    * Summary: 
    +--------+---------+----------+------------+
    |  Clock |  Target | Estimated| Uncertainty|
    +--------+---------+----------+------------+
    |ap_clk  |  6.66 ns|  4.862 ns|     1.80 ns|
    +--------+---------+----------+------------+

+ Latency: 
    * Summary: 
    +---------+---------+----------+----------+-----+-----+----------+
    |  Latency (cycles) |  Latency (absolute) |  Interval | Pipeline |
    |   min   |   max   |    min   |    max   | min | max |   Type   |
    +---------+---------+----------+----------+-----+-----+----------+
    |        ?|        ?|         ?|         ?|    ?|    ?|  dataflow|
    +---------+---------+----------+----------+-----+-----+----------+

    + Detail: 
        * Instance: 
        +--------------------------+-----------------------+---------+---------+----------+----------+-----+-----+---------+
        |                          |                       |  Latency (cycles) |  Latency (absolute) |  Interval | Pipeline|
        |         Instance         |         Module        |   min   |   max   |    min   |    max   | min | max |   Type  |
        +--------------------------+-----------------------+---------+---------+----------+----------+-----+-----+---------+
        |DMA24b_mm2s_fetch_U0      |DMA24b_mm2s_fetch      |        ?|        ?|         ?|         ?|    ?|    ?|     none|
        |DMA24b_mm2s_streamout_U0  |DMA24b_mm2s_streamout  |        ?|        ?|         ?|         ?|    ?|    ?|     none|
        +--------------------------+-----------------------+---------+---------+----------+----------+-----+-----+---------+

        * Loop: 
        N/A



================================================================
== Utilization Estimates
================================================================
* Summary: 
+-----------------+---------+-----+--------+-------+-----+
|       Name      | BRAM_18K| DSP |   FF   |  LUT  | URAM|
+-----------------+---------+-----+--------+-------+-----+
|DSP              |        -|    -|       -|      -|    -|
|Expression       |        -|    -|       0|      2|    -|
|FIFO             |        8|    -|     357|    213|    -|
|Instance         |        -|    2|     612|    994|    -|
|Memory           |        -|    -|       -|      -|    -|
|Multiplexer      |        -|    -|       -|      -|    -|
|Register         |        -|    -|       -|      -|    -|
+-----------------+---------+-----+--------+-------+-----+
|Total            |        8|    2|     969|   1209|    0|
+-----------------+---------+-----+--------+-------+-----+
|Available        |      280|  220|  106400|  53200|    0|
+-----------------+---------+-----+--------+-------+-----+
|Utilization (%)  |        2|   ~0|      ~0|      2|    0|
+-----------------+---------+-----+--------+-------+-----+

+ Detail: 
    * Instance: 
    +--------------------------+-----------------------+---------+----+-----+-----+-----+
    |         Instance         |         Module        | BRAM_18K| DSP|  FF | LUT | URAM|
    +--------------------------+-----------------------+---------+----+-----+-----+-----+
    |DMA24b_mm2s_fetch_U0      |DMA24b_mm2s_fetch      |        0|   1|  340|  451|    0|
    |DMA24b_mm2s_streamout_U0  |DMA24b_mm2s_streamout  |        0|   1|  272|  543|    0|
    +--------------------------+-----------------------+---------+----+-----+-----+-----+
    |Total                     |                       |        0|   2|  612|  994|    0|
    +--------------------------+-----------------------+---------+----+-----+-----+-----+

    * DSP: 
    N/A

    * Memory: 
    N/A

    * FIFO: 
    +-------------+---------+-----+----+-----+------+-----+---------+
    |     Name    | BRAM_18K|  FF | LUT| URAM| Depth| Bits| Size:D*B|
    +-------------+---------+-----+----+-----+------+-----+---------+
    |image_h_c_U  |        0|   99|   0|    -|     2|   12|       24|
    |image_w_c_U  |        0|   99|   0|    -|     2|   12|       24|
    |mm_fifo_U    |        8|  159|   0|    -|   256|  128|    32768|
    +-------------+---------+-----+----+-----+------+-----+---------+
    |Total        |        8|  357|   0|    0|   260|  152|    32816|
    +-------------+---------+-----+----+-----+------+-----+---------+

    * Expression: 
    +--------------+----------+----+---+----+------------+------------+
    | Variable Name| Operation| DSP| FF| LUT| Bitwidth P0| Bitwidth P1|
    +--------------+----------+----+---+----+------------+------------+
    |ap_idle       |       and|   0|  0|   2|           1|           1|
    +--------------+----------+----+---+----+------------+------------+
    |Total         |          |   0|  0|   2|           1|           1|
    +--------------+----------+----+---+----+------------+------------+

    * Multiplexer: 
    N/A

    * Register: 
    N/A



================================================================
== Interface
================================================================
* Summary: 
+----------------------+-----+-----+------------+------------------------+--------------+
|       RTL Ports      | Dir | Bits|  Protocol  |      Source Object     |    C Type    |
+----------------------+-----+-----+------------+------------------------+--------------+
|m_axi_gmem_AWVALID    |  out|    1|       m_axi|                    gmem|       pointer|
|m_axi_gmem_AWREADY    |   in|    1|       m_axi|                    gmem|       pointer|
|m_axi_gmem_AWADDR     |  out|   64|       m_axi|                    gmem|       pointer|
|m_axi_gmem_AWID       |  out|    1|       m_axi|                    gmem|       pointer|
|m_axi_gmem_AWLEN      |  out|   32|       m_axi|                    gmem|       pointer|
|m_axi_gmem_AWSIZE     |  out|    3|       m_axi|                    gmem|       pointer|
|m_axi_gmem_AWBURST    |  out|    2|       m_axi|                    gmem|       pointer|
|m_axi_gmem_AWLOCK     |  out|    2|       m_axi|                    gmem|       pointer|
|m_axi_gmem_AWCACHE    |  out|    4|       m_axi|                    gmem|       pointer|
|m_axi_gmem_AWPROT     |  out|    3|       m_axi|                    gmem|       pointer|
|m_axi_gmem_AWQOS      |  out|    4|       m_axi|                    gmem|       pointer|
|m_axi_gmem_AWREGION   |  out|    4|       m_axi|                    gmem|       pointer|
|m_axi_gmem_AWUSER     |  out|    1|       m_axi|                    gmem|       pointer|
|m_axi_gmem_WVALID     |  out|    1|       m_axi|                    gmem|       pointer|
|m_axi_gmem_WREADY     |   in|    1|       m_axi|                    gmem|       pointer|
|m_axi_gmem_WDATA      |  out|  128|       m_axi|                    gmem|       pointer|
|m_axi_gmem_WSTRB      |  out|   16|       m_axi|                    gmem|       pointer|
|m_axi_gmem_WLAST      |  out|    1|       m_axi|                    gmem|       pointer|
|m_axi_gmem_WID        |  out|    1|       m_axi|                    gmem|       pointer|
|m_axi_gmem_WUSER      |  out|    1|       m_axi|                    gmem|       pointer|
|m_axi_gmem_ARVALID    |  out|    1|       m_axi|                    gmem|       pointer|
|m_axi_gmem_ARREADY    |   in|    1|       m_axi|                    gmem|       pointer|
|m_axi_gmem_ARADDR     |  out|   64|       m_axi|                    gmem|       pointer|
|m_axi_gmem_ARID       |  out|    1|       m_axi|                    gmem|       pointer|
|m_axi_gmem_ARLEN      |  out|   32|       m_axi|                    gmem|       pointer|
|m_axi_gmem_ARSIZE     |  out|    3|       m_axi|                    gmem|       pointer|
|m_axi_gmem_ARBURST    |  out|    2|       m_axi|                    gmem|       pointer|
|m_axi_gmem_ARLOCK     |  out|    2|       m_axi|                    gmem|       pointer|
|m_axi_gmem_ARCACHE    |  out|    4|       m_axi|                    gmem|       pointer|
|m_axi_gmem_ARPROT     |  out|    3|       m_axi|                    gmem|       pointer|
|m_axi_gmem_ARQOS      |  out|    4|       m_axi|                    gmem|       pointer|
|m_axi_gmem_ARREGION   |  out|    4|       m_axi|                    gmem|       pointer|
|m_axi_gmem_ARUSER     |  out|    1|       m_axi|                    gmem|       pointer|
|m_axi_gmem_RVALID     |   in|    1|       m_axi|                    gmem|       pointer|
|m_axi_gmem_RREADY     |  out|    1|       m_axi|                    gmem|       pointer|
|m_axi_gmem_RDATA      |   in|  128|       m_axi|                    gmem|       pointer|
|m_axi_gmem_RLAST      |   in|    1|       m_axi|                    gmem|       pointer|
|m_axi_gmem_RID        |   in|    1|       m_axi|                    gmem|       pointer|
|m_axi_gmem_RUSER      |   in|    1|       m_axi|                    gmem|       pointer|
|m_axi_gmem_RRESP      |   in|    2|       m_axi|                    gmem|       pointer|
|m_axi_gmem_BVALID     |   in|    1|       m_axi|                    gmem|       pointer|
|m_axi_gmem_BREADY     |  out|    1|       m_axi|                    gmem|       pointer|
|m_axi_gmem_BRESP      |   in|    2|       m_axi|                    gmem|       pointer|
|m_axi_gmem_BID        |   in|    1|       m_axi|                    gmem|       pointer|
|m_axi_gmem_BUSER      |   in|    1|       m_axi|                    gmem|       pointer|
|STR_video_out_TDATA   |  out|   24|        axis|  STR_video_out_V_data_V|       pointer|
|STR_video_out_TKEEP   |  out|    3|        axis|  STR_video_out_V_keep_V|       pointer|
|STR_video_out_TSTRB   |  out|    3|        axis|  STR_video_out_V_strb_V|       pointer|
|STR_video_out_TUSER   |  out|    1|        axis|  STR_video_out_V_user_V|       pointer|
|STR_video_out_TLAST   |  out|    1|        axis|  STR_video_out_V_last_V|       pointer|
|STR_video_out_TVALID  |  out|    1|        axis|  STR_video_out_V_last_V|       pointer|
|STR_video_out_TREADY  |   in|    1|        axis|  STR_video_out_V_last_V|       pointer|
|image_w               |   in|   12|     ap_none|                 image_w|        scalar|
|image_w_ap_vld        |   in|    1|     ap_none|                 image_w|        scalar|
|image_h               |   in|   12|     ap_none|                 image_h|        scalar|
|image_h_ap_vld        |   in|    1|     ap_none|                 image_h|        scalar|
|BAR_image_in          |   in|   64|     ap_none|            BAR_image_in|        scalar|
|BAR_image_in_ap_vld   |   in|    1|     ap_none|            BAR_image_in|        scalar|
|ap_clk                |   in|    1|  ap_ctrl_hs|             DMA24b_mm2s|  return value|
|ap_rst                |   in|    1|  ap_ctrl_hs|             DMA24b_mm2s|  return value|
|ap_start              |   in|    1|  ap_ctrl_hs|             DMA24b_mm2s|  return value|
|ap_done               |  out|    1|  ap_ctrl_hs|             DMA24b_mm2s|  return value|
|ap_ready              |  out|    1|  ap_ctrl_hs|             DMA24b_mm2s|  return value|
|ap_idle               |  out|    1|  ap_ctrl_hs|             DMA24b_mm2s|  return value|
|ap_continue           |   in|    1|  ap_ctrl_hs|             DMA24b_mm2s|  return value|
+----------------------+-----+-----+------------+------------------------+--------------+

============================================================
+ Verbose Summary: Synthesis Manager
============================================================
InlineROM: 1
ExposeGlobal: 0
============================================================
+ Verbose Summary: CDFG Model
============================================================
IsTopModel: 0
ResetActiveHigh: 1
IsCombinational: 2
IsDatapathOnly: 2
HasWiredReturn: 1
HasMFsm: 0
HasVarLatency: 1
IsPipeline: 0
IsRtlPipelined: 0
IsInstanceOverlapped: 0
IsDontTouch: 0
HasImplIP: 0
IsGatedGlobalClock: 0


============================================================
+ Verbose Summary: Schedule
============================================================
* Number of FSM states : 4
* Pipeline : 0
* Dataflow Pipeline: 1
  DF-Pipeline-0: Size = 4, States = { 1 2 3 4 }

* FSM state transitions: 
1 --> 2 
2 --> 3 
3 --> 4 
4 --> 

* FSM state operations: 

State 1 <SV = 0> <Delay = 3.88>
ST_1 : Operation 5 [1/1] (0.00ns)   --->   "%BAR_image_in_read = read i64 @_ssdm_op_Read.ap_auto.i64, i64 %BAR_image_in" [../src/DMA24b_mm2s.cpp:77]   --->   Operation 5 'read' 'BAR_image_in_read' <Predicate = true> <Delay = 0.00>
ST_1 : Operation 6 [1/1] (0.00ns)   --->   "%image_h_read = read i12 @_ssdm_op_Read.ap_auto.i12, i12 %image_h" [../src/DMA24b_mm2s.cpp:77]   --->   Operation 6 'read' 'image_h_read' <Predicate = true> <Delay = 0.00>
ST_1 : Operation 7 [1/1] (0.00ns)   --->   "%image_w_read = read i12 @_ssdm_op_Read.ap_auto.i12, i12 %image_w" [../src/DMA24b_mm2s.cpp:77]   --->   Operation 7 'read' 'image_w_read' <Predicate = true> <Delay = 0.00>
ST_1 : Operation 8 [1/1] (0.00ns)   --->   "%image_h_c = alloca i64 1" [../src/DMA24b_mm2s.cpp:77]   --->   Operation 8 'alloca' 'image_h_c' <Predicate = true> <Delay = 0.00> <CoreInst = "FIFO_SRL">   --->   Core 81 'FIFO_SRL' <Latency = 0> <II = 1> <Delay = 3.63> <Storage> <Opcode : 'read' 'write' 'nbread' 'nbwrite'> <Ports = 0> <Width = 12> <Depth = 2> <FIFO>
ST_1 : Operation 9 [1/1] (0.00ns)   --->   "%image_w_c = alloca i64 1" [../src/DMA24b_mm2s.cpp:77]   --->   Operation 9 'alloca' 'image_w_c' <Predicate = true> <Delay = 0.00> <CoreInst = "FIFO_SRL">   --->   Core 81 'FIFO_SRL' <Latency = 0> <II = 1> <Delay = 3.63> <Storage> <Opcode : 'read' 'write' 'nbread' 'nbwrite'> <Ports = 0> <Width = 12> <Depth = 2> <FIFO>
ST_1 : Operation 10 [1/1] (0.00ns)   --->   "%mm_fifo = alloca i64 1" [../src/DMA24b_mm2s.cpp:73]   --->   Operation 10 'alloca' 'mm_fifo' <Predicate = true> <Delay = 0.00> <CoreInst = "FIFO">   --->   Core 78 'FIFO' <Latency = 0> <II = 1> <Delay = 3.53> <Storage> <Opcode : 'read' 'write' 'nbread' 'nbwrite'> <Ports = 0> <Width = 128> <Depth = 256> <FIFO>
ST_1 : Operation 11 [2/2] (3.88ns)   --->   "%call_ln75 = call void @DMA24b_mm2s_fetch, i128 %gmem, i128 %mm_fifo, i64 %BAR_image_in_read, i12 %image_w_read, i12 %image_h_read, i12 %image_w_c, i12 %image_h_c" [../src/DMA24b_mm2s.cpp:75]   --->   Operation 11 'call' 'call_ln75' <Predicate = true> <Delay = 3.88> <CoreType = "Generic">   --->   Core 0 '' <Latency = 0> <II = 1> <Delay = 1.00> <Generic> <Opcode : >

State 2 <SV = 1> <Delay = 0.00>
ST_2 : Operation 12 [1/2] (0.00ns)   --->   "%call_ln75 = call void @DMA24b_mm2s_fetch, i128 %gmem, i128 %mm_fifo, i64 %BAR_image_in_read, i12 %image_w_read, i12 %image_h_read, i12 %image_w_c, i12 %image_h_c" [../src/DMA24b_mm2s.cpp:75]   --->   Operation 12 'call' 'call_ln75' <Predicate = true> <Delay = 0.00> <CoreType = "Generic">   --->   Core 0 '' <Latency = 0> <II = 1> <Delay = 1.00> <Generic> <Opcode : >

State 3 <SV = 2> <Delay = 0.00>
ST_3 : Operation 13 [2/2] (0.00ns)   --->   "%call_ln77 = call void @DMA24b_mm2s_streamout, i128 %mm_fifo, i24 %STR_video_out_V_data_V, i3 %STR_video_out_V_keep_V, i3 %STR_video_out_V_strb_V, i1 %STR_video_out_V_user_V, i1 %STR_video_out_V_last_V, i12 %image_w_c, i12 %image_h_c" [../src/DMA24b_mm2s.cpp:77]   --->   Operation 13 'call' 'call_ln77' <Predicate = true> <Delay = 0.00> <CoreType = "Generic">   --->   Core 0 '' <Latency = 0> <II = 1> <Delay = 1.00> <Generic> <Opcode : >

State 4 <SV = 3> <Delay = 4.23>
ST_4 : Operation 14 [1/1] (0.00ns)   --->   "%specdataflowpipeline_ln0 = specdataflowpipeline void @_ssdm_op_SpecDataflowPipeline, i32 4294967295, i32 0, void @empty_3"   --->   Operation 14 'specdataflowpipeline' 'specdataflowpipeline_ln0' <Predicate = true> <Delay = 0.00>
ST_4 : Operation 15 [1/1] (0.00ns)   --->   "%specinterface_ln0 = specinterface void @_ssdm_op_SpecInterface, i1 %STR_video_out_V_last_V, i1 %STR_video_out_V_user_V, i3 %STR_video_out_V_strb_V, i3 %STR_video_out_V_keep_V, i24 %STR_video_out_V_data_V, void @empty_0, i32 0, i32 0, void @empty_6, i32 0, i32 0, void @empty_3, void @empty_3, void @empty_3, i32 0, i32 0, i32 0, i32 0, void @empty_3, void @empty_3"   --->   Operation 15 'specinterface' 'specinterface_ln0' <Predicate = true> <Delay = 0.00>
ST_4 : Operation 16 [1/1] (0.00ns)   --->   "%specinterface_ln0 = specinterface void @_ssdm_op_SpecInterface, i128 %gmem, void @empty, i32 0, i32 0, void @empty_3, i32 0, i32 57600, void @empty_5, void @empty_10, void @empty_3, i32 16, i32 16, i32 64, i32 16, void @empty_3, void @empty_3"   --->   Operation 16 'specinterface' 'specinterface_ln0' <Predicate = true> <Delay = 0.00>
ST_4 : Operation 17 [1/1] (0.00ns)   --->   "%empty = specchannel i32 @_ssdm_op_SpecChannel, void @mm_fifo_str, i32 1, void @p_str, void @p_str, i32 256, i32 256, i128 %mm_fifo, i128 %mm_fifo"   --->   Operation 17 'specchannel' 'empty' <Predicate = true> <Delay = 0.00>
ST_4 : Operation 18 [1/1] (0.00ns)   --->   "%specinterface_ln0 = specinterface void @_ssdm_op_SpecInterface, i128 %mm_fifo, void @empty_8, i32 0, i32 0, void @empty_3, i32 0, i32 0, void @empty_3, void @empty_3, void @empty_3, i32 0, i32 0, i32 0, i32 0, void @empty_3, void @empty_3"   --->   Operation 18 'specinterface' 'specinterface_ln0' <Predicate = true> <Delay = 0.00>
ST_4 : Operation 19 [1/1] (0.00ns)   --->   "%empty_65 = specchannel i32 @_ssdm_op_SpecChannel, void @image_w_c_str, i32 1, void @p_str, void @p_str, i32 2, i32 0, i12 %image_w_c, i12 %image_w_c" [../src/DMA24b_mm2s.cpp:77]   --->   Operation 19 'specchannel' 'empty_65' <Predicate = true> <Delay = 0.00>
ST_4 : Operation 20 [1/1] (0.00ns)   --->   "%specinterface_ln77 = specinterface void @_ssdm_op_SpecInterface, i12 %image_w_c, void @ap_fifo_str, i32 0, i32 0, void @p_str, i32 0, i32 0, void @p_str, void @p_str, void @p_str, i32 2, i32 2, i32 16, i32 16, void @p_str, void @p_str" [../src/DMA24b_mm2s.cpp:77]   --->   Operation 20 'specinterface' 'specinterface_ln77' <Predicate = true> <Delay = 0.00>
ST_4 : Operation 21 [1/1] (0.00ns)   --->   "%empty_66 = specchannel i32 @_ssdm_op_SpecChannel, void @image_h_c_str, i32 1, void @p_str, void @p_str, i32 2, i32 0, i12 %image_h_c, i12 %image_h_c" [../src/DMA24b_mm2s.cpp:77]   --->   Operation 21 'specchannel' 'empty_66' <Predicate = true> <Delay = 0.00>
ST_4 : Operation 22 [1/1] (0.00ns)   --->   "%specinterface_ln77 = specinterface void @_ssdm_op_SpecInterface, i12 %image_h_c, void @ap_fifo_str, i32 0, i32 0, void @p_str, i32 0, i32 0, void @p_str, void @p_str, void @p_str, i32 2, i32 2, i32 16, i32 16, void @p_str, void @p_str" [../src/DMA24b_mm2s.cpp:77]   --->   Operation 22 'specinterface' 'specinterface_ln77' <Predicate = true> <Delay = 0.00>
ST_4 : Operation 23 [1/2] (4.23ns)   --->   "%call_ln77 = call void @DMA24b_mm2s_streamout, i128 %mm_fifo, i24 %STR_video_out_V_data_V, i3 %STR_video_out_V_keep_V, i3 %STR_video_out_V_strb_V, i1 %STR_video_out_V_user_V, i1 %STR_video_out_V_last_V, i12 %image_w_c, i12 %image_h_c" [../src/DMA24b_mm2s.cpp:77]   --->   Operation 23 'call' 'call_ln77' <Predicate = true> <Delay = 4.23> <CoreType = "Generic">   --->   Core 0 '' <Latency = 0> <II = 1> <Delay = 1.00> <Generic> <Opcode : >
ST_4 : Operation 24 [1/1] (0.00ns)   --->   "%ret_ln78 = ret" [../src/DMA24b_mm2s.cpp:78]   --->   Operation 24 'ret' 'ret_ln78' <Predicate = true> <Delay = 0.00>


============================================================
+ Verbose Summary: Binding
============================================================
STG Binding: 
---------------- STG Properties BEGIN ----------------
- Is combinational: 0
- Is one-state seq: 0
- Is datapath-only: 0
- Is pipelined: 0
- Is top level: 0
Port [ Return ] is wired: 1; IO mode=ap_ctrl_hs:ce=0
Port [ gmem]:  wired=1; compound=1; hidden=0; nouse=0; global=0; static=0; extern=0; dir=0; type=4; pingpong=0; private_global=0; IO mode=m_axi:ce=0
Port [ STR_video_out_V_data_V]:  wired=1; compound=1; hidden=0; nouse=0; global=0; static=0; extern=0; dir=1; type=0; pingpong=0; private_global=0; IO mode=axis:ce=0
Port [ STR_video_out_V_keep_V]:  wired=1; compound=1; hidden=0; nouse=0; global=0; static=0; extern=0; dir=1; type=0; pingpong=0; private_global=0; IO mode=axis:ce=0
Port [ STR_video_out_V_strb_V]:  wired=1; compound=1; hidden=0; nouse=0; global=0; static=0; extern=0; dir=1; type=0; pingpong=0; private_global=0; IO mode=axis:ce=0
Port [ STR_video_out_V_user_V]:  wired=1; compound=1; hidden=0; nouse=0; global=0; static=0; extern=0; dir=1; type=0; pingpong=0; private_global=0; IO mode=axis:ce=0
Port [ STR_video_out_V_last_V]:  wired=1; compound=1; hidden=0; nouse=0; global=0; static=0; extern=0; dir=1; type=0; pingpong=0; private_global=0; IO mode=axis:ce=0
Port [ image_w]:  wired=1; compound=0; hidden=0; nouse=0; global=0; static=0; extern=0; dir=0; type=0; pingpong=0; private_global=0; IO mode=ap_none:ce=0
Port [ image_h]:  wired=1; compound=0; hidden=0; nouse=0; global=0; static=0; extern=0; dir=0; type=0; pingpong=0; private_global=0; IO mode=ap_none:ce=0
Port [ BAR_image_in]:  wired=1; compound=0; hidden=0; nouse=0; global=0; static=0; extern=0; dir=0; type=0; pingpong=0; private_global=0; IO mode=ap_none:ce=0
---------------- STG Properties END ------------------

---------------- Datapath Model BEGIN ----------------

<LifeTime>
<method=bitvector/>
BAR_image_in_read        (read                ) [ 00100]
image_h_read             (read                ) [ 00100]
image_w_read             (read                ) [ 00100]
image_h_c                (alloca              ) [ 01111]
image_w_c                (alloca              ) [ 01111]
mm_fifo                  (alloca              ) [ 01111]
call_ln75                (call                ) [ 00000]
specdataflowpipeline_ln0 (specdataflowpipeline) [ 00000]
specinterface_ln0        (specinterface       ) [ 00000]
specinterface_ln0        (specinterface       ) [ 00000]
empty                    (specchannel         ) [ 00000]
specinterface_ln0        (specinterface       ) [ 00000]
empty_65                 (specchannel         ) [ 00000]
specinterface_ln77       (specinterface       ) [ 00000]
empty_66                 (specchannel         ) [ 00000]
specinterface_ln77       (specinterface       ) [ 00000]
call_ln77                (call                ) [ 00000]
ret_ln78                 (ret                 ) [ 00000]
</LifeTime>

<model>

<comp_list>
<comp id="0" class="1000" name="gmem">
<pin_list>
<pin id="1" dir="1" index="0" bw="1" slack="0"/>
</pin_list>
<bind>
<StgValue><ssdm name="gmem"/></StgValue>
</bind>
</comp>

<comp id="2" class="1000" name="STR_video_out_V_data_V">
<pin_list>
<pin id="3" dir="1" index="0" bw="1" slack="0"/>
</pin_list>
<bind>
<StgValue><ssdm name="STR_video_out_V_data_V"/></StgValue>
</bind>
</comp>

<comp id="4" class="1000" name="STR_video_out_V_keep_V">
<pin_list>
<pin id="5" dir="1" index="0" bw="1" slack="0"/>
</pin_list>
<bind>
<StgValue><ssdm name="STR_video_out_V_keep_V"/></StgValue>
</bind>
</comp>

<comp id="6" class="1000" name="STR_video_out_V_strb_V">
<pin_list>
<pin id="7" dir="1" index="0" bw="1" slack="0"/>
</pin_list>
<bind>
<StgValue><ssdm name="STR_video_out_V_strb_V"/></StgValue>
</bind>
</comp>

<comp id="8" class="1000" name="STR_video_out_V_user_V">
<pin_list>
<pin id="9" dir="1" index="0" bw="1" slack="0"/>
</pin_list>
<bind>
<StgValue><ssdm name="STR_video_out_V_user_V"/></StgValue>
</bind>
</comp>

<comp id="10" class="1000" name="STR_video_out_V_last_V">
<pin_list>
<pin id="11" dir="1" index="0" bw="1" slack="0"/>
</pin_list>
<bind>
<StgValue><ssdm name="STR_video_out_V_last_V"/></StgValue>
</bind>
</comp>

<comp id="12" class="1000" name="image_w">
<pin_list>
<pin id="13" dir="1" index="0" bw="1" slack="0"/>
</pin_list>
<bind>
<StgValue><ssdm name="image_w"/></StgValue>
</bind>
</comp>

<comp id="14" class="1000" name="image_h">
<pin_list>
<pin id="15" dir="1" index="0" bw="1" slack="0"/>
</pin_list>
<bind>
<StgValue><ssdm name="image_h"/></StgValue>
</bind>
</comp>

<comp id="16" class="1000" name="BAR_image_in">
<pin_list>
<pin id="17" dir="1" index="0" bw="1" slack="0"/>
</pin_list>
<bind>
<StgValue><ssdm name="BAR_image_in"/></StgValue>
</bind>
</comp>

<comp id="18" class="1001" name="const_18">
<pin_list>
<pin id="19" dir="1" index="0" bw="1" slack="0"/>
</pin_list>
<bind>
<StgValue><ssdm name="_ssdm_op_Read.ap_auto.i64"/></StgValue>
</bind>
</comp>

<comp id="20" class="1001" name="const_20">
<pin_list>
<pin id="21" dir="1" index="0" bw="1" slack="0"/>
</pin_list>
<bind>
<StgValue><ssdm name="_ssdm_op_Read.ap_auto.i12"/></StgValue>
</bind>
</comp>

<comp id="22" class="1001" name="const_22">
<pin_list>
<pin id="23" dir="1" index="0" bw="1" slack="0"/>
</pin_list>
<bind>
<StgValue><ssdm name=""/></StgValue>
</bind>
</comp>

<comp id="24" class="1001" name="const_24">
<pin_list>
<pin id="25" dir="1" index="0" bw="1" slack="0"/>
</pin_list>
<bind>
<StgValue><ssdm name="DMA24b_mm2s_fetch"/></StgValue>
</bind>
</comp>

<comp id="26" class="1001" name="const_26">
<pin_list>
<pin id="27" dir="1" index="0" bw="1" slack="0"/>
</pin_list>
<bind>
<StgValue><ssdm name="DMA24b_mm2s_streamout"/></StgValue>
</bind>
</comp>

<comp id="28" class="1001" name="const_28">
<pin_list>
<pin id="29" dir="1" index="0" bw="1" slack="2147483647"/>
</pin_list>
<bind>
<StgValue><ssdm name="_ssdm_op_SpecDataflowPipeline"/></StgValue>
</bind>
</comp>

<comp id="30" class="1001" name="const_30">
<pin_list>
<pin id="31" dir="1" index="0" bw="1" slack="2147483647"/>
</pin_list>
<bind>
<StgValue><ssdm name=""/></StgValue>
</bind>
</comp>

<comp id="32" class="1001" name="const_32">
<pin_list>
<pin id="33" dir="1" index="0" bw="1" slack="2147483647"/>
</pin_list>
<bind>
<StgValue><ssdm name=""/></StgValue>
</bind>
</comp>

<comp id="34" class="1001" name="const_34">
<pin_list>
<pin id="35" dir="1" index="0" bw="1" slack="2147483647"/>
</pin_list>
<bind>
<StgValue><ssdm name="empty_3"/></StgValue>
</bind>
</comp>

<comp id="36" class="1001" name="const_36">
<pin_list>
<pin id="37" dir="1" index="0" bw="1" slack="2147483647"/>
</pin_list>
<bind>
<StgValue><ssdm name="_ssdm_op_SpecInterface"/></StgValue>
</bind>
</comp>

<comp id="38" class="1001" name="const_38">
<pin_list>
<pin id="39" dir="1" index="0" bw="1" slack="2147483647"/>
</pin_list>
<bind>
<StgValue><ssdm name="empty_0"/></StgValue>
</bind>
</comp>

<comp id="40" class="1001" name="const_40">
<pin_list>
<pin id="41" dir="1" index="0" bw="1" slack="2147483647"/>
</pin_list>
<bind>
<StgValue><ssdm name="empty_6"/></StgValue>
</bind>
</comp>

<comp id="42" class="1001" name="const_42">
<pin_list>
<pin id="43" dir="1" index="0" bw="1" slack="2147483647"/>
</pin_list>
<bind>
<StgValue><ssdm name="empty"/></StgValue>
</bind>
</comp>

<comp id="44" class="1001" name="const_44">
<pin_list>
<pin id="45" dir="1" index="0" bw="1" slack="2147483647"/>
</pin_list>
<bind>
<StgValue><ssdm name=""/></StgValue>
</bind>
</comp>

<comp id="46" class="1001" name="const_46">
<pin_list>
<pin id="47" dir="1" index="0" bw="1" slack="2147483647"/>
</pin_list>
<bind>
<StgValue><ssdm name="empty_5"/></StgValue>
</bind>
</comp>

<comp id="48" class="1001" name="const_48">
<pin_list>
<pin id="49" dir="1" index="0" bw="1" slack="2147483647"/>
</pin_list>
<bind>
<StgValue><ssdm name="empty_10"/></StgValue>
</bind>
</comp>

<comp id="50" class="1001" name="const_50">
<pin_list>
<pin id="51" dir="1" index="0" bw="1" slack="2147483647"/>
</pin_list>
<bind>
<StgValue><ssdm name=""/></StgValue>
</bind>
</comp>

<comp id="52" class="1001" name="const_52">
<pin_list>
<pin id="53" dir="1" index="0" bw="1" slack="2147483647"/>
</pin_list>
<bind>
<StgValue><ssdm name=""/></StgValue>
</bind>
</comp>

<comp id="54" class="1001" name="const_54">
<pin_list>
<pin id="55" dir="1" index="0" bw="1" slack="2147483647"/>
</pin_list>
<bind>
<StgValue><ssdm name="_ssdm_op_SpecChannel"/></StgValue>
</bind>
</comp>

<comp id="56" class="1001" name="const_56">
<pin_list>
<pin id="57" dir="1" index="0" bw="1" slack="2147483647"/>
</pin_list>
<bind>
<StgValue><ssdm name="mm_fifo_str"/></StgValue>
</bind>
</comp>

<comp id="58" class="1001" name="const_58">
<pin_list>
<pin id="59" dir="1" index="0" bw="1" slack="2147483647"/>
</pin_list>
<bind>
<StgValue><ssdm name=""/></StgValue>
</bind>
</comp>

<comp id="60" class="1001" name="const_60">
<pin_list>
<pin id="61" dir="1" index="0" bw="1" slack="2147483647"/>
</pin_list>
<bind>
<StgValue><ssdm name="p_str"/></StgValue>
</bind>
</comp>

<comp id="62" class="1001" name="const_62">
<pin_list>
<pin id="63" dir="1" index="0" bw="1" slack="2147483647"/>
</pin_list>
<bind>
<StgValue><ssdm name=""/></StgValue>
</bind>
</comp>

<comp id="64" class="1001" name="const_64">
<pin_list>
<pin id="65" dir="1" index="0" bw="1" slack="2147483647"/>
</pin_list>
<bind>
<StgValue><ssdm name="empty_8"/></StgValue>
</bind>
</comp>

<comp id="66" class="1001" name="const_66">
<pin_list>
<pin id="67" dir="1" index="0" bw="1" slack="2147483647"/>
</pin_list>
<bind>
<StgValue><ssdm name="image_w_c_str"/></StgValue>
</bind>
</comp>

<comp id="68" class="1001" name="const_68">
<pin_list>
<pin id="69" dir="1" index="0" bw="1" slack="2147483647"/>
</pin_list>
<bind>
<StgValue><ssdm name=""/></StgValue>
</bind>
</comp>

<comp id="70" class="1001" name="const_70">
<pin_list>
<pin id="71" dir="1" index="0" bw="1" slack="2147483647"/>
</pin_list>
<bind>
<StgValue><ssdm name="ap_fifo_str"/></StgValue>
</bind>
</comp>

<comp id="72" class="1001" name="const_72">
<pin_list>
<pin id="73" dir="1" index="0" bw="1" slack="2147483647"/>
</pin_list>
<bind>
<StgValue><ssdm name="image_h_c_str"/></StgValue>
</bind>
</comp>

<comp id="74" class="1004" name="image_h_c_fu_74">
<pin_list>
<pin id="75" dir="0" index="0" bw="1" slack="0"/>
<pin id="76" dir="1" index="1" bw="12" slack="0"/>
</pin_list>
<bind>
<opcode="alloca(26) " fcode="alloca"/>
<opset="image_h_c/1 "/>
</bind>
</comp>

<comp id="78" class="1004" name="image_w_c_fu_78">
<pin_list>
<pin id="79" dir="0" index="0" bw="1" slack="0"/>
<pin id="80" dir="1" index="1" bw="12" slack="0"/>
</pin_list>
<bind>
<opcode="alloca(26) " fcode="alloca"/>
<opset="image_w_c/1 "/>
</bind>
</comp>

<comp id="82" class="1004" name="mm_fifo_fu_82">
<pin_list>
<pin id="83" dir="0" index="0" bw="1" slack="0"/>
<pin id="84" dir="1" index="1" bw="128" slack="0"/>
</pin_list>
<bind>
<opcode="alloca(26) " fcode="alloca"/>
<opset="mm_fifo/1 "/>
</bind>
</comp>

<comp id="86" class="1004" name="BAR_image_in_read_read_fu_86">
<pin_list>
<pin id="87" dir="0" index="0" bw="64" slack="0"/>
<pin id="88" dir="0" index="1" bw="64" slack="0"/>
<pin id="89" dir="1" index="2" bw="64" slack="0"/>
</pin_list>
<bind>
<opcode="read(1150) " fcode="read"/>
<opset="BAR_image_in_read/1 "/>
</bind>
</comp>

<comp id="92" class="1004" name="image_h_read_read_fu_92">
<pin_list>
<pin id="93" dir="0" index="0" bw="12" slack="0"/>
<pin id="94" dir="0" index="1" bw="12" slack="0"/>
<pin id="95" dir="1" index="2" bw="12" slack="0"/>
</pin_list>
<bind>
<opcode="read(1150) " fcode="read"/>
<opset="image_h_read/1 "/>
</bind>
</comp>

<comp id="98" class="1004" name="image_w_read_read_fu_98">
<pin_list>
<pin id="99" dir="0" index="0" bw="12" slack="0"/>
<pin id="100" dir="0" index="1" bw="12" slack="0"/>
<pin id="101" dir="1" index="2" bw="12" slack="0"/>
</pin_list>
<bind>
<opcode="read(1150) " fcode="read"/>
<opset="image_w_read/1 "/>
</bind>
</comp>

<comp id="104" class="1004" name="grp_DMA24b_mm2s_fetch_fu_104">
<pin_list>
<pin id="105" dir="0" index="0" bw="0" slack="0"/>
<pin id="106" dir="0" index="1" bw="128" slack="0"/>
<pin id="107" dir="0" index="2" bw="128" slack="0"/>
<pin id="108" dir="0" index="3" bw="64" slack="0"/>
<pin id="109" dir="0" index="4" bw="12" slack="0"/>
<pin id="110" dir="0" index="5" bw="12" slack="0"/>
<pin id="111" dir="0" index="6" bw="12" slack="0"/>
<pin id="112" dir="0" index="7" bw="12" slack="0"/>
<pin id="113" dir="1" index="8" bw="0" slack="2147483647"/>
</pin_list>
<bind>
<opcode="call(48) " fcode="call"/>
<opset="call_ln75/1 "/>
</bind>
</comp>

<comp id="119" class="1004" name="grp_DMA24b_mm2s_streamout_fu_119">
<pin_list>
<pin id="120" dir="0" index="0" bw="0" slack="0"/>
<pin id="121" dir="0" index="1" bw="128" slack="2"/>
<pin id="122" dir="0" index="2" bw="24" slack="0"/>
<pin id="123" dir="0" index="3" bw="3" slack="0"/>
<pin id="124" dir="0" index="4" bw="3" slack="0"/>
<pin id="125" dir="0" index="5" bw="1" slack="0"/>
<pin id="126" dir="0" index="6" bw="1" slack="0"/>
<pin id="127" dir="0" index="7" bw="12" slack="2"/>
<pin id="128" dir="0" index="8" bw="12" slack="2"/>
<pin id="129" dir="1" index="9" bw="0" slack="2147483647"/>
</pin_list>
<bind>
<opcode="call(48) " fcode="call"/>
<opset="call_ln77/3 "/>
</bind>
</comp>

<comp id="136" class="1005" name="BAR_image_in_read_reg_136">
<pin_list>
<pin id="137" dir="0" index="0" bw="64" slack="1"/>
<pin id="138" dir="1" index="1" bw="64" slack="1"/>
</pin_list>
<bind>
<opset="BAR_image_in_read "/>
</bind>
</comp>

<comp id="141" class="1005" name="image_h_read_reg_141">
<pin_list>
<pin id="142" dir="0" index="0" bw="12" slack="1"/>
<pin id="143" dir="1" index="1" bw="12" slack="1"/>
</pin_list>
<bind>
<opset="image_h_read "/>
</bind>
</comp>

<comp id="146" class="1005" name="image_w_read_reg_146">
<pin_list>
<pin id="147" dir="0" index="0" bw="12" slack="1"/>
<pin id="148" dir="1" index="1" bw="12" slack="1"/>
</pin_list>
<bind>
<opset="image_w_read "/>
</bind>
</comp>

<comp id="151" class="1005" name="image_h_c_reg_151">
<pin_list>
<pin id="152" dir="0" index="0" bw="12" slack="0"/>
<pin id="153" dir="1" index="1" bw="12" slack="0"/>
</pin_list>
<bind>
<opset="image_h_c "/>
</bind>
</comp>

<comp id="157" class="1005" name="image_w_c_reg_157">
<pin_list>
<pin id="158" dir="0" index="0" bw="12" slack="0"/>
<pin id="159" dir="1" index="1" bw="12" slack="0"/>
</pin_list>
<bind>
<opset="image_w_c "/>
</bind>
</comp>

<comp id="163" class="1005" name="mm_fifo_reg_163">
<pin_list>
<pin id="164" dir="0" index="0" bw="128" slack="0"/>
<pin id="165" dir="1" index="1" bw="128" slack="0"/>
</pin_list>
<bind>
<opset="mm_fifo "/>
</bind>
</comp>

</comp_list>

<net_list>
<net id="77"><net_src comp="22" pin="0"/><net_sink comp="74" pin=0"/></net>

<net id="81"><net_src comp="22" pin="0"/><net_sink comp="78" pin=0"/></net>

<net id="85"><net_src comp="22" pin="0"/><net_sink comp="82" pin=0"/></net>

<net id="90"><net_src comp="18" pin="0"/><net_sink comp="86" pin=0"/></net>

<net id="91"><net_src comp="16" pin="0"/><net_sink comp="86" pin=1"/></net>

<net id="96"><net_src comp="20" pin="0"/><net_sink comp="92" pin=0"/></net>

<net id="97"><net_src comp="14" pin="0"/><net_sink comp="92" pin=1"/></net>

<net id="102"><net_src comp="20" pin="0"/><net_sink comp="98" pin=0"/></net>

<net id="103"><net_src comp="12" pin="0"/><net_sink comp="98" pin=1"/></net>

<net id="114"><net_src comp="24" pin="0"/><net_sink comp="104" pin=0"/></net>

<net id="115"><net_src comp="0" pin="0"/><net_sink comp="104" pin=1"/></net>

<net id="116"><net_src comp="86" pin="2"/><net_sink comp="104" pin=3"/></net>

<net id="117"><net_src comp="98" pin="2"/><net_sink comp="104" pin=4"/></net>

<net id="118"><net_src comp="92" pin="2"/><net_sink comp="104" pin=5"/></net>

<net id="130"><net_src comp="26" pin="0"/><net_sink comp="119" pin=0"/></net>

<net id="131"><net_src comp="2" pin="0"/><net_sink comp="119" pin=2"/></net>

<net id="132"><net_src comp="4" pin="0"/><net_sink comp="119" pin=3"/></net>

<net id="133"><net_src comp="6" pin="0"/><net_sink comp="119" pin=4"/></net>

<net id="134"><net_src comp="8" pin="0"/><net_sink comp="119" pin=5"/></net>

<net id="135"><net_src comp="10" pin="0"/><net_sink comp="119" pin=6"/></net>

<net id="139"><net_src comp="86" pin="2"/><net_sink comp="136" pin=0"/></net>

<net id="140"><net_src comp="136" pin="1"/><net_sink comp="104" pin=3"/></net>

<net id="144"><net_src comp="92" pin="2"/><net_sink comp="141" pin=0"/></net>

<net id="145"><net_src comp="141" pin="1"/><net_sink comp="104" pin=5"/></net>

<net id="149"><net_src comp="98" pin="2"/><net_sink comp="146" pin=0"/></net>

<net id="150"><net_src comp="146" pin="1"/><net_sink comp="104" pin=4"/></net>

<net id="154"><net_src comp="74" pin="1"/><net_sink comp="151" pin=0"/></net>

<net id="155"><net_src comp="151" pin="1"/><net_sink comp="104" pin=7"/></net>

<net id="156"><net_src comp="151" pin="1"/><net_sink comp="119" pin=8"/></net>

<net id="160"><net_src comp="78" pin="1"/><net_sink comp="157" pin=0"/></net>

<net id="161"><net_src comp="157" pin="1"/><net_sink comp="104" pin=6"/></net>

<net id="162"><net_src comp="157" pin="1"/><net_sink comp="119" pin=7"/></net>

<net id="166"><net_src comp="82" pin="1"/><net_sink comp="163" pin=0"/></net>

<net id="167"><net_src comp="163" pin="1"/><net_sink comp="104" pin=2"/></net>

<net id="168"><net_src comp="163" pin="1"/><net_sink comp="119" pin=1"/></net>

</net_list>

</model> 
---------------- Datapath Model END ------------------

* FSMD analyzer results:
  - Output states:
	Port: gmem | {}
	Port: STR_video_out_V_data_V | {3 4 }
	Port: STR_video_out_V_keep_V | {3 4 }
	Port: STR_video_out_V_strb_V | {3 4 }
	Port: STR_video_out_V_user_V | {3 4 }
	Port: STR_video_out_V_last_V | {3 4 }
 - Input state : 
	Port: DMA24b_mm2s : gmem | {1 2 }
	Port: DMA24b_mm2s : STR_video_out_V_data_V | {}
	Port: DMA24b_mm2s : STR_video_out_V_keep_V | {}
	Port: DMA24b_mm2s : STR_video_out_V_strb_V | {}
	Port: DMA24b_mm2s : STR_video_out_V_user_V | {}
	Port: DMA24b_mm2s : STR_video_out_V_last_V | {}
	Port: DMA24b_mm2s : image_w | {1 }
	Port: DMA24b_mm2s : image_h | {1 }
	Port: DMA24b_mm2s : BAR_image_in | {1 }
  - Chain level:
	State 1
		call_ln75 : 1
	State 2
	State 3
	State 4


============================================================
+ Verbose Summary: Datapath Resource usage 
============================================================

* Functional unit list:
|----------|----------------------------------|---------|---------|---------|---------|
| Operation|          Functional Unit         |   DSP   |  Delay  |    FF   |   LUT   |
|----------|----------------------------------|---------|---------|---------|---------|
|   call   |   grp_DMA24b_mm2s_fetch_fu_104   |    1    |  3.176  |   570   |   271   |
|          | grp_DMA24b_mm2s_streamout_fu_119 |    1    |  8.416  |   288   |   246   |
|----------|----------------------------------|---------|---------|---------|---------|
|          |   BAR_image_in_read_read_fu_86   |    0    |    0    |    0    |    0    |
|   read   |      image_h_read_read_fu_92     |    0    |    0    |    0    |    0    |
|          |      image_w_read_read_fu_98     |    0    |    0    |    0    |    0    |
|----------|----------------------------------|---------|---------|---------|---------|
|   Total  |                                  |    2    |  11.592 |   858   |   517   |
|----------|----------------------------------|---------|---------|---------|---------|

Memories:
N/A

* Register list:
+-------------------------+--------+
|                         |   FF   |
+-------------------------+--------+
|BAR_image_in_read_reg_136|   64   |
|    image_h_c_reg_151    |   12   |
|   image_h_read_reg_141  |   12   |
|    image_w_c_reg_157    |   12   |
|   image_w_read_reg_146  |   12   |
|     mm_fifo_reg_163     |   128  |
+-------------------------+--------+
|          Total          |   240  |
+-------------------------+--------+

* Multiplexer (MUX) list: 
|------------------------------|------|------|------|--------||---------||---------|
|             Comp             |  Pin | Size |  BW  | S x BW ||  Delay  ||   LUT   |
|------------------------------|------|------|------|--------||---------||---------|
| grp_DMA24b_mm2s_fetch_fu_104 |  p3  |   2  |  64  |   128  ||    9    |
| grp_DMA24b_mm2s_fetch_fu_104 |  p4  |   2  |  12  |   24   ||    9    |
| grp_DMA24b_mm2s_fetch_fu_104 |  p5  |   2  |  12  |   24   ||    9    |
|------------------------------|------|------|------|--------||---------||---------|
|             Total            |      |      |      |   176  ||  4.764  ||    27   |
|------------------------------|------|------|------|--------||---------||---------|



* Summary:
+-----------+--------+--------+--------+--------+
|           |   DSP  |  Delay |   FF   |   LUT  |
+-----------+--------+--------+--------+--------+
|  Function |    2   |   11   |   858  |   517  |
|   Memory  |    -   |    -   |    -   |    -   |
|Multiplexer|    -   |    4   |    -   |   27   |
|  Register |    -   |    -   |   240  |    -   |
+-----------+--------+--------+--------+--------+
|   Total   |    2   |   16   |  1098  |   544  |
+-----------+--------+--------+--------+--------+
