

================================================================
== Vitis HLS Report for 'DMA24b_mm2s_fetch'
================================================================
* Date:           Thu Sep  3 13:59:38 2026

* Version:        2020.2 (Build 3064766 on Wed Nov 18 09:12:47 MST 2020)
* Project:        DMA24b_mm2s_prj
* Solution:       solution1 (Vivado IP Flow Target)
* Product family: zynq
* Target device:  xc7z020-clg400-1


================================================================
== Performance Estimates
================================================================
+ Timing: 
    * Summary: 
    +--------+---------+----------+------------+
    |  Clock |  Target | Estimated| Uncertainty|
    +--------+---------+----------+------------+
    |ap_clk  |  6.66 ns|  4.862 ns|     1.80 ns|
    +--------+---------+----------+------------+

+ Latency: 
    * Summary: 
    +---------+---------+----------+----------+-----+-----+---------+
    |  Latency (cycles) |  Latency (absolute) |  Interval | Pipeline|
    |   min   |   max   |    min   |    max   | min | max |   Type  |
    +---------+---------+----------+----------+-----+-----+---------+
    |        ?|        ?|         ?|         ?|    ?|    ?|     none|
    +---------+---------+----------+----------+-----+-----+---------+

    + Detail: 
        * Instance: 
        N/A

        * Loop: 
        +-------------------------+---------+---------+----------+-----------+-----------+-----------+----------+
        |                         |  Latency (cycles) | Iteration|  Initiation Interval  |    Trip   |          |
        |        Loop Name        |   min   |   max   |  Latency |  achieved |   target  |   Count   | Pipelined|
        +-------------------------+---------+---------+----------+-----------+-----------+-----------+----------+
        |- line_loop              |        ?|        ?|  3 ~ 1012|          -|          -|          ?|        no|
        | + burst_loop_beat_loop  |       41|     1001|         3|          1|          1|  40 ~ 1000|       yes|
        +-------------------------+---------+---------+----------+-----------+-----------+-----------+----------+

============================================================
+ Verbose Summary: Synthesis Manager
============================================================
InlineROM: 1
ExposeGlobal: 0
============================================================
+ Verbose Summary: CDFG Model
============================================================
IsTopModel: 0
ResetActiveHigh: 1
IsCombinational: 2
IsDatapathOnly: 0
HasWiredReturn: 1
HasMFsm: 0
HasVarLatency: 1
IsPipeline: 0
IsRtlPipelined: 0
IsInstanceOverlapped: 0
IsDontTouch: 0
HasImplIP: 0
IsGatedGlobalClock: 0

+ Individual pipeline summary: 
  * Pipeline-0: initiation interval (II) = 1, depth = 3


============================================================
+ Verbose Summary: Schedule
============================================================
* Number of FSM states : 19
* Pipeline : 1
  Pipeline-0 : II = 1, D = 3, States = { 16 17 18 }
* Dataflow Pipeline: 0

* FSM state transitions: 
1 --> 2 
2 --> 3 
3 --> 4 
4 --> 5 
5 --> 6 
6 --> 7 
7 --> 8 
8 --> 9 19 
9 --> 10 
10 --> 11 
11 --> 12 
12 --> 13 
13 --> 14 
14 --> 15 
15 --> 16 
16 --> 19 17 
17 --> 18 
18 --> 16 
19 --> 7 

* FSM state operations: 

State 1 <SV = 0> <Delay = 3.88>
ST_1 : Operation 20 [1/1] (0.00ns)   --->   "%img_h_read = read i12 @_ssdm_op_Read.ap_auto.i12, i12 %img_h"   --->   Operation 20 'read' 'img_h_read' <Predicate = true> <Delay = 0.00>
ST_1 : Operation 21 [1/1] (0.00ns)   --->   "%img_w_read = read i12 @_ssdm_op_Read.ap_auto.i12, i12 %img_w"   --->   Operation 21 'read' 'img_w_read' <Predicate = true> <Delay = 0.00>
ST_1 : Operation 22 [1/1] (2.43ns)   --->   "%write_ln0 = write void @_ssdm_op_Write.ap_fifo.i12P0A, i12 %img_w_out, i12 %img_w_read"   --->   Operation 22 'write' 'write_ln0' <Predicate = true> <Delay = 2.43> <CoreInst = "FIFO_SRL">   --->   Core 81 'FIFO_SRL' <Latency = 0> <II = 1> <Delay = 3.63> <Storage> <Opcode : 'read' 'write' 'nbread' 'nbwrite'> <Ports = 0> <Width = 12> <Depth = 2> <FIFO>
ST_1 : Operation 23 [1/1] (2.43ns)   --->   "%write_ln0 = write void @_ssdm_op_Write.ap_fifo.i12P0A, i12 %img_h_out, i12 %img_h_read"   --->   Operation 23 'write' 'write_ln0' <Predicate = true> <Delay = 2.43> <CoreInst = "FIFO_SRL">   --->   Core 81 'FIFO_SRL' <Latency = 0> <II = 1> <Delay = 3.63> <Storage> <Opcode : 'read' 'write' 'nbread' 'nbwrite'> <Ports = 0> <Width = 12> <Depth = 2> <FIFO>
ST_1 : Operation 24 [1/1] (0.00ns)   --->   "%trunc_ln = partselect i8 @_ssdm_op_PartSelect.i8.i12.i32.i32, i12 %img_w_read, i32 4, i32 11" [../src/DMA24b_mm2s.cpp:12]   --->   Operation 24 'partselect' 'trunc_ln' <Predicate = true> <Delay = 0.00>
ST_1 : Operation 25 [1/1] (0.00ns)   --->   "%zext_ln12 = zext i8 %trunc_ln" [../src/DMA24b_mm2s.cpp:12]   --->   Operation 25 'zext' 'zext_ln12' <Predicate = true> <Delay = 0.00>
ST_1 : Operation 26 [1/1] (0.00ns)   --->   "%shl_ln = bitconcatenate i10 @_ssdm_op_BitConcatenate.i10.i8.i2, i8 %trunc_ln, i2 0" [../src/DMA24b_mm2s.cpp:12]   --->   Operation 26 'bitconcatenate' 'shl_ln' <Predicate = true> <Delay = 0.00>
ST_1 : Operation 27 [1/1] (0.00ns)   --->   "%zext_ln12_1 = zext i10 %shl_ln" [../src/DMA24b_mm2s.cpp:12]   --->   Operation 27 'zext' 'zext_ln12_1' <Predicate = true> <Delay = 0.00>
ST_1 : Operation 28 [1/1] (1.73ns)   --->   "%beats_per_line = sub i11 %zext_ln12_1, i11 %zext_ln12" [../src/DMA24b_mm2s.cpp:13]   --->   Operation 28 'sub' 'beats_per_line' <Predicate = true> <Delay = 1.73> <CoreInst = "Adder">   --->   Core 1 'Adder' <Latency = 0> <II = 1> <Delay = 1.54> <FuncUnit> <Opcode : 'add' 'sub'> <InPorts = 2> <OutPorts = 1>
ST_1 : Operation 29 [1/1] (0.00ns)   --->   "%sext_ln13 = sext i11 %beats_per_line" [../src/DMA24b_mm2s.cpp:13]   --->   Operation 29 'sext' 'sext_ln13' <Predicate = true> <Delay = 0.00>
ST_1 : Operation 30 [4/4] (2.15ns) (root node of the DSP)   --->   "%mul_ln13 = mul i24 %sext_ln13, i24 3277" [../src/DMA24b_mm2s.cpp:13]   --->   Operation 30 'mul' 'mul_ln13' <Predicate = true> <Delay = 2.15> <CoreInst = "DSP48">   --->   Core 119 'DSP48' <Latency = 3> <II = 1> <Delay = 2.15> <IPBlock> <Opcode : 'mul' 'add' 'sub' 'select'> <InPorts = 0> <OutPorts = 1> <Sync> <CReg>
ST_1 : Operation 31 [1/1] (0.00ns)   --->   "%tmp = bitselect i1 @_ssdm_op_BitSelect.i1.i11.i32, i11 %beats_per_line, i32 10" [../src/DMA24b_mm2s.cpp:13]   --->   Operation 31 'bitselect' 'tmp' <Predicate = true> <Delay = 0.00>
ST_1 : Operation 32 [1/1] (1.88ns)   --->   "%cmp22_i = icmp_sgt  i11 %beats_per_line, i11 39" [../src/DMA24b_mm2s.cpp:13]   --->   Operation 32 'icmp' 'cmp22_i' <Predicate = true> <Delay = 1.88> <CoreInst = "Cmp">   --->   Core 9 'Cmp' <Latency = 0> <II = 1> <Delay = 1.99> <FuncUnit> <Opcode : 'icmp'> <InPorts = 2> <OutPorts = 1>

State 2 <SV = 1> <Delay = 2.15>
ST_2 : Operation 33 [3/4] (2.15ns) (root node of the DSP)   --->   "%mul_ln13 = mul i24 %sext_ln13, i24 3277" [../src/DMA24b_mm2s.cpp:13]   --->   Operation 33 'mul' 'mul_ln13' <Predicate = true> <Delay = 2.15> <CoreInst = "DSP48">   --->   Core 119 'DSP48' <Latency = 3> <II = 1> <Delay = 2.15> <IPBlock> <Opcode : 'mul' 'add' 'sub' 'select'> <InPorts = 0> <OutPorts = 1> <Sync> <CReg>

State 3 <SV = 2> <Delay = 2.15>
ST_3 : Operation 34 [2/4] (2.15ns) (root node of the DSP)   --->   "%mul_ln13 = mul i24 %sext_ln13, i24 3277" [../src/DMA24b_mm2s.cpp:13]   --->   Operation 34 'mul' 'mul_ln13' <Predicate = true> <Delay = 2.15> <CoreInst = "DSP48">   --->   Core 119 'DSP48' <Latency = 3> <II = 1> <Delay = 2.15> <IPBlock> <Opcode : 'mul' 'add' 'sub' 'select'> <InPorts = 0> <OutPorts = 1> <Sync> <CReg>

State 4 <SV = 3> <Delay = 0.00>
ST_4 : Operation 35 [1/4] (0.00ns) (root node of the DSP)   --->   "%mul_ln13 = mul i24 %sext_ln13, i24 3277" [../src/DMA24b_mm2s.cpp:13]   --->   Operation 35 'mul' 'mul_ln13' <Predicate = true> <Delay = 0.00> <CoreInst = "DSP48">   --->   Core 119 'DSP48' <Latency = 3> <II = 1> <Delay = 2.15> <IPBlock> <Opcode : 'mul' 'add' 'sub' 'select'> <InPorts = 0> <OutPorts = 1> <Sync> <CReg>
ST_4 : Operation 36 [1/1] (0.00ns)   --->   "%trunc_ln13 = trunc i24 %mul_ln13" [../src/DMA24b_mm2s.cpp:13]   --->   Operation 36 'trunc' 'trunc_ln13' <Predicate = (tmp)> <Delay = 0.00>
ST_4 : Operation 37 [1/1] (0.00ns)   --->   "%tmp_2_cast = partselect i6 @_ssdm_op_PartSelect.i6.i24.i32.i32, i24 %mul_ln13, i32 17, i32 22" [../src/DMA24b_mm2s.cpp:13]   --->   Operation 37 'partselect' 'tmp_2_cast' <Predicate = true> <Delay = 0.00>

State 5 <SV = 4> <Delay = 4.10>
ST_5 : Operation 38 [1/1] (2.28ns)   --->   "%sub_ln13 = sub i23 0, i23 %trunc_ln13" [../src/DMA24b_mm2s.cpp:13]   --->   Operation 38 'sub' 'sub_ln13' <Predicate = (tmp)> <Delay = 2.28> <CoreInst = "Adder">   --->   Core 1 'Adder' <Latency = 0> <II = 1> <Delay = 1.54> <FuncUnit> <Opcode : 'add' 'sub'> <InPorts = 2> <OutPorts = 1>
ST_5 : Operation 39 [1/1] (0.00ns) (grouped into LUT with out node sub_ln13_1)   --->   "%tmp_1_cast = partselect i6 @_ssdm_op_PartSelect.i6.i23.i32.i32, i23 %sub_ln13, i32 17, i32 22" [../src/DMA24b_mm2s.cpp:13]   --->   Operation 39 'partselect' 'tmp_1_cast' <Predicate = (tmp)> <Delay = 0.00>
ST_5 : Operation 40 [1/1] (0.00ns) (grouped into LUT with out node sub_ln13_1)   --->   "%select_ln13 = select i1 %tmp, i6 %tmp_1_cast, i6 %tmp_2_cast" [../src/DMA24b_mm2s.cpp:13]   --->   Operation 40 'select' 'select_ln13' <Predicate = (tmp)> <Delay = 0.00> <CoreInst = "Sel">   --->   Core 73 'Sel' <Latency = 0> <II = 1> <Delay = 1.18> <FuncUnit> <Opcode : 'select'> <InPorts = 3> <OutPorts = 1>
ST_5 : Operation 41 [1/1] (1.82ns) (out node of the LUT)   --->   "%sub_ln13_1 = sub i6 0, i6 %select_ln13" [../src/DMA24b_mm2s.cpp:13]   --->   Operation 41 'sub' 'sub_ln13_1' <Predicate = (tmp)> <Delay = 1.82> <CoreInst = "Adder">   --->   Core 1 'Adder' <Latency = 0> <II = 1> <Delay = 1.54> <FuncUnit> <Opcode : 'add' 'sub'> <InPorts = 2> <OutPorts = 1>

State 6 <SV = 5> <Delay = 2.82>
ST_6 : Operation 42 [1/1] (0.00ns)   --->   "%specinterface_ln0 = specinterface void @_ssdm_op_SpecInterface, i128 %gmem, void @empty, i32 0, i32 0, void @empty_3, i32 0, i32 57600, void @empty_5, void @empty_10, void @empty_3, i32 16, i32 16, i32 64, i32 16, void @empty_3, void @empty_3"   --->   Operation 42 'specinterface' 'specinterface_ln0' <Predicate = true> <Delay = 0.00>
ST_6 : Operation 43 [1/1] (0.00ns)   --->   "%specinterface_ln0 = specinterface void @_ssdm_op_SpecInterface, i128 %mm_fifo1, void @empty_8, i32 0, i32 0, void @empty_3, i32 0, i32 0, void @empty_3, void @empty_3, void @empty_3, i32 0, i32 0, i32 0, i32 0, void @empty_3, void @empty_3"   --->   Operation 43 'specinterface' 'specinterface_ln0' <Predicate = true> <Delay = 0.00>
ST_6 : Operation 44 [1/1] (0.00ns)   --->   "%specinterface_ln0 = specinterface void @_ssdm_op_SpecInterface, i12 %img_w_out, void @ap_fifo_str, i32 0, i32 0, void @p_str, i32 0, i32 0, void @p_str, void @p_str, void @p_str, i32 2, i32 2, i32 16, i32 16, void @p_str, void @ScalarProp_str"   --->   Operation 44 'specinterface' 'specinterface_ln0' <Predicate = true> <Delay = 0.00>
ST_6 : Operation 45 [1/1] (0.00ns)   --->   "%mm_buffer_read = read i64 @_ssdm_op_Read.ap_auto.i64, i64 %mm_buffer"   --->   Operation 45 'read' 'mm_buffer_read' <Predicate = true> <Delay = 0.00>
ST_6 : Operation 46 [1/1] (0.00ns)   --->   "%specinterface_ln0 = specinterface void @_ssdm_op_SpecInterface, i12 %img_h_out, void @ap_fifo_str, i32 0, i32 0, void @p_str, i32 0, i32 0, void @p_str, void @p_str, void @p_str, i32 2, i32 2, i32 16, i32 16, void @p_str, void @ScalarProp_str"   --->   Operation 46 'specinterface' 'specinterface_ln0' <Predicate = true> <Delay = 0.00>
ST_6 : Operation 47 [1/1] (0.00ns)   --->   "%specinterface_ln0 = specinterface void @_ssdm_op_SpecInterface, i128 %mm_fifo1, void @empty_8, i32 0, i32 0, void @empty_3, i32 0, i32 0, void @empty_3, void @empty_3, void @empty_3, i32 0, i32 0, i32 0, i32 0, void @empty_3, void @empty_3"   --->   Operation 47 'specinterface' 'specinterface_ln0' <Predicate = true> <Delay = 0.00>
ST_6 : Operation 48 [1/1] (0.00ns)   --->   "%specinterface_ln0 = specinterface void @_ssdm_op_SpecInterface, i128 %gmem, void @empty, i32 0, i32 0, void @empty_3, i32 0, i32 57600, void @empty_5, void @empty_10, void @empty_3, i32 16, i32 16, i32 64, i32 16, void @empty_3, void @empty_3"   --->   Operation 48 'specinterface' 'specinterface_ln0' <Predicate = true> <Delay = 0.00>
ST_6 : Operation 49 [1/1] (1.18ns)   --->   "%select_ln13_1 = select i1 %tmp, i6 %sub_ln13_1, i6 %tmp_2_cast" [../src/DMA24b_mm2s.cpp:13]   --->   Operation 49 'select' 'select_ln13_1' <Predicate = true> <Delay = 1.18> <CoreInst = "Sel">   --->   Core 73 'Sel' <Latency = 0> <II = 1> <Delay = 1.18> <FuncUnit> <Opcode : 'select'> <InPorts = 3> <OutPorts = 1>
ST_6 : Operation 50 [1/1] (0.00ns)   --->   "%shl_ln1 = bitconcatenate i11 @_ssdm_op_BitConcatenate.i11.i6.i5, i6 %select_ln13_1, i5 0" [../src/DMA24b_mm2s.cpp:15]   --->   Operation 50 'bitconcatenate' 'shl_ln1' <Predicate = true> <Delay = 0.00>
ST_6 : Operation 51 [1/1] (0.00ns)   --->   "%shl_ln15_1 = bitconcatenate i9 @_ssdm_op_BitConcatenate.i9.i6.i3, i6 %select_ln13_1, i3 0" [../src/DMA24b_mm2s.cpp:15]   --->   Operation 51 'bitconcatenate' 'shl_ln15_1' <Predicate = true> <Delay = 0.00>
ST_6 : Operation 52 [1/1] (0.00ns)   --->   "%sext_ln15 = sext i9 %shl_ln15_1" [../src/DMA24b_mm2s.cpp:15]   --->   Operation 52 'sext' 'sext_ln15' <Predicate = true> <Delay = 0.00>
ST_6 : Operation 53 [1/1] (1.63ns)   --->   "%add_ln15 = add i11 %shl_ln1, i11 %sext_ln15" [../src/DMA24b_mm2s.cpp:15]   --->   Operation 53 'add' 'add_ln15' <Predicate = true> <Delay = 1.63> <CoreInst = "Adder">   --->   Core 1 'Adder' <Latency = 0> <II = 1> <Delay = 1.54> <FuncUnit> <Opcode : 'add' 'sub'> <InPorts = 2> <OutPorts = 1>
ST_6 : Operation 54 [1/1] (0.00ns)   --->   "%sext_ln14 = sext i11 %add_ln15" [../src/DMA24b_mm2s.cpp:14]   --->   Operation 54 'sext' 'sext_ln14' <Predicate = true> <Delay = 0.00>
ST_6 : Operation 55 [1/1] (0.00ns)   --->   "%zext_ln10 = zext i11 %shl_ln1" [../src/DMA24b_mm2s.cpp:10]   --->   Operation 55 'zext' 'zext_ln10' <Predicate = true> <Delay = 0.00>
ST_6 : Operation 56 [1/1] (0.00ns)   --->   "%zext_ln10_1 = zext i9 %shl_ln15_1" [../src/DMA24b_mm2s.cpp:10]   --->   Operation 56 'zext' 'zext_ln10_1' <Predicate = true> <Delay = 0.00>
ST_6 : Operation 57 [1/1] (1.63ns)   --->   "%add_ln10 = add i12 %zext_ln10, i12 %zext_ln10_1" [../src/DMA24b_mm2s.cpp:10]   --->   Operation 57 'add' 'add_ln10' <Predicate = true> <Delay = 1.63> <CoreInst = "Adder">   --->   Core 1 'Adder' <Latency = 0> <II = 1> <Delay = 1.54> <FuncUnit> <Opcode : 'add' 'sub'> <InPorts = 2> <OutPorts = 1>
ST_6 : Operation 58 [1/1] (1.58ns)   --->   "%br_ln14 = br void" [../src/DMA24b_mm2s.cpp:14]   --->   Operation 58 'br' 'br_ln14' <Predicate = true> <Delay = 1.58>

State 7 <SV = 6> <Delay = 2.28>
ST_7 : Operation 59 [1/1] (0.00ns)   --->   "%j = phi i12 %add_ln14, void %._crit_edge.i, i12 0, void %entry" [../src/DMA24b_mm2s.cpp:14]   --->   Operation 59 'phi' 'j' <Predicate = true> <Delay = 0.00>
ST_7 : Operation 60 [1/1] (1.54ns)   --->   "%add_ln14 = add i12 %j, i12 1" [../src/DMA24b_mm2s.cpp:14]   --->   Operation 60 'add' 'add_ln14' <Predicate = true> <Delay = 1.54> <CoreInst = "Adder">   --->   Core 1 'Adder' <Latency = 0> <II = 1> <Delay = 1.54> <FuncUnit> <Opcode : 'add' 'sub'> <InPorts = 2> <OutPorts = 1>
ST_7 : Operation 61 [1/1] (1.99ns)   --->   "%icmp_ln14 = icmp_eq  i12 %j, i12 %img_h_read" [../src/DMA24b_mm2s.cpp:14]   --->   Operation 61 'icmp' 'icmp_ln14' <Predicate = true> <Delay = 1.99> <CoreInst = "Cmp">   --->   Core 9 'Cmp' <Latency = 0> <II = 1> <Delay = 1.99> <FuncUnit> <Opcode : 'icmp'> <InPorts = 2> <OutPorts = 1>
ST_7 : Operation 62 [1/1] (0.00ns)   --->   "%br_ln14 = br i1 %icmp_ln14, void %.split4.i, void %.exit" [../src/DMA24b_mm2s.cpp:14]   --->   Operation 62 'br' 'br_ln14' <Predicate = true> <Delay = 0.00>
ST_7 : Operation 63 [1/1] (0.00ns)   --->   "%p_shl3_i = bitconcatenate i23 @_ssdm_op_BitConcatenate.i23.i12.i11, i12 %j, i11 0" [../src/DMA24b_mm2s.cpp:14]   --->   Operation 63 'bitconcatenate' 'p_shl3_i' <Predicate = (!icmp_ln14)> <Delay = 0.00>
ST_7 : Operation 64 [1/1] (0.00ns)   --->   "%p_shl3_cast11_i = zext i23 %p_shl3_i" [../src/DMA24b_mm2s.cpp:14]   --->   Operation 64 'zext' 'p_shl3_cast11_i' <Predicate = (!icmp_ln14)> <Delay = 0.00>
ST_7 : Operation 65 [1/1] (0.00ns)   --->   "%p_shl4_i = bitconcatenate i19 @_ssdm_op_BitConcatenate.i19.i12.i7, i12 %j, i7 0" [../src/DMA24b_mm2s.cpp:14]   --->   Operation 65 'bitconcatenate' 'p_shl4_i' <Predicate = (!icmp_ln14)> <Delay = 0.00>
ST_7 : Operation 66 [1/1] (0.00ns)   --->   "%p_shl4_cast12_i = zext i19 %p_shl4_i" [../src/DMA24b_mm2s.cpp:14]   --->   Operation 66 'zext' 'p_shl4_cast12_i' <Predicate = (!icmp_ln14)> <Delay = 0.00>
ST_7 : Operation 67 [1/1] (2.28ns)   --->   "%empty = sub i24 %p_shl3_cast11_i, i24 %p_shl4_cast12_i" [../src/DMA24b_mm2s.cpp:14]   --->   Operation 67 'sub' 'empty' <Predicate = (!icmp_ln14)> <Delay = 2.28> <CoreInst = "Adder">   --->   Core 1 'Adder' <Latency = 0> <II = 1> <Delay = 1.54> <FuncUnit> <Opcode : 'add' 'sub'> <InPorts = 2> <OutPorts = 1>
ST_7 : Operation 68 [1/1] (0.00ns)   --->   "%ret_ln0 = ret"   --->   Operation 68 'ret' 'ret_ln0' <Predicate = (icmp_ln14)> <Delay = 0.00>

State 8 <SV = 7> <Delay = 3.52>
ST_8 : Operation 69 [1/1] (0.00ns)   --->   "%specloopname_ln14 = specloopname void @_ssdm_op_SpecLoopName, void @empty_12" [../src/DMA24b_mm2s.cpp:14]   --->   Operation 69 'specloopname' 'specloopname_ln14' <Predicate = true> <Delay = 0.00>
ST_8 : Operation 70 [1/1] (0.00ns)   --->   "%p_cast_i = sext i24 %empty" [../src/DMA24b_mm2s.cpp:14]   --->   Operation 70 'sext' 'p_cast_i' <Predicate = true> <Delay = 0.00>
ST_8 : Operation 71 [1/1] (3.52ns)   --->   "%empty_62 = add i64 %p_cast_i, i64 %mm_buffer_read" [../src/DMA24b_mm2s.cpp:14]   --->   Operation 71 'add' 'empty_62' <Predicate = true> <Delay = 3.52> <CoreInst = "Adder">   --->   Core 1 'Adder' <Latency = 0> <II = 1> <Delay = 1.54> <FuncUnit> <Opcode : 'add' 'sub'> <InPorts = 2> <OutPorts = 1>
ST_8 : Operation 72 [1/1] (0.00ns)   --->   "%br_ln15 = br i1 %cmp22_i, void %._crit_edge.i, void %.lr.ph.i" [../src/DMA24b_mm2s.cpp:15]   --->   Operation 72 'br' 'br_ln15' <Predicate = true> <Delay = 0.00>
ST_8 : Operation 73 [1/1] (0.00ns)   --->   "%trunc_ln1 = partselect i60 @_ssdm_op_PartSelect.i60.i64.i32.i32, i64 %empty_62, i32 4, i32 63" [../src/DMA24b_mm2s.cpp:15]   --->   Operation 73 'partselect' 'trunc_ln1' <Predicate = (cmp22_i)> <Delay = 0.00>

State 9 <SV = 8> <Delay = 4.86>
ST_9 : Operation 74 [1/1] (0.00ns)   --->   "%sext_ln15_1 = sext i60 %trunc_ln1" [../src/DMA24b_mm2s.cpp:15]   --->   Operation 74 'sext' 'sext_ln15_1' <Predicate = true> <Delay = 0.00>
ST_9 : Operation 75 [1/1] (0.00ns)   --->   "%gmem_addr = getelementptr i128 %gmem, i64 %sext_ln15_1" [../src/DMA24b_mm2s.cpp:15]   --->   Operation 75 'getelementptr' 'gmem_addr' <Predicate = true> <Delay = 0.00>
ST_9 : Operation 76 [7/7] (4.86ns)   --->   "%empty_63 = readreq i1 @_ssdm_op_ReadReq.m_axi.p1i128, i128 %gmem_addr, i32 %sext_ln14" [../src/DMA24b_mm2s.cpp:15]   --->   Operation 76 'readreq' 'empty_63' <Predicate = true> <Delay = 4.86> <CoreInst = "m_axi">   --->   Core 113 'm_axi' <Latency = 6> <II = 1> <Delay = 1.00> <Adapter> <Opcode : 'read' 'write' 'readreq' 'writereq' 'writeresp'>

State 10 <SV = 9> <Delay = 4.86>
ST_10 : Operation 77 [6/7] (4.86ns)   --->   "%empty_63 = readreq i1 @_ssdm_op_ReadReq.m_axi.p1i128, i128 %gmem_addr, i32 %sext_ln14" [../src/DMA24b_mm2s.cpp:15]   --->   Operation 77 'readreq' 'empty_63' <Predicate = true> <Delay = 4.86> <CoreInst = "m_axi">   --->   Core 113 'm_axi' <Latency = 6> <II = 1> <Delay = 1.00> <Adapter> <Opcode : 'read' 'write' 'readreq' 'writereq' 'writeresp'>

State 11 <SV = 10> <Delay = 4.86>
ST_11 : Operation 78 [5/7] (4.86ns)   --->   "%empty_63 = readreq i1 @_ssdm_op_ReadReq.m_axi.p1i128, i128 %gmem_addr, i32 %sext_ln14" [../src/DMA24b_mm2s.cpp:15]   --->   Operation 78 'readreq' 'empty_63' <Predicate = true> <Delay = 4.86> <CoreInst = "m_axi">   --->   Core 113 'm_axi' <Latency = 6> <II = 1> <Delay = 1.00> <Adapter> <Opcode : 'read' 'write' 'readreq' 'writereq' 'writeresp'>

State 12 <SV = 11> <Delay = 4.86>
ST_12 : Operation 79 [4/7] (4.86ns)   --->   "%empty_63 = readreq i1 @_ssdm_op_ReadReq.m_axi.p1i128, i128 %gmem_addr, i32 %sext_ln14" [../src/DMA24b_mm2s.cpp:15]   --->   Operation 79 'readreq' 'empty_63' <Predicate = true> <Delay = 4.86> <CoreInst = "m_axi">   --->   Core 113 'm_axi' <Latency = 6> <II = 1> <Delay = 1.00> <Adapter> <Opcode : 'read' 'write' 'readreq' 'writereq' 'writeresp'>

State 13 <SV = 12> <Delay = 4.86>
ST_13 : Operation 80 [3/7] (4.86ns)   --->   "%empty_63 = readreq i1 @_ssdm_op_ReadReq.m_axi.p1i128, i128 %gmem_addr, i32 %sext_ln14" [../src/DMA24b_mm2s.cpp:15]   --->   Operation 80 'readreq' 'empty_63' <Predicate = true> <Delay = 4.86> <CoreInst = "m_axi">   --->   Core 113 'm_axi' <Latency = 6> <II = 1> <Delay = 1.00> <Adapter> <Opcode : 'read' 'write' 'readreq' 'writereq' 'writeresp'>

State 14 <SV = 13> <Delay = 4.86>
ST_14 : Operation 81 [2/7] (4.86ns)   --->   "%empty_63 = readreq i1 @_ssdm_op_ReadReq.m_axi.p1i128, i128 %gmem_addr, i32 %sext_ln14" [../src/DMA24b_mm2s.cpp:15]   --->   Operation 81 'readreq' 'empty_63' <Predicate = true> <Delay = 4.86> <CoreInst = "m_axi">   --->   Core 113 'm_axi' <Latency = 6> <II = 1> <Delay = 1.00> <Adapter> <Opcode : 'read' 'write' 'readreq' 'writereq' 'writeresp'>

State 15 <SV = 14> <Delay = 4.86>
ST_15 : Operation 82 [1/7] (4.86ns)   --->   "%empty_63 = readreq i1 @_ssdm_op_ReadReq.m_axi.p1i128, i128 %gmem_addr, i32 %sext_ln14" [../src/DMA24b_mm2s.cpp:15]   --->   Operation 82 'readreq' 'empty_63' <Predicate = true> <Delay = 4.86> <CoreInst = "m_axi">   --->   Core 113 'm_axi' <Latency = 6> <II = 1> <Delay = 1.00> <Adapter> <Opcode : 'read' 'write' 'readreq' 'writereq' 'writeresp'>
ST_15 : Operation 83 [1/1] (1.58ns)   --->   "%br_ln15 = br void" [../src/DMA24b_mm2s.cpp:15]   --->   Operation 83 'br' 'br_ln15' <Predicate = true> <Delay = 1.58>

State 16 <SV = 15> <Delay = 1.99>
ST_16 : Operation 84 [1/1] (0.00ns)   --->   "%indvar_flatten = phi i12 0, void %.lr.ph.i, i12 %add_ln15_1, void %.split2.i" [../src/DMA24b_mm2s.cpp:15]   --->   Operation 84 'phi' 'indvar_flatten' <Predicate = true> <Delay = 0.00>
ST_16 : Operation 85 [1/1] (1.54ns)   --->   "%add_ln15_1 = add i12 %indvar_flatten, i12 1" [../src/DMA24b_mm2s.cpp:15]   --->   Operation 85 'add' 'add_ln15_1' <Predicate = true> <Delay = 1.54> <CoreInst = "Adder">   --->   Core 1 'Adder' <Latency = 0> <II = 1> <Delay = 1.54> <FuncUnit> <Opcode : 'add' 'sub'> <InPorts = 2> <OutPorts = 1>
ST_16 : Operation 86 [1/1] (1.99ns)   --->   "%icmp_ln15 = icmp_eq  i12 %indvar_flatten, i12 %add_ln10" [../src/DMA24b_mm2s.cpp:15]   --->   Operation 86 'icmp' 'icmp_ln15' <Predicate = true> <Delay = 1.99> <CoreInst = "Cmp">   --->   Core 9 'Cmp' <Latency = 0> <II = 1> <Delay = 1.99> <FuncUnit> <Opcode : 'icmp'> <InPorts = 2> <OutPorts = 1>
ST_16 : Operation 87 [1/1] (0.00ns)   --->   "%br_ln15 = br i1 %icmp_ln15, void %.split2.i, void %._crit_edge.i.loopexit" [../src/DMA24b_mm2s.cpp:15]   --->   Operation 87 'br' 'br_ln15' <Predicate = true> <Delay = 0.00>

State 17 <SV = 16> <Delay = 4.86>
ST_17 : Operation 88 [1/1] (4.86ns)   --->   "%data_mm_buffer_V = read i128 @_ssdm_op_Read.m_axi.p1i128, i128 %gmem_addr"   --->   Operation 88 'read' 'data_mm_buffer_V' <Predicate = (!icmp_ln15)> <Delay = 4.86> <CoreInst = "m_axi">   --->   Core 113 'm_axi' <Latency = 6> <II = 1> <Delay = 1.00> <Adapter> <Opcode : 'read' 'write' 'readreq' 'writereq' 'writeresp'>

State 18 <SV = 17> <Delay = 2.43>
ST_18 : Operation 89 [1/1] (0.00ns)   --->   "%specloopname_ln0 = specloopname void @_ssdm_op_SpecLoopName, void @burst_loop_beat_loop_str"   --->   Operation 89 'specloopname' 'specloopname_ln0' <Predicate = (!icmp_ln15)> <Delay = 0.00>
ST_18 : Operation 90 [1/1] (0.00ns)   --->   "%empty_64 = speclooptripcount i32 @_ssdm_op_SpecLoopTripCount, i64 40, i64 1000, i64 0"   --->   Operation 90 'speclooptripcount' 'empty_64' <Predicate = (!icmp_ln15)> <Delay = 0.00>
ST_18 : Operation 91 [1/1] (0.00ns)   --->   "%specpipeline_ln16 = specpipeline void @_ssdm_op_SpecPipeline, i32 1, i32 0, i32 0, i32 0, void @empty_3" [../src/DMA24b_mm2s.cpp:16]   --->   Operation 91 'specpipeline' 'specpipeline_ln16' <Predicate = (!icmp_ln15)> <Delay = 0.00>
ST_18 : Operation 92 [1/1] (0.00ns)   --->   "%specloopname_ln16 = specloopname void @_ssdm_op_SpecLoopName, void @empty_11" [../src/DMA24b_mm2s.cpp:16]   --->   Operation 92 'specloopname' 'specloopname_ln16' <Predicate = (!icmp_ln15)> <Delay = 0.00>
ST_18 : Operation 93 [1/1] (2.43ns)   --->   "%write_ln174 = write void @_ssdm_op_Write.ap_fifo.volatile.i128P0A, i128 %mm_fifo1, i128 %data_mm_buffer_V" [/tools/xilinx/Vitis_HLS/2020.2/common/technology/autopilot/hls_stream_39.h:174]   --->   Operation 93 'write' 'write_ln174' <Predicate = (!icmp_ln15)> <Delay = 2.43> <CoreInst = "FIFO">   --->   Core 78 'FIFO' <Latency = 0> <II = 1> <Delay = 3.53> <Storage> <Opcode : 'read' 'write' 'nbread' 'nbwrite'> <Ports = 0> <Width = 128> <Depth = 256> <FIFO>
ST_18 : Operation 94 [1/1] (0.00ns)   --->   "%br_ln0 = br void"   --->   Operation 94 'br' 'br_ln0' <Predicate = (!icmp_ln15)> <Delay = 0.00>

State 19 <SV = 16> <Delay = 0.00>
ST_19 : Operation 95 [1/1] (0.00ns)   --->   "%br_ln0 = br void %._crit_edge.i"   --->   Operation 95 'br' 'br_ln0' <Predicate = (cmp22_i)> <Delay = 0.00>
ST_19 : Operation 96 [1/1] (0.00ns)   --->   "%br_ln0 = br void"   --->   Operation 96 'br' 'br_ln0' <Predicate = true> <Delay = 0.00>


============================================================
+ Verbose Summary: Binding
============================================================
STG Binding: 
---------------- STG Properties BEGIN ----------------
- Is combinational: 0
- Is one-state seq: 0
- Is datapath-only: 0
- Is pipelined: 0
- Is top level: 0
Port [ Return ] is wired: 1; IO mode=ap_ctrl_hs:ce=0
Port [ gmem]:  wired=1; compound=1; hidden=0; nouse=0; global=0; static=0; extern=0; dir=0; type=4; pingpong=0; private_global=0; IO mode=m_axi:ce=0
Port [ mm_fifo1]:  wired=1; compound=1; hidden=0; nouse=0; global=0; static=0; extern=0; dir=1; type=3; pingpong=0; private_global=0; IO mode=ap_fifo:ce=0
Port [ mm_buffer]:  wired=1; compound=0; hidden=0; nouse=0; global=0; static=0; extern=0; dir=0; type=0; pingpong=0; private_global=0; IO mode=ap_none:ce=0
Port [ img_w]:  wired=1; compound=0; hidden=0; nouse=0; global=0; static=0; extern=0; dir=0; type=0; pingpong=0; private_global=0; IO mode=ap_none:ce=0
Port [ img_h]:  wired=1; compound=0; hidden=0; nouse=0; global=0; static=0; extern=0; dir=0; type=0; pingpong=0; private_global=0; IO mode=ap_none:ce=0
Port [ img_w_out]:  wired=1; compound=1; hidden=0; nouse=0; global=0; static=0; extern=0; dir=1; type=3; pingpong=0; private_global=0; IO mode=ap_fifo:ce=0
Port [ img_h_out]:  wired=1; compound=1; hidden=0; nouse=0; global=0; static=0; extern=0; dir=1; type=3; pingpong=0; private_global=0; IO mode=ap_fifo:ce=0
---------------- STG Properties END ------------------

---------------- Datapath Model BEGIN ----------------

<LifeTime>
<method=bitvector/>
img_h_read        (read             ) [ 00111111111111111111]
img_w_read        (read             ) [ 00000000000000000000]
write_ln0         (write            ) [ 00000000000000000000]
write_ln0         (write            ) [ 00000000000000000000]
trunc_ln          (partselect       ) [ 00000000000000000000]
zext_ln12         (zext             ) [ 00000000000000000000]
shl_ln            (bitconcatenate   ) [ 00000000000000000000]
zext_ln12_1       (zext             ) [ 00000000000000000000]
beats_per_line    (sub              ) [ 00000000000000000000]
sext_ln13         (sext             ) [ 00111000000000000000]
tmp               (bitselect        ) [ 00111110000000000000]
cmp22_i           (icmp             ) [ 00111111111111111111]
mul_ln13          (mul              ) [ 00000000000000000000]
trunc_ln13        (trunc            ) [ 00000100000000000000]
tmp_2_cast        (partselect       ) [ 00000110000000000000]
sub_ln13          (sub              ) [ 00000000000000000000]
tmp_1_cast        (partselect       ) [ 00000000000000000000]
select_ln13       (select           ) [ 00000000000000000000]
sub_ln13_1        (sub              ) [ 00000010000000000000]
specinterface_ln0 (specinterface    ) [ 00000000000000000000]
specinterface_ln0 (specinterface    ) [ 00000000000000000000]
specinterface_ln0 (specinterface    ) [ 00000000000000000000]
mm_buffer_read    (read             ) [ 00000001111111111111]
specinterface_ln0 (specinterface    ) [ 00000000000000000000]
specinterface_ln0 (specinterface    ) [ 00000000000000000000]
specinterface_ln0 (specinterface    ) [ 00000000000000000000]
select_ln13_1     (select           ) [ 00000000000000000000]
shl_ln1           (bitconcatenate   ) [ 00000000000000000000]
shl_ln15_1        (bitconcatenate   ) [ 00000000000000000000]
sext_ln15         (sext             ) [ 00000000000000000000]
add_ln15          (add              ) [ 00000000000000000000]
sext_ln14         (sext             ) [ 00000001111111111111]
zext_ln10         (zext             ) [ 00000000000000000000]
zext_ln10_1       (zext             ) [ 00000000000000000000]
add_ln10          (add              ) [ 00000001111111111111]
br_ln14           (br               ) [ 00000011111111111111]
j                 (phi              ) [ 00000001000000000000]
add_ln14          (add              ) [ 00000011111111111111]
icmp_ln14         (icmp             ) [ 00000001111111111111]
br_ln14           (br               ) [ 00000000000000000000]
p_shl3_i          (bitconcatenate   ) [ 00000000000000000000]
p_shl3_cast11_i   (zext             ) [ 00000000000000000000]
p_shl4_i          (bitconcatenate   ) [ 00000000000000000000]
p_shl4_cast12_i   (zext             ) [ 00000000000000000000]
empty             (sub              ) [ 00000000100000000000]
ret_ln0           (ret              ) [ 00000000000000000000]
specloopname_ln14 (specloopname     ) [ 00000000000000000000]
p_cast_i          (sext             ) [ 00000000000000000000]
empty_62          (add              ) [ 00000000000000000000]
br_ln15           (br               ) [ 00000000000000000000]
trunc_ln1         (partselect       ) [ 00000000010000000000]
sext_ln15_1       (sext             ) [ 00000000000000000000]
gmem_addr         (getelementptr    ) [ 00000000001111111110]
empty_63          (readreq          ) [ 00000000000000000000]
br_ln15           (br               ) [ 00000001111111111111]
indvar_flatten    (phi              ) [ 00000000000000001000]
add_ln15_1        (add              ) [ 00000001111111111111]
icmp_ln15         (icmp             ) [ 00000001111111111111]
br_ln15           (br               ) [ 00000000000000000000]
data_mm_buffer_V  (read             ) [ 00000000000000001010]
specloopname_ln0  (specloopname     ) [ 00000000000000000000]
empty_64          (speclooptripcount) [ 00000000000000000000]
specpipeline_ln16 (specpipeline     ) [ 00000000000000000000]
specloopname_ln16 (specloopname     ) [ 00000000000000000000]
write_ln174       (write            ) [ 00000000000000000000]
br_ln0            (br               ) [ 00000001111111111111]
br_ln0            (br               ) [ 00000000000000000000]
br_ln0            (br               ) [ 00000011111111111111]
</LifeTime>

<model>

<comp_list>
<comp id="0" class="1000" name="gmem">
<pin_list>
<pin id="1" dir="1" index="0" bw="1" slack="0"/>
</pin_list>
<bind>
<StgValue><ssdm name="gmem"/></StgValue>
</bind>
</comp>

<comp id="2" class="1000" name="mm_fifo1">
<pin_list>
<pin id="3" dir="1" index="0" bw="1" slack="0"/>
</pin_list>
<bind>
<StgValue><ssdm name="mm_fifo1"/></StgValue>
</bind>
</comp>

<comp id="4" class="1000" name="mm_buffer">
<pin_list>
<pin id="5" dir="1" index="0" bw="1" slack="0"/>
</pin_list>
<bind>
<StgValue><ssdm name="mm_buffer"/></StgValue>
</bind>
</comp>

<comp id="6" class="1000" name="img_w">
<pin_list>
<pin id="7" dir="1" index="0" bw="1" slack="0"/>
</pin_list>
<bind>
<StgValue><ssdm name="img_w"/></StgValue>
</bind>
</comp>

<comp id="8" class="1000" name="img_h">
<pin_list>
<pin id="9" dir="1" index="0" bw="1" slack="0"/>
</pin_list>
<bind>
<StgValue><ssdm name="img_h"/></StgValue>
</bind>
</comp>

<comp id="10" class="1000" name="img_w_out">
<pin_list>
<pin id="11" dir="1" index="0" bw="1" slack="0"/>
</pin_list>
<bind>
<StgValue><ssdm name="img_w_out"/></StgValue>
</bind>
</comp>

<comp id="12" class="1000" name="img_h_out">
<pin_list>
<pin id="13" dir="1" index="0" bw="1" slack="0"/>
</pin_list>
<bind>
<StgValue><ssdm name="img_h_out"/></StgValue>
</bind>
</comp>

<comp id="14" class="1001" name="const_14">
<pin_list>
<pin id="15" dir="1" index="0" bw="1" slack="0"/>
</pin_list>
<bind>
<StgValue><ssdm name="_ssdm_op_Read.ap_auto.i12"/></StgValue>
</bind>
</comp>

<comp id="16" class="1001" name="const_16">
<pin_list>
<pin id="17" dir="1" index="0" bw="1" slack="0"/>
</pin_list>
<bind>
<StgValue><ssdm name="_ssdm_op_Write.ap_fifo.i12P0A"/></StgValue>
</bind>
</comp>

<comp id="18" class="1001" name="const_18">
<pin_list>
<pin id="19" dir="1" index="0" bw="1" slack="0"/>
</pin_list>
<bind>
<StgValue><ssdm name="_ssdm_op_PartSelect.i8.i12.i32.i32"/></StgValue>
</bind>
</comp>

<comp id="20" class="1001" name="const_20">
<pin_list>
<pin id="21" dir="1" index="0" bw="1" slack="0"/>
</pin_list>
<bind>
<StgValue><ssdm name=""/></StgValue>
</bind>
</comp>

<comp id="22" class="1001" name="const_22">
<pin_list>
<pin id="23" dir="1" index="0" bw="1" slack="0"/>
</pin_list>
<bind>
<StgValue><ssdm name=""/></StgValue>
</bind>
</comp>

<comp id="24" class="1001" name="const_24">
<pin_list>
<pin id="25" dir="1" index="0" bw="1" slack="0"/>
</pin_list>
<bind>
<StgValue><ssdm name="_ssdm_op_BitConcatenate.i10.i8.i2"/></StgValue>
</bind>
</comp>

<comp id="26" class="1001" name="const_26">
<pin_list>
<pin id="27" dir="1" index="0" bw="1" slack="0"/>
</pin_list>
<bind>
<StgValue><ssdm name=""/></StgValue>
</bind>
</comp>

<comp id="28" class="1001" name="const_28">
<pin_list>
<pin id="29" dir="1" index="0" bw="1" slack="0"/>
</pin_list>
<bind>
<StgValue><ssdm name=""/></StgValue>
</bind>
</comp>

<comp id="30" class="1001" name="const_30">
<pin_list>
<pin id="31" dir="1" index="0" bw="1" slack="0"/>
</pin_list>
<bind>
<StgValue><ssdm name="_ssdm_op_BitSelect.i1.i11.i32"/></StgValue>
</bind>
</comp>

<comp id="32" class="1001" name="const_32">
<pin_list>
<pin id="33" dir="1" index="0" bw="1" slack="0"/>
</pin_list>
<bind>
<StgValue><ssdm name=""/></StgValue>
</bind>
</comp>

<comp id="34" class="1001" name="const_34">
<pin_list>
<pin id="35" dir="1" index="0" bw="1" slack="0"/>
</pin_list>
<bind>
<StgValue><ssdm name=""/></StgValue>
</bind>
</comp>

<comp id="36" class="1001" name="const_36">
<pin_list>
<pin id="37" dir="1" index="0" bw="1" slack="0"/>
</pin_list>
<bind>
<StgValue><ssdm name="_ssdm_op_PartSelect.i6.i24.i32.i32"/></StgValue>
</bind>
</comp>

<comp id="38" class="1001" name="const_38">
<pin_list>
<pin id="39" dir="1" index="0" bw="1" slack="0"/>
</pin_list>
<bind>
<StgValue><ssdm name=""/></StgValue>
</bind>
</comp>

<comp id="40" class="1001" name="const_40">
<pin_list>
<pin id="41" dir="1" index="0" bw="1" slack="0"/>
</pin_list>
<bind>
<StgValue><ssdm name=""/></StgValue>
</bind>
</comp>

<comp id="42" class="1001" name="const_42">
<pin_list>
<pin id="43" dir="1" index="0" bw="1" slack="0"/>
</pin_list>
<bind>
<StgValue><ssdm name=""/></StgValue>
</bind>
</comp>

<comp id="44" class="1001" name="const_44">
<pin_list>
<pin id="45" dir="1" index="0" bw="1" slack="0"/>
</pin_list>
<bind>
<StgValue><ssdm name="_ssdm_op_PartSelect.i6.i23.i32.i32"/></StgValue>
</bind>
</comp>

<comp id="46" class="1001" name="const_46">
<pin_list>
<pin id="47" dir="1" index="0" bw="1" slack="0"/>
</pin_list>
<bind>
<StgValue><ssdm name=""/></StgValue>
</bind>
</comp>

<comp id="48" class="1001" name="const_48">
<pin_list>
<pin id="49" dir="1" index="0" bw="1" slack="2147483647"/>
</pin_list>
<bind>
<StgValue><ssdm name="_ssdm_op_SpecInterface"/></StgValue>
</bind>
</comp>

<comp id="50" class="1001" name="const_50">
<pin_list>
<pin id="51" dir="1" index="0" bw="1" slack="2147483647"/>
</pin_list>
<bind>
<StgValue><ssdm name="empty"/></StgValue>
</bind>
</comp>

<comp id="52" class="1001" name="const_52">
<pin_list>
<pin id="53" dir="1" index="0" bw="1" slack="2147483647"/>
</pin_list>
<bind>
<StgValue><ssdm name=""/></StgValue>
</bind>
</comp>

<comp id="54" class="1001" name="const_54">
<pin_list>
<pin id="55" dir="1" index="0" bw="1" slack="2147483647"/>
</pin_list>
<bind>
<StgValue><ssdm name="empty_3"/></StgValue>
</bind>
</comp>

<comp id="56" class="1001" name="const_56">
<pin_list>
<pin id="57" dir="1" index="0" bw="1" slack="2147483647"/>
</pin_list>
<bind>
<StgValue><ssdm name=""/></StgValue>
</bind>
</comp>

<comp id="58" class="1001" name="const_58">
<pin_list>
<pin id="59" dir="1" index="0" bw="1" slack="2147483647"/>
</pin_list>
<bind>
<StgValue><ssdm name="empty_5"/></StgValue>
</bind>
</comp>

<comp id="60" class="1001" name="const_60">
<pin_list>
<pin id="61" dir="1" index="0" bw="1" slack="2147483647"/>
</pin_list>
<bind>
<StgValue><ssdm name="empty_10"/></StgValue>
</bind>
</comp>

<comp id="62" class="1001" name="const_62">
<pin_list>
<pin id="63" dir="1" index="0" bw="1" slack="2147483647"/>
</pin_list>
<bind>
<StgValue><ssdm name=""/></StgValue>
</bind>
</comp>

<comp id="64" class="1001" name="const_64">
<pin_list>
<pin id="65" dir="1" index="0" bw="1" slack="2147483647"/>
</pin_list>
<bind>
<StgValue><ssdm name=""/></StgValue>
</bind>
</comp>

<comp id="66" class="1001" name="const_66">
<pin_list>
<pin id="67" dir="1" index="0" bw="1" slack="2147483647"/>
</pin_list>
<bind>
<StgValue><ssdm name="empty_8"/></StgValue>
</bind>
</comp>

<comp id="68" class="1001" name="const_68">
<pin_list>
<pin id="69" dir="1" index="0" bw="1" slack="2147483647"/>
</pin_list>
<bind>
<StgValue><ssdm name="ap_fifo_str"/></StgValue>
</bind>
</comp>

<comp id="70" class="1001" name="const_70">
<pin_list>
<pin id="71" dir="1" index="0" bw="1" slack="2147483647"/>
</pin_list>
<bind>
<StgValue><ssdm name="p_str"/></StgValue>
</bind>
</comp>

<comp id="72" class="1001" name="const_72">
<pin_list>
<pin id="73" dir="1" index="0" bw="1" slack="2147483647"/>
</pin_list>
<bind>
<StgValue><ssdm name=""/></StgValue>
</bind>
</comp>

<comp id="74" class="1001" name="const_74">
<pin_list>
<pin id="75" dir="1" index="0" bw="1" slack="2147483647"/>
</pin_list>
<bind>
<StgValue><ssdm name="ScalarProp_str"/></StgValue>
</bind>
</comp>

<comp id="76" class="1001" name="const_76">
<pin_list>
<pin id="77" dir="1" index="0" bw="1" slack="0"/>
</pin_list>
<bind>
<StgValue><ssdm name="_ssdm_op_Read.ap_auto.i64"/></StgValue>
</bind>
</comp>

<comp id="78" class="1001" name="const_78">
<pin_list>
<pin id="79" dir="1" index="0" bw="1" slack="0"/>
</pin_list>
<bind>
<StgValue><ssdm name="_ssdm_op_BitConcatenate.i11.i6.i5"/></StgValue>
</bind>
</comp>

<comp id="80" class="1001" name="const_80">
<pin_list>
<pin id="81" dir="1" index="0" bw="1" slack="0"/>
</pin_list>
<bind>
<StgValue><ssdm name=""/></StgValue>
</bind>
</comp>

<comp id="82" class="1001" name="const_82">
<pin_list>
<pin id="83" dir="1" index="0" bw="1" slack="0"/>
</pin_list>
<bind>
<StgValue><ssdm name="_ssdm_op_BitConcatenate.i9.i6.i3"/></StgValue>
</bind>
</comp>

<comp id="84" class="1001" name="const_84">
<pin_list>
<pin id="85" dir="1" index="0" bw="1" slack="0"/>
</pin_list>
<bind>
<StgValue><ssdm name=""/></StgValue>
</bind>
</comp>

<comp id="86" class="1001" name="const_86">
<pin_list>
<pin id="87" dir="1" index="0" bw="1" slack="1"/>
</pin_list>
<bind>
<StgValue><ssdm name=""/></StgValue>
</bind>
</comp>

<comp id="88" class="1001" name="const_88">
<pin_list>
<pin id="89" dir="1" index="0" bw="1" slack="0"/>
</pin_list>
<bind>
<StgValue><ssdm name=""/></StgValue>
</bind>
</comp>

<comp id="90" class="1001" name="const_90">
<pin_list>
<pin id="91" dir="1" index="0" bw="1" slack="0"/>
</pin_list>
<bind>
<StgValue><ssdm name="_ssdm_op_BitConcatenate.i23.i12.i11"/></StgValue>
</bind>
</comp>

<comp id="92" class="1001" name="const_92">
<pin_list>
<pin id="93" dir="1" index="0" bw="1" slack="0"/>
</pin_list>
<bind>
<StgValue><ssdm name=""/></StgValue>
</bind>
</comp>

<comp id="94" class="1001" name="const_94">
<pin_list>
<pin id="95" dir="1" index="0" bw="1" slack="0"/>
</pin_list>
<bind>
<StgValue><ssdm name="_ssdm_op_BitConcatenate.i19.i12.i7"/></StgValue>
</bind>
</comp>

<comp id="96" class="1001" name="const_96">
<pin_list>
<pin id="97" dir="1" index="0" bw="1" slack="0"/>
</pin_list>
<bind>
<StgValue><ssdm name=""/></StgValue>
</bind>
</comp>

<comp id="98" class="1001" name="const_98">
<pin_list>
<pin id="99" dir="1" index="0" bw="1" slack="2147483647"/>
</pin_list>
<bind>
<StgValue><ssdm name="_ssdm_op_SpecLoopName"/></StgValue>
</bind>
</comp>

<comp id="100" class="1001" name="const_100">
<pin_list>
<pin id="101" dir="1" index="0" bw="1" slack="2147483647"/>
</pin_list>
<bind>
<StgValue><ssdm name="empty_12"/></StgValue>
</bind>
</comp>

<comp id="102" class="1001" name="const_102">
<pin_list>
<pin id="103" dir="1" index="0" bw="1" slack="0"/>
</pin_list>
<bind>
<StgValue><ssdm name="_ssdm_op_PartSelect.i60.i64.i32.i32"/></StgValue>
</bind>
</comp>

<comp id="104" class="1001" name="const_104">
<pin_list>
<pin id="105" dir="1" index="0" bw="1" slack="0"/>
</pin_list>
<bind>
<StgValue><ssdm name=""/></StgValue>
</bind>
</comp>

<comp id="106" class="1001" name="const_106">
<pin_list>
<pin id="107" dir="1" index="0" bw="1" slack="0"/>
</pin_list>
<bind>
<StgValue><ssdm name="_ssdm_op_ReadReq.m_axi.p1i128"/></StgValue>
</bind>
</comp>

<comp id="108" class="1001" name="const_108">
<pin_list>
<pin id="109" dir="1" index="0" bw="1" slack="0"/>
</pin_list>
<bind>
<StgValue><ssdm name="_ssdm_op_Read.m_axi.p1i128"/></StgValue>
</bind>
</comp>

<comp id="110" class="1001" name="const_110">
<pin_list>
<pin id="111" dir="1" index="0" bw="1" slack="2147483647"/>
</pin_list>
<bind>
<StgValue><ssdm name="burst_loop_beat_loop_str"/></StgValue>
</bind>
</comp>

<comp id="112" class="1001" name="const_112">
<pin_list>
<pin id="113" dir="1" index="0" bw="1" slack="2147483647"/>
</pin_list>
<bind>
<StgValue><ssdm name="_ssdm_op_SpecLoopTripCount"/></StgValue>
</bind>
</comp>

<comp id="114" class="1001" name="const_114">
<pin_list>
<pin id="115" dir="1" index="0" bw="1" slack="2147483647"/>
</pin_list>
<bind>
<StgValue><ssdm name=""/></StgValue>
</bind>
</comp>

<comp id="116" class="1001" name="const_116">
<pin_list>
<pin id="117" dir="1" index="0" bw="1" slack="2147483647"/>
</pin_list>
<bind>
<StgValue><ssdm name=""/></StgValue>
</bind>
</comp>

<comp id="118" class="1001" name="const_118">
<pin_list>
<pin id="119" dir="1" index="0" bw="1" slack="2147483647"/>
</pin_list>
<bind>
<StgValue><ssdm name=""/></StgValue>
</bind>
</comp>

<comp id="120" class="1001" name="const_120">
<pin_list>
<pin id="121" dir="1" index="0" bw="1" slack="2147483647"/>
</pin_list>
<bind>
<StgValue><ssdm name="_ssdm_op_SpecPipeline"/></StgValue>
</bind>
</comp>

<comp id="122" class="1001" name="const_122">
<pin_list>
<pin id="123" dir="1" index="0" bw="1" slack="2147483647"/>
</pin_list>
<bind>
<StgValue><ssdm name=""/></StgValue>
</bind>
</comp>

<comp id="124" class="1001" name="const_124">
<pin_list>
<pin id="125" dir="1" index="0" bw="1" slack="2147483647"/>
</pin_list>
<bind>
<StgValue><ssdm name="empty_11"/></StgValue>
</bind>
</comp>

<comp id="126" class="1001" name="const_126">
<pin_list>
<pin id="127" dir="1" index="0" bw="1" slack="0"/>
</pin_list>
<bind>
<StgValue><ssdm name="_ssdm_op_Write.ap_fifo.volatile.i128P0A"/></StgValue>
</bind>
</comp>

<comp id="128" class="1004" name="img_h_read_read_fu_128">
<pin_list>
<pin id="129" dir="0" index="0" bw="12" slack="0"/>
<pin id="130" dir="0" index="1" bw="12" slack="0"/>
<pin id="131" dir="1" index="2" bw="12" slack="0"/>
</pin_list>
<bind>
<opcode="read(1150) " fcode="read"/>
<opset="img_h_read/1 "/>
</bind>
</comp>

<comp id="134" class="1004" name="img_w_read_read_fu_134">
<pin_list>
<pin id="135" dir="0" index="0" bw="12" slack="0"/>
<pin id="136" dir="0" index="1" bw="12" slack="0"/>
<pin id="137" dir="1" index="2" bw="12" slack="0"/>
</pin_list>
<bind>
<opcode="read(1150) " fcode="read"/>
<opset="img_w_read/1 "/>
</bind>
</comp>

<comp id="140" class="1004" name="write_ln0_write_fu_140">
<pin_list>
<pin id="141" dir="0" index="0" bw="0" slack="0"/>
<pin id="142" dir="0" index="1" bw="12" slack="0"/>
<pin id="143" dir="0" index="2" bw="12" slack="0"/>
<pin id="144" dir="1" index="3" bw="0" slack="2147483647"/>
</pin_list>
<bind>
<opcode="write(1151) " fcode="write"/>
<opset="write_ln0/1 "/>
</bind>
</comp>

<comp id="148" class="1004" name="write_ln0_write_fu_148">
<pin_list>
<pin id="149" dir="0" index="0" bw="0" slack="0"/>
<pin id="150" dir="0" index="1" bw="12" slack="0"/>
<pin id="151" dir="0" index="2" bw="12" slack="0"/>
<pin id="152" dir="1" index="3" bw="0" slack="2147483647"/>
</pin_list>
<bind>
<opcode="write(1151) " fcode="write"/>
<opset="write_ln0/1 "/>
</bind>
</comp>

<comp id="156" class="1004" name="mm_buffer_read_read_fu_156">
<pin_list>
<pin id="157" dir="0" index="0" bw="64" slack="0"/>
<pin id="158" dir="0" index="1" bw="64" slack="0"/>
<pin id="159" dir="1" index="2" bw="64" slack="2"/>
</pin_list>
<bind>
<opcode="read(1150) " fcode="read"/>
<opset="mm_buffer_read/6 "/>
</bind>
</comp>

<comp id="162" class="1004" name="grp_readreq_fu_162">
<pin_list>
<pin id="163" dir="0" index="0" bw="1" slack="0"/>
<pin id="164" dir="0" index="1" bw="128" slack="0"/>
<pin id="165" dir="0" index="2" bw="11" slack="3"/>
<pin id="166" dir="1" index="3" bw="1" slack="2147483647"/>
</pin_list>
<bind>
<opcode="readreq(1154) " fcode="readreq"/>
<opset="empty_63/9 "/>
</bind>
</comp>

<comp id="168" class="1004" name="data_mm_buffer_V_read_fu_168">
<pin_list>
<pin id="169" dir="0" index="0" bw="128" slack="0"/>
<pin id="170" dir="0" index="1" bw="128" slack="8"/>
<pin id="171" dir="1" index="2" bw="128" slack="1"/>
</pin_list>
<bind>
<opcode="read(1150) " fcode="read"/>
<opset="data_mm_buffer_V/17 "/>
</bind>
</comp>

<comp id="173" class="1004" name="write_ln174_write_fu_173">
<pin_list>
<pin id="174" dir="0" index="0" bw="0" slack="0"/>
<pin id="175" dir="0" index="1" bw="128" slack="0"/>
<pin id="176" dir="0" index="2" bw="128" slack="1"/>
<pin id="177" dir="1" index="3" bw="0" slack="2147483647"/>
</pin_list>
<bind>
<opcode="write(1151) " fcode="write"/>
<opset="write_ln174/18 "/>
</bind>
</comp>

<comp id="180" class="1005" name="j_reg_180">
<pin_list>
<pin id="181" dir="0" index="0" bw="12" slack="1"/>
<pin id="182" dir="1" index="1" bw="12" slack="1"/>
</pin_list>
<bind>
<opset="j (phireg) "/>
</bind>
</comp>

<comp id="184" class="1004" name="j_phi_fu_184">
<pin_list>
<pin id="185" dir="0" index="0" bw="12" slack="0"/>
<pin id="186" dir="0" index="1" bw="0" slack="2147483647"/>
<pin id="187" dir="0" index="2" bw="1" slack="1"/>
<pin id="188" dir="0" index="3" bw="0" slack="2147483647"/>
<pin id="189" dir="1" index="4" bw="12" slack="0"/>
</pin_list>
<bind>
<opcode="phi(47) " fcode="phi"/>
<opset="j/7 "/>
</bind>
</comp>

<comp id="191" class="1005" name="indvar_flatten_reg_191">
<pin_list>
<pin id="192" dir="0" index="0" bw="12" slack="1"/>
<pin id="193" dir="1" index="1" bw="12" slack="1"/>
</pin_list>
<bind>
<opset="indvar_flatten (phireg) "/>
</bind>
</comp>

<comp id="195" class="1004" name="indvar_flatten_phi_fu_195">
<pin_list>
<pin id="196" dir="0" index="0" bw="1" slack="1"/>
<pin id="197" dir="0" index="1" bw="0" slack="2147483647"/>
<pin id="198" dir="0" index="2" bw="12" slack="0"/>
<pin id="199" dir="0" index="3" bw="0" slack="2147483647"/>
<pin id="200" dir="1" index="4" bw="12" slack="0"/>
</pin_list>
<bind>
<opcode="phi(47) " fcode="phi"/>
<opset="indvar_flatten/16 "/>
</bind>
</comp>

<comp id="202" class="1004" name="trunc_ln_fu_202">
<pin_list>
<pin id="203" dir="0" index="0" bw="8" slack="0"/>
<pin id="204" dir="0" index="1" bw="12" slack="0"/>
<pin id="205" dir="0" index="2" bw="4" slack="0"/>
<pin id="206" dir="0" index="3" bw="5" slack="0"/>
<pin id="207" dir="1" index="4" bw="8" slack="0"/>
</pin_list>
<bind>
<opcode="partselect(1002) " fcode="partselect"/>
<opset="trunc_ln/1 "/>
</bind>
</comp>

<comp id="212" class="1004" name="zext_ln12_fu_212">
<pin_list>
<pin id="213" dir="0" index="0" bw="8" slack="0"/>
<pin id="214" dir="1" index="1" bw="11" slack="0"/>
</pin_list>
<bind>
<opcode="zext(34) " fcode="zext"/>
<opset="zext_ln12/1 "/>
</bind>
</comp>

<comp id="216" class="1004" name="shl_ln_fu_216">
<pin_list>
<pin id="217" dir="0" index="0" bw="10" slack="0"/>
<pin id="218" dir="0" index="1" bw="8" slack="0"/>
<pin id="219" dir="0" index="2" bw="1" slack="0"/>
<pin id="220" dir="1" index="3" bw="10" slack="0"/>
</pin_list>
<bind>
<opcode="bitconcatenate(1004) " fcode="bitconcatenate"/>
<opset="shl_ln/1 "/>
</bind>
</comp>

<comp id="224" class="1004" name="zext_ln12_1_fu_224">
<pin_list>
<pin id="225" dir="0" index="0" bw="10" slack="0"/>
<pin id="226" dir="1" index="1" bw="11" slack="0"/>
</pin_list>
<bind>
<opcode="zext(34) " fcode="zext"/>
<opset="zext_ln12_1/1 "/>
</bind>
</comp>

<comp id="228" class="1004" name="beats_per_line_fu_228">
<pin_list>
<pin id="229" dir="0" index="0" bw="10" slack="0"/>
<pin id="230" dir="0" index="1" bw="8" slack="0"/>
<pin id="231" dir="1" index="2" bw="11" slack="0"/>
</pin_list>
<bind>
<opcode="sub(10) " fcode="sub"/>
<opset="beats_per_line/1 "/>
</bind>
</comp>

<comp id="234" class="1004" name="sext_ln13_fu_234">
<pin_list>
<pin id="235" dir="0" index="0" bw="11" slack="0"/>
<pin id="236" dir="1" index="1" bw="24" slack="0"/>
</pin_list>
<bind>
<opcode="sext(35) " fcode="sext"/>
<opset="sext_ln13/1 "/>
</bind>
</comp>

<comp id="238" class="1004" name="tmp_fu_238">
<pin_list>
<pin id="239" dir="0" index="0" bw="1" slack="0"/>
<pin id="240" dir="0" index="1" bw="11" slack="0"/>
<pin id="241" dir="0" index="2" bw="5" slack="0"/>
<pin id="242" dir="1" index="3" bw="1" slack="3"/>
</pin_list>
<bind>
<opcode="bitselect(1000) " fcode="bitselect"/>
<opset="tmp/1 "/>
</bind>
</comp>

<comp id="246" class="1004" name="cmp22_i_fu_246">
<pin_list>
<pin id="247" dir="0" index="0" bw="11" slack="0"/>
<pin id="248" dir="0" index="1" bw="7" slack="0"/>
<pin id="249" dir="1" index="2" bw="1" slack="7"/>
</pin_list>
<bind>
<opcode="icmp(45) " fcode="icmp"/>
<opset="cmp22_i/1 "/>
</bind>
</comp>

<comp id="252" class="1004" name="trunc_ln13_fu_252">
<pin_list>
<pin id="253" dir="0" index="0" bw="24" slack="0"/>
<pin id="254" dir="1" index="1" bw="23" slack="1"/>
</pin_list>
<bind>
<opcode="trunc(33) " fcode="trunc"/>
<opset="trunc_ln13/4 "/>
</bind>
</comp>

<comp id="255" class="1004" name="tmp_2_cast_fu_255">
<pin_list>
<pin id="256" dir="0" index="0" bw="6" slack="0"/>
<pin id="257" dir="0" index="1" bw="24" slack="0"/>
<pin id="258" dir="0" index="2" bw="6" slack="0"/>
<pin id="259" dir="0" index="3" bw="6" slack="0"/>
<pin id="260" dir="1" index="4" bw="6" slack="1"/>
</pin_list>
<bind>
<opcode="partselect(1002) " fcode="partselect"/>
<opset="tmp_2_cast/4 "/>
</bind>
</comp>

<comp id="264" class="1004" name="sub_ln13_fu_264">
<pin_list>
<pin id="265" dir="0" index="0" bw="1" slack="0"/>
<pin id="266" dir="0" index="1" bw="23" slack="1"/>
<pin id="267" dir="1" index="2" bw="23" slack="0"/>
</pin_list>
<bind>
<opcode="sub(10) " fcode="sub"/>
<opset="sub_ln13/5 "/>
</bind>
</comp>

<comp id="269" class="1004" name="tmp_1_cast_fu_269">
<pin_list>
<pin id="270" dir="0" index="0" bw="6" slack="0"/>
<pin id="271" dir="0" index="1" bw="23" slack="0"/>
<pin id="272" dir="0" index="2" bw="6" slack="0"/>
<pin id="273" dir="0" index="3" bw="6" slack="0"/>
<pin id="274" dir="1" index="4" bw="6" slack="0"/>
</pin_list>
<bind>
<opcode="partselect(1002) " fcode="partselect"/>
<opset="tmp_1_cast/5 "/>
</bind>
</comp>

<comp id="279" class="1004" name="select_ln13_fu_279">
<pin_list>
<pin id="280" dir="0" index="0" bw="1" slack="4"/>
<pin id="281" dir="0" index="1" bw="6" slack="0"/>
<pin id="282" dir="0" index="2" bw="6" slack="1"/>
<pin id="283" dir="1" index="3" bw="6" slack="0"/>
</pin_list>
<bind>
<opcode="select(49) " fcode="select"/>
<opset="select_ln13/5 "/>
</bind>
</comp>

<comp id="285" class="1004" name="sub_ln13_1_fu_285">
<pin_list>
<pin id="286" dir="0" index="0" bw="1" slack="0"/>
<pin id="287" dir="0" index="1" bw="6" slack="0"/>
<pin id="288" dir="1" index="2" bw="6" slack="1"/>
</pin_list>
<bind>
<opcode="sub(10) " fcode="sub"/>
<opset="sub_ln13_1/5 "/>
</bind>
</comp>

<comp id="291" class="1004" name="select_ln13_1_fu_291">
<pin_list>
<pin id="292" dir="0" index="0" bw="1" slack="5"/>
<pin id="293" dir="0" index="1" bw="6" slack="1"/>
<pin id="294" dir="0" index="2" bw="6" slack="2"/>
<pin id="295" dir="1" index="3" bw="6" slack="0"/>
</pin_list>
<bind>
<opcode="select(49) " fcode="select"/>
<opset="select_ln13_1/6 "/>
</bind>
</comp>

<comp id="296" class="1004" name="shl_ln1_fu_296">
<pin_list>
<pin id="297" dir="0" index="0" bw="11" slack="0"/>
<pin id="298" dir="0" index="1" bw="6" slack="0"/>
<pin id="299" dir="0" index="2" bw="1" slack="0"/>
<pin id="300" dir="1" index="3" bw="11" slack="0"/>
</pin_list>
<bind>
<opcode="bitconcatenate(1004) " fcode="bitconcatenate"/>
<opset="shl_ln1/6 "/>
</bind>
</comp>

<comp id="304" class="1004" name="shl_ln15_1_fu_304">
<pin_list>
<pin id="305" dir="0" index="0" bw="9" slack="0"/>
<pin id="306" dir="0" index="1" bw="6" slack="0"/>
<pin id="307" dir="0" index="2" bw="1" slack="0"/>
<pin id="308" dir="1" index="3" bw="9" slack="0"/>
</pin_list>
<bind>
<opcode="bitconcatenate(1004) " fcode="bitconcatenate"/>
<opset="shl_ln15_1/6 "/>
</bind>
</comp>

<comp id="312" class="1004" name="sext_ln15_fu_312">
<pin_list>
<pin id="313" dir="0" index="0" bw="9" slack="0"/>
<pin id="314" dir="1" index="1" bw="11" slack="0"/>
</pin_list>
<bind>
<opcode="sext(35) " fcode="sext"/>
<opset="sext_ln15/6 "/>
</bind>
</comp>

<comp id="316" class="1004" name="add_ln15_fu_316">
<pin_list>
<pin id="317" dir="0" index="0" bw="11" slack="0"/>
<pin id="318" dir="0" index="1" bw="9" slack="0"/>
<pin id="319" dir="1" index="2" bw="11" slack="0"/>
</pin_list>
<bind>
<opcode="add(8) " fcode="add"/>
<opset="add_ln15/6 "/>
</bind>
</comp>

<comp id="322" class="1004" name="sext_ln14_fu_322">
<pin_list>
<pin id="323" dir="0" index="0" bw="11" slack="0"/>
<pin id="324" dir="1" index="1" bw="32" slack="3"/>
</pin_list>
<bind>
<opcode="sext(35) " fcode="sext"/>
<opset="sext_ln14/6 "/>
</bind>
</comp>

<comp id="326" class="1004" name="zext_ln10_fu_326">
<pin_list>
<pin id="327" dir="0" index="0" bw="11" slack="0"/>
<pin id="328" dir="1" index="1" bw="12" slack="0"/>
</pin_list>
<bind>
<opcode="zext(34) " fcode="zext"/>
<opset="zext_ln10/6 "/>
</bind>
</comp>

<comp id="330" class="1004" name="zext_ln10_1_fu_330">
<pin_list>
<pin id="331" dir="0" index="0" bw="9" slack="0"/>
<pin id="332" dir="1" index="1" bw="12" slack="0"/>
</pin_list>
<bind>
<opcode="zext(34) " fcode="zext"/>
<opset="zext_ln10_1/6 "/>
</bind>
</comp>

<comp id="334" class="1004" name="add_ln10_fu_334">
<pin_list>
<pin id="335" dir="0" index="0" bw="11" slack="0"/>
<pin id="336" dir="0" index="1" bw="9" slack="0"/>
<pin id="337" dir="1" index="2" bw="12" slack="10"/>
</pin_list>
<bind>
<opcode="add(8) " fcode="add"/>
<opset="add_ln10/6 "/>
</bind>
</comp>

<comp id="340" class="1004" name="add_ln14_fu_340">
<pin_list>
<pin id="341" dir="0" index="0" bw="12" slack="0"/>
<pin id="342" dir="0" index="1" bw="1" slack="0"/>
<pin id="343" dir="1" index="2" bw="12" slack="0"/>
</pin_list>
<bind>
<opcode="add(8) " fcode="add"/>
<opset="add_ln14/7 "/>
</bind>
</comp>

<comp id="346" class="1004" name="icmp_ln14_fu_346">
<pin_list>
<pin id="347" dir="0" index="0" bw="12" slack="0"/>
<pin id="348" dir="0" index="1" bw="12" slack="6"/>
<pin id="349" dir="1" index="2" bw="1" slack="2147483647"/>
</pin_list>
<bind>
<opcode="icmp(45) " fcode="icmp"/>
<opset="icmp_ln14/7 "/>
</bind>
</comp>

<comp id="351" class="1004" name="p_shl3_i_fu_351">
<pin_list>
<pin id="352" dir="0" index="0" bw="23" slack="0"/>
<pin id="353" dir="0" index="1" bw="12" slack="0"/>
<pin id="354" dir="0" index="2" bw="1" slack="0"/>
<pin id="355" dir="1" index="3" bw="23" slack="0"/>
</pin_list>
<bind>
<opcode="bitconcatenate(1004) " fcode="bitconcatenate"/>
<opset="p_shl3_i/7 "/>
</bind>
</comp>

<comp id="359" class="1004" name="p_shl3_cast11_i_fu_359">
<pin_list>
<pin id="360" dir="0" index="0" bw="23" slack="0"/>
<pin id="361" dir="1" index="1" bw="24" slack="0"/>
</pin_list>
<bind>
<opcode="zext(34) " fcode="zext"/>
<opset="p_shl3_cast11_i/7 "/>
</bind>
</comp>

<comp id="363" class="1004" name="p_shl4_i_fu_363">
<pin_list>
<pin id="364" dir="0" index="0" bw="19" slack="0"/>
<pin id="365" dir="0" index="1" bw="12" slack="0"/>
<pin id="366" dir="0" index="2" bw="1" slack="0"/>
<pin id="367" dir="1" index="3" bw="19" slack="0"/>
</pin_list>
<bind>
<opcode="bitconcatenate(1004) " fcode="bitconcatenate"/>
<opset="p_shl4_i/7 "/>
</bind>
</comp>

<comp id="371" class="1004" name="p_shl4_cast12_i_fu_371">
<pin_list>
<pin id="372" dir="0" index="0" bw="19" slack="0"/>
<pin id="373" dir="1" index="1" bw="24" slack="0"/>
</pin_list>
<bind>
<opcode="zext(34) " fcode="zext"/>
<opset="p_shl4_cast12_i/7 "/>
</bind>
</comp>

<comp id="375" class="1004" name="empty_fu_375">
<pin_list>
<pin id="376" dir="0" index="0" bw="23" slack="0"/>
<pin id="377" dir="0" index="1" bw="19" slack="0"/>
<pin id="378" dir="1" index="2" bw="24" slack="1"/>
</pin_list>
<bind>
<opcode="sub(10) " fcode="sub"/>
<opset="empty/7 "/>
</bind>
</comp>

<comp id="381" class="1004" name="p_cast_i_fu_381">
<pin_list>
<pin id="382" dir="0" index="0" bw="24" slack="1"/>
<pin id="383" dir="1" index="1" bw="64" slack="0"/>
</pin_list>
<bind>
<opcode="sext(35) " fcode="sext"/>
<opset="p_cast_i/8 "/>
</bind>
</comp>

<comp id="384" class="1004" name="empty_62_fu_384">
<pin_list>
<pin id="385" dir="0" index="0" bw="24" slack="0"/>
<pin id="386" dir="0" index="1" bw="64" slack="2"/>
<pin id="387" dir="1" index="2" bw="64" slack="0"/>
</pin_list>
<bind>
<opcode="add(8) " fcode="add"/>
<opset="empty_62/8 "/>
</bind>
</comp>

<comp id="389" class="1004" name="trunc_ln1_fu_389">
<pin_list>
<pin id="390" dir="0" index="0" bw="60" slack="0"/>
<pin id="391" dir="0" index="1" bw="64" slack="0"/>
<pin id="392" dir="0" index="2" bw="4" slack="0"/>
<pin id="393" dir="0" index="3" bw="7" slack="0"/>
<pin id="394" dir="1" index="4" bw="60" slack="1"/>
</pin_list>
<bind>
<opcode="partselect(1002) " fcode="partselect"/>
<opset="trunc_ln1/8 "/>
</bind>
</comp>

<comp id="399" class="1004" name="sext_ln15_1_fu_399">
<pin_list>
<pin id="400" dir="0" index="0" bw="60" slack="1"/>
<pin id="401" dir="1" index="1" bw="64" slack="0"/>
</pin_list>
<bind>
<opcode="sext(35) " fcode="sext"/>
<opset="sext_ln15_1/9 "/>
</bind>
</comp>

<comp id="402" class="1004" name="gmem_addr_fu_402">
<pin_list>
<pin id="403" dir="0" index="0" bw="128" slack="0"/>
<pin id="404" dir="0" index="1" bw="60" slack="0"/>
<pin id="405" dir="1" index="2" bw="128" slack="0"/>
</pin_list>
<bind>
<opcode="getelementptr(29) " fcode="getelementptr"/>
<opset="gmem_addr/9 "/>
</bind>
</comp>

<comp id="409" class="1004" name="add_ln15_1_fu_409">
<pin_list>
<pin id="410" dir="0" index="0" bw="12" slack="0"/>
<pin id="411" dir="0" index="1" bw="1" slack="0"/>
<pin id="412" dir="1" index="2" bw="12" slack="0"/>
</pin_list>
<bind>
<opcode="add(8) " fcode="add"/>
<opset="add_ln15_1/16 "/>
</bind>
</comp>

<comp id="415" class="1004" name="icmp_ln15_fu_415">
<pin_list>
<pin id="416" dir="0" index="0" bw="12" slack="0"/>
<pin id="417" dir="0" index="1" bw="12" slack="10"/>
<pin id="418" dir="1" index="2" bw="1" slack="1"/>
</pin_list>
<bind>
<opcode="icmp(45) " fcode="icmp"/>
<opset="icmp_ln15/16 "/>
</bind>
</comp>

<comp id="420" class="1007" name="grp_fu_420">
<pin_list>
<pin id="421" dir="0" index="0" bw="11" slack="0"/>
<pin id="422" dir="0" index="1" bw="24" slack="0"/>
<pin id="423" dir="1" index="2" bw="24" slack="0"/>
</pin_list>
<bind>
<opcode="mul(12) " fcode="mul"/>
<opset="mul_ln13/1 "/>
</bind>
</comp>

<comp id="428" class="1005" name="img_h_read_reg_428">
<pin_list>
<pin id="429" dir="0" index="0" bw="12" slack="6"/>
<pin id="430" dir="1" index="1" bw="12" slack="6"/>
</pin_list>
<bind>
<opset="img_h_read "/>
</bind>
</comp>

<comp id="433" class="1005" name="sext_ln13_reg_433">
<pin_list>
<pin id="434" dir="0" index="0" bw="24" slack="1"/>
<pin id="435" dir="1" index="1" bw="24" slack="1"/>
</pin_list>
<bind>
<opset="sext_ln13 "/>
</bind>
</comp>

<comp id="438" class="1005" name="tmp_reg_438">
<pin_list>
<pin id="439" dir="0" index="0" bw="1" slack="3"/>
<pin id="440" dir="1" index="1" bw="1" slack="4"/>
</pin_list>
<bind>
<opset="tmp "/>
</bind>
</comp>

<comp id="444" class="1005" name="cmp22_i_reg_444">
<pin_list>
<pin id="445" dir="0" index="0" bw="1" slack="7"/>
<pin id="446" dir="1" index="1" bw="1" slack="2147483647"/>
</pin_list>
<bind>
<opset="cmp22_i "/>
</bind>
</comp>

<comp id="448" class="1005" name="trunc_ln13_reg_448">
<pin_list>
<pin id="449" dir="0" index="0" bw="23" slack="1"/>
<pin id="450" dir="1" index="1" bw="23" slack="1"/>
</pin_list>
<bind>
<opset="trunc_ln13 "/>
</bind>
</comp>

<comp id="453" class="1005" name="tmp_2_cast_reg_453">
<pin_list>
<pin id="454" dir="0" index="0" bw="6" slack="1"/>
<pin id="455" dir="1" index="1" bw="6" slack="1"/>
</pin_list>
<bind>
<opset="tmp_2_cast "/>
</bind>
</comp>

<comp id="459" class="1005" name="sub_ln13_1_reg_459">
<pin_list>
<pin id="460" dir="0" index="0" bw="6" slack="1"/>
<pin id="461" dir="1" index="1" bw="6" slack="1"/>
</pin_list>
<bind>
<opset="sub_ln13_1 "/>
</bind>
</comp>

<comp id="464" class="1005" name="mm_buffer_read_reg_464">
<pin_list>
<pin id="465" dir="0" index="0" bw="64" slack="2"/>
<pin id="466" dir="1" index="1" bw="64" slack="2"/>
</pin_list>
<bind>
<opset="mm_buffer_read "/>
</bind>
</comp>

<comp id="469" class="1005" name="sext_ln14_reg_469">
<pin_list>
<pin id="470" dir="0" index="0" bw="32" slack="3"/>
<pin id="471" dir="1" index="1" bw="32" slack="3"/>
</pin_list>
<bind>
<opset="sext_ln14 "/>
</bind>
</comp>

<comp id="474" class="1005" name="add_ln10_reg_474">
<pin_list>
<pin id="475" dir="0" index="0" bw="12" slack="10"/>
<pin id="476" dir="1" index="1" bw="12" slack="10"/>
</pin_list>
<bind>
<opset="add_ln10 "/>
</bind>
</comp>

<comp id="479" class="1005" name="add_ln14_reg_479">
<pin_list>
<pin id="480" dir="0" index="0" bw="12" slack="0"/>
<pin id="481" dir="1" index="1" bw="12" slack="0"/>
</pin_list>
<bind>
<opset="add_ln14 "/>
</bind>
</comp>

<comp id="487" class="1005" name="empty_reg_487">
<pin_list>
<pin id="488" dir="0" index="0" bw="24" slack="1"/>
<pin id="489" dir="1" index="1" bw="24" slack="1"/>
</pin_list>
<bind>
<opset="empty "/>
</bind>
</comp>

<comp id="492" class="1005" name="trunc_ln1_reg_492">
<pin_list>
<pin id="493" dir="0" index="0" bw="60" slack="1"/>
<pin id="494" dir="1" index="1" bw="60" slack="1"/>
</pin_list>
<bind>
<opset="trunc_ln1 "/>
</bind>
</comp>

<comp id="497" class="1005" name="gmem_addr_reg_497">
<pin_list>
<pin id="498" dir="0" index="0" bw="128" slack="1"/>
<pin id="499" dir="1" index="1" bw="128" slack="1"/>
</pin_list>
<bind>
<opset="gmem_addr "/>
</bind>
</comp>

<comp id="503" class="1005" name="add_ln15_1_reg_503">
<pin_list>
<pin id="504" dir="0" index="0" bw="12" slack="0"/>
<pin id="505" dir="1" index="1" bw="12" slack="0"/>
</pin_list>
<bind>
<opset="add_ln15_1 "/>
</bind>
</comp>

<comp id="508" class="1005" name="icmp_ln15_reg_508">
<pin_list>
<pin id="509" dir="0" index="0" bw="1" slack="1"/>
<pin id="510" dir="1" index="1" bw="1" slack="2147483647"/>
</pin_list>
<bind>
<opset="icmp_ln15 "/>
</bind>
</comp>

<comp id="512" class="1005" name="data_mm_buffer_V_reg_512">
<pin_list>
<pin id="513" dir="0" index="0" bw="128" slack="1"/>
<pin id="514" dir="1" index="1" bw="128" slack="1"/>
</pin_list>
<bind>
<opset="data_mm_buffer_V "/>
</bind>
</comp>

</comp_list>

<net_list>
<net id="132"><net_src comp="14" pin="0"/><net_sink comp="128" pin=0"/></net>

<net id="133"><net_src comp="8" pin="0"/><net_sink comp="128" pin=1"/></net>

<net id="138"><net_src comp="14" pin="0"/><net_sink comp="134" pin=0"/></net>

<net id="139"><net_src comp="6" pin="0"/><net_sink comp="134" pin=1"/></net>

<net id="145"><net_src comp="16" pin="0"/><net_sink comp="140" pin=0"/></net>

<net id="146"><net_src comp="10" pin="0"/><net_sink comp="140" pin=1"/></net>

<net id="147"><net_src comp="134" pin="2"/><net_sink comp="140" pin=2"/></net>

<net id="153"><net_src comp="16" pin="0"/><net_sink comp="148" pin=0"/></net>

<net id="154"><net_src comp="12" pin="0"/><net_sink comp="148" pin=1"/></net>

<net id="155"><net_src comp="128" pin="2"/><net_sink comp="148" pin=2"/></net>

<net id="160"><net_src comp="76" pin="0"/><net_sink comp="156" pin=0"/></net>

<net id="161"><net_src comp="4" pin="0"/><net_sink comp="156" pin=1"/></net>

<net id="167"><net_src comp="106" pin="0"/><net_sink comp="162" pin=0"/></net>

<net id="172"><net_src comp="108" pin="0"/><net_sink comp="168" pin=0"/></net>

<net id="178"><net_src comp="126" pin="0"/><net_sink comp="173" pin=0"/></net>

<net id="179"><net_src comp="2" pin="0"/><net_sink comp="173" pin=1"/></net>

<net id="183"><net_src comp="86" pin="0"/><net_sink comp="180" pin=0"/></net>

<net id="190"><net_src comp="180" pin="1"/><net_sink comp="184" pin=2"/></net>

<net id="194"><net_src comp="86" pin="0"/><net_sink comp="191" pin=0"/></net>

<net id="201"><net_src comp="191" pin="1"/><net_sink comp="195" pin=0"/></net>

<net id="208"><net_src comp="18" pin="0"/><net_sink comp="202" pin=0"/></net>

<net id="209"><net_src comp="134" pin="2"/><net_sink comp="202" pin=1"/></net>

<net id="210"><net_src comp="20" pin="0"/><net_sink comp="202" pin=2"/></net>

<net id="211"><net_src comp="22" pin="0"/><net_sink comp="202" pin=3"/></net>

<net id="215"><net_src comp="202" pin="4"/><net_sink comp="212" pin=0"/></net>

<net id="221"><net_src comp="24" pin="0"/><net_sink comp="216" pin=0"/></net>

<net id="222"><net_src comp="202" pin="4"/><net_sink comp="216" pin=1"/></net>

<net id="223"><net_src comp="26" pin="0"/><net_sink comp="216" pin=2"/></net>

<net id="227"><net_src comp="216" pin="3"/><net_sink comp="224" pin=0"/></net>

<net id="232"><net_src comp="224" pin="1"/><net_sink comp="228" pin=0"/></net>

<net id="233"><net_src comp="212" pin="1"/><net_sink comp="228" pin=1"/></net>

<net id="237"><net_src comp="228" pin="2"/><net_sink comp="234" pin=0"/></net>

<net id="243"><net_src comp="30" pin="0"/><net_sink comp="238" pin=0"/></net>

<net id="244"><net_src comp="228" pin="2"/><net_sink comp="238" pin=1"/></net>

<net id="245"><net_src comp="32" pin="0"/><net_sink comp="238" pin=2"/></net>

<net id="250"><net_src comp="228" pin="2"/><net_sink comp="246" pin=0"/></net>

<net id="251"><net_src comp="34" pin="0"/><net_sink comp="246" pin=1"/></net>

<net id="261"><net_src comp="36" pin="0"/><net_sink comp="255" pin=0"/></net>

<net id="262"><net_src comp="38" pin="0"/><net_sink comp="255" pin=2"/></net>

<net id="263"><net_src comp="40" pin="0"/><net_sink comp="255" pin=3"/></net>

<net id="268"><net_src comp="42" pin="0"/><net_sink comp="264" pin=0"/></net>

<net id="275"><net_src comp="44" pin="0"/><net_sink comp="269" pin=0"/></net>

<net id="276"><net_src comp="264" pin="2"/><net_sink comp="269" pin=1"/></net>

<net id="277"><net_src comp="38" pin="0"/><net_sink comp="269" pin=2"/></net>

<net id="278"><net_src comp="40" pin="0"/><net_sink comp="269" pin=3"/></net>

<net id="284"><net_src comp="269" pin="4"/><net_sink comp="279" pin=1"/></net>

<net id="289"><net_src comp="46" pin="0"/><net_sink comp="285" pin=0"/></net>

<net id="290"><net_src comp="279" pin="3"/><net_sink comp="285" pin=1"/></net>

<net id="301"><net_src comp="78" pin="0"/><net_sink comp="296" pin=0"/></net>

<net id="302"><net_src comp="291" pin="3"/><net_sink comp="296" pin=1"/></net>

<net id="303"><net_src comp="80" pin="0"/><net_sink comp="296" pin=2"/></net>

<net id="309"><net_src comp="82" pin="0"/><net_sink comp="304" pin=0"/></net>

<net id="310"><net_src comp="291" pin="3"/><net_sink comp="304" pin=1"/></net>

<net id="311"><net_src comp="84" pin="0"/><net_sink comp="304" pin=2"/></net>

<net id="315"><net_src comp="304" pin="3"/><net_sink comp="312" pin=0"/></net>

<net id="320"><net_src comp="296" pin="3"/><net_sink comp="316" pin=0"/></net>

<net id="321"><net_src comp="312" pin="1"/><net_sink comp="316" pin=1"/></net>

<net id="325"><net_src comp="316" pin="2"/><net_sink comp="322" pin=0"/></net>

<net id="329"><net_src comp="296" pin="3"/><net_sink comp="326" pin=0"/></net>

<net id="333"><net_src comp="304" pin="3"/><net_sink comp="330" pin=0"/></net>

<net id="338"><net_src comp="326" pin="1"/><net_sink comp="334" pin=0"/></net>

<net id="339"><net_src comp="330" pin="1"/><net_sink comp="334" pin=1"/></net>

<net id="344"><net_src comp="184" pin="4"/><net_sink comp="340" pin=0"/></net>

<net id="345"><net_src comp="88" pin="0"/><net_sink comp="340" pin=1"/></net>

<net id="350"><net_src comp="184" pin="4"/><net_sink comp="346" pin=0"/></net>

<net id="356"><net_src comp="90" pin="0"/><net_sink comp="351" pin=0"/></net>

<net id="357"><net_src comp="184" pin="4"/><net_sink comp="351" pin=1"/></net>

<net id="358"><net_src comp="92" pin="0"/><net_sink comp="351" pin=2"/></net>

<net id="362"><net_src comp="351" pin="3"/><net_sink comp="359" pin=0"/></net>

<net id="368"><net_src comp="94" pin="0"/><net_sink comp="363" pin=0"/></net>

<net id="369"><net_src comp="184" pin="4"/><net_sink comp="363" pin=1"/></net>

<net id="370"><net_src comp="96" pin="0"/><net_sink comp="363" pin=2"/></net>

<net id="374"><net_src comp="363" pin="3"/><net_sink comp="371" pin=0"/></net>

<net id="379"><net_src comp="359" pin="1"/><net_sink comp="375" pin=0"/></net>

<net id="380"><net_src comp="371" pin="1"/><net_sink comp="375" pin=1"/></net>

<net id="388"><net_src comp="381" pin="1"/><net_sink comp="384" pin=0"/></net>

<net id="395"><net_src comp="102" pin="0"/><net_sink comp="389" pin=0"/></net>

<net id="396"><net_src comp="384" pin="2"/><net_sink comp="389" pin=1"/></net>

<net id="397"><net_src comp="20" pin="0"/><net_sink comp="389" pin=2"/></net>

<net id="398"><net_src comp="104" pin="0"/><net_sink comp="389" pin=3"/></net>

<net id="406"><net_src comp="0" pin="0"/><net_sink comp="402" pin=0"/></net>

<net id="407"><net_src comp="399" pin="1"/><net_sink comp="402" pin=1"/></net>

<net id="408"><net_src comp="402" pin="2"/><net_sink comp="162" pin=1"/></net>

<net id="413"><net_src comp="195" pin="4"/><net_sink comp="409" pin=0"/></net>

<net id="414"><net_src comp="88" pin="0"/><net_sink comp="409" pin=1"/></net>

<net id="419"><net_src comp="195" pin="4"/><net_sink comp="415" pin=0"/></net>

<net id="424"><net_src comp="234" pin="1"/><net_sink comp="420" pin=0"/></net>

<net id="425"><net_src comp="28" pin="0"/><net_sink comp="420" pin=1"/></net>

<net id="426"><net_src comp="420" pin="2"/><net_sink comp="252" pin=0"/></net>

<net id="427"><net_src comp="420" pin="2"/><net_sink comp="255" pin=1"/></net>

<net id="431"><net_src comp="128" pin="2"/><net_sink comp="428" pin=0"/></net>

<net id="432"><net_src comp="428" pin="1"/><net_sink comp="346" pin=1"/></net>

<net id="436"><net_src comp="234" pin="1"/><net_sink comp="433" pin=0"/></net>

<net id="437"><net_src comp="433" pin="1"/><net_sink comp="420" pin=0"/></net>

<net id="441"><net_src comp="238" pin="3"/><net_sink comp="438" pin=0"/></net>

<net id="442"><net_src comp="438" pin="1"/><net_sink comp="279" pin=0"/></net>

<net id="443"><net_src comp="438" pin="1"/><net_sink comp="291" pin=0"/></net>

<net id="447"><net_src comp="246" pin="2"/><net_sink comp="444" pin=0"/></net>

<net id="451"><net_src comp="252" pin="1"/><net_sink comp="448" pin=0"/></net>

<net id="452"><net_src comp="448" pin="1"/><net_sink comp="264" pin=1"/></net>

<net id="456"><net_src comp="255" pin="4"/><net_sink comp="453" pin=0"/></net>

<net id="457"><net_src comp="453" pin="1"/><net_sink comp="279" pin=2"/></net>

<net id="458"><net_src comp="453" pin="1"/><net_sink comp="291" pin=2"/></net>

<net id="462"><net_src comp="285" pin="2"/><net_sink comp="459" pin=0"/></net>

<net id="463"><net_src comp="459" pin="1"/><net_sink comp="291" pin=1"/></net>

<net id="467"><net_src comp="156" pin="2"/><net_sink comp="464" pin=0"/></net>

<net id="468"><net_src comp="464" pin="1"/><net_sink comp="384" pin=1"/></net>

<net id="472"><net_src comp="322" pin="1"/><net_sink comp="469" pin=0"/></net>

<net id="473"><net_src comp="469" pin="1"/><net_sink comp="162" pin=2"/></net>

<net id="477"><net_src comp="334" pin="2"/><net_sink comp="474" pin=0"/></net>

<net id="478"><net_src comp="474" pin="1"/><net_sink comp="415" pin=1"/></net>

<net id="482"><net_src comp="340" pin="2"/><net_sink comp="479" pin=0"/></net>

<net id="483"><net_src comp="479" pin="1"/><net_sink comp="184" pin=0"/></net>

<net id="490"><net_src comp="375" pin="2"/><net_sink comp="487" pin=0"/></net>

<net id="491"><net_src comp="487" pin="1"/><net_sink comp="381" pin=0"/></net>

<net id="495"><net_src comp="389" pin="4"/><net_sink comp="492" pin=0"/></net>

<net id="496"><net_src comp="492" pin="1"/><net_sink comp="399" pin=0"/></net>

<net id="500"><net_src comp="402" pin="2"/><net_sink comp="497" pin=0"/></net>

<net id="501"><net_src comp="497" pin="1"/><net_sink comp="162" pin=1"/></net>

<net id="502"><net_src comp="497" pin="1"/><net_sink comp="168" pin=1"/></net>

<net id="506"><net_src comp="409" pin="2"/><net_sink comp="503" pin=0"/></net>

<net id="507"><net_src comp="503" pin="1"/><net_sink comp="195" pin=2"/></net>

<net id="511"><net_src comp="415" pin="2"/><net_sink comp="508" pin=0"/></net>

<net id="515"><net_src comp="168" pin="2"/><net_sink comp="512" pin=0"/></net>

<net id="516"><net_src comp="512" pin="1"/><net_sink comp="173" pin=2"/></net>

</net_list>

</model> 
---------------- Datapath Model END ------------------

* FSMD analyzer results:
  - Output states:
	Port: mm_fifo1 | {18 }
	Port: img_w_out | {1 }
	Port: img_h_out | {1 }
 - Input state : 
	Port: DMA24b_mm2s_fetch : gmem | {9 10 11 12 13 14 15 17 }
	Port: DMA24b_mm2s_fetch : mm_buffer | {6 }
	Port: DMA24b_mm2s_fetch : img_w | {1 }
	Port: DMA24b_mm2s_fetch : img_h | {1 }
  - Chain level:
	State 1
		zext_ln12 : 1
		shl_ln : 1
		zext_ln12_1 : 2
		beats_per_line : 3
		sext_ln13 : 4
		mul_ln13 : 5
		tmp : 4
		cmp22_i : 4
	State 2
	State 3
	State 4
		trunc_ln13 : 1
		tmp_2_cast : 1
	State 5
		tmp_1_cast : 1
		select_ln13 : 2
		sub_ln13_1 : 3
	State 6
		shl_ln1 : 1
		shl_ln15_1 : 1
		sext_ln15 : 2
		add_ln15 : 3
		sext_ln14 : 4
		zext_ln10 : 2
		zext_ln10_1 : 2
		add_ln10 : 3
	State 7
		add_ln14 : 1
		icmp_ln14 : 1
		br_ln14 : 2
		p_shl3_i : 1
		p_shl3_cast11_i : 2
		p_shl4_i : 1
		p_shl4_cast12_i : 2
		empty : 3
	State 8
		empty_62 : 1
		trunc_ln1 : 2
	State 9
		gmem_addr : 1
		empty_63 : 2
	State 10
	State 11
	State 12
	State 13
	State 14
	State 15
	State 16
		add_ln15_1 : 1
		icmp_ln15 : 1
		br_ln15 : 2
	State 17
	State 18
	State 19


============================================================
+ Verbose Summary: Datapath Resource usage 
============================================================

* Functional unit list:
|----------|------------------------------|---------|---------|---------|
| Operation|        Functional Unit       |   DSP   |    FF   |   LUT   |
|----------|------------------------------|---------|---------|---------|
|          |        add_ln15_fu_316       |    0    |    0    |    12   |
|          |        add_ln10_fu_334       |    0    |    0    |    12   |
|    add   |        add_ln14_fu_340       |    0    |    0    |    12   |
|          |        empty_62_fu_384       |    0    |    0    |    71   |
|          |       add_ln15_1_fu_409      |    0    |    0    |    12   |
|----------|------------------------------|---------|---------|---------|
|          |     beats_per_line_fu_228    |    0    |    0    |    13   |
|    sub   |        sub_ln13_fu_264       |    0    |    0    |    30   |
|          |       sub_ln13_1_fu_285      |    0    |    0    |    14   |
|          |         empty_fu_375         |    0    |    0    |    30   |
|----------|------------------------------|---------|---------|---------|
|          |        cmp22_i_fu_246        |    0    |    0    |    11   |
|   icmp   |       icmp_ln14_fu_346       |    0    |    0    |    12   |
|          |       icmp_ln15_fu_415       |    0    |    0    |    12   |
|----------|------------------------------|---------|---------|---------|
|  select  |      select_ln13_fu_279      |    0    |    0    |    6    |
|          |     select_ln13_1_fu_291     |    0    |    0    |    6    |
|----------|------------------------------|---------|---------|---------|
|    mul   |          grp_fu_420          |    1    |    0    |    0    |
|----------|------------------------------|---------|---------|---------|
|          |    img_h_read_read_fu_128    |    0    |    0    |    0    |
|   read   |    img_w_read_read_fu_134    |    0    |    0    |    0    |
|          |  mm_buffer_read_read_fu_156  |    0    |    0    |    0    |
|          | data_mm_buffer_V_read_fu_168 |    0    |    0    |    0    |
|----------|------------------------------|---------|---------|---------|
|          |    write_ln0_write_fu_140    |    0    |    0    |    0    |
|   write  |    write_ln0_write_fu_148    |    0    |    0    |    0    |
|          |   write_ln174_write_fu_173   |    0    |    0    |    0    |
|----------|------------------------------|---------|---------|---------|
|  readreq |      grp_readreq_fu_162      |    0    |    0    |    0    |
|----------|------------------------------|---------|---------|---------|
|          |        trunc_ln_fu_202       |    0    |    0    |    0    |
|partselect|       tmp_2_cast_fu_255      |    0    |    0    |    0    |
|          |       tmp_1_cast_fu_269      |    0    |    0    |    0    |
|          |       trunc_ln1_fu_389       |    0    |    0    |    0    |
|----------|------------------------------|---------|---------|---------|
|          |       zext_ln12_fu_212       |    0    |    0    |    0    |
|          |      zext_ln12_1_fu_224      |    0    |    0    |    0    |
|   zext   |       zext_ln10_fu_326       |    0    |    0    |    0    |
|          |      zext_ln10_1_fu_330      |    0    |    0    |    0    |
|          |    p_shl3_cast11_i_fu_359    |    0    |    0    |    0    |
|          |    p_shl4_cast12_i_fu_371    |    0    |    0    |    0    |
|----------|------------------------------|---------|---------|---------|
|          |         shl_ln_fu_216        |    0    |    0    |    0    |
|          |        shl_ln1_fu_296        |    0    |    0    |    0    |
|bitconcatenate|       shl_ln15_1_fu_304      |    0    |    0    |    0    |
|          |        p_shl3_i_fu_351       |    0    |    0    |    0    |
|          |        p_shl4_i_fu_363       |    0    |    0    |    0    |
|----------|------------------------------|---------|---------|---------|
|          |       sext_ln13_fu_234       |    0    |    0    |    0    |
|          |       sext_ln15_fu_312       |    0    |    0    |    0    |
|   sext   |       sext_ln14_fu_322       |    0    |    0    |    0    |
|          |        p_cast_i_fu_381       |    0    |    0    |    0    |
|          |      sext_ln15_1_fu_399      |    0    |    0    |    0    |
|----------|------------------------------|---------|---------|---------|
| bitselect|          tmp_fu_238          |    0    |    0    |    0    |
|----------|------------------------------|---------|---------|---------|
|   trunc  |       trunc_ln13_fu_252      |    0    |    0    |    0    |
|----------|------------------------------|---------|---------|---------|
|   Total  |                              |    1    |    0    |   253   |
|----------|------------------------------|---------|---------|---------|

Memories:
N/A

* Register list:
+------------------------+--------+
|                        |   FF   |
+------------------------+--------+
|    add_ln10_reg_474    |   12   |
|    add_ln14_reg_479    |   12   |
|   add_ln15_1_reg_503   |   12   |
|     cmp22_i_reg_444    |    1   |
|data_mm_buffer_V_reg_512|   128  |
|      empty_reg_487     |   24   |
|    gmem_addr_reg_497   |   128  |
|    icmp_ln15_reg_508   |    1   |
|   img_h_read_reg_428   |   12   |
| indvar_flatten_reg_191 |   12   |
|        j_reg_180       |   12   |
| mm_buffer_read_reg_464 |   64   |
|    sext_ln13_reg_433   |   24   |
|    sext_ln14_reg_469   |   32   |
|   sub_ln13_1_reg_459   |    6   |
|   tmp_2_cast_reg_453   |    6   |
|       tmp_reg_438      |    1   |
|   trunc_ln13_reg_448   |   23   |
|    trunc_ln1_reg_492   |   60   |
+------------------------+--------+
|          Total         |   570  |
+------------------------+--------+

* Multiplexer (MUX) list: 
|--------------------|------|------|------|--------||---------||---------|
|        Comp        |  Pin | Size |  BW  | S x BW ||  Delay  ||   LUT   |
|--------------------|------|------|------|--------||---------||---------|
| grp_readreq_fu_162 |  p1  |   2  |  128 |   256  ||    9    |
|     grp_fu_420     |  p0  |   2  |  11  |   22   ||    9    |
|--------------------|------|------|------|--------||---------||---------|
|        Total       |      |      |      |   278  ||  3.176  ||    18   |
|--------------------|------|------|------|--------||---------||---------|



* Summary:
+-----------+--------+--------+--------+--------+
|           |   DSP  |  Delay |   FF   |   LUT  |
+-----------+--------+--------+--------+--------+
|  Function |    1   |    -   |    0   |   253  |
|   Memory  |    -   |    -   |    -   |    -   |
|Multiplexer|    -   |    3   |    -   |   18   |
|  Register |    -   |    -   |   570  |    -   |
+-----------+--------+--------+--------+--------+
|   Total   |    1   |    3   |   570  |   271  |
+-----------+--------+--------+--------+--------+
