#-----------------------------------------------------------
# Vivado v2020.2 (64-bit)
# SW Build 3064766 on Wed Nov 18 09:12:47 MST 2020
# IP Build 3064653 on Wed Nov 18 14:17:31 MST 2020
# Start of session at: Thu Sep  3 12:33:38 2026
# Process ID: 16480
# Current directory: /mnt/isaac_sbay0/lbo-ws/Projects/DVR-008-002/Base_Design_Project/Reference_design_project_2020.2
# Command line: vivado -mode batch -notrace -nojournal -log logs/run_sim.log -source scripts/run_sim.tcl
# Log file: /mnt/isaac_sbay0/lbo-ws/Projects/DVR-008-002/Base_Design_Project/Reference_design_project_2020.2/logs/run_sim.log
# Journal file: 
#-----------------------------------------------------------
source scripts/run_sim.tcl -notrace
Scanning sources...
Finished scanning sources
INFO: [IP_Flow 19-234] Refreshing IP repositories
INFO: [IP_Flow 19-1704] No user IP repositories specified
INFO: [IP_Flow 19-2313] Loaded Vivado IP repository '/tools/xilinx/Vivado/2020.2/data/ip'.
INFO : deja present dans sim_1 -> tb_socora_gpio_stim.vhd
INFO : deja present dans sim_1 -> Axi4s_driver.vhd
INFO : deja present dans sim_1 -> Axi4s_monitor.vhd
INFO : deja present dans sim_1 -> tb_environnement.vhd
INFO : deja present dans sim_1 -> tb_socora_gpio.sv
INFO : deja present dans sim_1 -> tb_socora_gpio_behav.wcfg
INFO : deja present dans sim_1 -> tb_environnement_behav.wcfg
INFO : block design non ouvert. Pour verifier le modele de simulation :
       open_bd_design [get_files design_1.bd]
       get_property SELECTED_SIM_MODEL [get_bd_cells /processing_system7_0]

OK. Deux bancs disponibles dans sim_1 :
  tb_socora_gpio   (top courant)  ./build_all.sh sim
                   attendu : '=== TEST PASSED ===' et 33 verifications
  tb_environnement                ./build_all.sh sim-axis
                   attendu : C_IMG_HEIGHT lignes capturees, sans TIMEOUT,
                   et src/sim/output/stream_out_0.txt identique a l'entree
Depuis le GUI : Flow Navigator -> Run Simulation, apres avoir bascule le
top avec  set_property top <nom> [get_filesets sim_1]
Reading block design file </mnt/isaac_sbay0/lbo-ws/Projects/DVR-008-002/Base_Design_Project/Reference_design_project_2020.2/SoCora/SoCora.srcs/sources_1/bd/design_1/design_1.bd>...
Adding component instance block -- xilinx.com:ip:processing_system7:5.5 - processing_system7_0
Adding component instance block -- xilinx.com:ip:axi_gpio:2.0 - axi_gpio_0
Adding component instance block -- xilinx.com:ip:axi_gpio:2.0 - axi_gpio_1
Adding component instance block -- xilinx.com:ip:proc_sys_reset:5.0 - rst_ps7_0_50M
Adding component instance block -- xilinx.com:ip:axi_interconnect:2.1 - ps7_0_axi_periph
Adding component instance block -- xilinx.com:ip:axi_crossbar:2.1 - xbar
Adding component instance block -- xilinx.com:ip:axi_protocol_converter:2.1 - auto_pc
Successfully read diagram <design_1> from block design file </mnt/isaac_sbay0/lbo-ws/Projects/DVR-008-002/Base_Design_Project/Reference_design_project_2020.2/SoCora/SoCora.srcs/sources_1/bd/design_1/design_1.bd>
INFO : SELECTED_SIM_MODEL du PS7 = rtl
select_tb.tcl charge. Procedures disponibles :
  tb_gpio                 -> banc systeme Zynq/GPIO   (tb_socora_gpio)
  tb_axis                 -> banc AXI4-Stream         (tb_environnement)
  tb_clear_breakpoints    -> retire les points d'arret enregistres
Puis : launch_simulation
INFO : aucun point d'arret enregistre.
INFO : sim_1 -> top=tb_socora_gpio runtime=1ms vue=tb_socora_gpio_behav.wcfg
INFO : lancer maintenant  launch_simulation
INFO : top de simulation = tb_socora_gpio
Command: launch_simulation 
INFO: [Vivado 12-5698] Checking validity of IPs in the design for the 'XSim' simulator...
INFO: [Vivado 12-5682] Launching behavioral simulation in '/mnt/isaac_sbay0/lbo-ws/Projects/DVR-008-002/Base_Design_Project/Reference_design_project_2020.2/SoCora/SoCora.sim/sim_1/behav/xsim'
INFO: [Vivado 12-4795] Using compiled simulation libraries for IPs
INFO: [SIM-utils-51] Simulation object is 'sim_1'
INFO: [USF-XSim-7] Finding pre-compiled libraries...
INFO: [USF-XSim-11] File '/tools/xilinx/Vivado/2020.2/data/xsim/xsim.ini' copied to run dir:'/mnt/isaac_sbay0/lbo-ws/Projects/DVR-008-002/Base_Design_Project/Reference_design_project_2020.2/SoCora/SoCora.sim/sim_1/behav/xsim'
INFO: [SIM-utils-54] Inspecting design source files for 'tb_socora_gpio' in fileset 'sim_1'...
INFO: [USF-XSim-97] Finding global include files...
INFO: [USF-XSim-98] Fetching design files from 'sim_1'...
INFO: [USF-XSim-2] XSim::Compile design
INFO: [USF-XSim-61] Executing 'COMPILE and ANALYZE' step in '/mnt/isaac_sbay0/lbo-ws/Projects/DVR-008-002/Base_Design_Project/Reference_design_project_2020.2/SoCora/SoCora.sim/sim_1/behav/xsim'
xvlog --incr --relax -L uvm -L axi_vip_v1_1_8 -L processing_system7_vip_v1_0_10 -L xilinx_vip -prj tb_socora_gpio_vlog.prj
INFO: [VRFC 10-2263] Analyzing Verilog file "/mnt/isaac_sbay0/lbo-ws/Projects/DVR-008-002/Base_Design_Project/Reference_design_project_2020.2/SoCora/SoCora.sim/sim_1/behav/xsim/glbl.v" into library xil_defaultlib
INFO: [VRFC 10-311] analyzing module glbl
xvhdl --incr --relax -prj tb_socora_gpio_vhdl.prj
Waiting for jobs to finish...
No pending jobs, compilation finished.
INFO: [USF-XSim-69] 'compile' step finished in '1' seconds
INFO: [USF-XSim-3] XSim::Elaborate design
INFO: [USF-XSim-61] Executing 'ELABORATE' step in '/mnt/isaac_sbay0/lbo-ws/Projects/DVR-008-002/Base_Design_Project/Reference_design_project_2020.2/SoCora/SoCora.sim/sim_1/behav/xsim'
xelab -wto a3f026e018754fa680b034e71549393c --incr --debug typical --relax --mt 8 -L xil_defaultlib -L axi_infrastructure_v1_1_0 -L axi_vip_v1_1_8 -L processing_system7_vip_v1_0_10 -L axi_lite_ipif_v3_0_4 -L lib_cdc_v1_0_2 -L interrupt_control_v3_1_4 -L axi_gpio_v2_0_24 -L proc_sys_reset_v5_0_13 -L generic_baseblocks_v2_1_0 -L axi_register_slice_v2_1_22 -L fifo_generator_v13_2_5 -L axi_data_fifo_v2_1_21 -L axi_crossbar_v2_1_23 -L axi_protocol_converter_v2_1_22 -L uvm -L xilinx_vip -L unisims_ver -L unimacro_ver -L secureip -L xpm --snapshot tb_socora_gpio_behav xil_defaultlib.tb_socora_gpio xil_defaultlib.glbl -log elaborate.log
Vivado Simulator 2020.2
Copyright 1986-1999, 2001-2020 Xilinx, Inc. All Rights Reserved.
Running: /tools/xilinx/Vivado/2020.2/bin/unwrapped/lnx64.o/xelab -wto a3f026e018754fa680b034e71549393c --incr --debug typical --relax --mt 8 -L xil_defaultlib -L axi_infrastructure_v1_1_0 -L axi_vip_v1_1_8 -L processing_system7_vip_v1_0_10 -L axi_lite_ipif_v3_0_4 -L lib_cdc_v1_0_2 -L interrupt_control_v3_1_4 -L axi_gpio_v2_0_24 -L proc_sys_reset_v5_0_13 -L generic_baseblocks_v2_1_0 -L axi_register_slice_v2_1_22 -L fifo_generator_v13_2_5 -L axi_data_fifo_v2_1_21 -L axi_crossbar_v2_1_23 -L axi_protocol_converter_v2_1_22 -L uvm -L xilinx_vip -L unisims_ver -L unimacro_ver -L secureip -L xpm --snapshot tb_socora_gpio_behav xil_defaultlib.tb_socora_gpio xil_defaultlib.glbl -log elaborate.log 
Using 8 slave threads.
Starting static elaboration
Pass Through NonSizing Optimizer
WARNING: [VRFC 10-4969] module 'processing_system7_vip_v1_0_10_arb_wr' is instantiated multiple times from VHDL or from both Verilog and VHDL, elaboration result may be incorrect [/wrk/ci/prod/2020.2/sw/continuous/733/packages/customer/vivado/data/ip/xilinx/processing_system7_vip_v1_0/hdl/processing_system7_vip_v1_0_vl_rfs.sv:11]
WARNING: [VRFC 10-3091] actual bit length 128 differs from formal bit length 64 for port 'WR_DATA_STRB' [/scratch/proj/xbuilds/SWIP/2020.2_1118_1232/infra/XSIM/lin/.cxl.ip/incl/processing_system7_vip_v1_0_10_axi_gp.v:208]
WARNING: [VRFC 10-3091] actual bit length 12 differs from formal bit length 6 for port 'm_axi_bid' [/wrk/ci/prod/2020.2/sw/continuous/733/packages/customer/vivado/data/ip/xilinx/processing_system7_vip_v1_0/hdl/processing_system7_vip_v1_0_vl_rfs.sv:5546]
WARNING: [VRFC 10-3091] actual bit length 12 differs from formal bit length 6 for port 'm_axi_rid' [/wrk/ci/prod/2020.2/sw/continuous/733/packages/customer/vivado/data/ip/xilinx/processing_system7_vip_v1_0/hdl/processing_system7_vip_v1_0_vl_rfs.sv:5564]
WARNING: [VRFC 10-3091] actual bit length 128 differs from formal bit length 64 for port 'WR_DATA_STRB' [/scratch/proj/xbuilds/SWIP/2020.2_1118_1232/infra/XSIM/lin/.cxl.ip/incl/processing_system7_vip_v1_0_10_axi_gp.v:292]
WARNING: [VRFC 10-3091] actual bit length 8 differs from formal bit length 9 for port 'WR_BYTES' [/scratch/proj/xbuilds/SWIP/2020.2_1118_1232/infra/XSIM/lin/.cxl.ip/incl/processing_system7_vip_v1_0_10_axi_hp.v:80]
WARNING: [VRFC 10-3091] actual bit length 8 differs from formal bit length 9 for port 'RD_BYTES' [/scratch/proj/xbuilds/SWIP/2020.2_1118_1232/infra/XSIM/lin/.cxl.ip/incl/processing_system7_vip_v1_0_10_axi_hp.v:89]
WARNING: [VRFC 10-3091] actual bit length 12 differs from formal bit length 6 for port 'm_axi_bid' [/wrk/ci/prod/2020.2/sw/continuous/733/packages/customer/vivado/data/ip/xilinx/processing_system7_vip_v1_0/hdl/processing_system7_vip_v1_0_vl_rfs.sv:10256]
WARNING: [VRFC 10-3091] actual bit length 12 differs from formal bit length 6 for port 'm_axi_rid' [/wrk/ci/prod/2020.2/sw/continuous/733/packages/customer/vivado/data/ip/xilinx/processing_system7_vip_v1_0/hdl/processing_system7_vip_v1_0_vl_rfs.sv:10274]
WARNING: [VRFC 10-3091] actual bit length 32 differs from formal bit length 64 for port 'm_axi_rdata' [/wrk/ci/prod/2020.2/sw/continuous/733/packages/customer/vivado/data/ip/xilinx/processing_system7_vip_v1_0/hdl/processing_system7_vip_v1_0_vl_rfs.sv:10275]
WARNING: [VRFC 10-3091] actual bit length 8 differs from formal bit length 9 for port 'WR_BYTES' [/scratch/proj/xbuilds/SWIP/2020.2_1118_1232/infra/XSIM/lin/.cxl.ip/incl/processing_system7_vip_v1_0_10_axi_hp.v:165]
WARNING: [VRFC 10-3091] actual bit length 8 differs from formal bit length 9 for port 'RD_BYTES' [/scratch/proj/xbuilds/SWIP/2020.2_1118_1232/infra/XSIM/lin/.cxl.ip/incl/processing_system7_vip_v1_0_10_axi_hp.v:174]
WARNING: [VRFC 10-3091] actual bit length 8 differs from formal bit length 9 for port 'WR_BYTES' [/scratch/proj/xbuilds/SWIP/2020.2_1118_1232/infra/XSIM/lin/.cxl.ip/incl/processing_system7_vip_v1_0_10_axi_hp.v:251]
WARNING: [VRFC 10-3091] actual bit length 8 differs from formal bit length 9 for port 'RD_BYTES' [/scratch/proj/xbuilds/SWIP/2020.2_1118_1232/infra/XSIM/lin/.cxl.ip/incl/processing_system7_vip_v1_0_10_axi_hp.v:260]
WARNING: [VRFC 10-3091] actual bit length 8 differs from formal bit length 9 for port 'WR_BYTES' [/scratch/proj/xbuilds/SWIP/2020.2_1118_1232/infra/XSIM/lin/.cxl.ip/incl/processing_system7_vip_v1_0_10_axi_hp.v:337]
WARNING: [VRFC 10-3091] actual bit length 8 differs from formal bit length 9 for port 'RD_BYTES' [/scratch/proj/xbuilds/SWIP/2020.2_1118_1232/infra/XSIM/lin/.cxl.ip/incl/processing_system7_vip_v1_0_10_axi_hp.v:346]
WARNING: [VRFC 10-3091] actual bit length 12 differs from formal bit length 3 for port 'm_axi_bid' [/wrk/ci/prod/2020.2/sw/continuous/733/packages/customer/vivado/data/ip/xilinx/processing_system7_vip_v1_0/hdl/processing_system7_vip_v1_0_vl_rfs.sv:7157]
WARNING: [VRFC 10-3091] actual bit length 12 differs from formal bit length 3 for port 'm_axi_rid' [/wrk/ci/prod/2020.2/sw/continuous/733/packages/customer/vivado/data/ip/xilinx/processing_system7_vip_v1_0/hdl/processing_system7_vip_v1_0_vl_rfs.sv:7175]
WARNING: [VRFC 10-3091] actual bit length 32 differs from formal bit length 64 for port 'm_axi_rdata' [/wrk/ci/prod/2020.2/sw/continuous/733/packages/customer/vivado/data/ip/xilinx/processing_system7_vip_v1_0/hdl/processing_system7_vip_v1_0_vl_rfs.sv:7176]
WARNING: [VRFC 10-5021] port 'led2_tri_o' is not connected on this instance [/mnt/isaac_sbay0/lbo-ws/Projects/DVR-008-002/Base_Design_Project/Reference_design_project_2020.2/src/sim/tb_socora_gpio.sv:170]
WARNING: [VRFC 10-5021] port 'ENET0_GMII_RXD' is not connected on this instance [/mnt/isaac_sbay0/lbo-ws/Projects/DVR-008-002/Base_Design_Project/Reference_design_project_2020.2/SoCora/SoCora.ip_user_files/bd/design_1/ip/design_1_processing_system7_0_0/sim/design_1_processing_system7_0_0.v:191]
WARNING: [VRFC 10-3027] 'ocm_wr_strb_port0' was previously declared with a different range [/wrk/ci/prod/2020.2/sw/continuous/733/packages/customer/vivado/data/ip/xilinx/processing_system7_vip_v1_0/hdl/processing_system7_vip_v1_0_vl_rfs.sv:3809]
WARNING: [VRFC 10-5021] port 'aclk2x' is not connected on this instance [/wrk/ci/prod/2020.2/sw/continuous/733/packages/customer/vivado/data/ip/xilinx/axi_protocol_converter_v2_1/hdl/axi_protocol_converter_v2_1_vl_rfs.v:4376]
WARNING: [VRFC 10-5021] port 'aclk2x' is not connected on this instance [/wrk/ci/prod/2020.2/sw/continuous/733/packages/customer/vivado/data/ip/xilinx/axi_protocol_converter_v2_1/hdl/axi_protocol_converter_v2_1_vl_rfs.v:4631]
WARNING: [VRFC 10-3705] select index 64 into 'wrp_strb' is out of bounds [/wrk/ci/prod/2020.2/sw/continuous/733/packages/customer/vivado/data/ip/xilinx/processing_system7_vip_v1_0/hdl/processing_system7_vip_v1_0_vl_rfs.sv:6134]
WARNING: [VRFC 10-3705] select index 128 into 'wrp_strb' is out of bounds [/wrk/ci/prod/2020.2/sw/continuous/733/packages/customer/vivado/data/ip/xilinx/processing_system7_vip_v1_0/hdl/processing_system7_vip_v1_0_vl_rfs.sv:10898]
WARNING: [VRFC 10-3705] select index 128 into 'wrp_strb' is out of bounds [/wrk/ci/prod/2020.2/sw/continuous/733/packages/customer/vivado/data/ip/xilinx/processing_system7_vip_v1_0/hdl/processing_system7_vip_v1_0_vl_rfs.sv:7772]
WARNING: [VRFC 10-3705] select index 4 into 'wr_fifo_rd_ptr' is out of bounds [/wrk/ci/prod/2020.2/sw/continuous/733/packages/customer/vivado/data/ip/xilinx/processing_system7_vip_v1_0/hdl/processing_system7_vip_v1_0_vl_rfs.sv:7985]
WARNING: [VRFC 10-3705] select index 4 into 'ar_cnt' is out of bounds [/wrk/ci/prod/2020.2/sw/continuous/733/packages/customer/vivado/data/ip/xilinx/processing_system7_vip_v1_0/hdl/processing_system7_vip_v1_0_vl_rfs.sv:8124]
WARNING: [VRFC 10-3705] select index 4 into 'wr_rresp_cnt' is out of bounds [/wrk/ci/prod/2020.2/sw/continuous/733/packages/customer/vivado/data/ip/xilinx/processing_system7_vip_v1_0/hdl/processing_system7_vip_v1_0_vl_rfs.sv:8221]
WARNING: [VRFC 10-3705] select index 4 into 'rd_fifo_wr_ptr' is out of bounds [/wrk/ci/prod/2020.2/sw/continuous/733/packages/customer/vivado/data/ip/xilinx/processing_system7_vip_v1_0/hdl/processing_system7_vip_v1_0_vl_rfs.sv:8240]
WARNING: [VRFC 10-3705] select index 4 into 'rd_cnt' is out of bounds [/wrk/ci/prod/2020.2/sw/continuous/733/packages/customer/vivado/data/ip/xilinx/processing_system7_vip_v1_0/hdl/processing_system7_vip_v1_0_vl_rfs.sv:8381]
WARNING: [VRFC 10-3705] select index 4 into 'rresp_time_cnt' is out of bounds [/wrk/ci/prod/2020.2/sw/continuous/733/packages/customer/vivado/data/ip/xilinx/processing_system7_vip_v1_0/hdl/processing_system7_vip_v1_0_vl_rfs.sv:8386]
WARNING: [VRFC 10-3705] select index 4 into 'rd_fifo_rd_ptr' is out of bounds [/wrk/ci/prod/2020.2/sw/continuous/733/packages/customer/vivado/data/ip/xilinx/processing_system7_vip_v1_0/hdl/processing_system7_vip_v1_0_vl_rfs.sv:8391]
Completed static elaboration
Starting simulation data flow analysis
Completed simulation data flow analysis
Time Resolution for simulation is 1ps
Compiling package std.standard
Compiling package std.textio
Compiling package ieee.std_logic_1164
Compiling package ieee.numeric_std
Compiling package unisim.vcomponents
Compiling package ieee.std_logic_arith
Compiling package ieee.std_logic_unsigned
Compiling package synopsys.attributes
Compiling package ieee.std_logic_misc
Compiling package axi_lite_ipif_v3_0_4.ipif_pkg
Compiling package ieee.vital_timing
Compiling package ieee.vital_primitives
Compiling package unisim.vpkg
Compiling package xilinx_vip.axi_vip_pkg
Compiling package xilinx_vip.xil_common_vip_pkg
Compiling package std.std
Compiling architecture behavioral of entity xil_defaultlib.tb_socora_gpio_stim [tb_socora_gpio_stim_default]
Compiling architecture imp of entity axi_lite_ipif_v3_0_4.pselect_f [\pselect_f(c_ab=2,c_aw=2,c_bar="...]
Compiling architecture imp of entity axi_lite_ipif_v3_0_4.pselect_f [\pselect_f(c_ab=2,c_aw=2,c_bar="...]
Compiling architecture imp of entity axi_lite_ipif_v3_0_4.pselect_f [\pselect_f(c_ab=2,c_aw=2,c_bar="...]
Compiling architecture imp of entity axi_lite_ipif_v3_0_4.pselect_f [\pselect_f(c_ab=2,c_aw=2,c_bar="...]
Compiling architecture imp of entity axi_lite_ipif_v3_0_4.address_decoder [\address_decoder(c_bus_awidth=9,...]
Compiling architecture imp of entity axi_lite_ipif_v3_0_4.slave_attachment [\slave_attachment(c_ard_addr_ran...]
Compiling architecture imp of entity axi_lite_ipif_v3_0_4.axi_lite_ipif [\axi_lite_ipif(c_s_axi_addr_widt...]
Compiling architecture fdre_v of entity unisim.FDRE [fdre_default]
Compiling architecture fdr_v of entity unisim.FDR [fdr_default]
Compiling architecture implementation of entity lib_cdc_v1_0_2.cdc_sync [\cdc_sync(c_single_bit=0,c_vecto...]
Compiling architecture imp of entity axi_gpio_v2_0_24.GPIO_Core [\GPIO_Core(c_aw=9,c_gpio_width=3...]
Compiling architecture imp of entity axi_gpio_v2_0_24.axi_gpio [\axi_gpio(c_family="zynq",c_gpio...]
Compiling architecture design_1_axi_gpio_0_0_arch of entity xil_defaultlib.design_1_axi_gpio_0_0 [design_1_axi_gpio_0_0_default]
Compiling architecture design_1_axi_gpio_1_0_arch of entity xil_defaultlib.design_1_axi_gpio_1_0 [design_1_axi_gpio_1_0_default]
Compiling module processing_system7_vip_v1_0_10.processing_system7_vip_v1_0_10_g...
Compiling module processing_system7_vip_v1_0_10.processing_system7_vip_v1_0_10_g...
Compiling module processing_system7_vip_v1_0_10.processing_system7_vip_v1_0_10_a...
Compiling module processing_system7_vip_v1_0_10.processing_system7_vip_v1_0_10_a...
Compiling module processing_system7_vip_v1_0_10.processing_system7_vip_v1_0_10_f...
Compiling module processing_system7_vip_v1_0_10.processing_system7_vip_v1_0_10_a...
Compiling module processing_system7_vip_v1_0_10.processing_system7_vip_v1_0_10_a...
Compiling module processing_system7_vip_v1_0_10.processing_system7_vip_v1_0_10_a...
Compiling module processing_system7_vip_v1_0_10.processing_system7_vip_v1_0_10_a...
Compiling module processing_system7_vip_v1_0_10.processing_system7_vip_v1_0_10_s...
Compiling module processing_system7_vip_v1_0_10.processing_system7_vip_v1_0_10_i...
Compiling module processing_system7_vip_v1_0_10.processing_system7_vip_v1_0_10_s...
Compiling module processing_system7_vip_v1_0_10.processing_system7_vip_v1_0_10_d...
Compiling module processing_system7_vip_v1_0_10.processing_system7_vip_v1_0_10_o...
Compiling module processing_system7_vip_v1_0_10.processing_system7_vip_v1_0_10_o...
Compiling module processing_system7_vip_v1_0_10.processing_system7_vip_v1_0_10_r...
Compiling module processing_system7_vip_v1_0_10.processing_system7_vip_v1_0_10_r...
Compiling module xilinx_vip.axi_vip_axi4pc(WDATA_WIDTH=32,RD...
Compiling module xilinx_vip.cb
Compiling module xilinx_vip.axi_vip_if(C_AXI_PROTOCOL=1,C_AX...
Compiling module axi_vip_v1_1_8.axi_vip_v1_1_8_top(C_AXI_PROTOCO...
Compiling module processing_system7_vip_v1_0_10.processing_system7_vip_v1_0_10_a...
Compiling module processing_system7_vip_v1_0_10.processing_system7_vip_v1_0_10_a...
Compiling module xilinx_vip.axi_vip_axi4pc(WDATA_WIDTH=32,RD...
Compiling module xilinx_vip.cb
Compiling module xilinx_vip.axi_vip_if(C_AXI_PROTOCOL=1,C_AX...
Compiling module axi_vip_v1_1_8.axi_vip_v1_1_8_top(C_AXI_PROTOCO...
WARNING: [VRFC 10-3705] select index 64 into 'wrp_strb' is out of bounds [/wrk/ci/prod/2020.2/sw/continuous/733/packages/customer/vivado/data/ip/xilinx/processing_system7_vip_v1_0/hdl/processing_system7_vip_v1_0_vl_rfs.sv:6134]
Compiling module processing_system7_vip_v1_0_10.processing_system7_vip_v1_0_10_a...
Compiling module processing_system7_vip_v1_0_10.processing_system7_vip_v1_0_10_a...
Compiling module xilinx_vip.axi_vip_axi4pc(PROTOCOL=1,RID_WI...
Compiling module xilinx_vip.cb
Compiling module xilinx_vip.axi_vip_if(C_AXI_PROTOCOL=1,C_AX...
Compiling module axi_vip_v1_1_8.axi_vip_v1_1_8_top(C_AXI_PROTOCO...
Compiling module processing_system7_vip_v1_0_10.processing_system7_vip_v1_0_10_i...
WARNING: [VRFC 10-3705] select index 128 into 'wrp_strb' is out of bounds [/wrk/ci/prod/2020.2/sw/continuous/733/packages/customer/vivado/data/ip/xilinx/processing_system7_vip_v1_0/hdl/processing_system7_vip_v1_0_vl_rfs.sv:10898]
Compiling module processing_system7_vip_v1_0_10.processing_system7_vip_v1_0_10_a...
Compiling module processing_system7_vip_v1_0_10.processing_system7_vip_v1_0_10_a...
Compiling module processing_system7_vip_v1_0_10.processing_system7_vip_v1_0_10_a...
Compiling module processing_system7_vip_v1_0_10.processing_system7_vip_v1_0_10_a...
Compiling module xilinx_vip.axi_vip_axi4pc(PROTOCOL=1,RID_WI...
Compiling module xilinx_vip.cb
Compiling module xilinx_vip.axi_vip_if(C_AXI_PROTOCOL=1,C_AX...
Compiling module axi_vip_v1_1_8.axi_vip_v1_1_8_top(C_AXI_PROTOCO...
WARNING: [VRFC 10-3705] select index 128 into 'wrp_strb' is out of bounds [/wrk/ci/prod/2020.2/sw/continuous/733/packages/customer/vivado/data/ip/xilinx/processing_system7_vip_v1_0/hdl/processing_system7_vip_v1_0_vl_rfs.sv:7772]
WARNING: [VRFC 10-3705] select index 4 into 'wr_fifo_rd_ptr' is out of bounds [/wrk/ci/prod/2020.2/sw/continuous/733/packages/customer/vivado/data/ip/xilinx/processing_system7_vip_v1_0/hdl/processing_system7_vip_v1_0_vl_rfs.sv:7985]
WARNING: [VRFC 10-3705] select index 4 into 'ar_cnt' is out of bounds [/wrk/ci/prod/2020.2/sw/continuous/733/packages/customer/vivado/data/ip/xilinx/processing_system7_vip_v1_0/hdl/processing_system7_vip_v1_0_vl_rfs.sv:8124]
WARNING: [VRFC 10-3705] select index 4 into 'wr_rresp_cnt' is out of bounds [/wrk/ci/prod/2020.2/sw/continuous/733/packages/customer/vivado/data/ip/xilinx/processing_system7_vip_v1_0/hdl/processing_system7_vip_v1_0_vl_rfs.sv:8221]
WARNING: [VRFC 10-3705] select index 4 into 'rd_fifo_wr_ptr' is out of bounds [/wrk/ci/prod/2020.2/sw/continuous/733/packages/customer/vivado/data/ip/xilinx/processing_system7_vip_v1_0/hdl/processing_system7_vip_v1_0_vl_rfs.sv:8240]
WARNING: [VRFC 10-3705] select index 4 into 'rd_cnt' is out of bounds [/wrk/ci/prod/2020.2/sw/continuous/733/packages/customer/vivado/data/ip/xilinx/processing_system7_vip_v1_0/hdl/processing_system7_vip_v1_0_vl_rfs.sv:8381]
WARNING: [VRFC 10-3705] select index 4 into 'rresp_time_cnt' is out of bounds [/wrk/ci/prod/2020.2/sw/continuous/733/packages/customer/vivado/data/ip/xilinx/processing_system7_vip_v1_0/hdl/processing_system7_vip_v1_0_vl_rfs.sv:8386]
WARNING: [VRFC 10-3705] select index 4 into 'rd_fifo_rd_ptr' is out of bounds [/wrk/ci/prod/2020.2/sw/continuous/733/packages/customer/vivado/data/ip/xilinx/processing_system7_vip_v1_0/hdl/processing_system7_vip_v1_0_vl_rfs.sv:8391]
Compiling module processing_system7_vip_v1_0_10.processing_system7_vip_v1_0_10_a...
Compiling module processing_system7_vip_v1_0_10.processing_system7_vip_v1_0_10(C...
Compiling module xil_defaultlib.design_1_processing_system7_0_0
Compiling architecture structure of entity xil_defaultlib.m00_couplers_imp_15SPJYW [m00_couplers_imp_15spjyw_default]
Compiling architecture structure of entity xil_defaultlib.m01_couplers_imp_XU9C55 [m01_couplers_imp_xu9c55_default]
Compiling module axi_infrastructure_v1_1_0.axi_infrastructure_v1_1_0_axi2ve...
Compiling module axi_infrastructure_v1_1_0.axi_infrastructure_v1_1_0_vector...
Compiling module axi_register_slice_v2_1_22.axi_register_slice_v2_1_22_axic_...
Compiling module axi_register_slice_v2_1_22.axi_register_slice_v2_1_22_axic_...
Compiling module axi_register_slice_v2_1_22.axi_register_slice_v2_1_22_axic_...
Compiling module axi_register_slice_v2_1_22.axi_register_slice_v2_1_22_axic_...
Compiling module axi_register_slice_v2_1_22.axi_register_slice_v2_1_22_axi_r...
Compiling module axi_protocol_converter_v2_1_22.axi_protocol_converter_v2_1_22_b...
Compiling module axi_protocol_converter_v2_1_22.axi_protocol_converter_v2_1_22_b...
Compiling module axi_protocol_converter_v2_1_22.axi_protocol_converter_v2_1_22_b...
Compiling module axi_protocol_converter_v2_1_22.axi_protocol_converter_v2_1_22_b...
Compiling module axi_protocol_converter_v2_1_22.axi_protocol_converter_v2_1_22_b...
Compiling module axi_protocol_converter_v2_1_22.axi_protocol_converter_v2_1_22_b...
Compiling module axi_protocol_converter_v2_1_22.axi_protocol_converter_v2_1_22_b...
Compiling module axi_protocol_converter_v2_1_22.axi_protocol_converter_v2_1_22_b...
Compiling module axi_protocol_converter_v2_1_22.axi_protocol_converter_v2_1_22_b...
Compiling module axi_protocol_converter_v2_1_22.axi_protocol_converter_v2_1_22_b...
Compiling module axi_protocol_converter_v2_1_22.axi_protocol_converter_v2_1_22_b...
Compiling module axi_protocol_converter_v2_1_22.axi_protocol_converter_v2_1_22_b...
Compiling module axi_protocol_converter_v2_1_22.axi_protocol_converter_v2_1_22_b...
Compiling module axi_infrastructure_v1_1_0.axi_infrastructure_v1_1_0_axi2ve...
Compiling module axi_infrastructure_v1_1_0.axi_infrastructure_v1_1_0_vector...
Compiling module axi_register_slice_v2_1_22.axi_register_slice_v2_1_22_axic_...
Compiling module axi_register_slice_v2_1_22.axi_register_slice_v2_1_22_axic_...
Compiling module axi_register_slice_v2_1_22.axi_register_slice_v2_1_22_axic_...
Compiling module axi_register_slice_v2_1_22.axi_register_slice_v2_1_22_axic_...
Compiling module axi_register_slice_v2_1_22.axi_register_slice_v2_1_22_axi_r...
Compiling module axi_protocol_converter_v2_1_22.axi_protocol_converter_v2_1_22_b...
Compiling module axi_protocol_converter_v2_1_22.axi_protocol_converter_v2_1_22_a...
Compiling module xil_defaultlib.design_1_auto_pc_0
Compiling architecture structure of entity xil_defaultlib.s00_couplers_imp_UYSKKA [s00_couplers_imp_uyskka_default]
Compiling module axi_crossbar_v2_1_23.axi_crossbar_v2_1_23_addr_arbite...
Compiling module generic_baseblocks_v2_1_0.generic_baseblocks_v2_1_0_carry_...
Compiling module generic_baseblocks_v2_1_0.generic_baseblocks_v2_1_0_compar...
Compiling module generic_baseblocks_v2_1_0.generic_baseblocks_v2_1_0_compar...
Compiling module axi_crossbar_v2_1_23.axi_crossbar_v2_1_23_addr_decode...
Compiling module axi_crossbar_v2_1_23.axi_crossbar_v2_1_23_splitter(C_...
Compiling module axi_crossbar_v2_1_23.axi_crossbar_v2_1_23_splitter
Compiling module generic_baseblocks_v2_1_0.generic_baseblocks_v2_1_0_mux_en...
Compiling module generic_baseblocks_v2_1_0.generic_baseblocks_v2_1_0_mux_en...
Compiling module generic_baseblocks_v2_1_0.generic_baseblocks_v2_1_0_mux_en...
Compiling module axi_register_slice_v2_1_22.axi_register_slice_v2_1_22_axic_...
Compiling module generic_baseblocks_v2_1_0.generic_baseblocks_v2_1_0_mux_en...
Compiling module axi_crossbar_v2_1_23.axi_crossbar_v2_1_23_decerr_slav...
Compiling module axi_crossbar_v2_1_23.axi_crossbar_v2_1_23_crossbar_sa...
Compiling module axi_crossbar_v2_1_23.axi_crossbar_v2_1_23_axi_crossba...
Compiling module xil_defaultlib.design_1_xbar_0
Compiling architecture structure of entity xil_defaultlib.design_1_ps7_0_axi_periph_0 [design_1_ps7_0_axi_periph_0_defa...]
Compiling architecture fdre_v of entity unisim.FDRE [\FDRE(init='1')\]
Compiling architecture implementation of entity lib_cdc_v1_0_2.cdc_sync [\cdc_sync(c_vector_width=2,c_mtb...]
Compiling architecture srl16e_v of entity unisim.SRL16E [\SRL16E(init="1111111111111111")...]
Compiling architecture srl16_v of entity unisim.SRL16 [\SRL16(init="1111111111111111")(...]
Compiling architecture imp of entity proc_sys_reset_v5_0_13.lpf [\lpf(c_ext_rst_width=4,c_aux_rst...]
Compiling architecture imp of entity proc_sys_reset_v5_0_13.upcnt_n [\upcnt_n(c_size=6)\]
Compiling architecture imp of entity proc_sys_reset_v5_0_13.sequence_psr [sequence_psr_default]
Compiling architecture imp of entity proc_sys_reset_v5_0_13.proc_sys_reset [\proc_sys_reset(c_family="zynq",...]
Compiling architecture design_1_rst_ps7_0_50m_0_arch of entity xil_defaultlib.design_1_rst_ps7_0_50M_0 [design_1_rst_ps7_0_50m_0_default]
Compiling architecture structure of entity xil_defaultlib.design_1 [design_1_default]
Compiling architecture structure of entity xil_defaultlib.design_1_wrapper [design_1_wrapper_default]
Compiling module xil_defaultlib.tb_socora_gpio
Compiling module xil_defaultlib.glbl
Built simulation snapshot tb_socora_gpio_behav
run_program: Time (s): cpu = 00:00:31 ; elapsed = 00:00:09 . Memory (MB): peak = 2931.930 ; gain = 0.000 ; free physical = 17618 ; free virtual = 48996
INFO: [USF-XSim-69] 'elaborate' step finished in '9' seconds
INFO: [USF-XSim-4] XSim::Simulate design
INFO: [USF-XSim-61] Executing 'SIMULATE' step in '/mnt/isaac_sbay0/lbo-ws/Projects/DVR-008-002/Base_Design_Project/Reference_design_project_2020.2/SoCora/SoCora.sim/sim_1/behav/xsim'
INFO: [USF-XSim-98] *** Running xsim
   with args "tb_socora_gpio_behav -key {Behavioral:sim_1:Functional:tb_socora_gpio} -tclbatch {tb_socora_gpio.tcl} -protoinst "protoinst_files/design_1.protoinst" -view {/mnt/isaac_sbay0/lbo-ws/Projects/DVR-008-002/Base_Design_Project/Reference_design_project_2020.2/src/sim/tb_socora_gpio_behav.wcfg} -log {simulate.log}"
INFO: [USF-XSim-8] Loading simulator feature
Vivado Simulator 2020.2
INFO: [Wavedata 42-565] Reading protoinst file protoinst_files/design_1.protoinst
INFO: [Wavedata 42-564]   Found protocol instance at /tb_socora_gpio/DUT/design_1_i//axi_gpio_0/S_AXI
INFO: [Wavedata 42-564]   Found protocol instance at /tb_socora_gpio/DUT/design_1_i//axi_gpio_1/S_AXI
INFO: [Wavedata 42-564]   Found protocol instance at /tb_socora_gpio/DUT/design_1_i//processing_system7_0/M_AXI_GP0
INFO: [Wavedata 42-564]   Found protocol instance at /tb_socora_gpio/DUT/design_1_i//ps7_0_axi_periph/M00_AXI
INFO: [Wavedata 42-564]   Found protocol instance at /tb_socora_gpio/DUT/design_1_i//ps7_0_axi_periph/M01_AXI
INFO: [Wavedata 42-564]   Found protocol instance at /tb_socora_gpio/DUT/design_1_i//ps7_0_axi_periph/S00_AXI
INFO: [Wavedata 42-564]   Found protocol instance at /tb_socora_gpio/DUT/design_1_i//ps7_0_axi_periph/m00_couplers/M_AXI
INFO: [Wavedata 42-564]   Found protocol instance at /tb_socora_gpio/DUT/design_1_i//ps7_0_axi_periph/m00_couplers/S_AXI
INFO: [Wavedata 42-564]   Found protocol instance at /tb_socora_gpio/DUT/design_1_i//ps7_0_axi_periph/m01_couplers/M_AXI
INFO: [Wavedata 42-564]   Found protocol instance at /tb_socora_gpio/DUT/design_1_i//ps7_0_axi_periph/m01_couplers/S_AXI
INFO: [Wavedata 42-564]   Found protocol instance at /tb_socora_gpio/DUT/design_1_i//ps7_0_axi_periph/s00_couplers/M_AXI
INFO: [Wavedata 42-564]   Found protocol instance at /tb_socora_gpio/DUT/design_1_i//ps7_0_axi_periph/s00_couplers/S_AXI
INFO: [Wavedata 42-564]   Found protocol instance at /tb_socora_gpio/DUT/design_1_i//ps7_0_axi_periph/s00_couplers/auto_pc/M_AXI
INFO: [Wavedata 42-564]   Found protocol instance at /tb_socora_gpio/DUT/design_1_i//ps7_0_axi_periph/s00_couplers/auto_pc/S_AXI
INFO: [Wavedata 42-564]   Found protocol instance at /tb_socora_gpio/DUT/design_1_i//ps7_0_axi_periph/xbar/M00_AXI
INFO: [Wavedata 42-564]   Found protocol instance at /tb_socora_gpio/DUT/design_1_i//ps7_0_axi_periph/xbar/M01_AXI
INFO: [Wavedata 42-564]   Found protocol instance at /tb_socora_gpio/DUT/design_1_i//ps7_0_axi_periph/xbar/S00_AXI
Time resolution is 1 ps
open_wave_config /mnt/isaac_sbay0/lbo-ws/Projects/DVR-008-002/Base_Design_Project/Reference_design_project_2020.2/src/sim/tb_socora_gpio_behav.wcfg
WARNING: Simulation object /tb_environnement/u_driver/m_tvalid was not found in the design.
WARNING: Simulation object /tb_environnement/u_driver/m_tdata was not found in the design.
WARNING: Simulation object /tb_environnement/u_driver/m_tlast was not found in the design.
WARNING: Simulation object /tb_environnement/u_driver/m_tready was not found in the design.
WARNING: Simulation object /tb_environnement/u_driver/clk_i was not found in the design.
WARNING: Simulation object /tb_environnement/u_driver/rst_i was not found in the design.
WARNING: Simulation object /tb_environnement/u_monitor/clk_i was not found in the design.
WARNING: Simulation object /tb_environnement/u_monitor/rst_i was not found in the design.
WARNING: Simulation object /tb_environnement/u_monitor/s_tvalid was not found in the design.
WARNING: Simulation object /tb_environnement/u_monitor/s_tdata was not found in the design.
WARNING: Simulation object /tb_environnement/u_monitor/s_tlast was not found in the design.
WARNING: Simulation object /tb_environnement/u_monitor/s_tuser was not found in the design.
WARNING: Simulation object /tb_environnement/u_monitor/s_tready was not found in the design.
source tb_socora_gpio.tcl
XilinxAXIVIP: Found at Path: tb_socora_gpio.DUT.design_1_i.processing_system7_0.inst.M_AXI_GP0.master
[0] : *ZYNQ_VIP_INFO : M_AXI_GP0 : Port is ENABLED.
XilinxAXIVIP: Found at Path: tb_socora_gpio.DUT.design_1_i.processing_system7_0.inst.M_AXI_GP1.master
[0] : *ZYNQ_VIP_INFO : M_AXI_GP1 : Port is DISABLED.
XilinxAXIVIP: Found at Path: tb_socora_gpio.DUT.design_1_i.processing_system7_0.inst.S_AXI_GP0.slave
[0] : *ZYNQ_VIP_INFO : S_AXI_GP0 : Port is DISABLED.
XilinxAXIVIP: Found at Path: tb_socora_gpio.DUT.design_1_i.processing_system7_0.inst.S_AXI_GP1.slave
[0] : *ZYNQ_VIP_INFO : S_AXI_GP1 : Port is DISABLED.
XilinxAXIVIP: Found at Path: tb_socora_gpio.DUT.design_1_i.processing_system7_0.inst.S_AXI_HP0.slave
[0] : *ZYNQ_VIP_INFO : S_AXI_HP0 : Port is DISABLED.
                   0 BEFORE checking line ...... x
                   0 AFTER checking line ...... x
XilinxAXIVIP: Found at Path: tb_socora_gpio.DUT.design_1_i.processing_system7_0.inst.S_AXI_HP1.slave
[0] : *ZYNQ_VIP_INFO : S_AXI_HP1 : Port is DISABLED.
                   0 BEFORE checking line ...... x
                   0 AFTER checking line ...... x
XilinxAXIVIP: Found at Path: tb_socora_gpio.DUT.design_1_i.processing_system7_0.inst.S_AXI_HP2.slave
[0] : *ZYNQ_VIP_INFO : S_AXI_HP2 : Port is DISABLED.
                   0 BEFORE checking line ...... x
                   0 AFTER checking line ...... x
XilinxAXIVIP: Found at Path: tb_socora_gpio.DUT.design_1_i.processing_system7_0.inst.S_AXI_HP3.slave
[0] : *ZYNQ_VIP_INFO : S_AXI_HP3 : Port is DISABLED.
                   0 BEFORE checking line ...... x
                   0 AFTER checking line ...... x
XilinxAXIVIP: Found at Path: tb_socora_gpio.DUT.design_1_i.processing_system7_0.inst.S_AXI_ACP.slave
[0] : *ZYNQ_VIP_INFO : S_AXI_ACP : Port is DISABLED.
==============================================================
 tb_socora_gpio - acces AXI4-Lite au GPIO via le Zynq PS7 VIP
 BAR_GPIO = 0x41200000  GPIO_WIDTH = 3
==============================================================
[0] : *ZYNQ_VIP_INFO : Setting Debug Level Info as 0
[0] : *ZYNQ_VIP_INFO : Setting Stop On Error as 1
[0 ns] INFO : assertion de FCLK_RESET0_N
                   0 else checking line ......x
WARNING: 10 ns tb_socora_gpio.DUT.design_1_i.processing_system7_0.inst.M_AXI_GP0.master.IF : ARESET_N can't be X/Z after 1 cycle of clock. To downgrade, use <hierarchy_path to VIP>.IF.set_enable_xchecks_to_warn(), or filter using clr_enable_xchecks.
[1800 ns] INFO : reset termine, peripheral_aresetn = 1
[1800 ns] PASS : valeur de reset : led_tri_o = 3'b000
[2070 ns] INFO : READ  @0x41200000 = 0x00000000 (OKAY)
[2070 ns] PASS : GPIO_DATA au reset : @0x41200000 = 0x00000000
[2470 ns] INFO : WRITE @0x41200004 = 0x00000000 (OKAY)
[2830 ns] INFO : READ  @0x41200004 = 0xffffffff (OKAY)
[2830 ns] INFO : GPIO_TRI relu = 0xffffffff (non implemente en mode all-outputs, informatif)

--- Marche d'un 1 ---
[3270 ns] INFO : WRITE @0x41200000 = 0x00000001 (OKAY)
[3370 ns] PASS : ecriture 0x00000001 : led_tri_o = 3'b001
[3670 ns] INFO : READ  @0x41200000 = 0x00000001 (OKAY)
[3670 ns] PASS : relecture 0x00000001 : @0x41200000 = 0x00000001
[4070 ns] INFO : WRITE @0x41200000 = 0x00000002 (OKAY)
[4170 ns] PASS : ecriture 0x00000002 : led_tri_o = 3'b010
[4430 ns] INFO : READ  @0x41200000 = 0x00000002 (OKAY)
[4430 ns] PASS : relecture 0x00000002 : @0x41200000 = 0x00000002
[4770 ns] INFO : WRITE @0x41200000 = 0x00000004 (OKAY)
[4870 ns] PASS : ecriture 0x00000004 : led_tri_o = 3'b100
[5130 ns] INFO : READ  @0x41200000 = 0x00000004 (OKAY)
[5130 ns] PASS : relecture 0x00000004 : @0x41200000 = 0x00000004

--- Balayage exhaustif ---
[5630 ns] INFO : WRITE @0x41200000 = 0x00000000 (OKAY)
[5730 ns] PASS : ecriture 0x00000000 : led_tri_o = 3'b000
[5990 ns] INFO : READ  @0x41200000 = 0x00000000 (OKAY)
[5990 ns] PASS : relecture 0x00000000 : @0x41200000 = 0x00000000
[6590 ns] INFO : WRITE @0x41200000 = 0x00000001 (OKAY)
[6690 ns] PASS : ecriture 0x00000001 : led_tri_o = 3'b001
[6950 ns] INFO : READ  @0x41200000 = 0x00000001 (OKAY)
[6950 ns] PASS : relecture 0x00000001 : @0x41200000 = 0x00000001
[7290 ns] INFO : WRITE @0x41200000 = 0x00000002 (OKAY)
[7390 ns] PASS : ecriture 0x00000002 : led_tri_o = 3'b010
[7650 ns] INFO : READ  @0x41200000 = 0x00000002 (OKAY)
[7650 ns] PASS : relecture 0x00000002 : @0x41200000 = 0x00000002
[8270 ns] INFO : WRITE @0x41200000 = 0x00000003 (OKAY)
[8370 ns] PASS : ecriture 0x00000003 : led_tri_o = 3'b011
[8630 ns] INFO : READ  @0x41200000 = 0x00000003 (OKAY)
[8630 ns] PASS : relecture 0x00000003 : @0x41200000 = 0x00000003
[9010 ns] INFO : WRITE @0x41200000 = 0x00000004 (OKAY)
[9110 ns] PASS : ecriture 0x00000004 : led_tri_o = 3'b100
[9410 ns] INFO : READ  @0x41200000 = 0x00000004 (OKAY)
[9410 ns] PASS : relecture 0x00000004 : @0x41200000 = 0x00000004
[9710 ns] INFO : WRITE @0x41200000 = 0x00000005 (OKAY)
[9810 ns] PASS : ecriture 0x00000005 : led_tri_o = 3'b101
[10110 ns] INFO : READ  @0x41200000 = 0x00000005 (OKAY)
[10110 ns] PASS : relecture 0x00000005 : @0x41200000 = 0x00000005
[10450 ns] INFO : WRITE @0x41200000 = 0x00000006 (OKAY)
[10550 ns] PASS : ecriture 0x00000006 : led_tri_o = 3'b110
[10810 ns] INFO : READ  @0x41200000 = 0x00000006 (OKAY)
[10810 ns] PASS : relecture 0x00000006 : @0x41200000 = 0x00000006
[11110 ns] INFO : WRITE @0x41200000 = 0x00000007 (OKAY)
[11210 ns] PASS : ecriture 0x00000007 : led_tri_o = 3'b111
[11510 ns] INFO : READ  @0x41200000 = 0x00000007 (OKAY)
[11510 ns] PASS : relecture 0x00000007 : @0x41200000 = 0x00000007

--- Motifs ponctuels ---
[11810 ns] INFO : WRITE @0x41200000 = 0x00000005 (OKAY)
[11910 ns] PASS : ecriture 0x00000005 : led_tri_o = 3'b101
[12210 ns] INFO : READ  @0x41200000 = 0x00000005 (OKAY)
[12210 ns] PASS : relecture 0x00000005 : @0x41200000 = 0x00000005
[12610 ns] INFO : WRITE @0x41200000 = 0x00000002 (OKAY)
[12710 ns] PASS : ecriture 0x00000002 : led_tri_o = 3'b010
[12970 ns] INFO : READ  @0x41200000 = 0x00000002 (OKAY)
[12970 ns] PASS : relecture 0x00000002 : @0x41200000 = 0x00000002
[13310 ns] INFO : WRITE @0x41200000 = 0x00000007 (OKAY)
[13410 ns] PASS : ecriture 0x00000007 : led_tri_o = 3'b111
[13670 ns] INFO : READ  @0x41200000 = 0x00000007 (OKAY)
[13670 ns] PASS : relecture 0x00000007 : @0x41200000 = 0x00000007
[14090 ns] INFO : WRITE @0x41200000 = 0x00000000 (OKAY)
[14190 ns] PASS : ecriture 0x00000000 : led_tri_o = 3'b000
[14450 ns] INFO : READ  @0x41200000 = 0x00000000 (OKAY)
[14450 ns] PASS : relecture 0x00000000 : @0x41200000 = 0x00000000

--- Bits hors largeur ---
[14930 ns] INFO : WRITE @0x41200000 = 0xfffffff8 (OKAY)
[15030 ns] PASS : bits >= GPIO_WIDTH ignores : led_tri_o = 3'b000

==============================================================
 Verifications executees : 33
 === TEST PASSED ===
==============================================================
Executing Axi4 End Of Simulation checks
Executing Axi4 End Of Simulation checks
Executing Axi4 End Of Simulation checks
Executing Axi4 End Of Simulation checks
Executing Axi4 End Of Simulation checks
Executing Axi4 End Of Simulation checks
Executing Axi4 End Of Simulation checks
Executing Axi4 End Of Simulation checks
Executing Axi4 End Of Simulation checks
$finish called at time : 15430 ns : File "/mnt/isaac_sbay0/lbo-ws/Projects/DVR-008-002/Base_Design_Project/Reference_design_project_2020.2/src/sim/tb_socora_gpio.sv" Line 440
INFO: [USF-XSim-96] XSim completed. Design snapshot 'tb_socora_gpio_behav' loaded.
INFO: [USF-XSim-97] XSim simulation ran for 1ms
launch_simulation: Time (s): cpu = 00:00:33 ; elapsed = 00:00:15 . Memory (MB): peak = 2931.930 ; gain = 0.000 ; free physical = 12454 ; free virtual = 43834
INFO: [Simtcl 6-16] Simulation closed
INFO : sim_1 restaure -- top=tb_socora_gpio runtime=1ms vue=tb_socora_gpio_behav.wcfg
INFO: [Common 17-206] Exiting Vivado at Thu Sep  3 12:34:05 2026...
