#-----------------------------------------------------------
# Webtalk v2020.2 (64-bit)
# SW Build 3064766 on Wed Nov 18 09:12:47 MST 2020
# IP Build 3064653 on Wed Nov 18 14:17:31 MST 2020
# Start of session at: Thu Sep  3 11:50:20 2026
# Process ID: 26335
# Current directory: /mnt/isaac_sbay0/lbo-ws/Projects/DVR-008-002/Base_Design_Project/Reference_design_project_2020.2/SoCora/SoCora.sim/sim_1/behav/xsim
# Command line: wbtcv -mode batch -source /mnt/isaac_sbay0/lbo-ws/Projects/DVR-008-002/Base_Design_Project/Reference_design_project_2020.2/SoCora/SoCora.sim/sim_1/behav/xsim/xsim.dir/tb_environnement_behav/webtalk/xsim_webtalk.tcl -notrace
# Log file: /mnt/isaac_sbay0/lbo-ws/Projects/DVR-008-002/Base_Design_Project/Reference_design_project_2020.2/SoCora/SoCora.sim/sim_1/behav/xsim/webtalk.log
# Journal file: /mnt/isaac_sbay0/lbo-ws/Projects/DVR-008-002/Base_Design_Project/Reference_design_project_2020.2/SoCora/SoCora.sim/sim_1/behav/xsim/webtalk.jou
#-----------------------------------------------------------
source /mnt/isaac_sbay0/lbo-ws/Projects/DVR-008-002/Base_Design_Project/Reference_design_project_2020.2/SoCora/SoCora.sim/sim_1/behav/xsim/xsim.dir/tb_environnement_behav/webtalk/xsim_webtalk.tcl -notrace
