
*** Running vivado
    with args -log design_1_DMA24bUnit_mm2s_0_0.vds -m64 -product Vivado -mode batch -messageDb vivado.pb -notrace -source design_1_DMA24bUnit_mm2s_0_0.tcl



****** Vivado v2020.2 (64-bit)
  **** SW Build 3064766 on Wed Nov 18 09:12:45 MST 2020
  **** IP Build 3064653 on Wed Nov 18 14:17:31 MST 2020
    ** Copyright 1986-2020 Xilinx, Inc. All Rights Reserved.

source design_1_DMA24bUnit_mm2s_0_0.tcl -notrace
INFO: [IP_Flow 19-234] Refreshing IP repositories
INFO: [IP_Flow 19-1700] Loaded user IP repository 'e:/VHDL/new_ref_design/IP'.
INFO: [IP_Flow 19-2313] Loaded Vivado IP repository 'E:/Xilinx/Vivado/2020.2/data/ip'.
Command: synth_design -top design_1_DMA24bUnit_mm2s_0_0 -part xc7z010clg400-1 -mode out_of_context
Starting synth_design
Attempting to get a license for feature 'Synthesis' and/or device 'xc7z010'
INFO: [Common 17-349] Got license for feature 'Synthesis' and/or device 'xc7z010'
INFO: [Device 21-403] Loading part xc7z010clg400-1
INFO: [Synth 8-7079] Multithreading enabled for synth_design using a maximum of 2 processes.
INFO: [Synth 8-7078] Launching helper process for spawning children vivado processes
INFO: [Synth 8-7075] Helper process launched with PID 5000
---------------------------------------------------------------------------------
Starting RTL Elaboration : Time (s): cpu = 00:00:06 ; elapsed = 00:00:08 . Memory (MB): peak = 1149.844 ; gain = 23.309
---------------------------------------------------------------------------------
INFO: [Synth 8-638] synthesizing module 'design_1_DMA24bUnit_mm2s_0_0' [e:/VHDL/new_ref_design/SoCora/SoCora.gen/sources_1/bd/design_1/ip/design_1_DMA24bUnit_mm2s_0_0/synth/design_1_DMA24bUnit_mm2s_0_0.vhd:112]
	Parameter C_M_AXI_GMEM_ID_WIDTH bound to: 1 - type: integer 
	Parameter C_M_AXI_GMEM_ADDR_WIDTH bound to: 64 - type: integer 
	Parameter C_M_AXI_GMEM_DATA_WIDTH bound to: 128 - type: integer 
	Parameter C_M_AXI_GMEM_AWUSER_WIDTH bound to: 1 - type: integer 
	Parameter C_M_AXI_GMEM_ARUSER_WIDTH bound to: 1 - type: integer 
	Parameter C_M_AXI_GMEM_WUSER_WIDTH bound to: 1 - type: integer 
	Parameter C_M_AXI_GMEM_RUSER_WIDTH bound to: 1 - type: integer 
	Parameter C_M_AXI_GMEM_BUSER_WIDTH bound to: 1 - type: integer 
	Parameter C_M_AXI_GMEM_USER_VALUE bound to: 0 - type: integer 
	Parameter C_M_AXI_GMEM_PROT_VALUE bound to: 0 - type: integer 
	Parameter C_M_AXI_GMEM_CACHE_VALUE bound to: 3 - type: integer 
INFO: [Synth 8-3491] module 'DMA24bUnit_mm2s' declared at 'e:/VHDL/new_ref_design/SoCora/SoCora.gen/sources_1/bd/design_1/ipshared/6268/hdl/vhdl/DMA24bUnit_mm2s.vhd:12' bound to instance 'U0' of component 'DMA24bUnit_mm2s' [e:/VHDL/new_ref_design/SoCora/SoCora.gen/sources_1/bd/design_1/ip/design_1_DMA24bUnit_mm2s_0_0/synth/design_1_DMA24bUnit_mm2s_0_0.vhd:270]
INFO: [Synth 8-638] synthesizing module 'DMA24bUnit_mm2s' [e:/VHDL/new_ref_design/SoCora/SoCora.gen/sources_1/bd/design_1/ipshared/6268/hdl/vhdl/DMA24bUnit_mm2s.vhd:90]
	Parameter C_M_AXI_GMEM_ADDR_WIDTH bound to: 64 - type: integer 
	Parameter C_M_AXI_GMEM_ID_WIDTH bound to: 1 - type: integer 
	Parameter C_M_AXI_GMEM_AWUSER_WIDTH bound to: 1 - type: integer 
	Parameter C_M_AXI_GMEM_DATA_WIDTH bound to: 128 - type: integer 
	Parameter C_M_AXI_GMEM_WUSER_WIDTH bound to: 1 - type: integer 
	Parameter C_M_AXI_GMEM_ARUSER_WIDTH bound to: 1 - type: integer 
	Parameter C_M_AXI_GMEM_RUSER_WIDTH bound to: 1 - type: integer 
	Parameter C_M_AXI_GMEM_BUSER_WIDTH bound to: 1 - type: integer 
	Parameter C_M_AXI_GMEM_USER_VALUE bound to: 0 - type: integer 
	Parameter C_M_AXI_GMEM_PROT_VALUE bound to: 0 - type: integer 
	Parameter C_M_AXI_GMEM_CACHE_VALUE bound to: 3 - type: integer 
	Parameter CONSERVATIVE bound to: 0 - type: integer 
	Parameter USER_DW bound to: 128 - type: integer 
	Parameter USER_AW bound to: 64 - type: integer 
	Parameter USER_MAXREQS bound to: 5 - type: integer 
	Parameter NUM_READ_OUTSTANDING bound to: 16 - type: integer 
	Parameter NUM_WRITE_OUTSTANDING bound to: 16 - type: integer 
	Parameter MAX_READ_BURST_LENGTH bound to: 64 - type: integer 
	Parameter MAX_WRITE_BURST_LENGTH bound to: 16 - type: integer 
	Parameter C_M_AXI_ID_WIDTH bound to: 1 - type: integer 
	Parameter C_M_AXI_ADDR_WIDTH bound to: 64 - type: integer 
	Parameter C_M_AXI_DATA_WIDTH bound to: 128 - type: integer 
	Parameter C_M_AXI_AWUSER_WIDTH bound to: 1 - type: integer 
	Parameter C_M_AXI_ARUSER_WIDTH bound to: 1 - type: integer 
	Parameter C_M_AXI_WUSER_WIDTH bound to: 1 - type: integer 
	Parameter C_M_AXI_RUSER_WIDTH bound to: 1 - type: integer 
	Parameter C_M_AXI_BUSER_WIDTH bound to: 1 - type: integer 
	Parameter C_USER_VALUE bound to: 0 - type: integer 
	Parameter C_PROT_VALUE bound to: 0 - type: integer 
	Parameter C_CACHE_VALUE bound to: 3 - type: integer 
INFO: [Synth 8-3491] module 'DMA24bUnit_mm2s_gmem_m_axi' declared at 'e:/VHDL/new_ref_design/SoCora/SoCora.gen/sources_1/bd/design_1/ipshared/6268/hdl/vhdl/DMA24bUnit_mm2s_gmem_m_axi.vhd:9' bound to instance 'gmem_m_axi_U' of component 'DMA24bUnit_mm2s_gmem_m_axi' [e:/VHDL/new_ref_design/SoCora/SoCora.gen/sources_1/bd/design_1/ipshared/6268/hdl/vhdl/DMA24bUnit_mm2s.vhd:412]
INFO: [Synth 8-638] synthesizing module 'DMA24bUnit_mm2s_gmem_m_axi' [e:/VHDL/new_ref_design/SoCora/SoCora.gen/sources_1/bd/design_1/ipshared/6268/hdl/vhdl/DMA24bUnit_mm2s_gmem_m_axi.vhd:140]
	Parameter CONSERVATIVE bound to: 0 - type: integer 
	Parameter NUM_READ_OUTSTANDING bound to: 16 - type: integer 
	Parameter NUM_WRITE_OUTSTANDING bound to: 16 - type: integer 
	Parameter MAX_READ_BURST_LENGTH bound to: 64 - type: integer 
	Parameter MAX_WRITE_BURST_LENGTH bound to: 16 - type: integer 
	Parameter C_M_AXI_ID_WIDTH bound to: 1 - type: integer 
	Parameter C_M_AXI_ADDR_WIDTH bound to: 64 - type: integer 
	Parameter C_TARGET_ADDR bound to: 0 - type: integer 
	Parameter C_M_AXI_DATA_WIDTH bound to: 128 - type: integer 
	Parameter C_M_AXI_AWUSER_WIDTH bound to: 1 - type: integer 
	Parameter C_M_AXI_ARUSER_WIDTH bound to: 1 - type: integer 
	Parameter C_M_AXI_WUSER_WIDTH bound to: 1 - type: integer 
	Parameter C_M_AXI_RUSER_WIDTH bound to: 1 - type: integer 
	Parameter C_M_AXI_BUSER_WIDTH bound to: 1 - type: integer 
	Parameter C_USER_VALUE bound to: 0 - type: integer 
	Parameter C_PROT_VALUE bound to: 0 - type: integer 
	Parameter C_CACHE_VALUE bound to: 3 - type: integer 
	Parameter USER_DW bound to: 128 - type: integer 
	Parameter USER_AW bound to: 64 - type: integer 
	Parameter USER_MAXREQS bound to: 5 - type: integer 
	Parameter USED_FIX bound to: 0 - type: bool 
	Parameter FIX_VALUE bound to: 4 - type: integer 
	Parameter ADDR_WIDTH bound to: 64 - type: integer 
	Parameter DATA_WIDTH bound to: 128 - type: integer 
	Parameter DEPTH bound to: 16 - type: integer 
	Parameter USER_MAXREQS bound to: 16 - type: integer 
	Parameter CONSERVATIVE bound to: 0 - type: integer 
	Parameter AVERAGE_MODE bound to: 0 - type: bool 
INFO: [Synth 8-3491] module 'DMA24bUnit_mm2s_gmem_m_axi_throttl' declared at 'e:/VHDL/new_ref_design/SoCora/SoCora.gen/sources_1/bd/design_1/ipshared/6268/hdl/vhdl/DMA24bUnit_mm2s_gmem_m_axi.vhd:953' bound to instance 'wreq_throttl' of component 'DMA24bUnit_mm2s_gmem_m_axi_throttl' [e:/VHDL/new_ref_design/SoCora/SoCora.gen/sources_1/bd/design_1/ipshared/6268/hdl/vhdl/DMA24bUnit_mm2s_gmem_m_axi.vhd:307]
INFO: [Synth 8-638] synthesizing module 'DMA24bUnit_mm2s_gmem_m_axi_throttl' [e:/VHDL/new_ref_design/SoCora/SoCora.gen/sources_1/bd/design_1/ipshared/6268/hdl/vhdl/DMA24bUnit_mm2s_gmem_m_axi.vhd:1010]
	Parameter USED_FIX bound to: 0 - type: bool 
	Parameter FIX_VALUE bound to: 4 - type: integer 
	Parameter ADDR_WIDTH bound to: 64 - type: integer 
	Parameter DATA_WIDTH bound to: 128 - type: integer 
	Parameter DEPTH bound to: 16 - type: integer 
	Parameter USER_MAXREQS bound to: 16 - type: integer 
	Parameter CONSERVATIVE bound to: 0 - type: integer 
	Parameter AVERAGE_MODE bound to: 0 - type: bool 
INFO: [Synth 8-256] done synthesizing module 'DMA24bUnit_mm2s_gmem_m_axi_throttl' (1#1) [e:/VHDL/new_ref_design/SoCora/SoCora.gen/sources_1/bd/design_1/ipshared/6268/hdl/vhdl/DMA24bUnit_mm2s_gmem_m_axi.vhd:1010]
	Parameter NUM_WRITE_OUTSTANDING bound to: 16 - type: integer 
	Parameter MAX_WRITE_BURST_LENGTH bound to: 16 - type: integer 
	Parameter C_M_AXI_ID_WIDTH bound to: 1 - type: integer 
	Parameter C_M_AXI_ADDR_WIDTH bound to: 64 - type: integer 
	Parameter C_TARGET_ADDR bound to: 0 - type: integer 
	Parameter C_M_AXI_DATA_WIDTH bound to: 128 - type: integer 
	Parameter C_M_AXI_AWUSER_WIDTH bound to: 1 - type: integer 
	Parameter C_M_AXI_WUSER_WIDTH bound to: 1 - type: integer 
	Parameter C_M_AXI_BUSER_WIDTH bound to: 1 - type: integer 
	Parameter C_USER_VALUE bound to: 0 - type: integer 
	Parameter C_PROT_VALUE bound to: 0 - type: integer 
	Parameter C_CACHE_VALUE bound to: 3 - type: integer 
	Parameter USER_DW bound to: 128 - type: integer 
	Parameter USER_AW bound to: 64 - type: integer 
	Parameter USER_MAXREQS bound to: 5 - type: integer 
INFO: [Synth 8-3491] module 'DMA24bUnit_mm2s_gmem_m_axi_write' declared at 'e:/VHDL/new_ref_design/SoCora/SoCora.gen/sources_1/bd/design_1/ipshared/6268/hdl/vhdl/DMA24bUnit_mm2s_gmem_m_axi.vhd:2176' bound to instance 'bus_write' of component 'DMA24bUnit_mm2s_gmem_m_axi_write' [e:/VHDL/new_ref_design/SoCora/SoCora.gen/sources_1/bd/design_1/ipshared/6268/hdl/vhdl/DMA24bUnit_mm2s_gmem_m_axi.vhd:346]
INFO: [Synth 8-638] synthesizing module 'DMA24bUnit_mm2s_gmem_m_axi_write' [e:/VHDL/new_ref_design/SoCora/SoCora.gen/sources_1/bd/design_1/ipshared/6268/hdl/vhdl/DMA24bUnit_mm2s_gmem_m_axi.vhd:2264]
	Parameter NUM_WRITE_OUTSTANDING bound to: 16 - type: integer 
	Parameter MAX_WRITE_BURST_LENGTH bound to: 16 - type: integer 
	Parameter C_M_AXI_ID_WIDTH bound to: 1 - type: integer 
	Parameter C_M_AXI_ADDR_WIDTH bound to: 64 - type: integer 
	Parameter C_TARGET_ADDR bound to: 0 - type: integer 
	Parameter C_M_AXI_DATA_WIDTH bound to: 128 - type: integer 
	Parameter C_M_AXI_AWUSER_WIDTH bound to: 1 - type: integer 
	Parameter C_M_AXI_WUSER_WIDTH bound to: 1 - type: integer 
	Parameter C_M_AXI_BUSER_WIDTH bound to: 1 - type: integer 
	Parameter C_USER_VALUE bound to: 0 - type: integer 
	Parameter C_PROT_VALUE bound to: 0 - type: integer 
	Parameter C_CACHE_VALUE bound to: 3 - type: integer 
	Parameter USER_DW bound to: 128 - type: integer 
	Parameter USER_AW bound to: 64 - type: integer 
	Parameter USER_MAXREQS bound to: 5 - type: integer 
	Parameter N bound to: 96 - type: integer 
INFO: [Synth 8-3491] module 'DMA24bUnit_mm2s_gmem_m_axi_reg_slice' declared at 'e:/VHDL/new_ref_design/SoCora/SoCora.gen/sources_1/bd/design_1/ipshared/6268/hdl/vhdl/DMA24bUnit_mm2s_gmem_m_axi.vhd:470' bound to instance 'rs_wreq' of component 'DMA24bUnit_mm2s_gmem_m_axi_reg_slice' [e:/VHDL/new_ref_design/SoCora/SoCora.gen/sources_1/bd/design_1/ipshared/6268/hdl/vhdl/DMA24bUnit_mm2s_gmem_m_axi.vhd:2400]
INFO: [Synth 8-638] synthesizing module 'DMA24bUnit_mm2s_gmem_m_axi_reg_slice' [e:/VHDL/new_ref_design/SoCora/SoCora.gen/sources_1/bd/design_1/ipshared/6268/hdl/vhdl/DMA24bUnit_mm2s_gmem_m_axi.vhd:487]
	Parameter N bound to: 96 - type: integer 
INFO: [Synth 8-256] done synthesizing module 'DMA24bUnit_mm2s_gmem_m_axi_reg_slice' (2#1) [e:/VHDL/new_ref_design/SoCora/SoCora.gen/sources_1/bd/design_1/ipshared/6268/hdl/vhdl/DMA24bUnit_mm2s_gmem_m_axi.vhd:487]
	Parameter DATA_BITS bound to: 96 - type: integer 
	Parameter DEPTH bound to: 5 - type: integer 
	Parameter DEPTH_BITS bound to: 3 - type: integer 
INFO: [Synth 8-3491] module 'DMA24bUnit_mm2s_gmem_m_axi_fifo' declared at 'e:/VHDL/new_ref_design/SoCora/SoCora.gen/sources_1/bd/design_1/ipshared/6268/hdl/vhdl/DMA24bUnit_mm2s_gmem_m_axi.vhd:594' bound to instance 'fifo_wreq' of component 'DMA24bUnit_mm2s_gmem_m_axi_fifo' [e:/VHDL/new_ref_design/SoCora/SoCora.gen/sources_1/bd/design_1/ipshared/6268/hdl/vhdl/DMA24bUnit_mm2s_gmem_m_axi.vhd:2413]
INFO: [Synth 8-638] synthesizing module 'DMA24bUnit_mm2s_gmem_m_axi_fifo' [e:/VHDL/new_ref_design/SoCora/SoCora.gen/sources_1/bd/design_1/ipshared/6268/hdl/vhdl/DMA24bUnit_mm2s_gmem_m_axi.vhd:611]
	Parameter DATA_BITS bound to: 96 - type: integer 
	Parameter DEPTH bound to: 5 - type: integer 
	Parameter DEPTH_BITS bound to: 3 - type: integer 
WARNING: [Synth 8-614] signal 'sclk_en' is read in the process but is not in the sensitivity list [e:/VHDL/new_ref_design/SoCora/SoCora.gen/sources_1/bd/design_1/ipshared/6268/hdl/vhdl/DMA24bUnit_mm2s_gmem_m_axi.vhd:704]
INFO: [Synth 8-256] done synthesizing module 'DMA24bUnit_mm2s_gmem_m_axi_fifo' (3#1) [e:/VHDL/new_ref_design/SoCora/SoCora.gen/sources_1/bd/design_1/ipshared/6268/hdl/vhdl/DMA24bUnit_mm2s_gmem_m_axi.vhd:611]
	Parameter MEM_STYLE bound to: block - type: string 
	Parameter DATA_WIDTH bound to: 144 - type: integer 
	Parameter ADDR_WIDTH bound to: 8 - type: integer 
	Parameter DEPTH bound to: 256 - type: integer 
INFO: [Synth 8-3491] module 'DMA24bUnit_mm2s_gmem_m_axi_buffer' declared at 'e:/VHDL/new_ref_design/SoCora/SoCora.gen/sources_1/bd/design_1/ipshared/6268/hdl/vhdl/DMA24bUnit_mm2s_gmem_m_axi.vhd:721' bound to instance 'buff_wdata' of component 'DMA24bUnit_mm2s_gmem_m_axi_buffer' [e:/VHDL/new_ref_design/SoCora/SoCora.gen/sources_1/bd/design_1/ipshared/6268/hdl/vhdl/DMA24bUnit_mm2s_gmem_m_axi.vhd:2812]
INFO: [Synth 8-638] synthesizing module 'DMA24bUnit_mm2s_gmem_m_axi_buffer' [e:/VHDL/new_ref_design/SoCora/SoCora.gen/sources_1/bd/design_1/ipshared/6268/hdl/vhdl/DMA24bUnit_mm2s_gmem_m_axi.vhd:743]
	Parameter MEM_STYLE bound to: block - type: string 
	Parameter DATA_WIDTH bound to: 144 - type: integer 
	Parameter ADDR_WIDTH bound to: 8 - type: integer 
	Parameter DEPTH bound to: 256 - type: integer 
INFO: [Synth 8-256] done synthesizing module 'DMA24bUnit_mm2s_gmem_m_axi_buffer' (4#1) [e:/VHDL/new_ref_design/SoCora/SoCora.gen/sources_1/bd/design_1/ipshared/6268/hdl/vhdl/DMA24bUnit_mm2s_gmem_m_axi.vhd:743]
	Parameter DATA_BITS bound to: 8 - type: integer 
	Parameter DEPTH bound to: 5 - type: integer 
	Parameter DEPTH_BITS bound to: 3 - type: integer 
INFO: [Synth 8-3491] module 'DMA24bUnit_mm2s_gmem_m_axi_fifo' declared at 'e:/VHDL/new_ref_design/SoCora/SoCora.gen/sources_1/bd/design_1/ipshared/6268/hdl/vhdl/DMA24bUnit_mm2s_gmem_m_axi.vhd:594' bound to instance 'fifo_burst' of component 'DMA24bUnit_mm2s_gmem_m_axi_fifo' [e:/VHDL/new_ref_design/SoCora/SoCora.gen/sources_1/bd/design_1/ipshared/6268/hdl/vhdl/DMA24bUnit_mm2s_gmem_m_axi.vhd:2844]
INFO: [Synth 8-638] synthesizing module 'DMA24bUnit_mm2s_gmem_m_axi_fifo__parameterized1' [e:/VHDL/new_ref_design/SoCora/SoCora.gen/sources_1/bd/design_1/ipshared/6268/hdl/vhdl/DMA24bUnit_mm2s_gmem_m_axi.vhd:611]
	Parameter DATA_BITS bound to: 8 - type: integer 
	Parameter DEPTH bound to: 5 - type: integer 
	Parameter DEPTH_BITS bound to: 3 - type: integer 
WARNING: [Synth 8-614] signal 'sclk_en' is read in the process but is not in the sensitivity list [e:/VHDL/new_ref_design/SoCora/SoCora.gen/sources_1/bd/design_1/ipshared/6268/hdl/vhdl/DMA24bUnit_mm2s_gmem_m_axi.vhd:704]
INFO: [Synth 8-256] done synthesizing module 'DMA24bUnit_mm2s_gmem_m_axi_fifo__parameterized1' (4#1) [e:/VHDL/new_ref_design/SoCora/SoCora.gen/sources_1/bd/design_1/ipshared/6268/hdl/vhdl/DMA24bUnit_mm2s_gmem_m_axi.vhd:611]
	Parameter DATA_BITS bound to: 2 - type: integer 
	Parameter DEPTH bound to: 15 - type: integer 
	Parameter DEPTH_BITS bound to: 4 - type: integer 
INFO: [Synth 8-3491] module 'DMA24bUnit_mm2s_gmem_m_axi_fifo' declared at 'e:/VHDL/new_ref_design/SoCora/SoCora.gen/sources_1/bd/design_1/ipshared/6268/hdl/vhdl/DMA24bUnit_mm2s_gmem_m_axi.vhd:594' bound to instance 'fifo_resp' of component 'DMA24bUnit_mm2s_gmem_m_axi_fifo' [e:/VHDL/new_ref_design/SoCora/SoCora.gen/sources_1/bd/design_1/ipshared/6268/hdl/vhdl/DMA24bUnit_mm2s_gmem_m_axi.vhd:3276]
INFO: [Synth 8-638] synthesizing module 'DMA24bUnit_mm2s_gmem_m_axi_fifo__parameterized3' [e:/VHDL/new_ref_design/SoCora/SoCora.gen/sources_1/bd/design_1/ipshared/6268/hdl/vhdl/DMA24bUnit_mm2s_gmem_m_axi.vhd:611]
	Parameter DATA_BITS bound to: 2 - type: integer 
	Parameter DEPTH bound to: 15 - type: integer 
	Parameter DEPTH_BITS bound to: 4 - type: integer 
WARNING: [Synth 8-614] signal 'sclk_en' is read in the process but is not in the sensitivity list [e:/VHDL/new_ref_design/SoCora/SoCora.gen/sources_1/bd/design_1/ipshared/6268/hdl/vhdl/DMA24bUnit_mm2s_gmem_m_axi.vhd:704]
INFO: [Synth 8-256] done synthesizing module 'DMA24bUnit_mm2s_gmem_m_axi_fifo__parameterized3' (4#1) [e:/VHDL/new_ref_design/SoCora/SoCora.gen/sources_1/bd/design_1/ipshared/6268/hdl/vhdl/DMA24bUnit_mm2s_gmem_m_axi.vhd:611]
	Parameter DATA_BITS bound to: 2 - type: integer 
	Parameter DEPTH bound to: 5 - type: integer 
	Parameter DEPTH_BITS bound to: 3 - type: integer 
INFO: [Synth 8-3491] module 'DMA24bUnit_mm2s_gmem_m_axi_fifo' declared at 'e:/VHDL/new_ref_design/SoCora/SoCora.gen/sources_1/bd/design_1/ipshared/6268/hdl/vhdl/DMA24bUnit_mm2s_gmem_m_axi.vhd:594' bound to instance 'fifo_resp_to_user' of component 'DMA24bUnit_mm2s_gmem_m_axi_fifo' [e:/VHDL/new_ref_design/SoCora/SoCora.gen/sources_1/bd/design_1/ipshared/6268/hdl/vhdl/DMA24bUnit_mm2s_gmem_m_axi.vhd:3292]
INFO: [Synth 8-638] synthesizing module 'DMA24bUnit_mm2s_gmem_m_axi_fifo__parameterized5' [e:/VHDL/new_ref_design/SoCora/SoCora.gen/sources_1/bd/design_1/ipshared/6268/hdl/vhdl/DMA24bUnit_mm2s_gmem_m_axi.vhd:611]
	Parameter DATA_BITS bound to: 2 - type: integer 
	Parameter DEPTH bound to: 5 - type: integer 
	Parameter DEPTH_BITS bound to: 3 - type: integer 
WARNING: [Synth 8-614] signal 'sclk_en' is read in the process but is not in the sensitivity list [e:/VHDL/new_ref_design/SoCora/SoCora.gen/sources_1/bd/design_1/ipshared/6268/hdl/vhdl/DMA24bUnit_mm2s_gmem_m_axi.vhd:704]
INFO: [Synth 8-256] done synthesizing module 'DMA24bUnit_mm2s_gmem_m_axi_fifo__parameterized5' (4#1) [e:/VHDL/new_ref_design/SoCora/SoCora.gen/sources_1/bd/design_1/ipshared/6268/hdl/vhdl/DMA24bUnit_mm2s_gmem_m_axi.vhd:611]
INFO: [Synth 8-256] done synthesizing module 'DMA24bUnit_mm2s_gmem_m_axi_write' (5#1) [e:/VHDL/new_ref_design/SoCora/SoCora.gen/sources_1/bd/design_1/ipshared/6268/hdl/vhdl/DMA24bUnit_mm2s_gmem_m_axi.vhd:2264]
	Parameter NUM_READ_OUTSTANDING bound to: 16 - type: integer 
	Parameter MAX_READ_BURST_LENGTH bound to: 64 - type: integer 
	Parameter C_M_AXI_ID_WIDTH bound to: 1 - type: integer 
	Parameter C_M_AXI_ADDR_WIDTH bound to: 64 - type: integer 
	Parameter C_TARGET_ADDR bound to: 0 - type: integer 
	Parameter C_M_AXI_DATA_WIDTH bound to: 128 - type: integer 
	Parameter C_M_AXI_ARUSER_WIDTH bound to: 1 - type: integer 
	Parameter C_M_AXI_RUSER_WIDTH bound to: 1 - type: integer 
	Parameter C_USER_VALUE bound to: 0 - type: integer 
	Parameter C_PROT_VALUE bound to: 0 - type: integer 
	Parameter C_CACHE_VALUE bound to: 3 - type: integer 
	Parameter USER_DW bound to: 128 - type: integer 
	Parameter USER_AW bound to: 64 - type: integer 
	Parameter USER_MAXREQS bound to: 5 - type: integer 
INFO: [Synth 8-3491] module 'DMA24bUnit_mm2s_gmem_m_axi_read' declared at 'e:/VHDL/new_ref_design/SoCora/SoCora.gen/sources_1/bd/design_1/ipshared/6268/hdl/vhdl/DMA24bUnit_mm2s_gmem_m_axi.vhd:1233' bound to instance 'bus_read' of component 'DMA24bUnit_mm2s_gmem_m_axi_read' [e:/VHDL/new_ref_design/SoCora/SoCora.gen/sources_1/bd/design_1/ipshared/6268/hdl/vhdl/DMA24bUnit_mm2s_gmem_m_axi.vhd:410]
INFO: [Synth 8-638] synthesizing module 'DMA24bUnit_mm2s_gmem_m_axi_read' [e:/VHDL/new_ref_design/SoCora/SoCora.gen/sources_1/bd/design_1/ipshared/6268/hdl/vhdl/DMA24bUnit_mm2s_gmem_m_axi.vhd:1311]
	Parameter NUM_READ_OUTSTANDING bound to: 16 - type: integer 
	Parameter MAX_READ_BURST_LENGTH bound to: 64 - type: integer 
	Parameter C_M_AXI_ID_WIDTH bound to: 1 - type: integer 
	Parameter C_M_AXI_ADDR_WIDTH bound to: 64 - type: integer 
	Parameter C_TARGET_ADDR bound to: 0 - type: integer 
	Parameter C_M_AXI_DATA_WIDTH bound to: 128 - type: integer 
	Parameter C_M_AXI_ARUSER_WIDTH bound to: 1 - type: integer 
	Parameter C_M_AXI_RUSER_WIDTH bound to: 1 - type: integer 
	Parameter C_USER_VALUE bound to: 0 - type: integer 
	Parameter C_PROT_VALUE bound to: 0 - type: integer 
	Parameter C_CACHE_VALUE bound to: 3 - type: integer 
	Parameter USER_DW bound to: 128 - type: integer 
	Parameter USER_AW bound to: 64 - type: integer 
	Parameter USER_MAXREQS bound to: 5 - type: integer 
	Parameter N bound to: 96 - type: integer 
INFO: [Synth 8-3491] module 'DMA24bUnit_mm2s_gmem_m_axi_reg_slice' declared at 'e:/VHDL/new_ref_design/SoCora/SoCora.gen/sources_1/bd/design_1/ipshared/6268/hdl/vhdl/DMA24bUnit_mm2s_gmem_m_axi.vhd:470' bound to instance 'rs_rreq' of component 'DMA24bUnit_mm2s_gmem_m_axi_reg_slice' [e:/VHDL/new_ref_design/SoCora/SoCora.gen/sources_1/bd/design_1/ipshared/6268/hdl/vhdl/DMA24bUnit_mm2s_gmem_m_axi.vhd:1444]
	Parameter DATA_BITS bound to: 96 - type: integer 
	Parameter DEPTH bound to: 5 - type: integer 
	Parameter DEPTH_BITS bound to: 3 - type: integer 
INFO: [Synth 8-3491] module 'DMA24bUnit_mm2s_gmem_m_axi_fifo' declared at 'e:/VHDL/new_ref_design/SoCora/SoCora.gen/sources_1/bd/design_1/ipshared/6268/hdl/vhdl/DMA24bUnit_mm2s_gmem_m_axi.vhd:594' bound to instance 'fifo_rreq' of component 'DMA24bUnit_mm2s_gmem_m_axi_fifo' [e:/VHDL/new_ref_design/SoCora/SoCora.gen/sources_1/bd/design_1/ipshared/6268/hdl/vhdl/DMA24bUnit_mm2s_gmem_m_axi.vhd:1457]
	Parameter MEM_STYLE bound to: block - type: string 
	Parameter DATA_WIDTH bound to: 131 - type: integer 
	Parameter ADDR_WIDTH bound to: 10 - type: integer 
	Parameter DEPTH bound to: 1024 - type: integer 
INFO: [Synth 8-3491] module 'DMA24bUnit_mm2s_gmem_m_axi_buffer' declared at 'e:/VHDL/new_ref_design/SoCora/SoCora.gen/sources_1/bd/design_1/ipshared/6268/hdl/vhdl/DMA24bUnit_mm2s_gmem_m_axi.vhd:721' bound to instance 'fifo_rdata' of component 'DMA24bUnit_mm2s_gmem_m_axi_buffer' [e:/VHDL/new_ref_design/SoCora/SoCora.gen/sources_1/bd/design_1/ipshared/6268/hdl/vhdl/DMA24bUnit_mm2s_gmem_m_axi.vhd:1834]
INFO: [Synth 8-638] synthesizing module 'DMA24bUnit_mm2s_gmem_m_axi_buffer__parameterized1' [e:/VHDL/new_ref_design/SoCora/SoCora.gen/sources_1/bd/design_1/ipshared/6268/hdl/vhdl/DMA24bUnit_mm2s_gmem_m_axi.vhd:743]
	Parameter MEM_STYLE bound to: block - type: string 
	Parameter DATA_WIDTH bound to: 131 - type: integer 
	Parameter ADDR_WIDTH bound to: 10 - type: integer 
	Parameter DEPTH bound to: 1024 - type: integer 
INFO: [Synth 8-256] done synthesizing module 'DMA24bUnit_mm2s_gmem_m_axi_buffer__parameterized1' (5#1) [e:/VHDL/new_ref_design/SoCora/SoCora.gen/sources_1/bd/design_1/ipshared/6268/hdl/vhdl/DMA24bUnit_mm2s_gmem_m_axi.vhd:743]
	Parameter N bound to: 130 - type: integer 
INFO: [Synth 8-3491] module 'DMA24bUnit_mm2s_gmem_m_axi_reg_slice' declared at 'e:/VHDL/new_ref_design/SoCora/SoCora.gen/sources_1/bd/design_1/ipshared/6268/hdl/vhdl/DMA24bUnit_mm2s_gmem_m_axi.vhd:470' bound to instance 'rs_rdata' of component 'DMA24bUnit_mm2s_gmem_m_axi_reg_slice' [e:/VHDL/new_ref_design/SoCora/SoCora.gen/sources_1/bd/design_1/ipshared/6268/hdl/vhdl/DMA24bUnit_mm2s_gmem_m_axi.vhd:1852]
INFO: [Synth 8-638] synthesizing module 'DMA24bUnit_mm2s_gmem_m_axi_reg_slice__parameterized2' [e:/VHDL/new_ref_design/SoCora/SoCora.gen/sources_1/bd/design_1/ipshared/6268/hdl/vhdl/DMA24bUnit_mm2s_gmem_m_axi.vhd:487]
	Parameter N bound to: 130 - type: integer 
INFO: [Synth 8-256] done synthesizing module 'DMA24bUnit_mm2s_gmem_m_axi_reg_slice__parameterized2' (5#1) [e:/VHDL/new_ref_design/SoCora/SoCora.gen/sources_1/bd/design_1/ipshared/6268/hdl/vhdl/DMA24bUnit_mm2s_gmem_m_axi.vhd:487]
	Parameter DATA_BITS bound to: 2 - type: integer 
	Parameter DEPTH bound to: 15 - type: integer 
	Parameter DEPTH_BITS bound to: 4 - type: integer 
INFO: [Synth 8-3491] module 'DMA24bUnit_mm2s_gmem_m_axi_fifo' declared at 'e:/VHDL/new_ref_design/SoCora/SoCora.gen/sources_1/bd/design_1/ipshared/6268/hdl/vhdl/DMA24bUnit_mm2s_gmem_m_axi.vhd:594' bound to instance 'fifo_rctl' of component 'DMA24bUnit_mm2s_gmem_m_axi_fifo' [e:/VHDL/new_ref_design/SoCora/SoCora.gen/sources_1/bd/design_1/ipshared/6268/hdl/vhdl/DMA24bUnit_mm2s_gmem_m_axi.vhd:1865]
INFO: [Synth 8-256] done synthesizing module 'DMA24bUnit_mm2s_gmem_m_axi_read' (6#1) [e:/VHDL/new_ref_design/SoCora/SoCora.gen/sources_1/bd/design_1/ipshared/6268/hdl/vhdl/DMA24bUnit_mm2s_gmem_m_axi.vhd:1311]
INFO: [Synth 8-256] done synthesizing module 'DMA24bUnit_mm2s_gmem_m_axi' (7#1) [e:/VHDL/new_ref_design/SoCora/SoCora.gen/sources_1/bd/design_1/ipshared/6268/hdl/vhdl/DMA24bUnit_mm2s_gmem_m_axi.vhd:140]
INFO: [Synth 8-3491] module 'DMA24bUnit_mm2s_DMA24b_mm2s' declared at 'e:/VHDL/new_ref_design/SoCora/SoCora.gen/sources_1/bd/design_1/ipshared/6268/hdl/vhdl/DMA24bUnit_mm2s_DMA24b_mm2s.vhd:12' bound to instance 'grp_DMA24b_mm2s_fu_78' of component 'DMA24bUnit_mm2s_DMA24b_mm2s' [e:/VHDL/new_ref_design/SoCora/SoCora.gen/sources_1/bd/design_1/ipshared/6268/hdl/vhdl/DMA24bUnit_mm2s.vhd:528]
INFO: [Synth 8-638] synthesizing module 'DMA24bUnit_mm2s_DMA24b_mm2s' [e:/VHDL/new_ref_design/SoCora/SoCora.gen/sources_1/bd/design_1/ipshared/6268/hdl/vhdl/DMA24bUnit_mm2s_DMA24b_mm2s.vhd:82]
INFO: [Synth 8-3491] module 'DMA24bUnit_mm2s_DMA24b_mm2s_fetch' declared at 'e:/VHDL/new_ref_design/SoCora/SoCora.gen/sources_1/bd/design_1/ipshared/6268/hdl/vhdl/DMA24bUnit_mm2s_DMA24b_mm2s_fetch.vhd:12' bound to instance 'DMA24b_mm2s_fetch_U0' of component 'DMA24bUnit_mm2s_DMA24b_mm2s_fetch' [e:/VHDL/new_ref_design/SoCora/SoCora.gen/sources_1/bd/design_1/ipshared/6268/hdl/vhdl/DMA24bUnit_mm2s_DMA24b_mm2s.vhd:329]
INFO: [Synth 8-638] synthesizing module 'DMA24bUnit_mm2s_DMA24b_mm2s_fetch' [e:/VHDL/new_ref_design/SoCora/SoCora.gen/sources_1/bd/design_1/ipshared/6268/hdl/vhdl/DMA24bUnit_mm2s_DMA24b_mm2s_fetch.vhd:84]
	Parameter ID bound to: 1 - type: integer 
	Parameter NUM_STAGE bound to: 4 - type: integer 
	Parameter din0_WIDTH bound to: 11 - type: integer 
	Parameter din1_WIDTH bound to: 13 - type: integer 
	Parameter dout_WIDTH bound to: 24 - type: integer 
INFO: [Synth 8-3491] module 'DMA24bUnit_mm2s_mul_mul_11s_13ns_24_4_1' declared at 'e:/VHDL/new_ref_design/SoCora/SoCora.gen/sources_1/bd/design_1/ipshared/6268/hdl/vhdl/DMA24bUnit_mm2s_mul_mul_11s_13ns_24_4_1.vhd:51' bound to instance 'mul_mul_11s_13ns_24_4_1_U1' of component 'DMA24bUnit_mm2s_mul_mul_11s_13ns_24_4_1' [e:/VHDL/new_ref_design/SoCora/SoCora.gen/sources_1/bd/design_1/ipshared/6268/hdl/vhdl/DMA24bUnit_mm2s_DMA24b_mm2s_fetch.vhd:264]
INFO: [Synth 8-638] synthesizing module 'DMA24bUnit_mm2s_mul_mul_11s_13ns_24_4_1' [e:/VHDL/new_ref_design/SoCora/SoCora.gen/sources_1/bd/design_1/ipshared/6268/hdl/vhdl/DMA24bUnit_mm2s_mul_mul_11s_13ns_24_4_1.vhd:67]
	Parameter ID bound to: 1 - type: integer 
	Parameter NUM_STAGE bound to: 4 - type: integer 
	Parameter din0_WIDTH bound to: 11 - type: integer 
	Parameter din1_WIDTH bound to: 13 - type: integer 
	Parameter dout_WIDTH bound to: 24 - type: integer 
INFO: [Synth 8-3491] module 'DMA24bUnit_mm2s_mul_mul_11s_13ns_24_4_1_DSP48_0' declared at 'e:/VHDL/new_ref_design/SoCora/SoCora.gen/sources_1/bd/design_1/ipshared/6268/hdl/vhdl/DMA24bUnit_mm2s_mul_mul_11s_13ns_24_4_1.vhd:6' bound to instance 'DMA24bUnit_mm2s_mul_mul_11s_13ns_24_4_1_DSP48_0_U' of component 'DMA24bUnit_mm2s_mul_mul_11s_13ns_24_4_1_DSP48_0' [e:/VHDL/new_ref_design/SoCora/SoCora.gen/sources_1/bd/design_1/ipshared/6268/hdl/vhdl/DMA24bUnit_mm2s_mul_mul_11s_13ns_24_4_1.vhd:81]
INFO: [Synth 8-638] synthesizing module 'DMA24bUnit_mm2s_mul_mul_11s_13ns_24_4_1_DSP48_0' [e:/VHDL/new_ref_design/SoCora/SoCora.gen/sources_1/bd/design_1/ipshared/6268/hdl/vhdl/DMA24bUnit_mm2s_mul_mul_11s_13ns_24_4_1.vhd:17]
INFO: [Synth 8-256] done synthesizing module 'DMA24bUnit_mm2s_mul_mul_11s_13ns_24_4_1_DSP48_0' (8#1) [e:/VHDL/new_ref_design/SoCora/SoCora.gen/sources_1/bd/design_1/ipshared/6268/hdl/vhdl/DMA24bUnit_mm2s_mul_mul_11s_13ns_24_4_1.vhd:17]
INFO: [Synth 8-256] done synthesizing module 'DMA24bUnit_mm2s_mul_mul_11s_13ns_24_4_1' (9#1) [e:/VHDL/new_ref_design/SoCora/SoCora.gen/sources_1/bd/design_1/ipshared/6268/hdl/vhdl/DMA24bUnit_mm2s_mul_mul_11s_13ns_24_4_1.vhd:67]
INFO: [Synth 8-256] done synthesizing module 'DMA24bUnit_mm2s_DMA24b_mm2s_fetch' (10#1) [e:/VHDL/new_ref_design/SoCora/SoCora.gen/sources_1/bd/design_1/ipshared/6268/hdl/vhdl/DMA24bUnit_mm2s_DMA24b_mm2s_fetch.vhd:84]
INFO: [Synth 8-3491] module 'DMA24bUnit_mm2s_DMA24b_mm2s_streamout' declared at 'e:/VHDL/new_ref_design/SoCora/SoCora.gen/sources_1/bd/design_1/ipshared/6268/hdl/vhdl/DMA24bUnit_mm2s_DMA24b_mm2s_streamout.vhd:12' bound to instance 'DMA24b_mm2s_streamout_U0' of component 'DMA24bUnit_mm2s_DMA24b_mm2s_streamout' [e:/VHDL/new_ref_design/SoCora/SoCora.gen/sources_1/bd/design_1/ipshared/6268/hdl/vhdl/DMA24bUnit_mm2s_DMA24b_mm2s.vhd:399]
INFO: [Synth 8-638] synthesizing module 'DMA24bUnit_mm2s_DMA24b_mm2s_streamout' [e:/VHDL/new_ref_design/SoCora/SoCora.gen/sources_1/bd/design_1/ipshared/6268/hdl/vhdl/DMA24bUnit_mm2s_DMA24b_mm2s_streamout.vhd:40]
	Parameter ID bound to: 1 - type: integer 
	Parameter NUM_STAGE bound to: 4 - type: integer 
	Parameter din0_WIDTH bound to: 12 - type: integer 
	Parameter din1_WIDTH bound to: 8 - type: integer 
	Parameter dout_WIDTH bound to: 20 - type: integer 
INFO: [Synth 8-3491] module 'DMA24bUnit_mm2s_mul_mul_12ns_8ns_20_4_1' declared at 'e:/VHDL/new_ref_design/SoCora/SoCora.gen/sources_1/bd/design_1/ipshared/6268/hdl/vhdl/DMA24bUnit_mm2s_mul_mul_12ns_8ns_20_4_1.vhd:51' bound to instance 'mul_mul_12ns_8ns_20_4_1_U10' of component 'DMA24bUnit_mm2s_mul_mul_12ns_8ns_20_4_1' [e:/VHDL/new_ref_design/SoCora/SoCora.gen/sources_1/bd/design_1/ipshared/6268/hdl/vhdl/DMA24bUnit_mm2s_DMA24b_mm2s_streamout.vhd:392]
INFO: [Synth 8-638] synthesizing module 'DMA24bUnit_mm2s_mul_mul_12ns_8ns_20_4_1' [e:/VHDL/new_ref_design/SoCora/SoCora.gen/sources_1/bd/design_1/ipshared/6268/hdl/vhdl/DMA24bUnit_mm2s_mul_mul_12ns_8ns_20_4_1.vhd:67]
	Parameter ID bound to: 1 - type: integer 
	Parameter NUM_STAGE bound to: 4 - type: integer 
	Parameter din0_WIDTH bound to: 12 - type: integer 
	Parameter din1_WIDTH bound to: 8 - type: integer 
	Parameter dout_WIDTH bound to: 20 - type: integer 
INFO: [Synth 8-3491] module 'DMA24bUnit_mm2s_mul_mul_12ns_8ns_20_4_1_DSP48_1' declared at 'e:/VHDL/new_ref_design/SoCora/SoCora.gen/sources_1/bd/design_1/ipshared/6268/hdl/vhdl/DMA24bUnit_mm2s_mul_mul_12ns_8ns_20_4_1.vhd:6' bound to instance 'DMA24bUnit_mm2s_mul_mul_12ns_8ns_20_4_1_DSP48_1_U' of component 'DMA24bUnit_mm2s_mul_mul_12ns_8ns_20_4_1_DSP48_1' [e:/VHDL/new_ref_design/SoCora/SoCora.gen/sources_1/bd/design_1/ipshared/6268/hdl/vhdl/DMA24bUnit_mm2s_mul_mul_12ns_8ns_20_4_1.vhd:81]
INFO: [Synth 8-638] synthesizing module 'DMA24bUnit_mm2s_mul_mul_12ns_8ns_20_4_1_DSP48_1' [e:/VHDL/new_ref_design/SoCora/SoCora.gen/sources_1/bd/design_1/ipshared/6268/hdl/vhdl/DMA24bUnit_mm2s_mul_mul_12ns_8ns_20_4_1.vhd:17]
INFO: [Synth 8-256] done synthesizing module 'DMA24bUnit_mm2s_mul_mul_12ns_8ns_20_4_1_DSP48_1' (11#1) [e:/VHDL/new_ref_design/SoCora/SoCora.gen/sources_1/bd/design_1/ipshared/6268/hdl/vhdl/DMA24bUnit_mm2s_mul_mul_12ns_8ns_20_4_1.vhd:17]
INFO: [Synth 8-256] done synthesizing module 'DMA24bUnit_mm2s_mul_mul_12ns_8ns_20_4_1' (12#1) [e:/VHDL/new_ref_design/SoCora/SoCora.gen/sources_1/bd/design_1/ipshared/6268/hdl/vhdl/DMA24bUnit_mm2s_mul_mul_12ns_8ns_20_4_1.vhd:67]
INFO: [Synth 8-256] done synthesizing module 'DMA24bUnit_mm2s_DMA24b_mm2s_streamout' (13#1) [e:/VHDL/new_ref_design/SoCora/SoCora.gen/sources_1/bd/design_1/ipshared/6268/hdl/vhdl/DMA24bUnit_mm2s_DMA24b_mm2s_streamout.vhd:40]
INFO: [Synth 8-3491] module 'DMA24bUnit_mm2s_fifo_w128_d256_A' declared at 'e:/VHDL/new_ref_design/SoCora/SoCora.gen/sources_1/bd/design_1/ipshared/6268/hdl/vhdl/DMA24bUnit_mm2s_fifo_w128_d256_A.vhd:59' bound to instance 'mm_fifo_U' of component 'DMA24bUnit_mm2s_fifo_w128_d256_A' [e:/VHDL/new_ref_design/SoCora/SoCora.gen/sources_1/bd/design_1/ipshared/6268/hdl/vhdl/DMA24bUnit_mm2s_DMA24b_mm2s.vhd:425]
INFO: [Synth 8-638] synthesizing module 'DMA24bUnit_mm2s_fifo_w128_d256_A' [e:/VHDL/new_ref_design/SoCora/SoCora.gen/sources_1/bd/design_1/ipshared/6268/hdl/vhdl/DMA24bUnit_mm2s_fifo_w128_d256_A.vhd:79]
	Parameter DATA_WIDTH bound to: 128 - type: integer 
	Parameter ADDR_WIDTH bound to: 8 - type: integer 
	Parameter DEPTH bound to: 256 - type: integer 
	Parameter DATA_WIDTH bound to: 128 - type: integer 
	Parameter ADDR_WIDTH bound to: 8 - type: integer 
	Parameter DEPTH bound to: 256 - type: integer 
INFO: [Synth 8-3491] module 'DMA24bUnit_mm2s_fifo_w128_d256_A_ram' declared at 'e:/VHDL/new_ref_design/SoCora/SoCora.gen/sources_1/bd/design_1/ipshared/6268/hdl/vhdl/DMA24bUnit_mm2s_fifo_w128_d256_A.vhd:10' bound to instance 'U_DMA24bUnit_mm2s_fifo_w128_d256_A_ram' of component 'DMA24bUnit_mm2s_fifo_w128_d256_A_ram' [e:/VHDL/new_ref_design/SoCora/SoCora.gen/sources_1/bd/design_1/ipshared/6268/hdl/vhdl/DMA24bUnit_mm2s_fifo_w128_d256_A.vhd:109]
INFO: [Synth 8-638] synthesizing module 'DMA24bUnit_mm2s_fifo_w128_d256_A_ram' [e:/VHDL/new_ref_design/SoCora/SoCora.gen/sources_1/bd/design_1/ipshared/6268/hdl/vhdl/DMA24bUnit_mm2s_fifo_w128_d256_A.vhd:26]
	Parameter DATA_WIDTH bound to: 128 - type: integer 
	Parameter ADDR_WIDTH bound to: 8 - type: integer 
	Parameter DEPTH bound to: 256 - type: integer 
INFO: [Synth 8-256] done synthesizing module 'DMA24bUnit_mm2s_fifo_w128_d256_A_ram' (14#1) [e:/VHDL/new_ref_design/SoCora/SoCora.gen/sources_1/bd/design_1/ipshared/6268/hdl/vhdl/DMA24bUnit_mm2s_fifo_w128_d256_A.vhd:26]
INFO: [Synth 8-256] done synthesizing module 'DMA24bUnit_mm2s_fifo_w128_d256_A' (15#1) [e:/VHDL/new_ref_design/SoCora/SoCora.gen/sources_1/bd/design_1/ipshared/6268/hdl/vhdl/DMA24bUnit_mm2s_fifo_w128_d256_A.vhd:79]
INFO: [Synth 8-3491] module 'DMA24bUnit_mm2s_fifo_w12_d2_S' declared at 'e:/VHDL/new_ref_design/SoCora/SoCora.gen/sources_1/bd/design_1/ipshared/6268/hdl/vhdl/DMA24bUnit_mm2s_fifo_w12_d2_S.vhd:47' bound to instance 'image_w_c_U' of component 'DMA24bUnit_mm2s_fifo_w12_d2_S' [e:/VHDL/new_ref_design/SoCora/SoCora.gen/sources_1/bd/design_1/ipshared/6268/hdl/vhdl/DMA24bUnit_mm2s_DMA24b_mm2s.vhd:438]
INFO: [Synth 8-638] synthesizing module 'DMA24bUnit_mm2s_fifo_w12_d2_S' [e:/VHDL/new_ref_design/SoCora/SoCora.gen/sources_1/bd/design_1/ipshared/6268/hdl/vhdl/DMA24bUnit_mm2s_fifo_w12_d2_S.vhd:66]
	Parameter MEM_STYLE bound to: shiftreg - type: string 
	Parameter DATA_WIDTH bound to: 12 - type: integer 
	Parameter ADDR_WIDTH bound to: 1 - type: integer 
	Parameter DEPTH bound to: 2 - type: integer 
	Parameter DATA_WIDTH bound to: 12 - type: integer 
	Parameter ADDR_WIDTH bound to: 1 - type: integer 
	Parameter DEPTH bound to: 2 - type: integer 
INFO: [Synth 8-3491] module 'DMA24bUnit_mm2s_fifo_w12_d2_S_shiftReg' declared at 'e:/VHDL/new_ref_design/SoCora/SoCora.gen/sources_1/bd/design_1/ipshared/6268/hdl/vhdl/DMA24bUnit_mm2s_fifo_w12_d2_S.vhd:10' bound to instance 'U_DMA24bUnit_mm2s_fifo_w12_d2_S_shiftReg' of component 'DMA24bUnit_mm2s_fifo_w12_d2_S_shiftReg' [e:/VHDL/new_ref_design/SoCora/SoCora.gen/sources_1/bd/design_1/ipshared/6268/hdl/vhdl/DMA24bUnit_mm2s_fifo_w12_d2_S.vhd:124]
INFO: [Synth 8-638] synthesizing module 'DMA24bUnit_mm2s_fifo_w12_d2_S_shiftReg' [e:/VHDL/new_ref_design/SoCora/SoCora.gen/sources_1/bd/design_1/ipshared/6268/hdl/vhdl/DMA24bUnit_mm2s_fifo_w12_d2_S.vhd:23]
	Parameter DATA_WIDTH bound to: 12 - type: integer 
	Parameter ADDR_WIDTH bound to: 1 - type: integer 
	Parameter DEPTH bound to: 2 - type: integer 
INFO: [Synth 8-256] done synthesizing module 'DMA24bUnit_mm2s_fifo_w12_d2_S_shiftReg' (16#1) [e:/VHDL/new_ref_design/SoCora/SoCora.gen/sources_1/bd/design_1/ipshared/6268/hdl/vhdl/DMA24bUnit_mm2s_fifo_w12_d2_S.vhd:23]
INFO: [Synth 8-256] done synthesizing module 'DMA24bUnit_mm2s_fifo_w12_d2_S' (17#1) [e:/VHDL/new_ref_design/SoCora/SoCora.gen/sources_1/bd/design_1/ipshared/6268/hdl/vhdl/DMA24bUnit_mm2s_fifo_w12_d2_S.vhd:66]
INFO: [Synth 8-3491] module 'DMA24bUnit_mm2s_fifo_w12_d2_S' declared at 'e:/VHDL/new_ref_design/SoCora/SoCora.gen/sources_1/bd/design_1/ipshared/6268/hdl/vhdl/DMA24bUnit_mm2s_fifo_w12_d2_S.vhd:47' bound to instance 'image_h_c_U' of component 'DMA24bUnit_mm2s_fifo_w12_d2_S' [e:/VHDL/new_ref_design/SoCora/SoCora.gen/sources_1/bd/design_1/ipshared/6268/hdl/vhdl/DMA24bUnit_mm2s_DMA24b_mm2s.vhd:451]
INFO: [Synth 8-3491] module 'DMA24bUnit_mm2s_start_for_DMA24b_mm2s_streamout_U0' declared at 'e:/VHDL/new_ref_design/SoCora/SoCora.gen/sources_1/bd/design_1/ipshared/6268/hdl/vhdl/DMA24bUnit_mm2s_start_for_DMA24b_mm2s_streamout_U0.vhd:47' bound to instance 'start_for_DMA24b_mm2s_streamout_U0_U' of component 'DMA24bUnit_mm2s_start_for_DMA24b_mm2s_streamout_U0' [e:/VHDL/new_ref_design/SoCora/SoCora.gen/sources_1/bd/design_1/ipshared/6268/hdl/vhdl/DMA24bUnit_mm2s_DMA24b_mm2s.vhd:464]
INFO: [Synth 8-638] synthesizing module 'DMA24bUnit_mm2s_start_for_DMA24b_mm2s_streamout_U0' [e:/VHDL/new_ref_design/SoCora/SoCora.gen/sources_1/bd/design_1/ipshared/6268/hdl/vhdl/DMA24bUnit_mm2s_start_for_DMA24b_mm2s_streamout_U0.vhd:66]
	Parameter MEM_STYLE bound to: shiftreg - type: string 
	Parameter DATA_WIDTH bound to: 1 - type: integer 
	Parameter ADDR_WIDTH bound to: 1 - type: integer 
	Parameter DEPTH bound to: 2 - type: integer 
	Parameter DATA_WIDTH bound to: 1 - type: integer 
	Parameter ADDR_WIDTH bound to: 1 - type: integer 
	Parameter DEPTH bound to: 2 - type: integer 
INFO: [Synth 8-3491] module 'DMA24bUnit_mm2s_start_for_DMA24b_mm2s_streamout_U0_shiftReg' declared at 'e:/VHDL/new_ref_design/SoCora/SoCora.gen/sources_1/bd/design_1/ipshared/6268/hdl/vhdl/DMA24bUnit_mm2s_start_for_DMA24b_mm2s_streamout_U0.vhd:10' bound to instance 'U_DMA24bUnit_mm2s_start_for_DMA24b_mm2s_streamout_U0_shiftReg' of component 'DMA24bUnit_mm2s_start_for_DMA24b_mm2s_streamout_U0_shiftReg' [e:/VHDL/new_ref_design/SoCora/SoCora.gen/sources_1/bd/design_1/ipshared/6268/hdl/vhdl/DMA24bUnit_mm2s_start_for_DMA24b_mm2s_streamout_U0.vhd:124]
INFO: [Synth 8-638] synthesizing module 'DMA24bUnit_mm2s_start_for_DMA24b_mm2s_streamout_U0_shiftReg' [e:/VHDL/new_ref_design/SoCora/SoCora.gen/sources_1/bd/design_1/ipshared/6268/hdl/vhdl/DMA24bUnit_mm2s_start_for_DMA24b_mm2s_streamout_U0.vhd:23]
	Parameter DATA_WIDTH bound to: 1 - type: integer 
	Parameter ADDR_WIDTH bound to: 1 - type: integer 
	Parameter DEPTH bound to: 2 - type: integer 
INFO: [Synth 8-256] done synthesizing module 'DMA24bUnit_mm2s_start_for_DMA24b_mm2s_streamout_U0_shiftReg' (18#1) [e:/VHDL/new_ref_design/SoCora/SoCora.gen/sources_1/bd/design_1/ipshared/6268/hdl/vhdl/DMA24bUnit_mm2s_start_for_DMA24b_mm2s_streamout_U0.vhd:23]
INFO: [Synth 8-256] done synthesizing module 'DMA24bUnit_mm2s_start_for_DMA24b_mm2s_streamout_U0' (19#1) [e:/VHDL/new_ref_design/SoCora/SoCora.gen/sources_1/bd/design_1/ipshared/6268/hdl/vhdl/DMA24bUnit_mm2s_start_for_DMA24b_mm2s_streamout_U0.vhd:66]
INFO: [Synth 8-256] done synthesizing module 'DMA24bUnit_mm2s_DMA24b_mm2s' (20#1) [e:/VHDL/new_ref_design/SoCora/SoCora.gen/sources_1/bd/design_1/ipshared/6268/hdl/vhdl/DMA24bUnit_mm2s_DMA24b_mm2s.vhd:82]
	Parameter DataWidth bound to: 24 - type: integer 
INFO: [Synth 8-3491] module 'DMA24bUnit_mm2s_regslice_both' declared at 'e:/VHDL/new_ref_design/SoCora/SoCora.gen/sources_1/bd/design_1/ipshared/6268/hdl/vhdl/DMA24bUnit_mm2s_regslice_both.vhd:10' bound to instance 'regslice_both_STR_video_out_V_data_V_U' of component 'DMA24bUnit_mm2s_regslice_both' [e:/VHDL/new_ref_design/SoCora/SoCora.gen/sources_1/bd/design_1/ipshared/6268/hdl/vhdl/DMA24bUnit_mm2s.vhd:596]
INFO: [Synth 8-638] synthesizing module 'DMA24bUnit_mm2s_regslice_both' [e:/VHDL/new_ref_design/SoCora/SoCora.gen/sources_1/bd/design_1/ipshared/6268/hdl/vhdl/DMA24bUnit_mm2s_regslice_both.vhd:25]
	Parameter DataWidth bound to: 24 - type: integer 
INFO: [Synth 8-256] done synthesizing module 'DMA24bUnit_mm2s_regslice_both' (21#1) [e:/VHDL/new_ref_design/SoCora/SoCora.gen/sources_1/bd/design_1/ipshared/6268/hdl/vhdl/DMA24bUnit_mm2s_regslice_both.vhd:25]
	Parameter DataWidth bound to: 3 - type: integer 
INFO: [Synth 8-3491] module 'DMA24bUnit_mm2s_regslice_both' declared at 'e:/VHDL/new_ref_design/SoCora/SoCora.gen/sources_1/bd/design_1/ipshared/6268/hdl/vhdl/DMA24bUnit_mm2s_regslice_both.vhd:10' bound to instance 'regslice_both_STR_video_out_V_keep_V_U' of component 'DMA24bUnit_mm2s_regslice_both' [e:/VHDL/new_ref_design/SoCora/SoCora.gen/sources_1/bd/design_1/ipshared/6268/hdl/vhdl/DMA24bUnit_mm2s.vhd:610]
INFO: [Synth 8-638] synthesizing module 'DMA24bUnit_mm2s_regslice_both__parameterized1' [e:/VHDL/new_ref_design/SoCora/SoCora.gen/sources_1/bd/design_1/ipshared/6268/hdl/vhdl/DMA24bUnit_mm2s_regslice_both.vhd:25]
	Parameter DataWidth bound to: 3 - type: integer 
INFO: [Synth 8-256] done synthesizing module 'DMA24bUnit_mm2s_regslice_both__parameterized1' (21#1) [e:/VHDL/new_ref_design/SoCora/SoCora.gen/sources_1/bd/design_1/ipshared/6268/hdl/vhdl/DMA24bUnit_mm2s_regslice_both.vhd:25]
	Parameter DataWidth bound to: 3 - type: integer 
INFO: [Synth 8-3491] module 'DMA24bUnit_mm2s_regslice_both' declared at 'e:/VHDL/new_ref_design/SoCora/SoCora.gen/sources_1/bd/design_1/ipshared/6268/hdl/vhdl/DMA24bUnit_mm2s_regslice_both.vhd:10' bound to instance 'regslice_both_STR_video_out_V_strb_V_U' of component 'DMA24bUnit_mm2s_regslice_both' [e:/VHDL/new_ref_design/SoCora/SoCora.gen/sources_1/bd/design_1/ipshared/6268/hdl/vhdl/DMA24bUnit_mm2s.vhd:624]
	Parameter DataWidth bound to: 1 - type: integer 
INFO: [Synth 8-3491] module 'DMA24bUnit_mm2s_regslice_both' declared at 'e:/VHDL/new_ref_design/SoCora/SoCora.gen/sources_1/bd/design_1/ipshared/6268/hdl/vhdl/DMA24bUnit_mm2s_regslice_both.vhd:10' bound to instance 'regslice_both_STR_video_out_V_user_V_U' of component 'DMA24bUnit_mm2s_regslice_both' [e:/VHDL/new_ref_design/SoCora/SoCora.gen/sources_1/bd/design_1/ipshared/6268/hdl/vhdl/DMA24bUnit_mm2s.vhd:638]
INFO: [Synth 8-638] synthesizing module 'DMA24bUnit_mm2s_regslice_both__parameterized3' [e:/VHDL/new_ref_design/SoCora/SoCora.gen/sources_1/bd/design_1/ipshared/6268/hdl/vhdl/DMA24bUnit_mm2s_regslice_both.vhd:25]
	Parameter DataWidth bound to: 1 - type: integer 
INFO: [Synth 8-256] done synthesizing module 'DMA24bUnit_mm2s_regslice_both__parameterized3' (21#1) [e:/VHDL/new_ref_design/SoCora/SoCora.gen/sources_1/bd/design_1/ipshared/6268/hdl/vhdl/DMA24bUnit_mm2s_regslice_both.vhd:25]
	Parameter DataWidth bound to: 1 - type: integer 
INFO: [Synth 8-3491] module 'DMA24bUnit_mm2s_regslice_both' declared at 'e:/VHDL/new_ref_design/SoCora/SoCora.gen/sources_1/bd/design_1/ipshared/6268/hdl/vhdl/DMA24bUnit_mm2s_regslice_both.vhd:10' bound to instance 'regslice_both_STR_video_out_V_last_V_U' of component 'DMA24bUnit_mm2s_regslice_both' [e:/VHDL/new_ref_design/SoCora/SoCora.gen/sources_1/bd/design_1/ipshared/6268/hdl/vhdl/DMA24bUnit_mm2s.vhd:652]
INFO: [Synth 8-256] done synthesizing module 'DMA24bUnit_mm2s' (22#1) [e:/VHDL/new_ref_design/SoCora/SoCora.gen/sources_1/bd/design_1/ipshared/6268/hdl/vhdl/DMA24bUnit_mm2s.vhd:90]
INFO: [Synth 8-256] done synthesizing module 'design_1_DMA24bUnit_mm2s_0_0' (23#1) [e:/VHDL/new_ref_design/SoCora/SoCora.gen/sources_1/bd/design_1/ip/design_1_DMA24bUnit_mm2s_0_0/synth/design_1_DMA24bUnit_mm2s_0_0.vhd:112]
---------------------------------------------------------------------------------
Finished RTL Elaboration : Time (s): cpu = 00:00:10 ; elapsed = 00:00:13 . Memory (MB): peak = 1237.387 ; gain = 110.852
---------------------------------------------------------------------------------
---------------------------------------------------------------------------------
Start Handling Custom Attributes
---------------------------------------------------------------------------------
---------------------------------------------------------------------------------
Finished Handling Custom Attributes : Time (s): cpu = 00:00:11 ; elapsed = 00:00:14 . Memory (MB): peak = 1237.387 ; gain = 110.852
---------------------------------------------------------------------------------
---------------------------------------------------------------------------------
Finished RTL Optimization Phase 1 : Time (s): cpu = 00:00:11 ; elapsed = 00:00:14 . Memory (MB): peak = 1237.387 ; gain = 110.852
---------------------------------------------------------------------------------
Netlist sorting complete. Time (s): cpu = 00:00:01 ; elapsed = 00:00:00.243 . Memory (MB): peak = 1237.387 ; gain = 0.000
INFO: [Project 1-570] Preparing netlist for logic optimization

Processing XDC Constraints
Initializing timing engine
Parsing XDC File [e:/VHDL/new_ref_design/SoCora/SoCora.gen/sources_1/bd/design_1/ip/design_1_DMA24bUnit_mm2s_0_0/constraints/DMA24bUnit_mm2s_ooc.xdc] for cell 'U0'
Finished Parsing XDC File [e:/VHDL/new_ref_design/SoCora/SoCora.gen/sources_1/bd/design_1/ip/design_1_DMA24bUnit_mm2s_0_0/constraints/DMA24bUnit_mm2s_ooc.xdc] for cell 'U0'
Parsing XDC File [E:/VHDL/new_ref_design/SoCora/SoCora.runs/design_1_DMA24bUnit_mm2s_0_0_synth_1/dont_touch.xdc]
Finished Parsing XDC File [E:/VHDL/new_ref_design/SoCora/SoCora.runs/design_1_DMA24bUnit_mm2s_0_0_synth_1/dont_touch.xdc]
Completed Processing XDC Constraints

Netlist sorting complete. Time (s): cpu = 00:00:00 ; elapsed = 00:00:00.002 . Memory (MB): peak = 1360.016 ; gain = 0.000
INFO: [Project 1-111] Unisim Transformation Summary:
No Unisim elements were transformed.

Constraint Validation Runtime : Time (s): cpu = 00:00:00 ; elapsed = 00:00:00.193 . Memory (MB): peak = 1373.715 ; gain = 13.699
---------------------------------------------------------------------------------
Finished Constraint Validation : Time (s): cpu = 00:00:24 ; elapsed = 00:00:28 . Memory (MB): peak = 1373.715 ; gain = 247.180
---------------------------------------------------------------------------------
---------------------------------------------------------------------------------
Start Loading Part and Timing Information
---------------------------------------------------------------------------------
Loading part: xc7z010clg400-1
---------------------------------------------------------------------------------
Finished Loading Part and Timing Information : Time (s): cpu = 00:00:24 ; elapsed = 00:00:28 . Memory (MB): peak = 1373.715 ; gain = 247.180
---------------------------------------------------------------------------------
---------------------------------------------------------------------------------
Start Applying 'set_property' XDC Constraints
---------------------------------------------------------------------------------
Applied set_property KEEP_HIERARCHY = SOFT for U0. (constraint file  E:/VHDL/new_ref_design/SoCora/SoCora.runs/design_1_DMA24bUnit_mm2s_0_0_synth_1/dont_touch.xdc, line 9).
---------------------------------------------------------------------------------
Finished applying 'set_property' XDC Constraints : Time (s): cpu = 00:00:24 ; elapsed = 00:00:28 . Memory (MB): peak = 1373.715 ; gain = 247.180
---------------------------------------------------------------------------------
INFO: [Synth 8-802] inferred FSM for state register 'state_reg' in module 'DMA24bUnit_mm2s_gmem_m_axi_reg_slice'
INFO: [Synth 8-802] inferred FSM for state register 'state_reg' in module 'DMA24bUnit_mm2s_gmem_m_axi_reg_slice__parameterized2'
INFO: [Synth 8-4490] FSM extraction disabled for register 'ap_CS_fsm_reg' through user attribute
INFO: [Synth 8-4490] FSM extraction disabled for register 'ap_CS_fsm_reg' through user attribute
INFO: [Synth 8-4490] FSM extraction disabled for register 'ap_CS_fsm_reg' through user attribute
---------------------------------------------------------------------------------------------------
                   State |                     New Encoding |                Previous Encoding 
---------------------------------------------------------------------------------------------------
                    zero |                               00 |                               10
                     one |                               10 |                               11
                     two |                               01 |                               01
---------------------------------------------------------------------------------------------------
INFO: [Synth 8-3354] encoded FSM with state register 'state_reg' using encoding 'sequential' in module 'DMA24bUnit_mm2s_gmem_m_axi_reg_slice'
---------------------------------------------------------------------------------------------------
                   State |                     New Encoding |                Previous Encoding 
---------------------------------------------------------------------------------------------------
                    zero |                               00 |                               10
                     one |                               10 |                               11
                     two |                               01 |                               01
---------------------------------------------------------------------------------------------------
INFO: [Synth 8-3354] encoded FSM with state register 'state_reg' using encoding 'sequential' in module 'DMA24bUnit_mm2s_gmem_m_axi_reg_slice__parameterized2'
---------------------------------------------------------------------------------
Finished RTL Optimization Phase 2 : Time (s): cpu = 00:00:26 ; elapsed = 00:00:31 . Memory (MB): peak = 1373.715 ; gain = 247.180
---------------------------------------------------------------------------------
---------------------------------------------------------------------------------
Start RTL Component Statistics 
---------------------------------------------------------------------------------
Detailed RTL Component Info : 
+---Adders : 
	   2 Input   64 Bit       Adders := 5     
	   2 Input   52 Bit       Adders := 2     
	   2 Input   32 Bit       Adders := 2     
	   3 Input   24 Bit       Adders := 1     
	   2 Input   12 Bit       Adders := 5     
	   3 Input   11 Bit       Adders := 1     
	   2 Input   11 Bit       Adders := 1     
	   2 Input   10 Bit       Adders := 3     
	   2 Input    9 Bit       Adders := 5     
	   2 Input    8 Bit       Adders := 7     
	   2 Input    4 Bit       Adders := 3     
	   2 Input    3 Bit       Adders := 8     
	   2 Input    2 Bit       Adders := 4     
+---Registers : 
	              144 Bit    Registers := 3     
	              131 Bit    Registers := 3     
	              130 Bit    Registers := 2     
	              128 Bit    Registers := 3     
	               96 Bit    Registers := 6     
	               64 Bit    Registers := 10    
	               60 Bit    Registers := 1     
	               52 Bit    Registers := 2     
	               32 Bit    Registers := 3     
	               24 Bit    Registers := 3     
	               23 Bit    Registers := 1     
	               21 Bit    Registers := 1     
	               20 Bit    Registers := 2     
	               17 Bit    Registers := 1     
	               16 Bit    Registers := 1     
	               12 Bit    Registers := 9     
	               11 Bit    Registers := 1     
	               10 Bit    Registers := 2     
	                9 Bit    Registers := 3     
	                8 Bit    Registers := 32    
	                6 Bit    Registers := 2     
	                4 Bit    Registers := 4     
	                3 Bit    Registers := 9     
	                2 Bit    Registers := 17    
	                1 Bit    Registers := 88    
+---RAMs : 
	             131K Bit	(1024 X 131 bit)          RAMs := 1     
	              36K Bit	(256 X 144 bit)          RAMs := 1     
	              32K Bit	(256 X 128 bit)          RAMs := 1     
+---Muxes : 
	   2 Input  144 Bit        Muxes := 1     
	   2 Input  131 Bit        Muxes := 1     
	   2 Input  130 Bit        Muxes := 1     
	   2 Input   96 Bit        Muxes := 2     
	   2 Input   64 Bit        Muxes := 8     
	   2 Input   52 Bit        Muxes := 2     
	   2 Input   29 Bit        Muxes := 1     
	   2 Input   24 Bit        Muxes := 1     
	   3 Input   21 Bit        Muxes := 1     
	   2 Input   20 Bit        Muxes := 3     
	   2 Input   19 Bit        Muxes := 1     
	   2 Input   18 Bit        Muxes := 1     
	   2 Input   17 Bit        Muxes := 5     
	  18 Input   17 Bit        Muxes := 1     
	   2 Input   16 Bit        Muxes := 1     
	   2 Input   15 Bit        Muxes := 1     
	   2 Input   14 Bit        Muxes := 1     
	   2 Input   13 Bit        Muxes := 1     
	   4 Input   12 Bit        Muxes := 2     
	   2 Input   12 Bit        Muxes := 3     
	   2 Input   11 Bit        Muxes := 1     
	   2 Input   10 Bit        Muxes := 4     
	   2 Input    9 Bit        Muxes := 3     
	   2 Input    8 Bit        Muxes := 17    
	   4 Input    8 Bit        Muxes := 1     
	   2 Input    6 Bit        Muxes := 4     
	   2 Input    4 Bit        Muxes := 5     
	   2 Input    3 Bit        Muxes := 6     
	   6 Input    3 Bit        Muxes := 1     
	   2 Input    2 Bit        Muxes := 45    
	   3 Input    2 Bit        Muxes := 9     
	   5 Input    2 Bit        Muxes := 3     
	   4 Input    2 Bit        Muxes := 5     
	   2 Input    1 Bit        Muxes := 94    
	   3 Input    1 Bit        Muxes := 6     
---------------------------------------------------------------------------------
Finished RTL Component Statistics 
---------------------------------------------------------------------------------
---------------------------------------------------------------------------------
Start Part Resource Summary
---------------------------------------------------------------------------------
Part Resources:
DSPs: 80 (col length:40)
BRAMs: 120 (col length: RAMB18 40 RAMB36 20)
---------------------------------------------------------------------------------
Finished Part Resource Summary
---------------------------------------------------------------------------------
---------------------------------------------------------------------------------
Start Cross Boundary and Area Optimization
---------------------------------------------------------------------------------
DSP Report: Generating DSP mul_mul_12ns_8ns_20_4_1_U10/DMA24bUnit_mm2s_mul_mul_12ns_8ns_20_4_1_DSP48_1_U/p_reg_reg, operation Mode is: (A2*B2)'.
DSP Report: register mul_mul_12ns_8ns_20_4_1_U10/DMA24bUnit_mm2s_mul_mul_12ns_8ns_20_4_1_DSP48_1_U/b_reg_reg is absorbed into DSP mul_mul_12ns_8ns_20_4_1_U10/DMA24bUnit_mm2s_mul_mul_12ns_8ns_20_4_1_DSP48_1_U/p_reg_reg.
DSP Report: register mul_mul_12ns_8ns_20_4_1_U10/DMA24bUnit_mm2s_mul_mul_12ns_8ns_20_4_1_DSP48_1_U/a_reg_reg is absorbed into DSP mul_mul_12ns_8ns_20_4_1_U10/DMA24bUnit_mm2s_mul_mul_12ns_8ns_20_4_1_DSP48_1_U/p_reg_reg.
DSP Report: register mul_mul_12ns_8ns_20_4_1_U10/DMA24bUnit_mm2s_mul_mul_12ns_8ns_20_4_1_DSP48_1_U/p_reg_reg is absorbed into DSP mul_mul_12ns_8ns_20_4_1_U10/DMA24bUnit_mm2s_mul_mul_12ns_8ns_20_4_1_DSP48_1_U/p_reg_reg.
DSP Report: register mul_mul_12ns_8ns_20_4_1_U10/DMA24bUnit_mm2s_mul_mul_12ns_8ns_20_4_1_DSP48_1_U/p_reg_tmp_reg is absorbed into DSP mul_mul_12ns_8ns_20_4_1_U10/DMA24bUnit_mm2s_mul_mul_12ns_8ns_20_4_1_DSP48_1_U/p_reg_reg.
DSP Report: operator mul_mul_12ns_8ns_20_4_1_U10/DMA24bUnit_mm2s_mul_mul_12ns_8ns_20_4_1_DSP48_1_U/p_cvt is absorbed into DSP mul_mul_12ns_8ns_20_4_1_U10/DMA24bUnit_mm2s_mul_mul_12ns_8ns_20_4_1_DSP48_1_U/p_reg_reg.
DSP Report: Generating DSP grp_DMA24b_mm2s_fu_78/DMA24b_mm2s_fetch_U0/mul_mul_11s_13ns_24_4_1_U1/DMA24bUnit_mm2s_mul_mul_11s_13ns_24_4_1_DSP48_0_U/p_reg_reg, operation Mode is: ((A:0xccd)'*B2)'.
DSP Report: register grp_DMA24b_mm2s_fu_78/DMA24b_mm2s_fetch_U0/mul_mul_11s_13ns_24_4_1_U1/DMA24bUnit_mm2s_mul_mul_11s_13ns_24_4_1_DSP48_0_U/a_reg_reg is absorbed into DSP grp_DMA24b_mm2s_fu_78/DMA24b_mm2s_fetch_U0/mul_mul_11s_13ns_24_4_1_U1/DMA24bUnit_mm2s_mul_mul_11s_13ns_24_4_1_DSP48_0_U/p_reg_reg.
DSP Report: register grp_DMA24b_mm2s_fu_78/DMA24b_mm2s_fetch_U0/mul_mul_11s_13ns_24_4_1_U1/DMA24bUnit_mm2s_mul_mul_11s_13ns_24_4_1_DSP48_0_U/p_reg_reg is absorbed into DSP grp_DMA24b_mm2s_fu_78/DMA24b_mm2s_fetch_U0/mul_mul_11s_13ns_24_4_1_U1/DMA24bUnit_mm2s_mul_mul_11s_13ns_24_4_1_DSP48_0_U/p_reg_reg.
DSP Report: register grp_DMA24b_mm2s_fu_78/DMA24b_mm2s_fetch_U0/mul_mul_11s_13ns_24_4_1_U1/DMA24bUnit_mm2s_mul_mul_11s_13ns_24_4_1_DSP48_0_U/p_reg_reg is absorbed into DSP grp_DMA24b_mm2s_fu_78/DMA24b_mm2s_fetch_U0/mul_mul_11s_13ns_24_4_1_U1/DMA24bUnit_mm2s_mul_mul_11s_13ns_24_4_1_DSP48_0_U/p_reg_reg.
DSP Report: register grp_DMA24b_mm2s_fu_78/DMA24b_mm2s_fetch_U0/mul_mul_11s_13ns_24_4_1_U1/DMA24bUnit_mm2s_mul_mul_11s_13ns_24_4_1_DSP48_0_U/p_reg_tmp_reg is absorbed into DSP grp_DMA24b_mm2s_fu_78/DMA24b_mm2s_fetch_U0/mul_mul_11s_13ns_24_4_1_U1/DMA24bUnit_mm2s_mul_mul_11s_13ns_24_4_1_DSP48_0_U/p_reg_reg.
DSP Report: operator grp_DMA24b_mm2s_fu_78/DMA24b_mm2s_fetch_U0/mul_mul_11s_13ns_24_4_1_U1/DMA24bUnit_mm2s_mul_mul_11s_13ns_24_4_1_DSP48_0_U/p_cvt is absorbed into DSP grp_DMA24b_mm2s_fu_78/DMA24b_mm2s_fetch_U0/mul_mul_11s_13ns_24_4_1_U1/DMA24bUnit_mm2s_mul_mul_11s_13ns_24_4_1_DSP48_0_U/p_reg_reg.
warning: Removed RAM bus_write/buff_wdata/mem_reg due to inactive write enable
RAM Pipeline Warning: Read Address Register Found For RAM grp_DMA24b_mm2s_fu_78/mm_fifo_U/U_DMA24bUnit_mm2s_fifo_w128_d256_A_ram/mem_reg. We will not be able to pipeline it. This may degrade performance. 
RAM Pipeline Warning: Read Address Register Found For RAM grp_DMA24b_mm2s_fu_78/mm_fifo_U/U_DMA24bUnit_mm2s_fifo_w128_d256_A_ram/mem_reg. We will not be able to pipeline it. This may degrade performance. 
RAM Pipeline Warning: Read Address Register Found For RAM grp_DMA24b_mm2s_fu_78/mm_fifo_U/U_DMA24bUnit_mm2s_fifo_w128_d256_A_ram/mem_reg. We will not be able to pipeline it. This may degrade performance. 
---------------------------------------------------------------------------------
Finished Cross Boundary and Area Optimization : Time (s): cpu = 00:00:45 ; elapsed = 00:00:50 . Memory (MB): peak = 1373.715 ; gain = 247.180
---------------------------------------------------------------------------------
---------------------------------------------------------------------------------
Start ROM, RAM, DSP, Shift Register and Retiming Reporting
---------------------------------------------------------------------------------

Block RAM: Preliminary Mapping	Report (see note below)
+----------------+--------------------------------------------------------------------------------+------------------------+---+---+------------------------+---+---+------------------+--------+--------+
|Module Name     | RTL Object                                                                     | PORT A (Depth x Width) | W | R | PORT B (Depth x Width) | W | R | Ports driving FF | RAMB18 | RAMB36 | 
+----------------+--------------------------------------------------------------------------------+------------------------+---+---+------------------------+---+---+------------------+--------+--------+
|U0/gmem_m_axi_U | bus_read/fifo_rdata/mem_reg                                                    | 1 K x 131(READ_FIRST)  | W |   | 1 K x 131(WRITE_FIRST) |   | R | Port A and B     | 0      | 4      | 
|U0              | grp_DMA24b_mm2s_fu_78/mm_fifo_U/U_DMA24bUnit_mm2s_fifo_w128_d256_A_ram/mem_reg | 256 x 128(READ_FIRST)  | W |   | 256 x 128(WRITE_FIRST) |   | R | Port A and B     | 0      | 2      | 
+----------------+--------------------------------------------------------------------------------+------------------------+---+---+------------------------+---+---+------------------+--------+--------+

Note: The table above is a preliminary report that shows the Block RAMs at the current stage of the synthesis flow. Some Block RAMs may be reimplemented as non Block RAM primitives later in the synthesis flow. Multiple instantiated Block RAMs are reported only once. 

DSP: Preliminary Mapping	Report (see note below)
+------------------------------------------------+------------------+--------+--------+--------+--------+--------+------+------+------+------+-------+------+------+
|Module Name                                     | DSP Mapping      | A Size | B Size | C Size | D Size | P Size | AREG | BREG | CREG | DREG | ADREG | MREG | PREG | 
+------------------------------------------------+------------------+--------+--------+--------+--------+--------+------+------+------+------+-------+------+------+
|DMA24bUnit_mm2s_mul_mul_12ns_8ns_20_4_1_DSP48_1 | (A2*B2)'         | 12     | 8      | -      | -      | 20     | 1    | 1    | -    | -    | -     | 1    | 1    | 
|DMA24bUnit_mm2s_mul_mul_11s_13ns_24_4_1_DSP48_0 | ((A:0xccd)'*B2)' | 11     | 14     | -      | -      | 25     | 1    | 1    | -    | -    | -     | 1    | 1    | 
+------------------------------------------------+------------------+--------+--------+--------+--------+--------+------+------+------+------+-------+------+------+

Note: The table above is a preliminary report that shows the DSPs inferred at the current stage of the synthesis flow. Some DSP may be reimplemented as non DSP primitives later in the synthesis flow. Multiple instantiated DSPs are reported only once.
---------------------------------------------------------------------------------
Finished ROM, RAM, DSP, Shift Register and Retiming Reporting
---------------------------------------------------------------------------------
---------------------------------------------------------------------------------
Start Applying XDC Timing Constraints
---------------------------------------------------------------------------------
---------------------------------------------------------------------------------
Finished Applying XDC Timing Constraints : Time (s): cpu = 00:00:59 ; elapsed = 00:01:06 . Memory (MB): peak = 1376.020 ; gain = 249.484
---------------------------------------------------------------------------------
---------------------------------------------------------------------------------
Start Timing Optimization
---------------------------------------------------------------------------------
---------------------------------------------------------------------------------
Finished Timing Optimization : Time (s): cpu = 00:01:08 ; elapsed = 00:01:15 . Memory (MB): peak = 1529.172 ; gain = 402.637
---------------------------------------------------------------------------------
---------------------------------------------------------------------------------
Start ROM, RAM, DSP, Shift Register and Retiming Reporting
---------------------------------------------------------------------------------

Block RAM: Final Mapping	Report
+----------------+--------------------------------------------------------------------------------+------------------------+---+---+------------------------+---+---+------------------+--------+--------+
|Module Name     | RTL Object                                                                     | PORT A (Depth x Width) | W | R | PORT B (Depth x Width) | W | R | Ports driving FF | RAMB18 | RAMB36 | 
+----------------+--------------------------------------------------------------------------------+------------------------+---+---+------------------------+---+---+------------------+--------+--------+
|U0/gmem_m_axi_U | bus_read/fifo_rdata/mem_reg                                                    | 1 K x 131(READ_FIRST)  | W |   | 1 K x 131(WRITE_FIRST) |   | R | Port A and B     | 0      | 4      | 
|U0              | grp_DMA24b_mm2s_fu_78/mm_fifo_U/U_DMA24bUnit_mm2s_fifo_w128_d256_A_ram/mem_reg | 256 x 128(READ_FIRST)  | W |   | 256 x 128(WRITE_FIRST) |   | R | Port A and B     | 0      | 2      | 
+----------------+--------------------------------------------------------------------------------+------------------------+---+---+------------------------+---+---+------------------+--------+--------+

---------------------------------------------------------------------------------
Finished ROM, RAM, DSP, Shift Register and Retiming Reporting
---------------------------------------------------------------------------------
---------------------------------------------------------------------------------
Start Technology Mapping
---------------------------------------------------------------------------------
INFO: [Synth 8-7052] The timing for the instance U0/gmem_m_axi_U/bus_read/fifo_rdata/mem_reg_0 (implemented as a Block RAM) might be sub-optimal as no optional output register could be merged into the ram block. Providing additional output register may help in improving timing.
INFO: [Synth 8-7052] The timing for the instance U0/gmem_m_axi_U/bus_read/fifo_rdata/mem_reg_1 (implemented as a Block RAM) might be sub-optimal as no optional output register could be merged into the ram block. Providing additional output register may help in improving timing.
INFO: [Synth 8-7052] The timing for the instance U0/gmem_m_axi_U/bus_read/fifo_rdata/mem_reg_2 (implemented as a Block RAM) might be sub-optimal as no optional output register could be merged into the ram block. Providing additional output register may help in improving timing.
INFO: [Synth 8-7052] The timing for the instance U0/gmem_m_axi_U/bus_read/fifo_rdata/mem_reg_3 (implemented as a Block RAM) might be sub-optimal as no optional output register could be merged into the ram block. Providing additional output register may help in improving timing.
INFO: [Synth 8-7052] The timing for the instance U0/grp_DMA24b_mm2s_fu_78/mm_fifo_U/U_DMA24bUnit_mm2s_fifo_w128_d256_A_ram/mem_reg_0 (implemented as a Block RAM) might be sub-optimal as no optional output register could be merged into the ram block. Providing additional output register may help in improving timing.
INFO: [Synth 8-7052] The timing for the instance U0/grp_DMA24b_mm2s_fu_78/mm_fifo_U/U_DMA24bUnit_mm2s_fifo_w128_d256_A_ram/mem_reg_1 (implemented as a Block RAM) might be sub-optimal as no optional output register could be merged into the ram block. Providing additional output register may help in improving timing.
---------------------------------------------------------------------------------
Finished Technology Mapping : Time (s): cpu = 00:01:10 ; elapsed = 00:01:18 . Memory (MB): peak = 1536.934 ; gain = 410.398
---------------------------------------------------------------------------------
---------------------------------------------------------------------------------
Start IO Insertion
---------------------------------------------------------------------------------
---------------------------------------------------------------------------------
Start Flattening Before IO Insertion
---------------------------------------------------------------------------------
---------------------------------------------------------------------------------
Finished Flattening Before IO Insertion
---------------------------------------------------------------------------------
---------------------------------------------------------------------------------
Start Final Netlist Cleanup
---------------------------------------------------------------------------------
---------------------------------------------------------------------------------
Finished Final Netlist Cleanup
---------------------------------------------------------------------------------
---------------------------------------------------------------------------------
Finished IO Insertion : Time (s): cpu = 00:01:15 ; elapsed = 00:01:23 . Memory (MB): peak = 1536.934 ; gain = 410.398
---------------------------------------------------------------------------------
---------------------------------------------------------------------------------
Start Renaming Generated Instances
---------------------------------------------------------------------------------
---------------------------------------------------------------------------------
Finished Renaming Generated Instances : Time (s): cpu = 00:01:15 ; elapsed = 00:01:23 . Memory (MB): peak = 1536.934 ; gain = 410.398
---------------------------------------------------------------------------------
---------------------------------------------------------------------------------
Start Rebuilding User Hierarchy
---------------------------------------------------------------------------------
---------------------------------------------------------------------------------
Finished Rebuilding User Hierarchy : Time (s): cpu = 00:01:15 ; elapsed = 00:01:23 . Memory (MB): peak = 1536.934 ; gain = 410.398
---------------------------------------------------------------------------------
---------------------------------------------------------------------------------
Start Renaming Generated Ports
---------------------------------------------------------------------------------
---------------------------------------------------------------------------------
Finished Renaming Generated Ports : Time (s): cpu = 00:01:15 ; elapsed = 00:01:23 . Memory (MB): peak = 1536.934 ; gain = 410.398
---------------------------------------------------------------------------------
---------------------------------------------------------------------------------
Start Handling Custom Attributes
---------------------------------------------------------------------------------
---------------------------------------------------------------------------------
Finished Handling Custom Attributes : Time (s): cpu = 00:01:15 ; elapsed = 00:01:23 . Memory (MB): peak = 1536.934 ; gain = 410.398
---------------------------------------------------------------------------------
---------------------------------------------------------------------------------
Start Renaming Generated Nets
---------------------------------------------------------------------------------
---------------------------------------------------------------------------------
Finished Renaming Generated Nets : Time (s): cpu = 00:01:15 ; elapsed = 00:01:23 . Memory (MB): peak = 1536.934 ; gain = 410.398
---------------------------------------------------------------------------------
---------------------------------------------------------------------------------
Start ROM, RAM, DSP, Shift Register and Retiming Reporting
---------------------------------------------------------------------------------

Dynamic Shift Register Report:
+------------+-------------+--------+------------+--------+---------+--------+--------+--------+
|Module Name | RTL Name    | Length | Data Width | SRL16E | SRLC32E | Mux F7 | Mux F8 | Mux F9 | 
+------------+-------------+--------+------------+--------+---------+--------+--------+--------+
|dsrl        | mem_reg[4]  | 96     | 96         | 96     | 0       | 0      | 0      | 0      | 
|dsrl__1     | mem_reg[4]  | 8      | 8          | 8      | 0       | 0      | 0      | 0      | 
|dsrl__2     | mem_reg[14] | 2      | 2          | 2      | 0       | 0      | 0      | 0      | 
|dsrl__3     | mem_reg[4]  | 2      | 2          | 2      | 0       | 0      | 0      | 0      | 
+------------+-------------+--------+------------+--------+---------+--------+--------+--------+

---------------------------------------------------------------------------------
Finished ROM, RAM, DSP, Shift Register and Retiming Reporting
---------------------------------------------------------------------------------
---------------------------------------------------------------------------------
Start Writing Synthesis Report
---------------------------------------------------------------------------------

Report BlackBoxes: 
+-+--------------+----------+
| |BlackBox name |Instances |
+-+--------------+----------+
+-+--------------+----------+

Report Cell Usage: 
+------+---------+------+
|      |Cell     |Count |
+------+---------+------+
|1     |CARRY4   |   120|
|2     |DSP48E1  |     2|
|4     |LUT1     |    74|
|5     |LUT2     |   153|
|6     |LUT3     |   459|
|7     |LUT4     |   345|
|8     |LUT5     |   160|
|9     |LUT6     |   342|
|10    |RAMB36E1 |     6|
|12    |SRL16E   |    89|
|13    |FDRE     |  2184|
|14    |FDSE     |    13|
+------+---------+------+
---------------------------------------------------------------------------------
Finished Writing Synthesis Report : Time (s): cpu = 00:01:15 ; elapsed = 00:01:23 . Memory (MB): peak = 1536.934 ; gain = 410.398
---------------------------------------------------------------------------------
Synthesis finished with 0 errors, 0 critical warnings and 0 warnings.
Synthesis Optimization Runtime : Time (s): cpu = 00:00:59 ; elapsed = 00:01:18 . Memory (MB): peak = 1536.934 ; gain = 274.070
Synthesis Optimization Complete : Time (s): cpu = 00:01:16 ; elapsed = 00:01:24 . Memory (MB): peak = 1536.934 ; gain = 410.398
INFO: [Project 1-571] Translating synthesized netlist
Netlist sorting complete. Time (s): cpu = 00:00:00 ; elapsed = 00:00:00.109 . Memory (MB): peak = 1536.934 ; gain = 0.000
INFO: [Netlist 29-17] Analyzing 128 Unisim elements for replacement
INFO: [Netlist 29-28] Unisim Transformation completed in 0 CPU seconds
INFO: [Project 1-570] Preparing netlist for logic optimization
INFO: [Opt 31-138] Pushed 0 inverter(s) to 0 load pin(s).
Netlist sorting complete. Time (s): cpu = 00:00:00 ; elapsed = 00:00:00.001 . Memory (MB): peak = 1536.934 ; gain = 0.000
INFO: [Project 1-111] Unisim Transformation Summary:
No Unisim elements were transformed.

INFO: [Common 17-83] Releasing license: Synthesis
125 Infos, 4 Warnings, 0 Critical Warnings and 0 Errors encountered.
synth_design completed successfully
synth_design: Time (s): cpu = 00:01:24 ; elapsed = 00:01:33 . Memory (MB): peak = 1536.934 ; gain = 410.398
INFO: [Common 17-1381] The checkpoint 'E:/VHDL/new_ref_design/SoCora/SoCora.runs/design_1_DMA24bUnit_mm2s_0_0_synth_1/design_1_DMA24bUnit_mm2s_0_0.dcp' has been generated.
WARNING: [Common 17-576] 'use_project_ipc' is deprecated. This option is deprecated and no longer used.
INFO: [Coretcl 2-1648] Added synthesis output to IP cache for IP design_1_DMA24bUnit_mm2s_0_0, cache-ID = db5b571eb4262091
INFO: [Coretcl 2-1174] Renamed 25 cell refs.
INFO: [Common 17-1381] The checkpoint 'E:/VHDL/new_ref_design/SoCora/SoCora.runs/design_1_DMA24bUnit_mm2s_0_0_synth_1/design_1_DMA24bUnit_mm2s_0_0.dcp' has been generated.
INFO: [runtcl-4] Executing : report_utilization -file design_1_DMA24bUnit_mm2s_0_0_utilization_synth.rpt -pb design_1_DMA24bUnit_mm2s_0_0_utilization_synth.pb
INFO: [Common 17-206] Exiting Vivado at Thu Sep 24 17:17:54 2026...
