Copyright 1986-2020 Xilinx, Inc. All Rights Reserved.
------------------------------------------------------------------------------------
| Tool Version : Vivado v.2020.2 (win64) Build 3064766 Wed Nov 18 09:12:45 MST 2020
| Date         : Fri Sep 25 12:21:46 2026
| Host         : Chicken-PC running 64-bit major release  (build 9200)
| Command      : upgrade_ip
| Device       : xc7z010clg400-1
------------------------------------------------------------------------------------

Upgrade Log for IP 'design_1_video_out_0_0'

1. Summary
----------

SUCCESS in the conversion of design_1_video_out_0_0 (xilinx.com:user:video_out:1.0 (Rev. 2)) to Vivado generation flows.






Copyright 1986-2020 Xilinx, Inc. All Rights Reserved.
------------------------------------------------------------------------------------
| Tool Version : Vivado v.2020.2 (win64) Build 3064766 Wed Nov 18 09:12:45 MST 2020
| Date         : Fri Sep 25 10:53:33 2026
| Host         : Chicken-PC running 64-bit major release  (build 9200)
| Command      : upgrade_ip
| Device       : xc7z010clg400-1
------------------------------------------------------------------------------------

Upgrade Log for IP 'design_1_video_out_0_0'

1. Summary
----------

SUCCESS in the conversion of design_1_video_out_0_0 (xilinx.com:user:video_out:1.0 (Rev. 2)) to Vivado generation flows.

