#-----------------------------------------------------------
# Vivado v2020.2 (64-bit)
# SW Build 3064766 on Wed Nov 18 09:12:47 MST 2020
# IP Build 3064653 on Wed Nov 18 14:17:31 MST 2020
# Start of session at: Thu Sep  3 09:31:20 2026
# Process ID: 28319
# Current directory: /mnt/isaac_sbay0/lbo-ws/Projects/DVR-008-002/Base_Design_Project/Reference_design_project_2020.2/SoCora
# Command line: vivado SoCora.xpr
# Log file: /mnt/isaac_sbay0/lbo-ws/Projects/DVR-008-002/Base_Design_Project/Reference_design_project_2020.2/SoCora/vivado.log
# Journal file: /mnt/isaac_sbay0/lbo-ws/Projects/DVR-008-002/Base_Design_Project/Reference_design_project_2020.2/SoCora/vivado.jou
#-----------------------------------------------------------
start_gui
open_project SoCora.xpr
Scanning sources...
Finished scanning sources
INFO: [IP_Flow 19-234] Refreshing IP repositories
INFO: [IP_Flow 19-1704] No user IP repositories specified
INFO: [IP_Flow 19-2313] Loaded Vivado IP repository '/tools/xilinx/Vivado/2020.2/data/ip'.
INFO: [IP_Flow 19-3899] Cannot get the environment domain name variable for the component vendor name. Setting the vendor name to 'user.org'.
update_compile_order -fileset sources_1
exit
INFO: [Common 17-206] Exiting Vivado at Thu Sep  3 09:31:40 2026...
