#-----------------------------------------------------------
# Vivado v2020.2 (64-bit)
# SW Build 3064766 on Wed Nov 18 09:12:45 MST 2020
# IP Build 3064653 on Wed Nov 18 14:17:31 MST 2020
# Start of session at: Thu Sep 24 16:31:57 2026
# Process ID: 21912
# Current directory: E:/VHDL/new_ref_design/SoCora
# Command line: vivado.exe -gui_launcher_event rodinguilauncherevent20068 E:\VHDL\new_ref_design\SoCora\SoCora.xpr
# Log file: E:/VHDL/new_ref_design/SoCora/vivado.log
# Journal file: E:/VHDL/new_ref_design/SoCora\vivado.jou
#-----------------------------------------------------------
start_gui
open_project E:/VHDL/new_ref_design/SoCora/SoCora.xpr
INFO: [Project 1-313] Project file moved from '/mnt/isaac_sbay0/lbo-ws/Projects/DVR-008-002/Base_Design_Project/Reference_design_project_2020.2/SoCora' since last save.
Scanning sources...
Finished scanning sources
INFO: [IP_Flow 19-234] Refreshing IP repositories
INFO: [IP_Flow 19-1704] No user IP repositories specified
INFO: [IP_Flow 19-2313] Loaded Vivado IP repository 'E:/Xilinx/Vivado/2020.2/data/ip'.
open_project: Time (s): cpu = 00:00:19 ; elapsed = 00:00:09 . Memory (MB): peak = 1145.578 ; gain = 0.000
update_compile_order -fileset sources_1
open_bd_design {E:/VHDL/new_ref_design/SoCora/SoCora.srcs/sources_1/bd/design_1/design_1.bd}
Reading block design file <E:/VHDL/new_ref_design/SoCora/SoCora.srcs/sources_1/bd/design_1/design_1.bd>...
Adding component instance block -- xilinx.com:ip:processing_system7:5.5 - processing_system7_0
Adding component instance block -- xilinx.com:ip:axi_gpio:2.0 - axi_gpio_0
Adding component instance block -- xilinx.com:ip:axi_gpio:2.0 - axi_gpio_1
Adding component instance block -- xilinx.com:ip:proc_sys_reset:5.0 - rst_ps7_0_50M
Adding component instance block -- xilinx.com:ip:axi_interconnect:2.1 - ps7_0_axi_periph
Adding component instance block -- xilinx.com:ip:axi_crossbar:2.1 - xbar
Adding component instance block -- xilinx.com:ip:axi_protocol_converter:2.1 - auto_pc
Successfully read diagram <design_1> from block design file <E:/VHDL/new_ref_design/SoCora/SoCora.srcs/sources_1/bd/design_1/design_1.bd>
set_property  ip_repo_paths  E:/VHDL/new_ref_design/IP [current_project]
update_ip_catalog
INFO: [IP_Flow 19-234] Refreshing IP repositories
INFO: [IP_Flow 19-1700] Loaded user IP repository 'e:/VHDL/new_ref_design/IP'.
delete_bd_objs [get_bd_intf_nets axi_gpio_0_GPIO] [get_bd_intf_nets ps7_0_axi_periph_M00_AXI] [get_bd_cells axi_gpio_0]
undo
INFO: [Common 17-17] undo 'delete_bd_objs [get_bd_intf_nets axi_gpio_0_GPIO] [get_bd_intf_nets ps7_0_axi_periph_M00_AXI] [get_bd_cells axi_gpio_0]'
delete_bd_objs [get_bd_intf_nets axi_gpio_1_GPIO] [get_bd_intf_nets ps7_0_axi_periph_M01_AXI] [get_bd_cells axi_gpio_1]
delete_bd_objs [get_bd_intf_ports led2]
regenerate_bd_layout
CRITICAL WARNING: [PSU-1]  Parameter : PCW_UIPARAM_DDR_DQS_TO_CLK_DELAY_2 has negative value -0.009 . PS DDR interfaces might fail when entering negative DQS skew values. 
CRITICAL WARNING: [PSU-2]  Parameter : PCW_UIPARAM_DDR_DQS_TO_CLK_DELAY_3 has negative value -0.033 . PS DDR interfaces might fail when entering negative DQS skew values. 
CRITICAL WARNING: [PSU-1]  Parameter : PCW_UIPARAM_DDR_DQS_TO_CLK_DELAY_2 has negative value -0.009 . PS DDR interfaces might fail when entering negative DQS skew values. 
CRITICAL WARNING: [PSU-2]  Parameter : PCW_UIPARAM_DDR_DQS_TO_CLK_DELAY_3 has negative value -0.033 . PS DDR interfaces might fail when entering negative DQS skew values. 
WARNING: [IP_Flow 19-474] Invalid Parameter 'Component_Name'
CRITICAL WARNING: [PSU-1]  Parameter : PCW_UIPARAM_DDR_DQS_TO_CLK_DELAY_2 has negative value -0.009 . PS DDR interfaces might fail when entering negative DQS skew values. 
CRITICAL WARNING: [PSU-2]  Parameter : PCW_UIPARAM_DDR_DQS_TO_CLK_DELAY_3 has negative value -0.033 . PS DDR interfaces might fail when entering negative DQS skew values. 
startgroup
set_property -dict [list CONFIG.PCW_USE_S_AXI_HP0 {1}] [get_bd_cells processing_system7_0]
CRITICAL WARNING: [PSU-1]  Parameter : PCW_UIPARAM_DDR_DQS_TO_CLK_DELAY_2 has negative value -0.009 . PS DDR interfaces might fail when entering negative DQS skew values. 
CRITICAL WARNING: [PSU-2]  Parameter : PCW_UIPARAM_DDR_DQS_TO_CLK_DELAY_3 has negative value -0.033 . PS DDR interfaces might fail when entering negative DQS skew values. 
endgroup
regenerate_bd_layout
delete_bd_objs [get_bd_nets processing_system7_0_FCLK_RESET0_N] [get_bd_nets processing_system7_0_FCLK_CLK0]
disconnect_bd_net /rst_ps7_0_50M_peripheral_aresetn [get_bd_pins rst_ps7_0_50M/peripheral_aresetn]
delete_bd_objs [get_bd_intf_nets axi_gpio_0_GPIO] [get_bd_intf_nets ps7_0_axi_periph_M00_AXI] [get_bd_cells axi_gpio_0]
delete_bd_objs [get_bd_intf_ports led]
startgroup
set_property -dict [list CONFIG.NUM_MI {1}] [get_bd_cells ps7_0_axi_periph]
endgroup
startgroup
create_bd_cell -type ip -vlnv xilinx.com:ip:axi_interconnect:2.1 axi_interconnect_0
endgroup
startgroup
create_bd_cell -type ip -vlnv xilinx.com:user:reg_space_v2_0:1.0 reg_space_v2_0_0
endgroup
set_property location {3 1033 -130} [get_bd_cells reg_space_v2_0_0]
delete_bd_objs [get_bd_nets rst_ps7_0_50M_peripheral_aresetn] [get_bd_intf_nets processing_system7_0_M_AXI_GP0] [get_bd_cells ps7_0_axi_periph]
undo
INFO: [Common 17-17] undo 'delete_bd_objs [get_bd_nets rst_ps7_0_50M_peripheral_aresetn] [get_bd_intf_nets processing_system7_0_M_AXI_GP0] [get_bd_cells ps7_0_axi_periph]'
connect_bd_intf_net -boundary_type upper [get_bd_intf_pins ps7_0_axi_periph/M00_AXI] [get_bd_intf_pins reg_space_v2_0_0/s00_axi]
regenerate_bd_layout
startgroup
create_bd_cell -type ip -vlnv xilinx.com:hls:DMA24bUnit_mm2s:1.0 DMA24bUnit_mm2s_0
endgroup
set_property -dict [list CONFIG.NUM_MI {1}] [get_bd_cells axi_interconnect_0]
set_property location {1 189 262} [get_bd_cells axi_interconnect_0]
connect_bd_intf_net -boundary_type upper [get_bd_intf_pins axi_interconnect_0/M00_AXI] [get_bd_intf_pins processing_system7_0/S_AXI_HP0]
connect_bd_intf_net [get_bd_intf_pins DMA24bUnit_mm2s_0/m_axi_gmem] -boundary_type upper [get_bd_intf_pins axi_interconnect_0/S00_AXI]
regenerate_bd_layout
connect_bd_net [get_bd_pins reg_space_v2_0_0/s00_ap_start] [get_bd_pins DMA24bUnit_mm2s_0/ap_start]
WARNING: [BD 41-1306] The connection to interface pin </DMA24bUnit_mm2s_0/ap_start> is being overridden by the user with net <reg_space_v2_0_0_s00_ap_start>. This pin will not be connected as a part of interface connection <ap_ctrl>.
connect_bd_net [get_bd_pins DMA24bUnit_mm2s_0/ap_done] [get_bd_pins reg_space_v2_0_0/s00_ap_done]
WARNING: [BD 41-1306] The connection to interface pin </DMA24bUnit_mm2s_0/ap_done> is being overridden by the user with net <DMA24bUnit_mm2s_0_ap_done>. This pin will not be connected as a part of interface connection <ap_ctrl>.
connect_bd_net [get_bd_pins reg_space_v2_0_0/s00_ap_idle] [get_bd_pins DMA24bUnit_mm2s_0/ap_idle]
WARNING: [BD 41-1306] The connection to interface pin </DMA24bUnit_mm2s_0/ap_idle> is being overridden by the user with net <DMA24bUnit_mm2s_0_ap_idle>. This pin will not be connected as a part of interface connection <ap_ctrl>.
connect_bd_net [get_bd_pins reg_space_v2_0_0/s00_ap_ready] [get_bd_pins DMA24bUnit_mm2s_0/ap_ready]
WARNING: [BD 41-1306] The connection to interface pin </DMA24bUnit_mm2s_0/ap_ready> is being overridden by the user with net <DMA24bUnit_mm2s_0_ap_ready>. This pin will not be connected as a part of interface connection <ap_ctrl>.
set_property location {2 566 -18} [get_bd_cells rst_ps7_0_50M]
connect_bd_net [get_bd_pins rst_ps7_0_50M/interconnect_aresetn] [get_bd_pins axi_interconnect_0/M00_ARESETN]
connect_bd_net [get_bd_pins rst_ps7_0_50M/interconnect_aresetn] [get_bd_pins ps7_0_axi_periph/M00_ARESETN]
startgroup
connect_bd_net [get_bd_pins axi_interconnect_0/ARESETN] [get_bd_pins rst_ps7_0_50M/interconnect_aresetn]
endgroup
connect_bd_net [get_bd_pins axi_interconnect_0/S00_ARESETN] [get_bd_pins rst_ps7_0_50M/interconnect_aresetn]
startgroup
create_bd_cell -type ip -vlnv xilinx.com:ip:clk_wiz:6.0 clk_wiz_0
endgroup
set_property -dict [list CONFIG.PRIM_IN_FREQ.VALUE_SRC USER] [get_bd_cells clk_wiz_0]
set_property -dict [list CONFIG.PRIMITIVE {PLL} CONFIG.PRIM_IN_FREQ {125} CONFIG.CLKOUT1_REQUESTED_OUT_FREQ {25} CONFIG.USE_LOCKED {false} CONFIG.RESET_TYPE {ACTIVE_LOW} CONFIG.CLKIN1_JITTER_PS {80.0} CONFIG.CLKOUT1_DRIVES {BUFG} CONFIG.CLKOUT2_DRIVES {BUFG} CONFIG.CLKOUT3_DRIVES {BUFG} CONFIG.CLKOUT4_DRIVES {BUFG} CONFIG.CLKOUT5_DRIVES {BUFG} CONFIG.CLKOUT6_DRIVES {BUFG} CONFIG.CLKOUT7_DRIVES {BUFG} CONFIG.FEEDBACK_SOURCE {FDBK_AUTO} CONFIG.MMCM_DIVCLK_DIVIDE {5} CONFIG.MMCM_BANDWIDTH {OPTIMIZED} CONFIG.MMCM_CLKFBOUT_MULT_F {33} CONFIG.MMCM_CLKIN1_PERIOD {8.000} CONFIG.MMCM_CLKIN2_PERIOD {10.0} CONFIG.MMCM_COMPENSATION {ZHOLD} CONFIG.MMCM_CLKOUT0_DIVIDE_F {33} CONFIG.PLL_CLKIN_PERIOD {8.000} CONFIG.RESET_PORT {resetn} CONFIG.CLKOUT1_JITTER {345.102} CONFIG.CLKOUT1_PHASE_ERROR {261.747}] [get_bd_cells clk_wiz_0]
connect_bd_net [get_bd_pins clk_wiz_0/clk_out1] [get_bd_pins rst_ps7_0_50M/slowest_sync_clk]
create_bd_port -dir I -type clk -freq_hz 125000000 i_clk
create_bd_port -dir I -type rst i_reset
set_property CONFIG.POLARITY ACTIVE_HIGH [get_bd_ports i_reset]
connect_bd_net [get_bd_ports i_clk] [get_bd_pins clk_wiz_0/clk_in1]
startgroup
create_bd_cell -type ip -vlnv xilinx.com:ip:util_vector_logic:2.0 util_vector_logic_0
endgroup
set_property -dict [list CONFIG.C_SIZE {1} CONFIG.C_OPERATION {not} CONFIG.LOGO_FILE {data/sym_notgate.png}] [get_bd_cells util_vector_logic_0]
set_property location {1 171 -91} [get_bd_cells util_vector_logic_0]
connect_bd_net [get_bd_ports i_reset] [get_bd_pins util_vector_logic_0/Op1]
connect_bd_net [get_bd_pins util_vector_logic_0/Res] [get_bd_pins clk_wiz_0/resetn]
connect_bd_net [get_bd_pins util_vector_logic_0/Res] [get_bd_pins rst_ps7_0_50M/ext_reset_in]
connect_bd_net [get_bd_pins rst_ps7_0_50M/peripheral_aresetn] [get_bd_pins DMA24bUnit_mm2s_0/ap_rst_n]
regenerate_bd_layout
set_property location {6 1693 -22} [get_bd_cells reg_space_v2_0_0]
connect_bd_net [get_bd_pins reg_space_v2_0_0/s00_image_w] [get_bd_pins DMA24bUnit_mm2s_0/image_w]
connect_bd_net [get_bd_pins reg_space_v2_0_0/s00_image_h] [get_bd_pins DMA24bUnit_mm2s_0/image_h]
connect_bd_net [get_bd_pins reg_space_v2_0_0/s00_image_in] [get_bd_pins DMA24bUnit_mm2s_0/image_in]
connect_bd_net [get_bd_pins clk_wiz_0/clk_out1] [get_bd_pins DMA24bUnit_mm2s_0/ap_clk]
connect_bd_net [get_bd_pins axi_interconnect_0/ACLK] [get_bd_pins axi_interconnect_0/M00_ACLK] -boundary_type upper
connect_bd_net [get_bd_pins axi_interconnect_0/S00_ACLK] [get_bd_pins axi_interconnect_0/ACLK] -boundary_type upper
connect_bd_net [get_bd_pins clk_wiz_0/clk_out1] [get_bd_pins axi_interconnect_0/ACLK]
connect_bd_net [get_bd_pins processing_system7_0/M_AXI_GP0_ACLK] [get_bd_pins processing_system7_0/S_AXI_HP0_ACLK]
connect_bd_net [get_bd_pins processing_system7_0/S_AXI_HP0_ACLK] [get_bd_pins clk_wiz_0/clk_out1]
connect_bd_net [get_bd_pins ps7_0_axi_periph/ACLK] [get_bd_pins ps7_0_axi_periph/M00_ACLK] -boundary_type upper
connect_bd_net [get_bd_pins ps7_0_axi_periph/S00_ACLK] [get_bd_pins ps7_0_axi_periph/ACLK] -boundary_type upper
connect_bd_net [get_bd_pins ps7_0_axi_periph/M00_ACLK] [get_bd_pins clk_wiz_0/clk_out1]
connect_bd_net [get_bd_pins reg_space_v2_0_0/s00_axi_aclk] [get_bd_pins clk_wiz_0/clk_out1]
connect_bd_net [get_bd_pins reg_space_v2_0_0/s00_axi_aresetn] [get_bd_pins rst_ps7_0_50M/interconnect_aresetn]
regenerate_bd_layout
startgroup
create_bd_cell -type ip -vlnv xilinx.com:user:video_out:1.0 video_out_0
endgroup
connect_bd_intf_net [get_bd_intf_pins DMA24bUnit_mm2s_0/STR_video_out] [get_bd_intf_pins video_out_0/interface_axis]
delete_bd_objs [get_bd_intf_nets DMA24bUnit_mm2s_0_STR_video_out]
connect_bd_net [get_bd_pins DMA24bUnit_mm2s_0/STR_video_out_TVALID] [get_bd_pins video_out_0/tvalid]
WARNING: [BD 41-1306] The connection to interface pin </DMA24bUnit_mm2s_0/STR_video_out_TVALID> is being overridden by the user with net <DMA24bUnit_mm2s_0_STR_video_out_TVALID>. This pin will not be connected as a part of interface connection <STR_video_out>.
WARNING: [BD 41-1306] The connection to interface pin </video_out_0/tvalid> is being overridden by the user with net <DMA24bUnit_mm2s_0_STR_video_out_TVALID>. This pin will not be connected as a part of interface connection <interface_axis>.
connect_bd_net [get_bd_pins DMA24bUnit_mm2s_0/STR_video_out_TREADY] [get_bd_pins video_out_0/tready]
WARNING: [BD 41-1306] The connection to interface pin </DMA24bUnit_mm2s_0/STR_video_out_TREADY> is being overridden by the user with net <video_out_0_tready>. This pin will not be connected as a part of interface connection <STR_video_out>.
WARNING: [BD 41-1306] The connection to interface pin </video_out_0/tready> is being overridden by the user with net <video_out_0_tready>. This pin will not be connected as a part of interface connection <interface_axis>.
connect_bd_net [get_bd_pins DMA24bUnit_mm2s_0/STR_video_out_TDATA] [get_bd_pins video_out_0/tdata]
WARNING: [BD 41-1306] The connection to interface pin </DMA24bUnit_mm2s_0/STR_video_out_TDATA> is being overridden by the user with net <DMA24bUnit_mm2s_0_STR_video_out_TDATA>. This pin will not be connected as a part of interface connection <STR_video_out>.
WARNING: [BD 41-1306] The connection to interface pin </video_out_0/tdata> is being overridden by the user with net <DMA24bUnit_mm2s_0_STR_video_out_TDATA>. This pin will not be connected as a part of interface connection <interface_axis>.
create_bd_port -dir O VGA_HS_O
copy_bd_objs /  [get_bd_ports {VGA_HS_O}]
set_property name VGA_VS_O [get_bd_ports VGA_HS_O1]
create_bd_port -dir O -from 3 -to 0 VGA_R_O
set_property location {9 2836 -90} [get_bd_cells video_out_0]
copy_bd_objs /  [get_bd_ports {VGA_HS_O}]
delete_bd_objs [get_bd_ports VGA_HS_O1]
copy_bd_objs /  [get_bd_ports {VGA_R_O}]
copy_bd_objs /  [get_bd_ports {VGA_R_O}]
set_property name VGA_R [get_bd_ports VGA_R_O]
set_property name VGA_G [get_bd_ports VGA_R_O2]
set_property name VGA_B [get_bd_ports VGA_R_O1]
connect_bd_net [get_bd_ports VGA_HS_O] [get_bd_pins video_out_0/VGA_HS_O]
connect_bd_net [get_bd_ports VGA_VS_O] [get_bd_pins video_out_0/VGA_VS_O]
connect_bd_net [get_bd_ports VGA_R] [get_bd_pins video_out_0/VGA_R]
connect_bd_net [get_bd_ports VGA_B] [get_bd_pins video_out_0/VGA_B]
connect_bd_net [get_bd_ports VGA_G] [get_bd_pins video_out_0/VGA_G]
regenerate_bd_layout
disconnect_bd_net /rst_ps7_0_50M_interconnect_aresetn [get_bd_pins reg_space_v2_0_0/s00_axi_aresetn]
set_property location {5 1474 -55} [get_bd_cells reg_space_v2_0_0]
connect_bd_net [get_bd_pins rst_ps7_0_50M/peripheral_aresetn] [get_bd_pins reg_space_v2_0_0/s00_axi_aresetn]
connect_bd_net [get_bd_pins video_out_0/i_resetn] [get_bd_pins rst_ps7_0_50M/peripheral_aresetn]
regenerate_bd_layout
connect_bd_net [get_bd_pins video_out_0/pxl_clk] [get_bd_pins clk_wiz_0/clk_out1]
regenerate_bd_layout
validate_bd_design
CRITICAL WARNING: [BD 41-1356] Slave segment </reg_space_v2_0_0/s00_axi/reg0> is not assigned into address space </processing_system7_0/Data>. Please use Address Editor to either assign or exclude it.
CRITICAL WARNING: [BD 41-1356] Slave segment </processing_system7_0/S_AXI_HP0/HP0_DDR_LOWOCM> is not assigned into address space </DMA24bUnit_mm2s_0/Data_m_axi_gmem>. Please use Address Editor to either assign or exclude it.
CRITICAL WARNING: [PSU-1]  Parameter : PCW_UIPARAM_DDR_DQS_TO_CLK_DELAY_2 has negative value -0.009 . PS DDR interfaces might fail when entering negative DQS skew values. 
CRITICAL WARNING: [PSU-2]  Parameter : PCW_UIPARAM_DDR_DQS_TO_CLK_DELAY_3 has negative value -0.033 . PS DDR interfaces might fail when entering negative DQS skew values. 
INFO: [xilinx.com:ip:clk_wiz:6.0-1] /clk_wiz_0 clk_wiz propagate
validate_bd_design: Time (s): cpu = 00:00:09 ; elapsed = 00:00:09 . Memory (MB): peak = 1755.684 ; gain = 55.055
assign_bd_address -target_address_space /DMA24bUnit_mm2s_0/Data_m_axi_gmem [get_bd_addr_segs processing_system7_0/S_AXI_HP0/HP0_DDR_LOWOCM] -force
Slave segment '/processing_system7_0/S_AXI_HP0/HP0_DDR_LOWOCM' is being assigned into address space '/DMA24bUnit_mm2s_0/Data_m_axi_gmem' at <0x0000_0000 [ 512M ]>.
assign_bd_address -target_address_space /processing_system7_0/Data [get_bd_addr_segs reg_space_v2_0_0/s00_axi/reg0] -force
Slave segment '/reg_space_v2_0_0/s00_axi/reg0' is being assigned into address space '/processing_system7_0/Data' at <0x44A0_0000 [ 64K ]>.
validate_bd_design
INFO: [xilinx.com:ip:clk_wiz:6.0-1] /clk_wiz_0 clk_wiz propagate
generate_target all [get_files  E:/VHDL/new_ref_design/SoCora/SoCora.srcs/sources_1/bd/design_1/design_1.bd]
INFO: [BD 41-1662] The design 'design_1.bd' is already validated. Therefore parameter propagation will not be re-run.
Wrote  : <E:\VHDL\new_ref_design\SoCora\SoCora.srcs\sources_1\bd\design_1\design_1.bd> 
Wrote  : <E:/VHDL/new_ref_design/SoCora/SoCora.srcs/sources_1/bd/design_1/ui/bd_1f5defd0.ui> 
WARNING: [BD 41-2384] Width mismatch when connecting pin: '/axi_interconnect_0/s00_couplers/auto_ds/s_axi_arlock'(1) to pin: '/axi_interconnect_0/s00_couplers/S_AXI_arlock'(2) - Only lower order bits will be connected.
WARNING: [BD 41-2384] Width mismatch when connecting pin: '/axi_interconnect_0/s00_couplers/auto_ds/s_axi_awlock'(1) to pin: '/axi_interconnect_0/s00_couplers/S_AXI_awlock'(2) - Only lower order bits will be connected.
CRITICAL WARNING: [BD 41-2383] Width mismatch when connecting input pin '/DMA24bUnit_mm2s_0/image_in'(64) to pin '/reg_space_v2_0_0/s00_image_in'(32) - Only lower order bits will be connected, and other input bits of this pin will be left unconnected.
VHDL Output written to : e:/VHDL/new_ref_design/SoCora/SoCora.gen/sources_1/bd/design_1/synth/design_1.vhd
WARNING: [BD 41-2384] Width mismatch when connecting pin: '/axi_interconnect_0/s00_couplers/auto_ds/s_axi_arlock'(1) to pin: '/axi_interconnect_0/s00_couplers/S_AXI_arlock'(2) - Only lower order bits will be connected.
WARNING: [BD 41-2384] Width mismatch when connecting pin: '/axi_interconnect_0/s00_couplers/auto_ds/s_axi_awlock'(1) to pin: '/axi_interconnect_0/s00_couplers/S_AXI_awlock'(2) - Only lower order bits will be connected.
CRITICAL WARNING: [BD 41-2383] Width mismatch when connecting input pin '/DMA24bUnit_mm2s_0/image_in'(64) to pin '/reg_space_v2_0_0/s00_image_in'(32) - Only lower order bits will be connected, and other input bits of this pin will be left unconnected.
VHDL Output written to : e:/VHDL/new_ref_design/SoCora/SoCora.gen/sources_1/bd/design_1/sim/design_1.vhd
VHDL Output written to : e:/VHDL/new_ref_design/SoCora/SoCora.gen/sources_1/bd/design_1/hdl/design_1_wrapper.vhd
WARNING: [IP_Flow 19-5611] Unable to find an associated reset port for the interface 'M_AXI_GP0'. A default connection has been created.
WARNING: [IP_Flow 19-5611] Unable to find an associated reset port for the interface 'S_AXI_HP0'. A default connection has been created.
INFO: [BD 41-1029] Generation completed for the IP Integrator block processing_system7_0 .
INFO: [BD 41-1029] Generation completed for the IP Integrator block rst_ps7_0_50M .
WARNING: [IP_Flow 19-4994] Overwriting existing constraint file 'e:/VHDL/new_ref_design/SoCora/SoCora.gen/sources_1/bd/design_1/ip/design_1_auto_ds_0/design_1_auto_ds_0_ooc.xdc'
WARNING: [IP_Flow 19-5611] Unable to find an associated reset port for the interface 'S_AXI'. A default connection has been created.
WARNING: [IP_Flow 19-5611] Unable to find an associated reset port for the interface 'M_AXI'. A default connection has been created.
INFO: [BD 41-1029] Generation completed for the IP Integrator block axi_interconnect_0/s00_couplers/auto_ds .
WARNING: [IP_Flow 19-4994] Overwriting existing constraint file 'e:/VHDL/new_ref_design/SoCora/SoCora.gen/sources_1/bd/design_1/ip/design_1_auto_pc_0/design_1_auto_pc_0_ooc.xdc'
INFO: [BD 41-1029] Generation completed for the IP Integrator block axi_interconnect_0/s00_couplers/auto_pc .
INFO: [BD 41-1029] Generation completed for the IP Integrator block reg_space_v2_0_0 .
WARNING: [IP_Flow 19-4994] Overwriting existing constraint file 'e:/VHDL/new_ref_design/SoCora/SoCora.gen/sources_1/bd/design_1/ip/design_1_auto_pc_1/design_1_auto_pc_1_ooc.xdc'
INFO: [BD 41-1029] Generation completed for the IP Integrator block ps7_0_axi_periph/s00_couplers/auto_pc .
INFO: [BD 41-1029] Generation completed for the IP Integrator block DMA24bUnit_mm2s_0 .
INFO: [BD 41-1029] Generation completed for the IP Integrator block clk_wiz_0 .
INFO: [BD 41-1029] Generation completed for the IP Integrator block util_vector_logic_0 .
INFO: [BD 41-1029] Generation completed for the IP Integrator block video_out_0 .
Exporting to file e:/VHDL/new_ref_design/SoCora/SoCora.gen/sources_1/bd/design_1/hw_handoff/design_1.hwh
Generated Block Design Tcl file e:/VHDL/new_ref_design/SoCora/SoCora.gen/sources_1/bd/design_1/hw_handoff/design_1_bd.tcl
Generated Hardware Definition File e:/VHDL/new_ref_design/SoCora/SoCora.gen/sources_1/bd/design_1/synth/design_1.hwdef
generate_target: Time (s): cpu = 00:00:27 ; elapsed = 00:00:28 . Memory (MB): peak = 1935.273 ; gain = 154.445
catch { config_ip_cache -export [get_ips -all design_1_processing_system7_0_0] }
catch { config_ip_cache -export [get_ips -all design_1_rst_ps7_0_50M_0] }
catch { config_ip_cache -export [get_ips -all design_1_auto_ds_0] }
catch { config_ip_cache -export [get_ips -all design_1_auto_pc_0] }
catch { config_ip_cache -export [get_ips -all design_1_reg_space_v2_0_0_0] }
catch { config_ip_cache -export [get_ips -all design_1_auto_pc_1] }
catch { config_ip_cache -export [get_ips -all design_1_DMA24bUnit_mm2s_0_0] }
catch { config_ip_cache -export [get_ips -all design_1_clk_wiz_0_0] }
catch { config_ip_cache -export [get_ips -all design_1_util_vector_logic_0_0] }
catch { config_ip_cache -export [get_ips -all design_1_video_out_0_0] }
export_ip_user_files -of_objects [get_files E:/VHDL/new_ref_design/SoCora/SoCora.srcs/sources_1/bd/design_1/design_1.bd] -no_script -sync -force -quiet
create_ip_run [get_files -of_objects [get_fileset sources_1] E:/VHDL/new_ref_design/SoCora/SoCora.srcs/sources_1/bd/design_1/design_1.bd]
launch_runs design_1_processing_system7_0_0_synth_1 design_1_rst_ps7_0_50M_0_synth_1 design_1_auto_ds_0_synth_1 design_1_auto_pc_0_synth_1 design_1_reg_space_v2_0_0_0_synth_1 design_1_auto_pc_1_synth_1 design_1_DMA24bUnit_mm2s_0_0_synth_1 design_1_clk_wiz_0_0_synth_1 design_1_util_vector_logic_0_0_synth_1 design_1_video_out_0_0_synth_1 -jobs 4
[Thu Sep 24 17:14:52 2026] Launched design_1_processing_system7_0_0_synth_1, design_1_rst_ps7_0_50M_0_synth_1, design_1_auto_ds_0_synth_1, design_1_auto_pc_0_synth_1, design_1_reg_space_v2_0_0_0_synth_1, design_1_auto_pc_1_synth_1, design_1_DMA24bUnit_mm2s_0_0_synth_1, design_1_clk_wiz_0_0_synth_1, design_1_util_vector_logic_0_0_synth_1, design_1_video_out_0_0_synth_1...
Run output will be captured here:
design_1_processing_system7_0_0_synth_1: E:/VHDL/new_ref_design/SoCora/SoCora.runs/design_1_processing_system7_0_0_synth_1/runme.log
design_1_rst_ps7_0_50M_0_synth_1: E:/VHDL/new_ref_design/SoCora/SoCora.runs/design_1_rst_ps7_0_50M_0_synth_1/runme.log
design_1_auto_ds_0_synth_1: E:/VHDL/new_ref_design/SoCora/SoCora.runs/design_1_auto_ds_0_synth_1/runme.log
design_1_auto_pc_0_synth_1: E:/VHDL/new_ref_design/SoCora/SoCora.runs/design_1_auto_pc_0_synth_1/runme.log
design_1_reg_space_v2_0_0_0_synth_1: E:/VHDL/new_ref_design/SoCora/SoCora.runs/design_1_reg_space_v2_0_0_0_synth_1/runme.log
design_1_auto_pc_1_synth_1: E:/VHDL/new_ref_design/SoCora/SoCora.runs/design_1_auto_pc_1_synth_1/runme.log
design_1_DMA24bUnit_mm2s_0_0_synth_1: E:/VHDL/new_ref_design/SoCora/SoCora.runs/design_1_DMA24bUnit_mm2s_0_0_synth_1/runme.log
design_1_clk_wiz_0_0_synth_1: E:/VHDL/new_ref_design/SoCora/SoCora.runs/design_1_clk_wiz_0_0_synth_1/runme.log
design_1_util_vector_logic_0_0_synth_1: E:/VHDL/new_ref_design/SoCora/SoCora.runs/design_1_util_vector_logic_0_0_synth_1/runme.log
design_1_video_out_0_0_synth_1: E:/VHDL/new_ref_design/SoCora/SoCora.runs/design_1_video_out_0_0_synth_1/runme.log
export_simulation -of_objects [get_files E:/VHDL/new_ref_design/SoCora/SoCora.srcs/sources_1/bd/design_1/design_1.bd] -directory E:/VHDL/new_ref_design/SoCora/SoCora.ip_user_files/sim_scripts -ip_user_files_dir E:/VHDL/new_ref_design/SoCora/SoCora.ip_user_files -ipstatic_source_dir E:/VHDL/new_ref_design/SoCora/SoCora.ip_user_files/ipstatic -lib_map_path [list {modelsim=E:/VHDL/new_ref_design/SoCora/SoCora.cache/compile_simlib/modelsim} {questa=E:/VHDL/new_ref_design/SoCora/SoCora.cache/compile_simlib/questa} {riviera=E:/VHDL/new_ref_design/SoCora/SoCora.cache/compile_simlib/riviera} {activehdl=E:/VHDL/new_ref_design/SoCora/SoCora.cache/compile_simlib/activehdl}] -use_ip_compiled_libs -force -quiet
open_bd_design {E:/VHDL/new_ref_design/SoCora/SoCora.srcs/sources_1/bd/design_1/design_1.bd}
validate_bd_design -force
INFO: [xilinx.com:ip:clk_wiz:6.0-1] /clk_wiz_0 clk_wiz propagate
generate_target all [get_files  E:/VHDL/new_ref_design/SoCora/SoCora.srcs/sources_1/bd/design_1/design_1.bd]
INFO: [BD 41-1662] The design 'design_1.bd' is already validated. Therefore parameter propagation will not be re-run.
Wrote  : <E:\VHDL\new_ref_design\SoCora\SoCora.srcs\sources_1\bd\design_1\design_1.bd> 
Wrote  : <E:/VHDL/new_ref_design/SoCora/SoCora.srcs/sources_1/bd/design_1/ui/bd_1f5defd0.ui> 
WARNING: [BD 41-2384] Width mismatch when connecting pin: '/axi_interconnect_0/s00_couplers/auto_ds/s_axi_arlock'(1) to pin: '/axi_interconnect_0/s00_couplers/S_AXI_arlock'(2) - Only lower order bits will be connected.
WARNING: [BD 41-2384] Width mismatch when connecting pin: '/axi_interconnect_0/s00_couplers/auto_ds/s_axi_awlock'(1) to pin: '/axi_interconnect_0/s00_couplers/S_AXI_awlock'(2) - Only lower order bits will be connected.
CRITICAL WARNING: [BD 41-2383] Width mismatch when connecting input pin '/DMA24bUnit_mm2s_0/image_in'(64) to pin '/reg_space_v2_0_0/s00_image_in'(32) - Only lower order bits will be connected, and other input bits of this pin will be left unconnected.
VHDL Output written to : e:/VHDL/new_ref_design/SoCora/SoCora.gen/sources_1/bd/design_1/synth/design_1.vhd
WARNING: [BD 41-2384] Width mismatch when connecting pin: '/axi_interconnect_0/s00_couplers/auto_ds/s_axi_arlock'(1) to pin: '/axi_interconnect_0/s00_couplers/S_AXI_arlock'(2) - Only lower order bits will be connected.
WARNING: [BD 41-2384] Width mismatch when connecting pin: '/axi_interconnect_0/s00_couplers/auto_ds/s_axi_awlock'(1) to pin: '/axi_interconnect_0/s00_couplers/S_AXI_awlock'(2) - Only lower order bits will be connected.
CRITICAL WARNING: [BD 41-2383] Width mismatch when connecting input pin '/DMA24bUnit_mm2s_0/image_in'(64) to pin '/reg_space_v2_0_0/s00_image_in'(32) - Only lower order bits will be connected, and other input bits of this pin will be left unconnected.
VHDL Output written to : e:/VHDL/new_ref_design/SoCora/SoCora.gen/sources_1/bd/design_1/sim/design_1.vhd
VHDL Output written to : e:/VHDL/new_ref_design/SoCora/SoCora.gen/sources_1/bd/design_1/hdl/design_1_wrapper.vhd
WARNING: [IP_Flow 19-4994] Overwriting existing constraint file 'e:/VHDL/new_ref_design/SoCora/SoCora.gen/sources_1/bd/design_1/ip/design_1_auto_ds_0/design_1_auto_ds_0_ooc.xdc'
WARNING: [IP_Flow 19-5611] Unable to find an associated reset port for the interface 'S_AXI'. A default connection has been created.
WARNING: [IP_Flow 19-5611] Unable to find an associated reset port for the interface 'M_AXI'. A default connection has been created.
INFO: [BD 41-1029] Generation completed for the IP Integrator block axi_interconnect_0/s00_couplers/auto_ds .
WARNING: [IP_Flow 19-4994] Overwriting existing constraint file 'e:/VHDL/new_ref_design/SoCora/SoCora.gen/sources_1/bd/design_1/ip/design_1_auto_pc_0/design_1_auto_pc_0_ooc.xdc'
INFO: [BD 41-1029] Generation completed for the IP Integrator block axi_interconnect_0/s00_couplers/auto_pc .
WARNING: [IP_Flow 19-4994] Overwriting existing constraint file 'e:/VHDL/new_ref_design/SoCora/SoCora.gen/sources_1/bd/design_1/ip/design_1_auto_pc_1/design_1_auto_pc_1_ooc.xdc'
INFO: [BD 41-1029] Generation completed for the IP Integrator block ps7_0_axi_periph/s00_couplers/auto_pc .
Exporting to file e:/VHDL/new_ref_design/SoCora/SoCora.gen/sources_1/bd/design_1/hw_handoff/design_1.hwh
Generated Block Design Tcl file e:/VHDL/new_ref_design/SoCora/SoCora.gen/sources_1/bd/design_1/hw_handoff/design_1_bd.tcl
Generated Hardware Definition File e:/VHDL/new_ref_design/SoCora/SoCora.gen/sources_1/bd/design_1/synth/design_1.hwdef
catch { config_ip_cache -export [get_ips -all design_1_auto_ds_0] }
INFO: [IP_Flow 19-4993] Using cached IP synthesis design for IP design_1_auto_ds_0, cache-ID = 223fa9b280f99f0e; cache size = 13.209 MB.
catch { config_ip_cache -export [get_ips -all design_1_auto_pc_0] }
INFO: [IP_Flow 19-4993] Using cached IP synthesis design for IP design_1_auto_pc_0, cache-ID = 55190f147f973cc7; cache size = 13.209 MB.
catch { config_ip_cache -export [get_ips -all design_1_auto_pc_1] }
INFO: [IP_Flow 19-4993] Using cached IP synthesis design for IP design_1_auto_pc_1, cache-ID = 2abc5bf7839f55a9; cache size = 13.209 MB.
export_ip_user_files -of_objects [get_files E:/VHDL/new_ref_design/SoCora/SoCora.srcs/sources_1/bd/design_1/design_1.bd] -no_script -sync -force -quiet
create_ip_run [get_files -of_objects [get_fileset sources_1] E:/VHDL/new_ref_design/SoCora/SoCora.srcs/sources_1/bd/design_1/design_1.bd]
export_simulation -of_objects [get_files E:/VHDL/new_ref_design/SoCora/SoCora.srcs/sources_1/bd/design_1/design_1.bd] -directory E:/VHDL/new_ref_design/SoCora/SoCora.ip_user_files/sim_scripts -ip_user_files_dir E:/VHDL/new_ref_design/SoCora/SoCora.ip_user_files -ipstatic_source_dir E:/VHDL/new_ref_design/SoCora/SoCora.ip_user_files/ipstatic -lib_map_path [list {modelsim=E:/VHDL/new_ref_design/SoCora/SoCora.cache/compile_simlib/modelsim} {questa=E:/VHDL/new_ref_design/SoCora/SoCora.cache/compile_simlib/questa} {riviera=E:/VHDL/new_ref_design/SoCora/SoCora.cache/compile_simlib/riviera} {activehdl=E:/VHDL/new_ref_design/SoCora/SoCora.cache/compile_simlib/activehdl}] -use_ip_compiled_libs -force -quiet
make_wrapper -files [get_files E:/VHDL/new_ref_design/SoCora/SoCora.srcs/sources_1/bd/design_1/design_1.bd] -fileset [get_filesets sources_1] -inst_template
make_wrapper -files [get_files E:/VHDL/new_ref_design/SoCora/SoCora.srcs/sources_1/bd/design_1/design_1.bd] -top
add_files -norecurse e:/VHDL/new_ref_design/SoCora/SoCora.gen/sources_1/bd/design_1/hdl/design_1_wrapper.vhd
update_compile_order -fileset sources_1
export_ip_user_files -of_objects  [get_files E:/VHDL/new_ref_design/SoCora/SoCora.srcs/sources_1/imports/hdl/design_1_wrapper.vhd] -no_script -reset -force -quiet
remove_files  E:/VHDL/new_ref_design/SoCora/SoCora.srcs/sources_1/imports/hdl/design_1_wrapper.vhd
file delete -force E:/VHDL/new_ref_design/SoCora/SoCora.srcs/sources_1/imports/hdl/design_1_wrapper.vhd
generate_target all [get_files  E:/VHDL/new_ref_design/SoCora/SoCora.srcs/sources_1/bd/design_1/design_1.bd]
INFO: [BD 41-1637] Generated targets are already up-to-date for block design 'design_1' - hence not re-generating.
export_ip_user_files -of_objects [get_files E:/VHDL/new_ref_design/SoCora/SoCora.srcs/sources_1/bd/design_1/design_1.bd] -no_script -sync -force -quiet
create_ip_run [get_files -of_objects [get_fileset sources_1] E:/VHDL/new_ref_design/SoCora/SoCora.srcs/sources_1/bd/design_1/design_1.bd]
export_simulation -of_objects [get_files E:/VHDL/new_ref_design/SoCora/SoCora.srcs/sources_1/bd/design_1/design_1.bd] -directory E:/VHDL/new_ref_design/SoCora/SoCora.ip_user_files/sim_scripts -ip_user_files_dir E:/VHDL/new_ref_design/SoCora/SoCora.ip_user_files -ipstatic_source_dir E:/VHDL/new_ref_design/SoCora/SoCora.ip_user_files/ipstatic -lib_map_path [list {modelsim=E:/VHDL/new_ref_design/SoCora/SoCora.cache/compile_simlib/modelsim} {questa=E:/VHDL/new_ref_design/SoCora/SoCora.cache/compile_simlib/questa} {riviera=E:/VHDL/new_ref_design/SoCora/SoCora.cache/compile_simlib/riviera} {activehdl=E:/VHDL/new_ref_design/SoCora/SoCora.cache/compile_simlib/activehdl}] -use_ip_compiled_libs -force -quiet
reset_run synth_1
launch_runs impl_1 -to_step write_bitstream -jobs 4
[Thu Sep 24 17:30:21 2026] Launched synth_1...
Run output will be captured here: E:/VHDL/new_ref_design/SoCora/SoCora.runs/synth_1/runme.log
[Thu Sep 24 17:30:21 2026] Launched impl_1...
Run output will be captured here: E:/VHDL/new_ref_design/SoCora/SoCora.runs/impl_1/runme.log
exit
INFO: [Common 17-206] Exiting Vivado at Thu Sep 24 22:04:41 2026...
