#-----------------------------------------------------------
# Vivado v2020.2 (64-bit)
# SW Build 3064766 on Wed Nov 18 09:12:45 MST 2020
# IP Build 3064653 on Wed Nov 18 14:17:31 MST 2020
# Start of session at: Wed Sep 30 12:17:56 2026
# Process ID: 12372
# Current directory: E:/VHDL/new_ref_design/SoCora
# Command line: vivado.exe -gui_launcher_event rodinguilauncherevent6432 E:\VHDL\new_ref_design\SoCora\SoCora.xpr
# Log file: E:/VHDL/new_ref_design/SoCora/vivado.log
# Journal file: E:/VHDL/new_ref_design/SoCora\vivado.jou
#-----------------------------------------------------------
start_gui
open_project E:/VHDL/new_ref_design/SoCora/SoCora.xpr
Scanning sources...
Finished scanning sources
INFO: [IP_Flow 19-234] Refreshing IP repositories
INFO: [IP_Flow 19-1700] Loaded user IP repository 'e:/VHDL/new_ref_design/IP'.
INFO: [IP_Flow 19-2313] Loaded Vivado IP repository 'E:/Xilinx/Vivado/2020.2/data/ip'.
open_project: Time (s): cpu = 00:00:18 ; elapsed = 00:00:09 . Memory (MB): peak = 1143.527 ; gain = 0.000
update_compile_order -fileset sources_1
open_bd_design {E:/VHDL/new_ref_design/SoCora/SoCora.srcs/sources_1/bd/design_1/design_1.bd}
Reading block design file <E:/VHDL/new_ref_design/SoCora/SoCora.srcs/sources_1/bd/design_1/design_1.bd>...
Adding component instance block -- xilinx.com:ip:processing_system7:5.5 - processing_system7_0
Adding component instance block -- xilinx.com:ip:proc_sys_reset:5.0 - rst_ps7_0_50M
Adding component instance block -- xilinx.com:ip:axi_interconnect:2.1 - axi_interconnect_0
Adding component instance block -- xilinx.com:ip:axi_dwidth_converter:2.1 - auto_ds
Adding component instance block -- xilinx.com:ip:axi_protocol_converter:2.1 - auto_pc
Adding component instance block -- xilinx.com:user:reg_space_v2_0:1.0 - reg_space_v2_0_0
Adding component instance block -- xilinx.com:ip:axi_interconnect:2.1 - ps7_0_axi_periph
Adding component instance block -- xilinx.com:ip:axi_protocol_converter:2.1 - auto_pc
Adding component instance block -- xilinx.com:hls:DMA24bUnit_mm2s:1.0 - DMA24bUnit_mm2s_0
Adding component instance block -- xilinx.com:ip:clk_wiz:6.0 - clk_wiz_0
Adding component instance block -- xilinx.com:ip:util_vector_logic:2.0 - util_vector_logic_0
Adding component instance block -- xilinx.com:user:video_out:1.0 - video_out_0
Successfully read diagram <design_1> from block design file <E:/VHDL/new_ref_design/SoCora/SoCora.srcs/sources_1/bd/design_1/design_1.bd>
open_bd_design: Time (s): cpu = 00:00:11 ; elapsed = 00:00:06 . Memory (MB): peak = 1157.250 ; gain = 13.723
CRITICAL WARNING: [PSU-1]  Parameter : PCW_UIPARAM_DDR_DQS_TO_CLK_DELAY_2 has negative value -0.009 . PS DDR interfaces might fail when entering negative DQS skew values. 
CRITICAL WARNING: [PSU-2]  Parameter : PCW_UIPARAM_DDR_DQS_TO_CLK_DELAY_3 has negative value -0.033 . PS DDR interfaces might fail when entering negative DQS skew values. 
CRITICAL WARNING: [PSU-1]  Parameter : PCW_UIPARAM_DDR_DQS_TO_CLK_DELAY_2 has negative value -0.009 . PS DDR interfaces might fail when entering negative DQS skew values. 
CRITICAL WARNING: [PSU-2]  Parameter : PCW_UIPARAM_DDR_DQS_TO_CLK_DELAY_3 has negative value -0.033 . PS DDR interfaces might fail when entering negative DQS skew values. 
WARNING: [IP_Flow 19-474] Invalid Parameter 'Component_Name'
CRITICAL WARNING: [PSU-1]  Parameter : PCW_UIPARAM_DDR_DQS_TO_CLK_DELAY_2 has negative value -0.009 . PS DDR interfaces might fail when entering negative DQS skew values. 
CRITICAL WARNING: [PSU-2]  Parameter : PCW_UIPARAM_DDR_DQS_TO_CLK_DELAY_3 has negative value -0.033 . PS DDR interfaces might fail when entering negative DQS skew values. 
WARNING: [IP_Flow 19-474] Invalid Parameter 'Component_Name'
startgroup
create_bd_cell -type ip -vlnv xilinx.com:ip:axis_switch:1.1 axis_switch_0
endgroup
undo
INFO: [Common 17-17] undo 'endgroup'
INFO: [Common 17-17] undo 'create_bd_cell -type ip -vlnv xilinx.com:ip:axis_switch:1.1 axis_switch_0'
INFO: [Common 17-17] undo 'startgroup'
close_project
open_project {E:/VHDL/Cora Z7 pmod/project_1/project_1.xpr}
Scanning sources...
Finished scanning sources
INFO: [IP_Flow 19-234] Refreshing IP repositories
INFO: [IP_Flow 19-1700] Loaded user IP repository 'e:/VHDL/new_ref_design/IP/video_out'.
INFO: [IP_Flow 19-1700] Loaded user IP repository 'e:/VHDL/Reference_design_project_2020.2/IP/video_out'.
INFO: [IP_Flow 19-1700] Loaded user IP repository 'e:/VHDL/video_out_new/IP/pmod_video_out'.
INFO: [IP_Flow 19-1700] Loaded user IP repository 'e:/VHDL/Cora Z7 pmod/project_1/project_1.srcs'.
INFO: [IP_Flow 19-2313] Loaded Vivado IP repository 'E:/Xilinx/Vivado/2020.2/data/ip'.
WARNING: [IP_Flow 19-1663] Duplicate IP found for 'xilinx.com:user:video_out:1.0'. The one found in IP location 'e:/VHDL/new_ref_design/IP/video_out' will take precedence over the same IP in locations: 
   e:/VHDL/Reference_design_project_2020.2/IP/video_out
   e:/VHDL/video_out_new/IP/pmod_video_out
update_compile_order -fileset sources_1
close_project
open_project {E:/VHDL/Cora Z7 pmod/hw/hw.xpr}
INFO: [Project 1-313] Project file moved from 'C:/Users/asoptere/AppData/Roaming/Xilinx/Vivado/.Xil/Vivado-20540-ASOPTEREAN/PrjAr/_X_' since last save.
CRITICAL WARNING: [Project 1-505] Unrecognized Option Name SimulatorVersionXsim
CRITICAL WARNING: [Project 1-505] Unrecognized Option Name SimulatorVersionModelSim
CRITICAL WARNING: [Project 1-505] Unrecognized Option Name SimulatorVersionQuesta
CRITICAL WARNING: [Project 1-505] Unrecognized Option Name SimulatorVersionXcelium
CRITICAL WARNING: [Project 1-505] Unrecognized Option Name SimulatorVersionVCS
CRITICAL WARNING: [Project 1-505] Unrecognized Option Name SimulatorVersionRiviera
CRITICAL WARNING: [Project 1-505] Unrecognized Option Name SimulatorVersionActiveHdl
CRITICAL WARNING: [Project 1-505] Unrecognized Option Name SimulatorGccVersionXsim
CRITICAL WARNING: [Project 1-505] Unrecognized Option Name SimulatorGccVersionModelSim
CRITICAL WARNING: [Project 1-505] Unrecognized Option Name SimulatorGccVersionQuesta
CRITICAL WARNING: [Project 1-505] Unrecognized Option Name SimulatorGccVersionXcelium
CRITICAL WARNING: [Project 1-505] Unrecognized Option Name SimulatorGccVersionVCS
CRITICAL WARNING: [Project 1-505] Unrecognized Option Name SimulatorGccVersionRiviera
CRITICAL WARNING: [Project 1-505] Unrecognized Option Name SimulatorGccVersionActiveHdl
WARNING: [filemgmt 56-3] IP Repository Path: Could not find the directory 'E:/UpgradeProjects/Cora-Z7/hw/repo'.
WARNING: [filemgmt 56-2] Default IP Output Path : Could not find the directory 'E:/VHDL/Cora Z7 pmod/hw/hw.gen/sources_1', nor could it be found using path 'C:/Users/asoptere/AppData/Roaming/Xilinx/Vivado/.Xil/Vivado-20540-ASOPTEREAN/PrjAr/_X_/hw.gen/sources_1'.
CRITICAL WARNING: [Project 1-505] Unrecognized Option Name EnableResourceEstimation
CRITICAL WARNING: [Project 1-505] Unrecognized Option Name ClassicSocBoot
CRITICAL WARNING: [Project 1-505] Unrecognized Option Name LocalIPRepoLeafDirName
Scanning sources...
Finished scanning sources
CRITICAL WARNING: [Project 1-192] Failed to load run synth_1. Strategy Vivado Synthesis Defaults (Vivado Synthesis 2022) not recognized by Vivado. 

CRITICAL WARNING: [Project 1-192] Failed to load run clk_wiz_0_synth_1. Strategy Vivado Synthesis Defaults (Vivado Synthesis 2022) not recognized by Vivado. 

CRITICAL WARNING: [Project 1-192] Failed to load run impl_1. Strategy Vivado Implementation Defaults (Vivado Implementation 2022) not recognized by Vivado. 

CRITICAL WARNING: [Project 1-192] Failed to load run clk_wiz_0_impl_1. Strategy Vivado Implementation Defaults (Vivado Implementation 2022) not recognized by Vivado. 

CRITICAL WARNING: [Board 49-67] The board_part definition was not found for digilentinc.com:cora-z7-10:part0:1.1. This can happen sometimes when you use custom board part. You can resolve this issue by setting 'board.repoPaths' parameter, pointing to the location of custom board files. Valid board_part values can be retrieved with the 'get_board_parts' Tcl command.
INFO: [IP_Flow 19-234] Refreshing IP repositories
WARNING: [IP_Flow 19-2248] Failed to load user IP repository 'e:/UpgradeProjects/Cora-Z7/hw/repo'; Can't find the specified path.
If this directory should no longer be in your list of user repositories, go to the IP Settings dialog and remove it.
INFO: [IP_Flow 19-2313] Loaded Vivado IP repository 'E:/Xilinx/Vivado/2020.2/data/ip'.
WARNING: [IP_Flow 19-2162] IP 'clk_wiz_0' is locked:
* Project containing IP 'clk_wiz_0' is read-only. * IP definition 'Clocking Wizard (6.0)' for IP 'clk_wiz_0' (customized with software release 2022.1) has a different revision in the IP Catalog. * This IP has board specific outputs. Current project board 'unset' and the board 'digilentinc.com:cora-z7-10:part0:1.1' used to customize the IP 'clk_wiz_0' do not match.
WARNING: [Project 1-231] Project 'hw.xpr' was created with a future version and may or may not perform reliably with this version of Vivado. It has been opened in read-only mode for the protection of unrecognized data. Use 'File | Save Project As...' if you wish to alter a copy of the project.
update_compile_order -fileset sources_1
close_project
open_project {E:/VHDL/Cora Z7 pmod/project_1/project_1.xpr}
Scanning sources...
Finished scanning sources
INFO: [IP_Flow 19-234] Refreshing IP repositories
INFO: [IP_Flow 19-1700] Loaded user IP repository 'e:/VHDL/new_ref_design/IP/video_out'.
INFO: [IP_Flow 19-1700] Loaded user IP repository 'e:/VHDL/Reference_design_project_2020.2/IP/video_out'.
INFO: [IP_Flow 19-1700] Loaded user IP repository 'e:/VHDL/video_out_new/IP/pmod_video_out'.
INFO: [IP_Flow 19-1700] Loaded user IP repository 'e:/VHDL/Cora Z7 pmod/project_1/project_1.srcs'.
INFO: [IP_Flow 19-2313] Loaded Vivado IP repository 'E:/Xilinx/Vivado/2020.2/data/ip'.
WARNING: [IP_Flow 19-1663] Duplicate IP found for 'xilinx.com:user:video_out:1.0'. The one found in IP location 'e:/VHDL/new_ref_design/IP/video_out' will take precedence over the same IP in locations: 
   e:/VHDL/Reference_design_project_2020.2/IP/video_out
   e:/VHDL/video_out_new/IP/pmod_video_out
update_compile_order -fileset sources_1
launch_simulation
Command: launch_simulation 
INFO: [Vivado 12-5698] Checking validity of IPs in the design for the 'XSim' simulator...
INFO: [Vivado 12-5682] Launching behavioral simulation in 'E:/VHDL/Cora Z7 pmod/project_1/project_1.sim/sim_1/behav/xsim'
INFO: [Vivado 12-4795] Using compiled simulation libraries for IPs
INFO: [SIM-utils-51] Simulation object is 'sim_1'
INFO: [USF-XSim-7] Finding pre-compiled libraries...
INFO: [USF-XSim-11] File 'E:/Xilinx/Vivado/2020.2/data/xsim/xsim.ini' copied to run dir:'E:/VHDL/Cora Z7 pmod/project_1/project_1.sim/sim_1/behav/xsim'
INFO: [SIM-utils-54] Inspecting design source files for 'top_video_out_tb' in fileset 'sim_1'...
INFO: [USF-XSim-97] Finding global include files...
INFO: [USF-XSim-98] Fetching design files from 'sim_1'...
INFO: [USF-XSim-2] XSim::Compile design
INFO: [USF-XSim-61] Executing 'COMPILE and ANALYZE' step in 'E:/VHDL/Cora Z7 pmod/project_1/project_1.sim/sim_1/behav/xsim'
"xvlog --incr --relax -prj top_video_out_tb_vlog.prj"
"xvhdl --incr --relax -prj top_video_out_tb_vhdl.prj"
INFO: [USF-XSim-69] 'compile' step finished in '3' seconds
INFO: [USF-XSim-3] XSim::Elaborate design
INFO: [USF-XSim-61] Executing 'ELABORATE' step in 'E:/VHDL/Cora Z7 pmod/project_1/project_1.sim/sim_1/behav/xsim'
"xelab -wto 16ee6c55f2174862b9c5ec10d0529684 --incr --debug typical --relax --mt 2 -L xil_defaultlib -L unisims_ver -L unimacro_ver -L secureip -L xpm --snapshot top_video_out_tb_behav xil_defaultlib.top_video_out_tb xil_defaultlib.glbl -log elaborate.log"
Vivado Simulator 2020.2
Copyright 1986-1999, 2001-2020 Xilinx, Inc. All Rights Reserved.
Running: E:/Xilinx/Vivado/2020.2/bin/unwrapped/win64.o/xelab.exe -wto 16ee6c55f2174862b9c5ec10d0529684 --incr --debug typical --relax --mt 2 -L xil_defaultlib -L unisims_ver -L unimacro_ver -L secureip -L xpm --snapshot top_video_out_tb_behav xil_defaultlib.top_video_out_tb xil_defaultlib.glbl -log elaborate.log 
Using 2 slave threads.
Starting static elaboration
Pass Through NonSizing Optimizer
Completed static elaboration
INFO: [XSIM 43-4323] No Change in HDL. Linking previously generated obj files to create kernel
INFO: [USF-XSim-69] 'elaborate' step finished in '2' seconds
INFO: [USF-XSim-4] XSim::Simulate design
INFO: [USF-XSim-61] Executing 'SIMULATE' step in 'E:/VHDL/Cora Z7 pmod/project_1/project_1.sim/sim_1/behav/xsim'
INFO: [USF-XSim-98] *** Running xsim
   with args "top_video_out_tb_behav -key {Behavioral:sim_1:Functional:top_video_out_tb} -tclbatch {top_video_out_tb.tcl} -view {{E:/VHDL/Cora Z7 pmod/project_1/video_out_tb_behav.wcfg}} -log {simulate.log}"
INFO: [USF-XSim-8] Loading simulator feature
Vivado Simulator 2020.2
Time resolution is 1 ps
open_wave_config {E:/VHDL/Cora Z7 pmod/project_1/video_out_tb_behav.wcfg}
source top_video_out_tb.tcl
# set curr_wave [current_wave_config]
# if { [string length $curr_wave] == 0 } {
#   if { [llength [get_objects]] > 0} {
#     add_wave /
#     set_property needs_save false [current_wave_config]
#   } else {
#      send_msg_id Add_Wave-1 WARNING "No top level signals found. Simulator will start without a wave window. If you want to open a wave window go to 'File->New Waveform Configuration' or type 'create_wave_config' in the TCL console."
#   }
# }
# run 100 ms
INFO: [Common 17-41] Interrupt caught. Command should exit soon.
run: Time (s): cpu = 00:00:25 ; elapsed = 00:02:05 . Memory (MB): peak = 1445.531 ; gain = 18.016
INFO: [Common 17-344] 'run' was cancelled
INFO: [Common 17-344] 'source' was cancelled
xsim: Time (s): cpu = 00:00:28 ; elapsed = 00:02:09 . Memory (MB): peak = 1445.531 ; gain = 18.047
INFO: [Common 17-344] 'xsim' was cancelled
INFO: [Vivado 12-5357] 'simulate' step aborted
launch_simulation: Time (s): cpu = 00:00:29 ; elapsed = 00:02:15 . Memory (MB): peak = 1445.531 ; gain = 19.398
INFO: [Common 17-344] 'launch_simulation' was cancelled
close_sim
INFO: [Simtcl 6-16] Simulation closed
launch_simulation
Command: launch_simulation 
INFO: [Vivado 12-5698] Checking validity of IPs in the design for the 'XSim' simulator...
INFO: [Vivado 12-5682] Launching behavioral simulation in 'E:/VHDL/Cora Z7 pmod/project_1/project_1.sim/sim_1/behav/xsim'
INFO: [Vivado 12-4795] Using compiled simulation libraries for IPs
INFO: [SIM-utils-51] Simulation object is 'sim_1'
INFO: [USF-XSim-7] Finding pre-compiled libraries...
INFO: [USF-XSim-11] File 'E:/Xilinx/Vivado/2020.2/data/xsim/xsim.ini' copied to run dir:'E:/VHDL/Cora Z7 pmod/project_1/project_1.sim/sim_1/behav/xsim'
INFO: [SIM-utils-54] Inspecting design source files for 'top_video_out_tb' in fileset 'sim_1'...
INFO: [USF-XSim-97] Finding global include files...
INFO: [USF-XSim-98] Fetching design files from 'sim_1'...
INFO: [USF-XSim-2] XSim::Compile design
INFO: [USF-XSim-61] Executing 'COMPILE and ANALYZE' step in 'E:/VHDL/Cora Z7 pmod/project_1/project_1.sim/sim_1/behav/xsim'
"xvlog --incr --relax -prj top_video_out_tb_vlog.prj"
"xvhdl --incr --relax -prj top_video_out_tb_vhdl.prj"
INFO: [VRFC 10-163] Analyzing VHDL file "E:/VHDL/Cora Z7 pmod/project_1/project_1.srcs/sim_1/new/top_video_out_tb.vhd" into library xil_defaultlib
INFO: [VRFC 10-3107] analyzing entity 'top_video_out_tb'
INFO: [USF-XSim-69] 'compile' step finished in '3' seconds
INFO: [USF-XSim-3] XSim::Elaborate design
INFO: [USF-XSim-61] Executing 'ELABORATE' step in 'E:/VHDL/Cora Z7 pmod/project_1/project_1.sim/sim_1/behav/xsim'
"xelab -wto 16ee6c55f2174862b9c5ec10d0529684 --incr --debug typical --relax --mt 2 -L xil_defaultlib -L unisims_ver -L unimacro_ver -L secureip -L xpm --snapshot top_video_out_tb_behav xil_defaultlib.top_video_out_tb xil_defaultlib.glbl -log elaborate.log"
Vivado Simulator 2020.2
Copyright 1986-1999, 2001-2020 Xilinx, Inc. All Rights Reserved.
Running: E:/Xilinx/Vivado/2020.2/bin/unwrapped/win64.o/xelab.exe -wto 16ee6c55f2174862b9c5ec10d0529684 --incr --debug typical --relax --mt 2 -L xil_defaultlib -L unisims_ver -L unimacro_ver -L secureip -L xpm --snapshot top_video_out_tb_behav xil_defaultlib.top_video_out_tb xil_defaultlib.glbl -log elaborate.log 
Using 2 slave threads.
Starting static elaboration
Pass Through NonSizing Optimizer
Completed static elaboration
Starting simulation data flow analysis
Completed simulation data flow analysis
Time Resolution for simulation is 1ps
Compiling package std.standard
Compiling package std.textio
Compiling package ieee.std_logic_1164
Compiling package ieee.numeric_std
Compiling package unisim.vcomponents
Compiling package ieee.std_logic_arith
Compiling package ieee.std_logic_unsigned
Compiling package vl.vl_types
Compiling module xil_defaultlib.glbl
Compiling module unisims_ver.IBUF
Compiling module unisims_ver.PLLE2_ADV(CLKFBOUT_MULT=33,CLKIN...
Compiling module unisims_ver.BUFG
Compiling module xil_defaultlib.clk_wiz_0_clk_wiz
Compiling module xil_defaultlib.clk_wiz_0
Compiling architecture behavioral of entity xil_defaultlib.pixel_counter [pixel_counter_default]
Compiling architecture behavioral of entity xil_defaultlib.line_counter [line_counter_default]
Compiling architecture behavioral of entity xil_defaultlib.frame_gen [frame_gen_default]
Compiling architecture behavioral of entity xil_defaultlib.video_out [video_out_default]
Compiling architecture behavioral of entity xil_defaultlib.top_video_out [top_video_out_default]
Compiling architecture behavioral of entity xil_defaultlib.top_video_out_tb
Built simulation snapshot top_video_out_tb_behav
INFO: [USF-XSim-69] 'elaborate' step finished in '4' seconds
INFO: [USF-XSim-4] XSim::Simulate design
INFO: [USF-XSim-61] Executing 'SIMULATE' step in 'E:/VHDL/Cora Z7 pmod/project_1/project_1.sim/sim_1/behav/xsim'
INFO: [USF-XSim-98] *** Running xsim
   with args "top_video_out_tb_behav -key {Behavioral:sim_1:Functional:top_video_out_tb} -tclbatch {top_video_out_tb.tcl} -view {{E:/VHDL/Cora Z7 pmod/project_1/video_out_tb_behav.wcfg}} -log {simulate.log}"
INFO: [USF-XSim-8] Loading simulator feature
Vivado Simulator 2020.2
Time resolution is 1 ps
open_wave_config {E:/VHDL/Cora Z7 pmod/project_1/video_out_tb_behav.wcfg}
source top_video_out_tb.tcl
# set curr_wave [current_wave_config]
# if { [string length $curr_wave] == 0 } {
#   if { [llength [get_objects]] > 0} {
#     add_wave /
#     set_property needs_save false [current_wave_config]
#   } else {
#      send_msg_id Add_Wave-1 WARNING "No top level signals found. Simulator will start without a wave window. If you want to open a wave window go to 'File->New Waveform Configuration' or type 'create_wave_config' in the TCL console."
#   }
# }
# run 100 ms
INFO: [Common 17-41] Interrupt caught. Command should exit soon.
run: Time (s): cpu = 00:00:32 ; elapsed = 00:08:58 . Memory (MB): peak = 1463.703 ; gain = 18.172
INFO: [Common 17-344] 'run' was cancelled
INFO: [Common 17-344] 'source' was cancelled
xsim: Time (s): cpu = 00:00:36 ; elapsed = 00:09:01 . Memory (MB): peak = 1463.703 ; gain = 18.172
INFO: [Common 17-344] 'xsim' was cancelled
INFO: [Vivado 12-5357] 'simulate' step aborted
launch_simulation: Time (s): cpu = 00:00:36 ; elapsed = 00:09:09 . Memory (MB): peak = 1463.703 ; gain = 18.172
INFO: [Common 17-344] 'launch_simulation' was cancelled
relaunch_sim
Command: launch_simulation -simset sim_1 -mode behavioral
INFO: [Vivado 12-5698] Checking validity of IPs in the design for the 'XSim' simulator...
INFO: [Vivado 12-5682] Launching behavioral simulation in 'E:/VHDL/Cora Z7 pmod/project_1/project_1.sim/sim_1/behav/xsim'
INFO: [Vivado 12-4795] Using compiled simulation libraries for IPs
INFO: [SIM-utils-51] Simulation object is 'sim_1'
INFO: [USF-XSim-7] Finding pre-compiled libraries...
INFO: [USF-XSim-11] File 'E:/Xilinx/Vivado/2020.2/data/xsim/xsim.ini' copied to run dir:'E:/VHDL/Cora Z7 pmod/project_1/project_1.sim/sim_1/behav/xsim'
INFO: [SIM-utils-54] Inspecting design source files for 'top_video_out_tb' in fileset 'sim_1'...
INFO: [USF-XSim-97] Finding global include files...
INFO: [USF-XSim-98] Fetching design files from 'sim_1'...
INFO: [USF-XSim-2] XSim::Compile design
INFO: [USF-XSim-61] Executing 'COMPILE and ANALYZE' step in 'E:/VHDL/Cora Z7 pmod/project_1/project_1.sim/sim_1/behav/xsim'
"xvlog --incr --relax -prj top_video_out_tb_vlog.prj"
"xvhdl --incr --relax -prj top_video_out_tb_vhdl.prj"
INFO: [USF-XSim-69] 'compile' step finished in '3' seconds
Command: launch_simulation -simset sim_1 -mode behavioral
INFO: [Vivado 12-5698] Checking validity of IPs in the design for the 'XSim' simulator...
INFO: [Vivado 12-5682] Launching behavioral simulation in 'E:/VHDL/Cora Z7 pmod/project_1/project_1.sim/sim_1/behav/xsim'
INFO: [Vivado 12-4795] Using compiled simulation libraries for IPs
INFO: [USF-XSim-3] XSim::Elaborate design
INFO: [USF-XSim-61] Executing 'ELABORATE' step in 'E:/VHDL/Cora Z7 pmod/project_1/project_1.sim/sim_1/behav/xsim'
"xelab -wto 16ee6c55f2174862b9c5ec10d0529684 --incr --debug typical --relax --mt 2 -L xil_defaultlib -L unisims_ver -L unimacro_ver -L secureip -L xpm --snapshot top_video_out_tb_behav xil_defaultlib.top_video_out_tb xil_defaultlib.glbl -log elaborate.log"
Vivado Simulator 2020.2
Copyright 1986-1999, 2001-2020 Xilinx, Inc. All Rights Reserved.
Running: E:/Xilinx/Vivado/2020.2/bin/unwrapped/win64.o/xelab.exe -wto 16ee6c55f2174862b9c5ec10d0529684 --incr --debug typical --relax --mt 2 -L xil_defaultlib -L unisims_ver -L unimacro_ver -L secureip -L xpm --snapshot top_video_out_tb_behav xil_defaultlib.top_video_out_tb xil_defaultlib.glbl -log elaborate.log 
Using 2 slave threads.
Starting static elaboration
Pass Through NonSizing Optimizer
Completed static elaboration
INFO: [XSIM 43-4323] No Change in HDL. Linking previously generated obj files to create kernel
INFO: [USF-XSim-69] 'elaborate' step finished in '2' seconds
Vivado Simulator 2020.2
Time resolution is 1 ps
INFO: [Common 17-41] Interrupt caught. Command should exit soon.
run: Time (s): cpu = 00:01:17 ; elapsed = 00:11:59 . Memory (MB): peak = 1465.508 ; gain = 0.957
INFO: [Common 17-344] 'run' was cancelled
INFO: [Common 17-344] 'source' was cancelled
relaunch_xsim_kernel: Time (s): cpu = 00:01:18 ; elapsed = 00:12:00 . Memory (MB): peak = 1465.508 ; gain = 0.957
INFO: [Common 17-344] 'relaunch_xsim_kernel' was cancelled
INFO: [Common 17-344] 'relaunch_sim' was cancelled
open_project E:/VHDL/new_ref_design/SoCora/SoCora.xpr
Scanning sources...
Finished scanning sources
INFO: [IP_Flow 19-234] Refreshing IP repositories
INFO: [IP_Flow 19-1700] Loaded user IP repository 'e:/VHDL/new_ref_design/IP'.
INFO: [IP_Flow 19-2313] Loaded Vivado IP repository 'E:/Xilinx/Vivado/2020.2/data/ip'.
ERROR: [Vivado 12-106] *** Exception: java.lang.NullPointerException (See E:/VHDL/new_ref_design/SoCora/vivado_pid12372.debug)
open_project: Time (s): cpu = 00:00:06 ; elapsed = 00:00:07 . Memory (MB): peak = 1469.770 ; gain = 0.000
ERROR: [Common 17-39] 'open_project' failed due to earlier errors.
save_wave_config {E:/VHDL/Cora Z7 pmod/project_1/video_out_tb_behav.wcfg}
current_project project_1
close_sim
INFO: [Simtcl 6-16] Simulation closed
exit
INFO: [Common 17-206] Exiting Vivado at Thu Oct  1 00:12:01 2026...
